<?xml version="1.0" encoding="ISO-8859-1" ?>
<link_info>
   <banner>TMS320C2000 Linker PC v22.6.0.LTS</banner>
   <copyright>Copyright (c) 1996-2018 Texas Instruments Incorporated</copyright>
   <link_time>0x65813e68</link_time>
   <link_errors>0x0</link_errors>
   <output_file>powercycling_freertos_core.out</output_file>
   <entry_point>
      <name>_c_int00</name>
      <address>0xc7a8</address>
   </entry_point>
   <input_file_list>
      <input_file id="fl-2">
         <path>.\syscfg\</path>
         <kind>object</kind>
         <file>board.obj</file>
         <name>board.obj</name>
      </input_file>
      <input_file id="fl-3">
         <path>.\syscfg\</path>
         <kind>object</kind>
         <file>c2000ware_libraries.obj</file>
         <name>c2000ware_libraries.obj</name>
      </input_file>
      <input_file id="fl-4">
         <path>.\syscfg\</path>
         <kind>object</kind>
         <file>c2000_freertos.obj</file>
         <name>c2000_freertos.obj</name>
      </input_file>
      <input_file id="fl-5">
         <path>.\</path>
         <kind>object</kind>
         <file>tasks.obj</file>
         <name>tasks.obj</name>
      </input_file>
      <input_file id="fl-6">
         <path>.\</path>
         <kind>object</kind>
         <file>queue.obj</file>
         <name>queue.obj</name>
      </input_file>
      <input_file id="fl-7">
         <path>.\</path>
         <kind>object</kind>
         <file>list.obj</file>
         <name>list.obj</name>
      </input_file>
      <input_file id="fl-8">
         <path>.\</path>
         <kind>object</kind>
         <file>timers.obj</file>
         <name>timers.obj</name>
      </input_file>
      <input_file id="fl-9">
         <path>.\</path>
         <kind>object</kind>
         <file>event_groups.obj</file>
         <name>event_groups.obj</name>
      </input_file>
      <input_file id="fl-a">
         <path>.\</path>
         <kind>object</kind>
         <file>stream_buffer.obj</file>
         <name>stream_buffer.obj</name>
      </input_file>
      <input_file id="fl-b">
         <path>.\</path>
         <kind>object</kind>
         <file>port.obj</file>
         <name>port.obj</name>
      </input_file>
      <input_file id="fl-c">
         <path>.\</path>
         <kind>object</kind>
         <file>portasm.obj</file>
         <name>portasm.obj</name>
      </input_file>
      <input_file id="fl-d">
         <path>.\</path>
         <kind>object</kind>
         <file>heap_4.obj</file>
         <name>heap_4.obj</name>
      </input_file>
      <input_file id="fl-e">
         <path>.\APP\src\</path>
         <kind>object</kind>
         <file>contral_loop.obj</file>
         <name>contral_loop.obj</name>
      </input_file>
      <input_file id="fl-f">
         <path>.\APP\src\</path>
         <kind>object</kind>
         <file>iic_fifo.obj</file>
         <name>iic_fifo.obj</name>
      </input_file>
      <input_file id="fl-10">
         <path>.\APP\src\</path>
         <kind>object</kind>
         <file>iic_mlx906.obj</file>
         <name>iic_mlx906.obj</name>
      </input_file>
      <input_file id="fl-11">
         <path>.\APP\src\</path>
         <kind>object</kind>
         <file>iic_pca9554.obj</file>
         <name>iic_pca9554.obj</name>
      </input_file>
      <input_file id="fl-12">
         <path>.\APP\src\</path>
         <kind>object</kind>
         <file>main.obj</file>
         <name>main.obj</name>
      </input_file>
      <input_file id="fl-13">
         <path>.\APP\src\</path>
         <kind>object</kind>
         <file>sci_cmd.obj</file>
         <name>sci_cmd.obj</name>
      </input_file>
      <input_file id="fl-14">
         <path>.\APP\src\</path>
         <kind>object</kind>
         <file>sci_fifo.obj</file>
         <name>sci_fifo.obj</name>
      </input_file>
      <input_file id="fl-15">
         <path>.\APP\src\</path>
         <kind>object</kind>
         <file>sys.obj</file>
         <name>sys.obj</name>
      </input_file>
      <input_file id="fl-16">
         <path>.\device\</path>
         <kind>object</kind>
         <file>device.obj</file>
         <name>device.obj</name>
      </input_file>
      <input_file id="fl-17">
         <path>.\device\</path>
         <kind>object</kind>
         <file>f28004x_codestartbranch.obj</file>
         <name>f28004x_codestartbranch.obj</name>
      </input_file>
      <input_file id="fl-18">
         <path>.\driverlib\</path>
         <kind>object</kind>
         <file>adc.obj</file>
         <name>adc.obj</name>
      </input_file>
      <input_file id="fl-19">
         <path>.\driverlib\</path>
         <kind>object</kind>
         <file>asysctl.obj</file>
         <name>asysctl.obj</name>
      </input_file>
      <input_file id="fl-1a">
         <path>.\driverlib\</path>
         <kind>object</kind>
         <file>can.obj</file>
         <name>can.obj</name>
      </input_file>
      <input_file id="fl-1b">
         <path>.\driverlib\</path>
         <kind>object</kind>
         <file>cla.obj</file>
         <name>cla.obj</name>
      </input_file>
      <input_file id="fl-1c">
         <path>.\driverlib\</path>
         <kind>object</kind>
         <file>clapromcrc.obj</file>
         <name>clapromcrc.obj</name>
      </input_file>
      <input_file id="fl-1d">
         <path>.\driverlib\</path>
         <kind>object</kind>
         <file>clb.obj</file>
         <name>clb.obj</name>
      </input_file>
      <input_file id="fl-1e">
         <path>.\driverlib\</path>
         <kind>object</kind>
         <file>cmpss.obj</file>
         <name>cmpss.obj</name>
      </input_file>
      <input_file id="fl-1f">
         <path>.\driverlib\</path>
         <kind>object</kind>
         <file>cputimer.obj</file>
         <name>cputimer.obj</name>
      </input_file>
      <input_file id="fl-20">
         <path>.\driverlib\</path>
         <kind>object</kind>
         <file>dac.obj</file>
         <name>dac.obj</name>
      </input_file>
      <input_file id="fl-21">
         <path>.\driverlib\</path>
         <kind>object</kind>
         <file>dcc.obj</file>
         <name>dcc.obj</name>
      </input_file>
      <input_file id="fl-22">
         <path>.\driverlib\</path>
         <kind>object</kind>
         <file>dcsm.obj</file>
         <name>dcsm.obj</name>
      </input_file>
      <input_file id="fl-23">
         <path>.\driverlib\</path>
         <kind>object</kind>
         <file>dma.obj</file>
         <name>dma.obj</name>
      </input_file>
      <input_file id="fl-24">
         <path>.\driverlib\</path>
         <kind>object</kind>
         <file>ecap.obj</file>
         <name>ecap.obj</name>
      </input_file>
      <input_file id="fl-25">
         <path>.\driverlib\</path>
         <kind>object</kind>
         <file>epwm.obj</file>
         <name>epwm.obj</name>
      </input_file>
      <input_file id="fl-26">
         <path>.\driverlib\</path>
         <kind>object</kind>
         <file>eqep.obj</file>
         <name>eqep.obj</name>
      </input_file>
      <input_file id="fl-27">
         <path>.\driverlib\</path>
         <kind>object</kind>
         <file>erad.obj</file>
         <name>erad.obj</name>
      </input_file>
      <input_file id="fl-28">
         <path>.\driverlib\</path>
         <kind>object</kind>
         <file>flash.obj</file>
         <name>flash.obj</name>
      </input_file>
      <input_file id="fl-29">
         <path>.\driverlib\</path>
         <kind>object</kind>
         <file>fsi.obj</file>
         <name>fsi.obj</name>
      </input_file>
      <input_file id="fl-2a">
         <path>.\driverlib\</path>
         <kind>object</kind>
         <file>gpio.obj</file>
         <name>gpio.obj</name>
      </input_file>
      <input_file id="fl-2b">
         <path>.\driverlib\</path>
         <kind>object</kind>
         <file>hrcap.obj</file>
         <name>hrcap.obj</name>
      </input_file>
      <input_file id="fl-2c">
         <path>.\driverlib\</path>
         <kind>object</kind>
         <file>hrpwm.obj</file>
         <name>hrpwm.obj</name>
      </input_file>
      <input_file id="fl-2d">
         <path>.\driverlib\</path>
         <kind>object</kind>
         <file>i2c.obj</file>
         <name>i2c.obj</name>
      </input_file>
      <input_file id="fl-2e">
         <path>.\driverlib\</path>
         <kind>object</kind>
         <file>interrupt.obj</file>
         <name>interrupt.obj</name>
      </input_file>
      <input_file id="fl-2f">
         <path>.\driverlib\</path>
         <kind>object</kind>
         <file>lin.obj</file>
         <name>lin.obj</name>
      </input_file>
      <input_file id="fl-30">
         <path>.\driverlib\</path>
         <kind>object</kind>
         <file>memcfg.obj</file>
         <name>memcfg.obj</name>
      </input_file>
      <input_file id="fl-31">
         <path>.\driverlib\</path>
         <kind>object</kind>
         <file>pga.obj</file>
         <name>pga.obj</name>
      </input_file>
      <input_file id="fl-32">
         <path>.\driverlib\</path>
         <kind>object</kind>
         <file>pmbus.obj</file>
         <name>pmbus.obj</name>
      </input_file>
      <input_file id="fl-33">
         <path>.\driverlib\</path>
         <kind>object</kind>
         <file>sci.obj</file>
         <name>sci.obj</name>
      </input_file>
      <input_file id="fl-34">
         <path>.\driverlib\</path>
         <kind>object</kind>
         <file>sdfm.obj</file>
         <name>sdfm.obj</name>
      </input_file>
      <input_file id="fl-35">
         <path>.\driverlib\</path>
         <kind>object</kind>
         <file>spi.obj</file>
         <name>spi.obj</name>
      </input_file>
      <input_file id="fl-36">
         <path>.\driverlib\</path>
         <kind>object</kind>
         <file>sysctl.obj</file>
         <name>sysctl.obj</name>
      </input_file>
      <input_file id="fl-37">
         <path>.\driverlib\</path>
         <kind>object</kind>
         <file>version.obj</file>
         <name>version.obj</name>
      </input_file>
      <input_file id="fl-38">
         <path>.\driverlib\</path>
         <kind>object</kind>
         <file>xbar.obj</file>
         <name>xbar.obj</name>
      </input_file>
      <input_file id="fl-3e">
         <kind>object</kind>
         <file>&lt;internal&gt;</file>
         <name>&lt;internal&gt;</name>
      </input_file>
      <input_file id="fl-3f">
         <path>C:\ti\ccs1220\ccs\tools\compiler\ti-cgt-c2000_22.6.0.LTS\lib\</path>
         <kind>archive</kind>
         <file>rts2800_fpu32_eabi.lib</file>
         <name>copy_decompress_lzss.c.obj</name>
      </input_file>
      <input_file id="fl-40">
         <path>C:\ti\ccs1220\ccs\tools\compiler\ti-cgt-c2000_22.6.0.LTS\lib\</path>
         <kind>archive</kind>
         <file>rts2800_fpu32_eabi.lib</file>
         <name>copy_decompress_none.c.obj</name>
      </input_file>
      <input_file id="fl-41">
         <path>C:\ti\ccs1220\ccs\tools\compiler\ti-cgt-c2000_22.6.0.LTS\lib\</path>
         <kind>archive</kind>
         <file>rts2800_fpu32_eabi.lib</file>
         <name>copy_zero_init.c.obj</name>
      </input_file>
      <input_file id="fl-42">
         <path>C:\ti\ccs1220\ccs\tools\compiler\ti-cgt-c2000_22.6.0.LTS\lib\</path>
         <kind>archive</kind>
         <file>rts2800_fpu32_eabi.lib</file>
         <name>ll_cmp28.asm.obj</name>
      </input_file>
      <input_file id="fl-43">
         <path>C:\ti\ccs1220\ccs\tools\compiler\ti-cgt-c2000_22.6.0.LTS\lib\</path>
         <kind>archive</kind>
         <file>rts2800_fpu32_eabi.lib</file>
         <name>fd_div28.asm.obj</name>
      </input_file>
      <input_file id="fl-44">
         <path>C:\ti\ccs1220\ccs\tools\compiler\ti-cgt-c2000_22.6.0.LTS\lib\</path>
         <kind>archive</kind>
         <file>rts2800_fpu32_eabi.lib</file>
         <name>fd_toul28.asm.obj</name>
      </input_file>
      <input_file id="fl-45">
         <path>C:\ti\ccs1220\ccs\tools\compiler\ti-cgt-c2000_22.6.0.LTS\lib\</path>
         <kind>archive</kind>
         <file>rts2800_fpu32_eabi.lib</file>
         <name>u_div28.asm.obj</name>
      </input_file>
      <input_file id="fl-46">
         <path>C:\ti\ccs1220\ccs\tools\compiler\ti-cgt-c2000_22.6.0.LTS\lib\</path>
         <kind>archive</kind>
         <file>rts2800_fpu32_eabi.lib</file>
         <name>fd_sub28.asm.obj</name>
      </input_file>
      <input_file id="fl-47">
         <path>C:\ti\ccs1220\ccs\tools\compiler\ti-cgt-c2000_22.6.0.LTS\lib\</path>
         <kind>archive</kind>
         <file>rts2800_fpu32_eabi.lib</file>
         <name>fd_add28.asm.obj</name>
      </input_file>
      <input_file id="fl-48">
         <path>C:\ti\ccs1220\ccs\tools\compiler\ti-cgt-c2000_22.6.0.LTS\lib\</path>
         <kind>archive</kind>
         <file>rts2800_fpu32_eabi.lib</file>
         <name>u_tofd28.asm.obj</name>
      </input_file>
      <input_file id="fl-49">
         <path>C:\ti\ccs1220\ccs\tools\compiler\ti-cgt-c2000_22.6.0.LTS\lib\</path>
         <kind>archive</kind>
         <file>rts2800_fpu32_eabi.lib</file>
         <name>boot28.asm.obj</name>
      </input_file>
      <input_file id="fl-4a">
         <path>C:\ti\ccs1220\ccs\tools\compiler\ti-cgt-c2000_22.6.0.LTS\lib\</path>
         <kind>archive</kind>
         <file>rts2800_fpu32_eabi.lib</file>
         <name>autoinit.c.obj</name>
      </input_file>
      <input_file id="fl-4b">
         <path>C:\ti\ccs1220\ccs\tools\compiler\ti-cgt-c2000_22.6.0.LTS\lib\</path>
         <kind>archive</kind>
         <file>rts2800_fpu32_eabi.lib</file>
         <name>args_main.c.obj</name>
      </input_file>
      <input_file id="fl-4c">
         <path>C:\ti\ccs1220\ccs\tools\compiler\ti-cgt-c2000_22.6.0.LTS\lib\</path>
         <kind>archive</kind>
         <file>rts2800_fpu32_eabi.lib</file>
         <name>startup.c.obj</name>
      </input_file>
      <input_file id="fl-4d">
         <path>C:\ti\ccs1220\ccs\tools\compiler\ti-cgt-c2000_22.6.0.LTS\lib\</path>
         <kind>archive</kind>
         <file>rts2800_fpu32_eabi.lib</file>
         <name>pre_init.c.obj</name>
      </input_file>
      <input_file id="fl-4e">
         <path>C:\ti\ccs1220\ccs\tools\compiler\ti-cgt-c2000_22.6.0.LTS\lib\</path>
         <kind>archive</kind>
         <file>rts2800_fpu32_eabi.lib</file>
         <name>cpy_tbl.c.obj</name>
      </input_file>
      <input_file id="fl-4f">
         <path>C:\ti\ccs1220\ccs\tools\compiler\ti-cgt-c2000_22.6.0.LTS\lib\</path>
         <kind>archive</kind>
         <file>rts2800_fpu32_eabi.lib</file>
         <name>exit.c.obj</name>
      </input_file>
      <input_file id="fl-50">
         <path>C:\ti\ccs1220\ccs\tools\compiler\ti-cgt-c2000_22.6.0.LTS\lib\</path>
         <kind>archive</kind>
         <file>rts2800_fpu32_eabi.lib</file>
         <name>_lock.c.obj</name>
      </input_file>
      <input_file id="fl-51">
         <path>C:\ti\ccs1220\ccs\tools\compiler\ti-cgt-c2000_22.6.0.LTS\lib\</path>
         <kind>archive</kind>
         <file>rts2800_fpu32_eabi.lib</file>
         <name>memcpy.c.obj</name>
      </input_file>
      <input_file id="fl-52">
         <path>C:\ti\ccs1220\ccs\tools\compiler\ti-cgt-c2000_22.6.0.LTS\lib\</path>
         <kind>archive</kind>
         <file>rts2800_fpu32_eabi.lib</file>
         <name>memset.c.obj</name>
      </input_file>
   </input_file_list>
   <object_component_list>
      <object_component id="oc-af">
         <name>codestart</name>
         <load_address>0x0</load_address>
         <run_address>0x0</run_address>
         <size>0x2</size>
         <input_file_ref idref="fl-17"/>
      </object_component>
      <object_component id="oc-e5">
         <name>.TI.ramfunc</name>
         <load_address>0xc82e</load_address>
         <run_address>0xc82e</run_address>
         <size>0x66a</size>
         <input_file_ref idref="fl-14"/>
      </object_component>
      <object_component id="oc-a3">
         <name>.TI.ramfunc:retain</name>
         <load_address>0xce98</load_address>
         <run_address>0xce98</run_address>
         <size>0x1cf</size>
         <input_file_ref idref="fl-12"/>
      </object_component>
      <object_component id="oc-230">
         <name>.TI.ramfunc</name>
         <load_address>0xd067</load_address>
         <run_address>0xd067</run_address>
         <size>0x6f</size>
         <input_file_ref idref="fl-10"/>
      </object_component>
      <object_component id="oc-111">
         <name>.TI.ramfunc</name>
         <load_address>0xd0d6</load_address>
         <run_address>0xd0d6</run_address>
         <size>0x4</size>
         <input_file_ref idref="fl-36"/>
      </object_component>
      <object_component id="oc-19e">
         <name>.text</name>
         <load_address>0x8000</load_address>
         <run_address>0x8000</run_address>
         <size>0xfa0</size>
         <input_file_ref idref="fl-5"/>
      </object_component>
      <object_component id="oc-a4">
         <name>.text</name>
         <load_address>0x8fa0</load_address>
         <run_address>0x8fa0</run_address>
         <size>0xe70</size>
         <input_file_ref idref="fl-2"/>
      </object_component>
      <object_component id="oc-1a4">
         <name>.text</name>
         <load_address>0x9e10</load_address>
         <run_address>0x9e10</run_address>
         <size>0x6f4</size>
         <input_file_ref idref="fl-6"/>
      </object_component>
      <object_component id="oc-217">
         <name>.text</name>
         <load_address>0xa504</load_address>
         <run_address>0xa504</run_address>
         <size>0x3cf</size>
         <input_file_ref idref="fl-36"/>
      </object_component>
      <object_component id="oc-21d">
         <name>.text</name>
         <load_address>0xa8d3</load_address>
         <run_address>0xa8d3</run_address>
         <size>0x35a</size>
         <input_file_ref idref="fl-21"/>
      </object_component>
      <object_component id="oc-18c">
         <name>.text</name>
         <load_address>0xac2d</load_address>
         <run_address>0xac2d</run_address>
         <size>0x34d</size>
         <input_file_ref idref="fl-10"/>
      </object_component>
      <object_component id="oc-192">
         <name>.text</name>
         <load_address>0xaf7a</load_address>
         <run_address>0xaf7a</run_address>
         <size>0x2b3</size>
         <input_file_ref idref="fl-14"/>
      </object_component>
      <object_component id="oc-eb">
         <name>.text</name>
         <load_address>0xb22d</load_address>
         <run_address>0xb22d</run_address>
         <size>0x221</size>
         <input_file_ref idref="fl-33"/>
      </object_component>
      <object_component id="oc-105">
         <name>.text</name>
         <load_address>0xb44e</load_address>
         <run_address>0xb44e</run_address>
         <size>0x1eb</size>
         <input_file_ref idref="fl-2a"/>
      </object_component>
      <object_component id="oc-180">
         <name>.text</name>
         <load_address>0xb639</load_address>
         <run_address>0xb639</run_address>
         <size>0x1df</size>
         <input_file_ref idref="fl-16"/>
      </object_component>
      <object_component id="oc-df">
         <name>.text</name>
         <load_address>0xb818</load_address>
         <run_address>0xb818</run_address>
         <size>0x1dd</size>
         <input_file_ref idref="fl-12"/>
      </object_component>
      <object_component id="oc-1b7">
         <name>.text</name>
         <load_address>0xb9f5</load_address>
         <run_address>0xb9f5</run_address>
         <size>0x1b3</size>
         <input_file_ref idref="fl-13"/>
      </object_component>
      <object_component id="oc-123">
         <name>.text</name>
         <load_address>0xbba8</load_address>
         <run_address>0xbba8</run_address>
         <size>0x185</size>
         <input_file_ref idref="fl-2e"/>
      </object_component>
      <object_component id="oc-249">
         <name>.text</name>
         <load_address>0xbd2d</load_address>
         <run_address>0xbd2d</run_address>
         <size>0x181</size>
         <input_file_ref idref="fl-d"/>
      </object_component>
      <object_component id="oc-186">
         <name>.text</name>
         <load_address>0xbeae</load_address>
         <run_address>0xbeae</run_address>
         <size>0x178</size>
         <input_file_ref idref="fl-f"/>
      </object_component>
      <object_component id="oc-255">
         <name>.text</name>
         <load_address>0xc026</load_address>
         <run_address>0xc026</run_address>
         <size>0x159</size>
         <input_file_ref idref="fl-b"/>
      </object_component>
      <object_component id="oc-10b">
         <name>.text</name>
         <load_address>0xc17f</load_address>
         <run_address>0xc17f</run_address>
         <size>0x130</size>
         <input_file_ref idref="fl-18"/>
      </object_component>
      <object_component id="oc-118">
         <name>.text</name>
         <load_address>0xc2af</load_address>
         <run_address>0xc2af</run_address>
         <size>0xd6</size>
         <input_file_ref idref="fl-2d"/>
      </object_component>
      <object_component id="oc-228">
         <name>.text</name>
         <load_address>0xc385</load_address>
         <run_address>0xc385</run_address>
         <size>0xa5</size>
         <input_file_ref idref="fl-15"/>
      </object_component>
      <object_component id="oc-304">
         <name>.text</name>
         <load_address>0xc42a</load_address>
         <run_address>0xc42a</run_address>
         <size>0x9c</size>
         <input_file_ref idref="fl-47"/>
      </object_component>
      <object_component id="oc-24f">
         <name>.text</name>
         <load_address>0xc4c6</load_address>
         <run_address>0xc4c6</run_address>
         <size>0x92</size>
         <input_file_ref idref="fl-7"/>
      </object_component>
      <object_component id="oc-2b2">
         <name>.text</name>
         <load_address>0xc558</load_address>
         <run_address>0xc558</run_address>
         <size>0x8b</size>
         <input_file_ref idref="fl-43"/>
      </object_component>
      <object_component id="oc-198">
         <name>.text</name>
         <load_address>0xc5e3</load_address>
         <run_address>0xc5e3</run_address>
         <size>0x88</size>
         <input_file_ref idref="fl-4"/>
      </object_component>
      <object_component id="oc-11e">
         <name>.text</name>
         <load_address>0xc66b</load_address>
         <run_address>0xc66b</run_address>
         <size>0x83</size>
         <input_file_ref idref="fl-c"/>
      </object_component>
      <object_component id="oc-91">
         <name>.text:decompress:lzss</name>
         <load_address>0xc6ee</load_address>
         <run_address>0xc6ee</run_address>
         <size>0x2e</size>
         <input_file_ref idref="fl-3f"/>
      </object_component>
      <object_component id="oc-146">
         <name>.text:__TI_auto_init_nobinit_nopinit</name>
         <load_address>0xc71c</load_address>
         <run_address>0xc71c</run_address>
         <size>0x2b</size>
         <input_file_ref idref="fl-4a"/>
      </object_component>
      <object_component id="oc-d8">
         <name>.text</name>
         <load_address>0xc747</load_address>
         <run_address>0xc747</run_address>
         <size>0x29</size>
         <input_file_ref idref="fl-4f"/>
      </object_component>
      <object_component id="oc-b7">
         <name>.text</name>
         <load_address>0xc770</load_address>
         <run_address>0xc770</run_address>
         <size>0x1d</size>
         <input_file_ref idref="fl-51"/>
      </object_component>
      <object_component id="oc-2bc">
         <name>.text</name>
         <load_address>0xc78d</load_address>
         <run_address>0xc78d</run_address>
         <size>0x1b</size>
         <input_file_ref idref="fl-44"/>
      </object_component>
      <object_component id="oc-9e">
         <name>.text</name>
         <load_address>0xc7a8</load_address>
         <run_address>0xc7a8</run_address>
         <size>0x17</size>
         <input_file_ref idref="fl-49"/>
      </object_component>
      <object_component id="oc-2ac">
         <name>.text</name>
         <load_address>0xc7bf</load_address>
         <run_address>0xc7bf</run_address>
         <size>0x17</size>
         <input_file_ref idref="fl-48"/>
      </object_component>
      <object_component id="oc-2b7">
         <name>.text</name>
         <load_address>0xc7d6</load_address>
         <run_address>0xc7d6</run_address>
         <size>0xe</size>
         <input_file_ref idref="fl-46"/>
      </object_component>
      <object_component id="oc-d2">
         <name>.text</name>
         <load_address>0xc7e4</load_address>
         <run_address>0xc7e4</run_address>
         <size>0xc</size>
         <input_file_ref idref="fl-4b"/>
      </object_component>
      <object_component id="oc-f1">
         <name>.text</name>
         <load_address>0xc7f0</load_address>
         <run_address>0xc7f0</run_address>
         <size>0xb</size>
         <input_file_ref idref="fl-45"/>
      </object_component>
      <object_component id="oc-112">
         <name>.text</name>
         <load_address>0xc7fb</load_address>
         <run_address>0xc7fb</run_address>
         <size>0xa</size>
         <input_file_ref idref="fl-1f"/>
      </object_component>
      <object_component id="oc-20b">
         <name>.text</name>
         <load_address>0xc805</load_address>
         <run_address>0xc805</run_address>
         <size>0x9</size>
         <input_file_ref idref="fl-50"/>
      </object_component>
      <object_component id="oc-97">
         <name>.text:decompress:none</name>
         <load_address>0xc80e</load_address>
         <run_address>0xc80e</run_address>
         <size>0x8</size>
         <input_file_ref idref="fl-40"/>
      </object_component>
      <object_component id="oc-12d">
         <name>.text</name>
         <load_address>0xc816</load_address>
         <run_address>0xc816</run_address>
         <size>0x8</size>
         <input_file_ref idref="fl-17"/>
      </object_component>
      <object_component id="oc-13d">
         <name>.text</name>
         <load_address>0xc81e</load_address>
         <run_address>0xc81e</run_address>
         <size>0x7</size>
         <input_file_ref idref="fl-52"/>
      </object_component>
      <object_component id="oc-c5">
         <name>.text:decompress:ZI</name>
         <load_address>0xc825</load_address>
         <run_address>0xc825</run_address>
         <size>0x6</size>
         <input_file_ref idref="fl-41"/>
      </object_component>
      <object_component id="oc-cb">
         <name>.text</name>
         <load_address>0xc82b</load_address>
         <run_address>0xc82b</run_address>
         <size>0x2</size>
         <input_file_ref idref="fl-4d"/>
      </object_component>
      <object_component id="oc-1f1">
         <name>.text</name>
         <load_address>0xc82d</load_address>
         <run_address>0xc82d</run_address>
         <size>0x1</size>
         <input_file_ref idref="fl-4c"/>
      </object_component>
      <object_component id="oc-3c3">
         <name>.cinit..data.load</name>
         <load_address>0x168</load_address>
         <run_address>0x168</run_address>
         <size>0x1b</size>
      </object_component>
      <object_component id="oc-3ca">
         <name>.cinit..logport.load</name>
         <load_address>0x183</load_address>
         <run_address>0x183</run_address>
         <size>0x6</size>
      </object_component>
      <object_component id="oc-3bd">
         <name>__TI_handler_table</name>
         <load_address>0x18a</load_address>
         <run_address>0x18a</run_address>
         <size>0x6</size>
      </object_component>
      <object_component id="oc-3c2">
         <name>.cinit..bss.load</name>
         <load_address>0x190</load_address>
         <run_address>0x190</run_address>
         <size>0x4</size>
      </object_component>
      <object_component id="oc-3c0">
         <name>.cinit..freertosHeap.load</name>
         <load_address>0x194</load_address>
         <run_address>0x194</run_address>
         <size>0x4</size>
      </object_component>
      <object_component id="oc-3c8">
         <name>.cinit..freertosStaticStack.load</name>
         <load_address>0x198</load_address>
         <run_address>0x198</run_address>
         <size>0x4</size>
      </object_component>
      <object_component id="oc-3be">
         <name>__TI_cinit_table</name>
         <load_address>0x19c</load_address>
         <run_address>0x19c</run_address>
         <size>0x14</size>
      </object_component>
      <object_component id="oc-23e">
         <name>.switch:daly_chose</name>
         <load_address>0xf6</load_address>
         <run_address>0xf6</run_address>
         <size>0x46</size>
         <input_file_ref idref="fl-14"/>
      </object_component>
      <object_component id="oc-1c0">
         <name>.switch:log_chose</name>
         <load_address>0x13c</load_address>
         <run_address>0x13c</run_address>
         <size>0x2c</size>
         <input_file_ref idref="fl-14"/>
      </object_component>
      <object_component id="oc-b4">
         <name>.stack</name>
         <uninitialized>true</uninitialized>
         <run_address>0x400</run_address>
         <size>0x0</size>
         <input_file_ref idref="fl-49"/>
      </object_component>
      <object_component id="oc-3c4">
         <name>.stack</name>
         <uninitialized>true</uninitialized>
         <run_address>0x400</run_address>
         <size>0x0</size>
      </object_component>
      <object_component id="oc-240">
         <name>.freertosStaticStack</name>
         <uninitialized>true</uninitialized>
         <run_address>0xe2a0</run_address>
         <size>0x300</size>
         <input_file_ref idref="fl-4"/>
      </object_component>
      <object_component id="oc-2d8">
         <name>.freertosHeap</name>
         <uninitialized>true</uninitialized>
         <run_address>0xe788</run_address>
         <size>0x400</size>
         <input_file_ref idref="fl-4"/>
      </object_component>
      <object_component id="oc-1bd">
         <name>.logport</name>
         <load_address>0x10000</load_address>
         <run_address>0x10000</run_address>
         <size>0x90c</size>
         <input_file_ref idref="fl-14"/>
      </object_component>
      <object_component id="oc-243">
         <name>.bss</name>
         <uninitialized>true</uninitialized>
         <run_address>0xe000</run_address>
         <size>0x172</size>
         <input_file_ref idref="fl-4"/>
      </object_component>
      <object_component id="oc-25e">
         <name>.bss</name>
         <uninitialized>true</uninitialized>
         <run_address>0xe240</run_address>
         <size>0x36</size>
         <input_file_ref idref="fl-5"/>
      </object_component>
      <object_component id="oc-25b">
         <name>.bss:pxReadyTasksLists</name>
         <uninitialized>true</uninitialized>
         <run_address>0xe172</run_address>
         <size>0xa0</size>
         <input_file_ref idref="fl-5"/>
      </object_component>
      <object_component id="oc-267">
         <name>.bss:xQueueRegistry</name>
         <uninitialized>true</uninitialized>
         <run_address>0xe212</run_address>
         <size>0x28</size>
         <input_file_ref idref="fl-6"/>
      </object_component>
      <object_component id="oc-2d5">
         <name>.bss</name>
         <uninitialized>true</uninitialized>
         <run_address>0xe23a</run_address>
         <size>0x4</size>
         <input_file_ref idref="fl-d"/>
      </object_component>
      <object_component id="oc-1b0">
         <name>.bss</name>
         <uninitialized>true</uninitialized>
         <run_address>0xe23e</run_address>
         <size>0x2</size>
         <input_file_ref idref="fl-f"/>
      </object_component>
      <object_component id="oc-fc">
         <name>.bss</name>
         <uninitialized>true</uninitialized>
         <run_address>0xe276</run_address>
         <size>0x2</size>
         <input_file_ref idref="fl-12"/>
      </object_component>
      <object_component id="oc-f6">
         <name>.bss</name>
         <uninitialized>true</uninitialized>
         <run_address>0xe280</run_address>
         <size>0x20</size>
         <input_file_ref idref="fl-14"/>
      </object_component>
      <object_component id="oc-246">
         <name>.const:.string</name>
         <load_address>0xe738</load_address>
         <run_address>0xe738</run_address>
         <size>0x2b</size>
         <input_file_ref idref="fl-4"/>
      </object_component>
      <object_component id="oc-262">
         <name>.const</name>
         <load_address>0xe763</load_address>
         <run_address>0xe763</run_address>
         <size>0x1</size>
         <input_file_ref idref="fl-5"/>
      </object_component>
      <object_component id="oc-23b">
         <name>.const</name>
         <load_address>0xe764</load_address>
         <run_address>0xe764</run_address>
         <size>0x12</size>
         <input_file_ref idref="fl-14"/>
      </object_component>
      <object_component id="oc-2b1">
         <name>.const</name>
         <load_address>0xe776</load_address>
         <run_address>0xe776</run_address>
         <size>0xc</size>
         <input_file_ref idref="fl-15"/>
      </object_component>
      <object_component id="oc-261">
         <name>.const:.string</name>
         <load_address>0xe782</load_address>
         <run_address>0xe782</run_address>
         <size>0x5</size>
         <input_file_ref idref="fl-5"/>
      </object_component>
      <object_component id="oc-1ad">
         <name>.data</name>
         <load_address>0xe71e</load_address>
         <run_address>0xe71e</run_address>
         <size>0xa</size>
         <input_file_ref idref="fl-4"/>
      </object_component>
      <object_component id="oc-1d9">
         <name>.data</name>
         <load_address>0xe700</load_address>
         <run_address>0xe700</run_address>
         <size>0x12</size>
         <input_file_ref idref="fl-5"/>
      </object_component>
      <object_component id="oc-102">
         <name>.data</name>
         <load_address>0xe72e</load_address>
         <run_address>0xe72e</run_address>
         <size>0x4</size>
         <input_file_ref idref="fl-b"/>
      </object_component>
      <object_component id="oc-2db">
         <name>.data</name>
         <load_address>0xe712</load_address>
         <run_address>0xe712</run_address>
         <size>0xc</size>
         <input_file_ref idref="fl-d"/>
      </object_component>
      <object_component id="oc-225">
         <name>.data</name>
         <load_address>0xe736</load_address>
         <run_address>0xe736</run_address>
         <size>0x1</size>
         <input_file_ref idref="fl-f"/>
      </object_component>
      <object_component id="oc-1aa">
         <name>.data:I2C_slave_fifo</name>
         <load_address>0xe6c0</load_address>
         <run_address>0xe6c0</run_address>
         <size>0x20</size>
         <input_file_ref idref="fl-f"/>
      </object_component>
      <object_component id="oc-236">
         <name>.data</name>
         <load_address>0xe737</load_address>
         <run_address>0xe737</run_address>
         <size>0x1</size>
         <input_file_ref idref="fl-10"/>
      </object_component>
      <object_component id="oc-f9">
         <name>.data</name>
         <load_address>0xe6e0</load_address>
         <run_address>0xe6e0</run_address>
         <size>0x1e</size>
         <input_file_ref idref="fl-12"/>
      </object_component>
      <object_component id="oc-1b3">
         <name>.data:iic_send_data</name>
         <load_address>0xe734</load_address>
         <run_address>0xe734</run_address>
         <size>0x2</size>
         <input_file_ref idref="fl-12"/>
      </object_component>
      <object_component id="oc-ff">
         <name>.data</name>
         <load_address>0xe5c0</load_address>
         <run_address>0xe5c0</run_address>
         <size>0x100</size>
         <input_file_ref idref="fl-14"/>
      </object_component>
      <object_component id="oc-178">
         <name>.data</name>
         <load_address>0xe728</load_address>
         <run_address>0xe728</run_address>
         <size>0x6</size>
         <input_file_ref idref="fl-4f"/>
      </object_component>
      <object_component id="oc-17b">
         <name>.data:_lock</name>
         <load_address>0xe6fe</load_address>
         <run_address>0xe6fe</run_address>
         <size>0x2</size>
         <input_file_ref idref="fl-50"/>
      </object_component>
      <object_component id="oc-29c">
         <name>.data:_unlock</name>
         <load_address>0xe732</load_address>
         <run_address>0xe732</run_address>
         <size>0x2</size>
         <input_file_ref idref="fl-50"/>
      </object_component>
      <object_component id="oc-12a">
         <name>.debug_types</name>
         <load_address>0x0</load_address>
         <run_address>0x0</run_address>
         <size>0x38ff</size>
         <input_file_ref idref="fl-2"/>
      </object_component>
      <object_component id="oc-248">
         <name>.debug_types</name>
         <load_address>0x38ff</load_address>
         <run_address>0x38ff</run_address>
         <size>0xdfc</size>
         <input_file_ref idref="fl-4"/>
      </object_component>
      <object_component id="oc-266">
         <name>.debug_types</name>
         <load_address>0x46fb</load_address>
         <run_address>0x46fb</run_address>
         <size>0x1029</size>
         <input_file_ref idref="fl-5"/>
      </object_component>
      <object_component id="oc-26b">
         <name>.debug_types</name>
         <load_address>0x5724</load_address>
         <run_address>0x5724</run_address>
         <size>0x761</size>
         <input_file_ref idref="fl-6"/>
      </object_component>
      <object_component id="oc-2e1">
         <name>.debug_types</name>
         <load_address>0x0</load_address>
         <run_address>0x0</run_address>
         <size>0x0</size>
         <input_file_ref idref="fl-7"/>
      </object_component>
      <object_component id="oc-1d0">
         <name>.debug_types</name>
         <load_address>0x0</load_address>
         <run_address>0x0</run_address>
         <size>0x0</size>
         <input_file_ref idref="fl-b"/>
      </object_component>
      <object_component id="oc-2df">
         <name>.debug_types</name>
         <load_address>0x5e85</load_address>
         <run_address>0x5e85</run_address>
         <size>0x2cb</size>
         <input_file_ref idref="fl-d"/>
      </object_component>
      <object_component id="oc-22f">
         <name>.debug_types</name>
         <load_address>0x6150</load_address>
         <run_address>0x6150</run_address>
         <size>0x20c</size>
         <input_file_ref idref="fl-f"/>
      </object_component>
      <object_component id="oc-23a">
         <name>.debug_types</name>
         <load_address>0x635c</load_address>
         <run_address>0x635c</run_address>
         <size>0x8f</size>
         <input_file_ref idref="fl-10"/>
      </object_component>
      <object_component id="oc-12c">
         <name>.debug_types</name>
         <load_address>0x63eb</load_address>
         <run_address>0x63eb</run_address>
         <size>0xd1d</size>
         <input_file_ref idref="fl-12"/>
      </object_component>
      <object_component id="oc-275">
         <name>.debug_types</name>
         <load_address>0x7108</load_address>
         <run_address>0x7108</run_address>
         <size>0x199</size>
         <input_file_ref idref="fl-13"/>
      </object_component>
      <object_component id="oc-1c2">
         <name>.debug_types</name>
         <load_address>0x72a1</load_address>
         <run_address>0x72a1</run_address>
         <size>0x557</size>
         <input_file_ref idref="fl-14"/>
      </object_component>
      <object_component id="oc-2c2">
         <name>.debug_types</name>
         <load_address>0x0</load_address>
         <run_address>0x0</run_address>
         <size>0x0</size>
         <input_file_ref idref="fl-15"/>
      </object_component>
      <object_component id="oc-224">
         <name>.debug_types</name>
         <load_address>0x77f8</load_address>
         <run_address>0x77f8</run_address>
         <size>0x44a</size>
         <input_file_ref idref="fl-16"/>
      </object_component>
      <object_component id="oc-1d4">
         <name>.debug_types</name>
         <load_address>0x7c42</load_address>
         <run_address>0x7c42</run_address>
         <size>0x126</size>
         <input_file_ref idref="fl-18"/>
      </object_component>
      <object_component id="oc-1d6">
         <name>.debug_types</name>
         <load_address>0x0</load_address>
         <run_address>0x0</run_address>
         <size>0x0</size>
         <input_file_ref idref="fl-1f"/>
      </object_component>
      <object_component id="oc-2a6">
         <name>.debug_types</name>
         <load_address>0x7d68</load_address>
         <run_address>0x7d68</run_address>
         <size>0x13d</size>
         <input_file_ref idref="fl-21"/>
      </object_component>
      <object_component id="oc-1d2">
         <name>.debug_types</name>
         <load_address>0x7ea5</load_address>
         <run_address>0x7ea5</run_address>
         <size>0xd0</size>
         <input_file_ref idref="fl-2a"/>
      </object_component>
      <object_component id="oc-1d8">
         <name>.debug_types</name>
         <load_address>0x0</load_address>
         <run_address>0x0</run_address>
         <size>0x0</size>
         <input_file_ref idref="fl-2d"/>
      </object_component>
      <object_component id="oc-1de">
         <name>.debug_types</name>
         <load_address>0x0</load_address>
         <run_address>0x0</run_address>
         <size>0x0</size>
         <input_file_ref idref="fl-2e"/>
      </object_component>
      <object_component id="oc-1c4">
         <name>.debug_types</name>
         <load_address>0x7f75</load_address>
         <run_address>0x7f75</run_address>
         <size>0x89</size>
         <input_file_ref idref="fl-33"/>
      </object_component>
      <object_component id="oc-2a4">
         <name>.debug_types</name>
         <load_address>0x7ffe</load_address>
         <run_address>0x7ffe</run_address>
         <size>0x132</size>
         <input_file_ref idref="fl-36"/>
      </object_component>
      <object_component id="oc-b6">
         <name>.debug_types</name>
         <load_address>0x8130</load_address>
         <run_address>0x8130</run_address>
         <size>0x28d</size>
         <input_file_ref idref="fl-3f"/>
      </object_component>
      <object_component id="oc-be">
         <name>.debug_types</name>
         <load_address>0x83bd</load_address>
         <run_address>0x83bd</run_address>
         <size>0x98</size>
         <input_file_ref idref="fl-40"/>
      </object_component>
      <object_component id="oc-13c">
         <name>.debug_types</name>
         <load_address>0x0</load_address>
         <run_address>0x0</run_address>
         <size>0x0</size>
         <input_file_ref idref="fl-41"/>
      </object_component>
      <object_component id="oc-1f8">
         <name>.debug_types</name>
         <load_address>0x8455</load_address>
         <run_address>0x8455</run_address>
         <size>0x441</size>
         <input_file_ref idref="fl-4a"/>
      </object_component>
      <object_component id="oc-177">
         <name>.debug_types</name>
         <load_address>0x8896</load_address>
         <run_address>0x8896</run_address>
         <size>0xe1</size>
         <input_file_ref idref="fl-4b"/>
      </object_component>
      <object_component id="oc-296">
         <name>.debug_types</name>
         <load_address>0x0</load_address>
         <run_address>0x0</run_address>
         <size>0x0</size>
         <input_file_ref idref="fl-4c"/>
      </object_component>
      <object_component id="oc-145">
         <name>.debug_types</name>
         <load_address>0x0</load_address>
         <run_address>0x0</run_address>
         <size>0x0</size>
         <input_file_ref idref="fl-4d"/>
      </object_component>
      <object_component id="oc-17f">
         <name>.debug_types</name>
         <load_address>0x8977</load_address>
         <run_address>0x8977</run_address>
         <size>0xbf</size>
         <input_file_ref idref="fl-4f"/>
      </object_component>
      <object_component id="oc-213">
         <name>.debug_types</name>
         <load_address>0x8a36</load_address>
         <run_address>0x8a36</run_address>
         <size>0x2f</size>
         <input_file_ref idref="fl-50"/>
      </object_component>
      <object_component id="oc-137">
         <name>.debug_types</name>
         <load_address>0x8a65</load_address>
         <run_address>0x8a65</run_address>
         <size>0x2f</size>
         <input_file_ref idref="fl-51"/>
      </object_component>
      <object_component id="oc-1ed">
         <name>.debug_types</name>
         <load_address>0x0</load_address>
         <run_address>0x0</run_address>
         <size>0x0</size>
         <input_file_ref idref="fl-52"/>
      </object_component>
      <object_component id="oc-a5">
         <name>.debug_info</name>
         <load_address>0x0</load_address>
         <run_address>0x0</run_address>
         <size>0x7a6a</size>
         <input_file_ref idref="fl-2"/>
      </object_component>
      <object_component id="oc-1ae">
         <name>.debug_info</name>
         <load_address>0x7a6a</load_address>
         <run_address>0x7a6a</run_address>
         <size>0x1d2</size>
         <input_file_ref idref="fl-4"/>
      </object_component>
      <object_component id="oc-244">
         <name>.debug_info</name>
         <load_address>0x7c3c</load_address>
         <run_address>0x7c3c</run_address>
         <size>0x220</size>
         <input_file_ref idref="fl-4"/>
      </object_component>
      <object_component id="oc-241">
         <name>.debug_info</name>
         <load_address>0x7e5c</load_address>
         <run_address>0x7e5c</run_address>
         <size>0x1f0</size>
         <input_file_ref idref="fl-4"/>
      </object_component>
      <object_component id="oc-2d9">
         <name>.debug_info</name>
         <load_address>0x804c</load_address>
         <run_address>0x804c</run_address>
         <size>0xf0</size>
         <input_file_ref idref="fl-4"/>
      </object_component>
      <object_component id="oc-199">
         <name>.debug_info</name>
         <load_address>0x813c</load_address>
         <run_address>0x813c</run_address>
         <size>0x4c8</size>
         <input_file_ref idref="fl-4"/>
      </object_component>
      <object_component id="oc-1da">
         <name>.debug_info</name>
         <load_address>0x8604</load_address>
         <run_address>0x8604</run_address>
         <size>0x3b5</size>
         <input_file_ref idref="fl-5"/>
      </object_component>
      <object_component id="oc-263">
         <name>.debug_info</name>
         <load_address>0x89b9</load_address>
         <run_address>0x89b9</run_address>
         <size>0x12f</size>
         <input_file_ref idref="fl-5"/>
      </object_component>
      <object_component id="oc-25f">
         <name>.debug_info</name>
         <load_address>0x8ae8</load_address>
         <run_address>0x8ae8</run_address>
         <size>0x299</size>
         <input_file_ref idref="fl-5"/>
      </object_component>
      <object_component id="oc-25c">
         <name>.debug_info</name>
         <load_address>0x8d81</load_address>
         <run_address>0x8d81</run_address>
         <size>0x12f</size>
         <input_file_ref idref="fl-5"/>
      </object_component>
      <object_component id="oc-1a0">
         <name>.debug_info</name>
         <load_address>0x8eb0</load_address>
         <run_address>0x8eb0</run_address>
         <size>0x479c</size>
         <input_file_ref idref="fl-5"/>
      </object_component>
      <object_component id="oc-268">
         <name>.debug_info</name>
         <load_address>0xd64c</load_address>
         <run_address>0xd64c</run_address>
         <size>0x128</size>
         <input_file_ref idref="fl-6"/>
      </object_component>
      <object_component id="oc-1a7">
         <name>.debug_info</name>
         <load_address>0xd774</load_address>
         <run_address>0xd774</run_address>
         <size>0x3415</size>
         <input_file_ref idref="fl-6"/>
      </object_component>
      <object_component id="oc-251">
         <name>.debug_info</name>
         <load_address>0x10b89</load_address>
         <run_address>0x10b89</run_address>
         <size>0x4e2</size>
         <input_file_ref idref="fl-7"/>
      </object_component>
      <object_component id="oc-103">
         <name>.debug_info</name>
         <load_address>0x1106b</load_address>
         <run_address>0x1106b</run_address>
         <size>0x18f</size>
         <input_file_ref idref="fl-b"/>
      </object_component>
      <object_component id="oc-258">
         <name>.debug_info</name>
         <load_address>0x111fa</load_address>
         <run_address>0x111fa</run_address>
         <size>0xc94</size>
         <input_file_ref idref="fl-b"/>
      </object_component>
      <object_component id="oc-121">
         <name>.debug_info</name>
         <load_address>0x11e8e</load_address>
         <run_address>0x11e8e</run_address>
         <size>0x1be</size>
         <input_file_ref idref="fl-c"/>
      </object_component>
      <object_component id="oc-2dc">
         <name>.debug_info</name>
         <load_address>0x1204c</load_address>
         <run_address>0x1204c</run_address>
         <size>0x27e</size>
         <input_file_ref idref="fl-d"/>
      </object_component>
      <object_component id="oc-2d6">
         <name>.debug_info</name>
         <load_address>0x122ca</load_address>
         <run_address>0x122ca</run_address>
         <size>0x12a</size>
         <input_file_ref idref="fl-d"/>
      </object_component>
      <object_component id="oc-24d">
         <name>.debug_info</name>
         <load_address>0x123f4</load_address>
         <run_address>0x123f4</run_address>
         <size>0x8d9</size>
         <input_file_ref idref="fl-d"/>
      </object_component>
      <object_component id="oc-226">
         <name>.debug_info</name>
         <load_address>0x12ccd</load_address>
         <run_address>0x12ccd</run_address>
         <size>0xf6</size>
         <input_file_ref idref="fl-f"/>
      </object_component>
      <object_component id="oc-1b1">
         <name>.debug_info</name>
         <load_address>0x12dc3</load_address>
         <run_address>0x12dc3</run_address>
         <size>0xfc</size>
         <input_file_ref idref="fl-f"/>
      </object_component>
      <object_component id="oc-1ab">
         <name>.debug_info</name>
         <load_address>0x12ebf</load_address>
         <run_address>0x12ebf</run_address>
         <size>0xfe</size>
         <input_file_ref idref="fl-f"/>
      </object_component>
      <object_component id="oc-188">
         <name>.debug_info</name>
         <load_address>0x12fbd</load_address>
         <run_address>0x12fbd</run_address>
         <size>0xa95</size>
         <input_file_ref idref="fl-f"/>
      </object_component>
      <object_component id="oc-237">
         <name>.debug_info</name>
         <load_address>0x13a52</load_address>
         <run_address>0x13a52</run_address>
         <size>0x106</size>
         <input_file_ref idref="fl-10"/>
      </object_component>
      <object_component id="oc-18f">
         <name>.debug_info</name>
         <load_address>0x13b58</load_address>
         <run_address>0x13b58</run_address>
         <size>0x13f7</size>
         <input_file_ref idref="fl-10"/>
      </object_component>
      <object_component id="oc-232">
         <name>.debug_info</name>
         <load_address>0x14f4f</load_address>
         <run_address>0x14f4f</run_address>
         <size>0x1e5</size>
         <input_file_ref idref="fl-10"/>
      </object_component>
      <object_component id="oc-fa">
         <name>.debug_info</name>
         <load_address>0x15134</load_address>
         <run_address>0x15134</run_address>
         <size>0x39e</size>
         <input_file_ref idref="fl-12"/>
      </object_component>
      <object_component id="oc-fd">
         <name>.debug_info</name>
         <load_address>0x154d2</load_address>
         <run_address>0x154d2</run_address>
         <size>0x13a</size>
         <input_file_ref idref="fl-12"/>
      </object_component>
      <object_component id="oc-1b4">
         <name>.debug_info</name>
         <load_address>0x1560c</load_address>
         <run_address>0x1560c</run_address>
         <size>0xf8</size>
         <input_file_ref idref="fl-12"/>
      </object_component>
      <object_component id="oc-e1">
         <name>.debug_info</name>
         <load_address>0x15704</load_address>
         <run_address>0x15704</run_address>
         <size>0x1319</size>
         <input_file_ref idref="fl-12"/>
      </object_component>
      <object_component id="oc-ac">
         <name>.debug_info</name>
         <load_address>0x16a1d</load_address>
         <run_address>0x16a1d</run_address>
         <size>0x539</size>
         <input_file_ref idref="fl-12"/>
      </object_component>
      <object_component id="oc-1ba">
         <name>.debug_info</name>
         <load_address>0x16f56</load_address>
         <run_address>0x16f56</run_address>
         <size>0xc35</size>
         <input_file_ref idref="fl-13"/>
      </object_component>
      <object_component id="oc-100">
         <name>.debug_info</name>
         <load_address>0x17b8b</load_address>
         <run_address>0x17b8b</run_address>
         <size>0x3aa</size>
         <input_file_ref idref="fl-14"/>
      </object_component>
      <object_component id="oc-23c">
         <name>.debug_info</name>
         <load_address>0x17f35</load_address>
         <run_address>0x17f35</run_address>
         <size>0xf0</size>
         <input_file_ref idref="fl-14"/>
      </object_component>
      <object_component id="oc-f7">
         <name>.debug_info</name>
         <load_address>0x18025</load_address>
         <run_address>0x18025</run_address>
         <size>0x118</size>
         <input_file_ref idref="fl-14"/>
      </object_component>
      <object_component id="oc-1be">
         <name>.debug_info</name>
         <load_address>0x1813d</load_address>
         <run_address>0x1813d</run_address>
         <size>0x138</size>
         <input_file_ref idref="fl-14"/>
      </object_component>
      <object_component id="oc-193">
         <name>.debug_info</name>
         <load_address>0x18275</load_address>
         <run_address>0x18275</run_address>
         <size>0xa3f</size>
         <input_file_ref idref="fl-14"/>
      </object_component>
      <object_component id="oc-e6">
         <name>.debug_info</name>
         <load_address>0x18cb4</load_address>
         <run_address>0x18cb4</run_address>
         <size>0xf74</size>
         <input_file_ref idref="fl-14"/>
      </object_component>
      <object_component id="oc-229">
         <name>.debug_info</name>
         <load_address>0x19c28</load_address>
         <run_address>0x19c28</run_address>
         <size>0x78b</size>
         <input_file_ref idref="fl-15"/>
      </object_component>
      <object_component id="oc-182">
         <name>.debug_info</name>
         <load_address>0x1a3b3</load_address>
         <run_address>0x1a3b3</run_address>
         <size>0x1248</size>
         <input_file_ref idref="fl-16"/>
      </object_component>
      <object_component id="oc-b1">
         <name>.debug_info</name>
         <load_address>0x1b5fb</load_address>
         <run_address>0x1b5fb</run_address>
         <size>0x112</size>
         <input_file_ref idref="fl-17"/>
      </object_component>
      <object_component id="oc-12f">
         <name>.debug_info</name>
         <load_address>0x1b70d</load_address>
         <run_address>0x1b70d</run_address>
         <size>0x113</size>
         <input_file_ref idref="fl-17"/>
      </object_component>
      <object_component id="oc-10d">
         <name>.debug_info</name>
         <load_address>0x1b820</load_address>
         <run_address>0x1b820</run_address>
         <size>0x535</size>
         <input_file_ref idref="fl-18"/>
      </object_component>
      <object_component id="oc-113">
         <name>.debug_info</name>
         <load_address>0x1bd55</load_address>
         <run_address>0x1bd55</run_address>
         <size>0x17f</size>
         <input_file_ref idref="fl-1f"/>
      </object_component>
      <object_component id="oc-21e">
         <name>.debug_info</name>
         <load_address>0x1bed4</load_address>
         <run_address>0x1bed4</run_address>
         <size>0x1412</size>
         <input_file_ref idref="fl-21"/>
      </object_component>
      <object_component id="oc-109">
         <name>.debug_info</name>
         <load_address>0x1d2e6</load_address>
         <run_address>0x1d2e6</run_address>
         <size>0xa2a</size>
         <input_file_ref idref="fl-2a"/>
      </object_component>
      <object_component id="oc-119">
         <name>.debug_info</name>
         <load_address>0x1dd10</load_address>
         <run_address>0x1dd10</run_address>
         <size>0x4cd</size>
         <input_file_ref idref="fl-2d"/>
      </object_component>
      <object_component id="oc-126">
         <name>.debug_info</name>
         <load_address>0x1e1dd</load_address>
         <run_address>0x1e1dd</run_address>
         <size>0x6c4</size>
         <input_file_ref idref="fl-2e"/>
      </object_component>
      <object_component id="oc-ec">
         <name>.debug_info</name>
         <load_address>0x1e8a1</load_address>
         <run_address>0x1e8a1</run_address>
         <size>0xb5e</size>
         <input_file_ref idref="fl-33"/>
      </object_component>
      <object_component id="oc-218">
         <name>.debug_info</name>
         <load_address>0x1f3ff</load_address>
         <run_address>0x1f3ff</run_address>
         <size>0x123a</size>
         <input_file_ref idref="fl-36"/>
      </object_component>
      <object_component id="oc-92">
         <name>.debug_info</name>
         <load_address>0x20639</load_address>
         <run_address>0x20639</run_address>
         <size>0x20c</size>
         <input_file_ref idref="fl-3f"/>
      </object_component>
      <object_component id="oc-98">
         <name>.debug_info</name>
         <load_address>0x20845</load_address>
         <run_address>0x20845</run_address>
         <size>0x1b7</size>
         <input_file_ref idref="fl-40"/>
      </object_component>
      <object_component id="oc-c9">
         <name>.debug_info</name>
         <load_address>0x209fc</load_address>
         <run_address>0x209fc</run_address>
         <size>0x19f</size>
         <input_file_ref idref="fl-41"/>
      </object_component>
      <object_component id="oc-2b4">
         <name>.debug_info</name>
         <load_address>0x20b9b</load_address>
         <run_address>0x20b9b</run_address>
         <size>0x127</size>
         <input_file_ref idref="fl-43"/>
      </object_component>
      <object_component id="oc-2bf">
         <name>.debug_info</name>
         <load_address>0x20cc2</load_address>
         <run_address>0x20cc2</run_address>
         <size>0x12a</size>
         <input_file_ref idref="fl-44"/>
      </object_component>
      <object_component id="oc-f2">
         <name>.debug_info</name>
         <load_address>0x20dec</load_address>
         <run_address>0x20dec</run_address>
         <size>0x163</size>
         <input_file_ref idref="fl-45"/>
      </object_component>
      <object_component id="oc-2b8">
         <name>.debug_info</name>
         <load_address>0x20f4f</load_address>
         <run_address>0x20f4f</run_address>
         <size>0x13b</size>
         <input_file_ref idref="fl-46"/>
      </object_component>
      <object_component id="oc-305">
         <name>.debug_info</name>
         <load_address>0x2108a</load_address>
         <run_address>0x2108a</run_address>
         <size>0x127</size>
         <input_file_ref idref="fl-47"/>
      </object_component>
      <object_component id="oc-2ad">
         <name>.debug_info</name>
         <load_address>0x211b1</load_address>
         <run_address>0x211b1</run_address>
         <size>0x12b</size>
         <input_file_ref idref="fl-48"/>
      </object_component>
      <object_component id="oc-9f">
         <name>.debug_info</name>
         <load_address>0x212dc</load_address>
         <run_address>0x212dc</run_address>
         <size>0x158</size>
         <input_file_ref idref="fl-49"/>
      </object_component>
      <object_component id="oc-147">
         <name>.debug_info</name>
         <load_address>0x21434</load_address>
         <run_address>0x21434</run_address>
         <size>0x1bf</size>
         <input_file_ref idref="fl-4a"/>
      </object_component>
      <object_component id="oc-d6">
         <name>.debug_info</name>
         <load_address>0x215f3</load_address>
         <run_address>0x215f3</run_address>
         <size>0x15d</size>
         <input_file_ref idref="fl-4b"/>
      </object_component>
      <object_component id="oc-1f2">
         <name>.debug_info</name>
         <load_address>0x21750</load_address>
         <run_address>0x21750</run_address>
         <size>0x147</size>
         <input_file_ref idref="fl-4c"/>
      </object_component>
      <object_component id="oc-ce">
         <name>.debug_info</name>
         <load_address>0x21897</load_address>
         <run_address>0x21897</run_address>
         <size>0x14d</size>
         <input_file_ref idref="fl-4d"/>
      </object_component>
      <object_component id="oc-179">
         <name>.debug_info</name>
         <load_address>0x219e4</load_address>
         <run_address>0x219e4</run_address>
         <size>0x19e</size>
         <input_file_ref idref="fl-4f"/>
      </object_component>
      <object_component id="oc-d9">
         <name>.debug_info</name>
         <load_address>0x21b82</load_address>
         <run_address>0x21b82</run_address>
         <size>0x1a9</size>
         <input_file_ref idref="fl-4f"/>
      </object_component>
      <object_component id="oc-17c">
         <name>.debug_info</name>
         <load_address>0x21d2b</load_address>
         <run_address>0x21d2b</run_address>
         <size>0x107</size>
         <input_file_ref idref="fl-50"/>
      </object_component>
      <object_component id="oc-29d">
         <name>.debug_info</name>
         <load_address>0x21e32</load_address>
         <run_address>0x21e32</run_address>
         <size>0x10b</size>
         <input_file_ref idref="fl-50"/>
      </object_component>
      <object_component id="oc-20e">
         <name>.debug_info</name>
         <load_address>0x21f3d</load_address>
         <run_address>0x21f3d</run_address>
         <size>0x203</size>
         <input_file_ref idref="fl-50"/>
      </object_component>
      <object_component id="oc-ba">
         <name>.debug_info</name>
         <load_address>0x22140</load_address>
         <run_address>0x22140</run_address>
         <size>0x19b</size>
         <input_file_ref idref="fl-51"/>
      </object_component>
      <object_component id="oc-140">
         <name>.debug_info</name>
         <load_address>0x222db</load_address>
         <run_address>0x222db</run_address>
         <size>0x208</size>
         <input_file_ref idref="fl-52"/>
      </object_component>
      <object_component id="oc-3cb">
         <name>.debug_info</name>
         <load_address>0x224e3</load_address>
         <run_address>0x224e3</run_address>
         <size>0xb2</size>
      </object_component>
      <object_component id="oc-a8">
         <name>.debug_line</name>
         <load_address>0x0</load_address>
         <run_address>0x0</run_address>
         <size>0x11b4</size>
         <input_file_ref idref="fl-2"/>
      </object_component>
      <object_component id="oc-1e0">
         <name>.debug_line</name>
         <load_address>0x11b4</load_address>
         <run_address>0x11b4</run_address>
         <size>0xb4</size>
         <input_file_ref idref="fl-2"/>
      </object_component>
      <object_component id="oc-26f">
         <name>.debug_line</name>
         <load_address>0x1268</load_address>
         <run_address>0x1268</run_address>
         <size>0x3c</size>
         <input_file_ref idref="fl-4"/>
      </object_component>
      <object_component id="oc-2d1">
         <name>.debug_line</name>
         <load_address>0x12a4</load_address>
         <run_address>0x12a4</run_address>
         <size>0x3c</size>
         <input_file_ref idref="fl-4"/>
      </object_component>
      <object_component id="oc-2cf">
         <name>.debug_line</name>
         <load_address>0x12e0</load_address>
         <run_address>0x12e0</run_address>
         <size>0x3c</size>
         <input_file_ref idref="fl-4"/>
      </object_component>
      <object_component id="oc-311">
         <name>.debug_line</name>
         <load_address>0x131c</load_address>
         <run_address>0x131c</run_address>
         <size>0x3c</size>
         <input_file_ref idref="fl-4"/>
      </object_component>
      <object_component id="oc-19d">
         <name>.debug_line</name>
         <load_address>0x1358</load_address>
         <run_address>0x1358</run_address>
         <size>0xef</size>
         <input_file_ref idref="fl-4"/>
      </object_component>
      <object_component id="oc-2d3">
         <name>.debug_line</name>
         <load_address>0x1447</load_address>
         <run_address>0x1447</run_address>
         <size>0x13a</size>
         <input_file_ref idref="fl-4"/>
      </object_component>
      <object_component id="oc-28e">
         <name>.debug_line</name>
         <load_address>0x1581</load_address>
         <run_address>0x1581</run_address>
         <size>0x64</size>
         <input_file_ref idref="fl-5"/>
      </object_component>
      <object_component id="oc-2e8">
         <name>.debug_line</name>
         <load_address>0x15e5</load_address>
         <run_address>0x15e5</run_address>
         <size>0x64</size>
         <input_file_ref idref="fl-5"/>
      </object_component>
      <object_component id="oc-2e6">
         <name>.debug_line</name>
         <load_address>0x1649</load_address>
         <run_address>0x1649</run_address>
         <size>0x64</size>
         <input_file_ref idref="fl-5"/>
      </object_component>
      <object_component id="oc-2e4">
         <name>.debug_line</name>
         <load_address>0x16ad</load_address>
         <run_address>0x16ad</run_address>
         <size>0x64</size>
         <input_file_ref idref="fl-5"/>
      </object_component>
      <object_component id="oc-19f">
         <name>.debug_line</name>
         <load_address>0x1711</load_address>
         <run_address>0x1711</run_address>
         <size>0xcc8</size>
         <input_file_ref idref="fl-5"/>
      </object_component>
      <object_component id="oc-2ea">
         <name>.debug_line</name>
         <load_address>0x23d9</load_address>
         <run_address>0x23d9</run_address>
         <size>0x162</size>
         <input_file_ref idref="fl-5"/>
      </object_component>
      <object_component id="oc-2ed">
         <name>.debug_line</name>
         <load_address>0x253b</load_address>
         <run_address>0x253b</run_address>
         <size>0x64</size>
         <input_file_ref idref="fl-6"/>
      </object_component>
      <object_component id="oc-1a5">
         <name>.debug_line</name>
         <load_address>0x259f</load_address>
         <run_address>0x259f</run_address>
         <size>0x87c</size>
         <input_file_ref idref="fl-6"/>
      </object_component>
      <object_component id="oc-2ef">
         <name>.debug_line</name>
         <load_address>0x2e1b</load_address>
         <run_address>0x2e1b</run_address>
         <size>0x1a5</size>
         <input_file_ref idref="fl-6"/>
      </object_component>
      <object_component id="oc-250">
         <name>.debug_line</name>
         <load_address>0x2fc0</load_address>
         <run_address>0x2fc0</run_address>
         <size>0x10c</size>
         <input_file_ref idref="fl-7"/>
      </object_component>
      <object_component id="oc-318">
         <name>.debug_line</name>
         <load_address>0x30cc</load_address>
         <run_address>0x30cc</run_address>
         <size>0x21</size>
         <input_file_ref idref="fl-7"/>
      </object_component>
      <object_component id="oc-1cf">
         <name>.debug_line</name>
         <load_address>0x30ed</load_address>
         <run_address>0x30ed</run_address>
         <size>0x7b</size>
         <input_file_ref idref="fl-b"/>
      </object_component>
      <object_component id="oc-256">
         <name>.debug_line</name>
         <load_address>0x3168</load_address>
         <run_address>0x3168</run_address>
         <size>0x2f2</size>
         <input_file_ref idref="fl-b"/>
      </object_component>
      <object_component id="oc-27f">
         <name>.debug_line</name>
         <load_address>0x345a</load_address>
         <run_address>0x345a</run_address>
         <size>0xce</size>
         <input_file_ref idref="fl-b"/>
      </object_component>
      <object_component id="oc-11f">
         <name>.debug_line</name>
         <load_address>0x3528</load_address>
         <run_address>0x3528</run_address>
         <size>0xf0</size>
         <input_file_ref idref="fl-c"/>
      </object_component>
      <object_component id="oc-313">
         <name>.debug_line</name>
         <load_address>0x3618</load_address>
         <run_address>0x3618</run_address>
         <size>0x76</size>
         <input_file_ref idref="fl-d"/>
      </object_component>
      <object_component id="oc-30f">
         <name>.debug_line</name>
         <load_address>0x368e</load_address>
         <run_address>0x368e</run_address>
         <size>0x76</size>
         <input_file_ref idref="fl-d"/>
      </object_component>
      <object_component id="oc-24b">
         <name>.debug_line</name>
         <load_address>0x3704</load_address>
         <run_address>0x3704</run_address>
         <size>0x200</size>
         <input_file_ref idref="fl-d"/>
      </object_component>
      <object_component id="oc-315">
         <name>.debug_line</name>
         <load_address>0x3904</load_address>
         <run_address>0x3904</run_address>
         <size>0x11f</size>
         <input_file_ref idref="fl-d"/>
      </object_component>
      <object_component id="oc-2ab">
         <name>.debug_line</name>
         <load_address>0x3a23</load_address>
         <run_address>0x3a23</run_address>
         <size>0x3a</size>
         <input_file_ref idref="fl-f"/>
      </object_component>
      <object_component id="oc-271">
         <name>.debug_line</name>
         <load_address>0x3a5d</load_address>
         <run_address>0x3a5d</run_address>
         <size>0x3a</size>
         <input_file_ref idref="fl-f"/>
      </object_component>
      <object_component id="oc-26d">
         <name>.debug_line</name>
         <load_address>0x3a97</load_address>
         <run_address>0x3a97</run_address>
         <size>0x3a</size>
         <input_file_ref idref="fl-f"/>
      </object_component>
      <object_component id="oc-187">
         <name>.debug_line</name>
         <load_address>0x3ad1</load_address>
         <run_address>0x3ad1</run_address>
         <size>0x275</size>
         <input_file_ref idref="fl-f"/>
      </object_component>
      <object_component id="oc-2c4">
         <name>.debug_line</name>
         <load_address>0x3d46</load_address>
         <run_address>0x3d46</run_address>
         <size>0xca</size>
         <input_file_ref idref="fl-f"/>
      </object_component>
      <object_component id="oc-2c8">
         <name>.debug_line</name>
         <load_address>0x3e10</load_address>
         <run_address>0x3e10</run_address>
         <size>0x3c</size>
         <input_file_ref idref="fl-10"/>
      </object_component>
      <object_component id="oc-18e">
         <name>.debug_line</name>
         <load_address>0x3e4c</load_address>
         <run_address>0x3e4c</run_address>
         <size>0x3cb</size>
         <input_file_ref idref="fl-10"/>
      </object_component>
      <object_component id="oc-235">
         <name>.debug_line</name>
         <load_address>0x4217</load_address>
         <run_address>0x4217</run_address>
         <size>0xa8</size>
         <input_file_ref idref="fl-10"/>
      </object_component>
      <object_component id="oc-2ca">
         <name>.debug_line</name>
         <load_address>0x42bf</load_address>
         <run_address>0x42bf</run_address>
         <size>0xcf</size>
         <input_file_ref idref="fl-10"/>
      </object_component>
      <object_component id="oc-1c9">
         <name>.debug_line</name>
         <load_address>0x438e</load_address>
         <run_address>0x438e</run_address>
         <size>0x36</size>
         <input_file_ref idref="fl-12"/>
      </object_component>
      <object_component id="oc-1cb">
         <name>.debug_line</name>
         <load_address>0x43c4</load_address>
         <run_address>0x43c4</run_address>
         <size>0x36</size>
         <input_file_ref idref="fl-12"/>
      </object_component>
      <object_component id="oc-273">
         <name>.debug_line</name>
         <load_address>0x43fa</load_address>
         <run_address>0x43fa</run_address>
         <size>0x36</size>
         <input_file_ref idref="fl-12"/>
      </object_component>
      <object_component id="oc-e3">
         <name>.debug_line</name>
         <load_address>0x4430</load_address>
         <run_address>0x4430</run_address>
         <size>0x534</size>
         <input_file_ref idref="fl-12"/>
      </object_component>
      <object_component id="oc-ab">
         <name>.debug_line</name>
         <load_address>0x4964</load_address>
         <run_address>0x4964</run_address>
         <size>0xe7</size>
         <input_file_ref idref="fl-12"/>
      </object_component>
      <object_component id="oc-1e3">
         <name>.debug_line</name>
         <load_address>0x4a4b</load_address>
         <run_address>0x4a4b</run_address>
         <size>0x3e5</size>
         <input_file_ref idref="fl-12"/>
      </object_component>
      <object_component id="oc-1b8">
         <name>.debug_line</name>
         <load_address>0x4e30</load_address>
         <run_address>0x4e30</run_address>
         <size>0x2cd</size>
         <input_file_ref idref="fl-13"/>
      </object_component>
      <object_component id="oc-2f2">
         <name>.debug_line</name>
         <load_address>0x50fd</load_address>
         <run_address>0x50fd</run_address>
         <size>0x195</size>
         <input_file_ref idref="fl-13"/>
      </object_component>
      <object_component id="oc-1cd">
         <name>.debug_line</name>
         <load_address>0x5292</load_address>
         <run_address>0x5292</run_address>
         <size>0x3a</size>
         <input_file_ref idref="fl-14"/>
      </object_component>
      <object_component id="oc-2cd">
         <name>.debug_line</name>
         <load_address>0x52cc</load_address>
         <run_address>0x52cc</run_address>
         <size>0x3a</size>
         <input_file_ref idref="fl-14"/>
      </object_component>
      <object_component id="oc-1c7">
         <name>.debug_line</name>
         <load_address>0x5306</load_address>
         <run_address>0x5306</run_address>
         <size>0x3a</size>
         <input_file_ref idref="fl-14"/>
      </object_component>
      <object_component id="oc-277">
         <name>.debug_line</name>
         <load_address>0x5340</load_address>
         <run_address>0x5340</run_address>
         <size>0x3a</size>
         <input_file_ref idref="fl-14"/>
      </object_component>
      <object_component id="oc-196">
         <name>.debug_line</name>
         <load_address>0x537a</load_address>
         <run_address>0x537a</run_address>
         <size>0x367</size>
         <input_file_ref idref="fl-14"/>
      </object_component>
      <object_component id="oc-e9">
         <name>.debug_line</name>
         <load_address>0x56e1</load_address>
         <run_address>0x56e1</run_address>
         <size>0x54a</size>
         <input_file_ref idref="fl-14"/>
      </object_component>
      <object_component id="oc-279">
         <name>.debug_line</name>
         <load_address>0x5c2b</load_address>
         <run_address>0x5c2b</run_address>
         <size>0x1bb</size>
         <input_file_ref idref="fl-14"/>
      </object_component>
      <object_component id="oc-22d">
         <name>.debug_line</name>
         <load_address>0x5de6</load_address>
         <run_address>0x5de6</run_address>
         <size>0x16e</size>
         <input_file_ref idref="fl-15"/>
      </object_component>
      <object_component id="oc-30c">
         <name>.debug_line</name>
         <load_address>0x5f54</load_address>
         <run_address>0x5f54</run_address>
         <size>0xbb</size>
         <input_file_ref idref="fl-15"/>
      </object_component>
      <object_component id="oc-184">
         <name>.debug_line</name>
         <load_address>0x600f</load_address>
         <run_address>0x600f</run_address>
         <size>0x2fb</size>
         <input_file_ref idref="fl-16"/>
      </object_component>
      <object_component id="oc-2a8">
         <name>.debug_line</name>
         <load_address>0x630a</load_address>
         <run_address>0x630a</run_address>
         <size>0x6d</size>
         <input_file_ref idref="fl-16"/>
      </object_component>
      <object_component id="oc-b0">
         <name>.debug_line</name>
         <load_address>0x6377</load_address>
         <run_address>0x6377</run_address>
         <size>0x55</size>
         <input_file_ref idref="fl-17"/>
      </object_component>
      <object_component id="oc-12e">
         <name>.debug_line</name>
         <load_address>0x63cc</load_address>
         <run_address>0x63cc</run_address>
         <size>0x5d</size>
         <input_file_ref idref="fl-17"/>
      </object_component>
      <object_component id="oc-10f">
         <name>.debug_line</name>
         <load_address>0x6429</load_address>
         <run_address>0x6429</run_address>
         <size>0x13b</size>
         <input_file_ref idref="fl-18"/>
      </object_component>
      <object_component id="oc-285">
         <name>.debug_line</name>
         <load_address>0x6564</load_address>
         <run_address>0x6564</run_address>
         <size>0x4d</size>
         <input_file_ref idref="fl-18"/>
      </object_component>
      <object_component id="oc-116">
         <name>.debug_line</name>
         <load_address>0x65b1</load_address>
         <run_address>0x65b1</run_address>
         <size>0x51</size>
         <input_file_ref idref="fl-1f"/>
      </object_component>
      <object_component id="oc-288">
         <name>.debug_line</name>
         <load_address>0x6602</load_address>
         <run_address>0x6602</run_address>
         <size>0x57</size>
         <input_file_ref idref="fl-1f"/>
      </object_component>
      <object_component id="oc-221">
         <name>.debug_line</name>
         <load_address>0x6659</load_address>
         <run_address>0x6659</run_address>
         <size>0x2ed</size>
         <input_file_ref idref="fl-21"/>
      </object_component>
      <object_component id="oc-300">
         <name>.debug_line</name>
         <load_address>0x6946</load_address>
         <run_address>0x6946</run_address>
         <size>0x37</size>
         <input_file_ref idref="fl-21"/>
      </object_component>
      <object_component id="oc-106">
         <name>.debug_line</name>
         <load_address>0x697d</load_address>
         <run_address>0x697d</run_address>
         <size>0x24a</size>
         <input_file_ref idref="fl-2a"/>
      </object_component>
      <object_component id="oc-282">
         <name>.debug_line</name>
[...]
      </symbol>
      <symbol id="sm-62f">
         <name>addtempnumber</name>
         <value>0xc941</value>
         <object_component_ref idref="oc-e5"/>
      </symbol>
      <symbol id="sm-630">
         <name>logchose</name>
         <value>0xe280</value>
         <object_component_ref idref="oc-f6"/>
      </symbol>
      <symbol id="sm-631">
         <name>rxCmdList</name>
         <value>0xc87e</value>
         <object_component_ref idref="oc-e5"/>
      </symbol>
      <symbol id="sm-632">
         <name>lock_daly_cache</name>
         <value>0xe5c7</value>
         <object_component_ref idref="oc-ff"/>
      </symbol>
      <symbol id="sm-633">
         <name>lock_daly_task</name>
         <value>0xe5c8</value>
         <object_component_ref idref="oc-ff"/>
      </symbol>
      <symbol id="sm-634">
         <name>RxPacketBuffer</name>
         <value>0xe640</value>
         <object_component_ref idref="oc-ff"/>
      </symbol>
      <symbol id="sm-635">
         <name>delaytemp</name>
         <value>0xe5e0</value>
         <object_component_ref idref="oc-ff"/>
      </symbol>
      <symbol id="sm-636">
         <name>range</name>
         <value>0xe600</value>
         <object_component_ref idref="oc-ff"/>
      </symbol>
      <symbol id="sm-637">
         <name>task_lock</name>
         <value>0xe5c5</value>
         <object_component_ref idref="oc-ff"/>
      </symbol>
      <symbol id="sm-638">
         <name>sendu16</name>
         <value>0xca48</value>
         <object_component_ref idref="oc-e5"/>
      </symbol>
      <symbol id="sm-639">
         <name>tempdata_lock</name>
         <value>0xe5c4</value>
         <object_component_ref idref="oc-ff"/>
      </symbol>
      <symbol id="sm-63a">
         <name>adddalynumber</name>
         <value>0xc91b</value>
         <object_component_ref idref="oc-e5"/>
      </symbol>
      <symbol id="sm-63b">
         <name>log_map</name>
         <value>0xe5d8</value>
         <object_component_ref idref="oc-ff"/>
      </symbol>
      <symbol id="sm-63c">
         <name>daly_buf</name>
         <value>0x10010</value>
         <object_component_ref idref="oc-1bd"/>
      </symbol>
      <symbol id="sm-63d">
         <name>addlognumber</name>
         <value>0xc8ed</value>
         <object_component_ref idref="oc-e5"/>
      </symbol>
      <symbol id="sm-63e">
         <name>SciRxPacketReset</name>
         <value>0xc82e</value>
         <object_component_ref idref="oc-e5"/>
      </symbol>
      <symbol id="sm-63f">
         <name>temp_buf</name>
         <value>0x10000</value>
         <object_component_ref idref="oc-1bd"/>
      </symbol>
      <symbol id="sm-640">
         <name>logdata_lock</name>
         <value>0xe5c3</value>
         <object_component_ref idref="oc-ff"/>
      </symbol>
      <symbol id="sm-641">
         <name>dalydata_lock</name>
         <value>0xe5c2</value>
         <object_component_ref idref="oc-ff"/>
      </symbol>
      <symbol id="sm-642">
         <name>log_chose</name>
         <value>0xcd9c</value>
         <object_component_ref idref="oc-e5"/>
      </symbol>
      <symbol id="sm-643">
         <name>checksumCalc</name>
         <value>0xca36</value>
         <object_component_ref idref="oc-e5"/>
      </symbol>
      <symbol id="sm-644">
         <name>lock_trig</name>
         <value>0xe5c6</value>
         <object_component_ref idref="oc-ff"/>
      </symbol>
      <symbol id="sm-645">
         <name>daly_data_pack</name>
         <value>0xcd12</value>
         <object_component_ref idref="oc-e5"/>
      </symbol>
      <symbol id="sm-646">
         <name>dalychose</name>
         <value>0xe282</value>
         <object_component_ref idref="oc-f6"/>
      </symbol>
      <symbol id="sm-647">
         <name>delaylog</name>
         <value>0xe5c0</value>
         <object_component_ref idref="oc-ff"/>
      </symbol>
      <symbol id="sm-648">
         <name>Init_tempbuf</name>
         <value>0xb015</value>
         <object_component_ref idref="oc-192"/>
      </symbol>
      <symbol id="sm-649">
         <name>daly_chose</name>
         <value>0xb021</value>
         <object_component_ref idref="oc-192"/>
      </symbol>
      <symbol id="sm-64a">
         <name>data_lock</name>
         <value>0xe5c1</value>
         <object_component_ref idref="oc-ff"/>
      </symbol>
      <symbol id="sm-64b">
         <name>Init_dalybuf</name>
         <value>0xafe1</value>
         <object_component_ref idref="oc-192"/>
      </symbol>
      <symbol id="sm-64c">
         <name>Init_bigLogbuf</name>
         <value>0xafc4</value>
         <object_component_ref idref="oc-192"/>
      </symbol>
      <symbol id="sm-64d">
         <name>daly_map</name>
         <value>0xe5cc</value>
         <object_component_ref idref="oc-ff"/>
      </symbol>
      <symbol id="sm-64e">
         <name>daly_moniter</name>
         <value>0xe5ca</value>
         <object_component_ref idref="oc-ff"/>
      </symbol>
      <symbol id="sm-64f">
         <name>RxPacketCtrl</name>
         <value>0xe5d2</value>
         <object_component_ref idref="oc-ff"/>
      </symbol>
      <symbol id="sm-650">
         <name>executaske</name>
         <value>0xcba2</value>
         <object_component_ref idref="oc-e5"/>
      </symbol>
      <symbol id="sm-651">
         <name>temp_map</name>
         <value>0xe5cf</value>
         <object_component_ref idref="oc-ff"/>
      </symbol>
      <symbol id="sm-652">
         <name>rxDecodeWord</name>
         <value>0xc833</value>
         <object_component_ref idref="oc-e5"/>
      </symbol>
      <symbol id="sm-653">
         <name>trigger_data_pack</name>
         <value>0xcc4c</value>
         <object_component_ref idref="oc-e5"/>
      </symbol>
      <symbol id="sm-66b">
         <name>Delay_ms</name>
         <value>0xc3e9</value>
         <object_component_ref idref="oc-228"/>
      </symbol>
      <symbol id="sm-66c">
         <name>configCPUTimer</name>
         <value>0xc3f7</value>
         <object_component_ref idref="oc-228"/>
      </symbol>
      <symbol id="sm-66d">
         <name>Delay_us</name>
         <value>0xc3bb</value>
         <object_component_ref idref="oc-228"/>
      </symbol>
      <symbol id="sm-689">
         <name>Device_enableAllPeripherals</name>
         <value>0xb6ee</value>
         <object_component_ref idref="oc-180"/>
      </symbol>
      <symbol id="sm-68a">
         <name>Device_verifyXTAL</name>
         <value>0xb7de</value>
         <object_component_ref idref="oc-180"/>
      </symbol>
      <symbol id="sm-68b">
         <name>Device_initGPIO</name>
         <value>0xb7ce</value>
         <object_component_ref idref="oc-180"/>
      </symbol>
      <symbol id="sm-68c">
         <name>Device_init</name>
         <value>0xb6c1</value>
         <object_component_ref idref="oc-180"/>
      </symbol>
      <symbol id="sm-68d">
         <name>__error__</name>
         <value>0xb811</value>
         <object_component_ref idref="oc-180"/>
      </symbol>
      <symbol id="sm-69c">
         <name>code_start</name>
         <value>0x0</value>
         <object_component_ref idref="oc-af"/>
      </symbol>
      <symbol id="sm-6c6">
         <name>ADC_setOffsetTrim</name>
         <value>0xc208</value>
         <object_component_ref idref="oc-10b"/>
      </symbol>
      <symbol id="sm-6c7">
         <name>ADC_setOffsetTrimAll</name>
         <value>0xc255</value>
         <object_component_ref idref="oc-10b"/>
      </symbol>
      <symbol id="sm-6c8">
         <name>ADC_setVREF</name>
         <value>0xc17f</value>
         <object_component_ref idref="oc-10b"/>
      </symbol>
      <symbol id="sm-6c9">
         <name>ADC_setINLTrim</name>
         <value>0xc1c2</value>
         <object_component_ref idref="oc-10b"/>
      </symbol>
      <symbol id="sm-6ca">
         <name>ADC_setPPBTripLimits</name>
         <value>0xc27d</value>
         <object_component_ref idref="oc-10b"/>
      </symbol>
      <symbol id="sm-6dd">
         <name>CPUTimer_setEmulationMode</name>
         <value>0xc7fb</value>
         <object_component_ref idref="oc-112"/>
      </symbol>
      <symbol id="sm-70d">
         <name>DCC_measureClockFrequency</name>
         <value>0xaabd</value>
         <object_component_ref idref="oc-21d"/>
      </symbol>
      <symbol id="sm-70e">
         <name>DCC_getRevisionNumber</name>
         <value>0xa9d4</value>
         <object_component_ref idref="oc-21d"/>
      </symbol>
      <symbol id="sm-70f">
         <name>DCC_verifyClockFrequency</name>
         <value>0xa9e8</value>
         <object_component_ref idref="oc-21d"/>
      </symbol>
      <symbol id="sm-710">
         <name>DCC_continuousMonitor</name>
         <value>0xab71</value>
         <object_component_ref idref="oc-21d"/>
      </symbol>
      <symbol id="sm-73d">
         <name>GPIO_setQualificationMode</name>
         <value>0xb53f</value>
         <object_component_ref idref="oc-105"/>
      </symbol>
      <symbol id="sm-73e">
         <name>GPIO_getPadConfig</name>
         <value>0xb50b</value>
         <object_component_ref idref="oc-105"/>
      </symbol>
      <symbol id="sm-73f">
         <name>GPIO_setPadConfig</name>
         <value>0xb4c3</value>
         <object_component_ref idref="oc-105"/>
      </symbol>
      <symbol id="sm-740">
         <name>GPIO_setInterruptPin</name>
         <value>0xb498</value>
         <object_component_ref idref="oc-105"/>
      </symbol>
      <symbol id="sm-741">
         <name>GPIO_setAnalogMode</name>
         <value>0xb5da</value>
         <object_component_ref idref="oc-105"/>
      </symbol>
      <symbol id="sm-742">
         <name>GPIO_setDirectionMode</name>
         <value>0xb45b</value>
         <object_component_ref idref="oc-105"/>
      </symbol>
      <symbol id="sm-743">
         <name>GPIO_setQualificationPeriod</name>
         <value>0xb58c</value>
         <object_component_ref idref="oc-105"/>
      </symbol>
      <symbol id="sm-744">
         <name>GPIO_getQualificationMode</name>
         <value>0xb56b</value>
         <object_component_ref idref="oc-105"/>
      </symbol>
      <symbol id="sm-745">
         <name>GPIO_setPinConfig</name>
         <value>0xb602</value>
         <object_component_ref idref="oc-105"/>
      </symbol>
      <symbol id="sm-746">
         <name>GPIO_getDirectionMode</name>
         <value>0xb482</value>
         <object_component_ref idref="oc-105"/>
      </symbol>
      <symbol id="sm-747">
         <name>GPIO_setControllerCore</name>
         <value>0xb5ae</value>
         <object_component_ref idref="oc-105"/>
      </symbol>
      <symbol id="sm-767">
         <name>I2C_disableInterrupt</name>
         <value>0xc31c</value>
         <object_component_ref idref="oc-118"/>
      </symbol>
      <symbol id="sm-768">
         <name>I2C_getInterruptStatus</name>
         <value>0xc33f</value>
         <object_component_ref idref="oc-118"/>
      </symbol>
      <symbol id="sm-769">
         <name>I2C_clearInterruptStatus</name>
         <value>0xc357</value>
         <object_component_ref idref="oc-118"/>
      </symbol>
      <symbol id="sm-76a">
         <name>I2C_initController</name>
         <value>0xc2af</value>
         <object_component_ref idref="oc-118"/>
      </symbol>
      <symbol id="sm-76b">
         <name>I2C_configureModuleFrequency</name>
         <value>0xc36f</value>
         <object_component_ref idref="oc-118"/>
      </symbol>
      <symbol id="sm-76c">
         <name>I2C_enableInterrupt</name>
         <value>0xc2fa</value>
         <object_component_ref idref="oc-118"/>
      </symbol>
      <symbol id="sm-7a6">
         <name>Interrupt_disable</name>
         <value>0xbcdf</value>
         <object_component_ref idref="oc-123"/>
      </symbol>
      <symbol id="sm-7a7">
         <name>Interrupt_initModule</name>
         <value>0xbc4d</value>
         <object_component_ref idref="oc-123"/>
      </symbol>
      <symbol id="sm-7a8">
         <name>Interrupt_enable</name>
         <value>0xbca8</value>
         <object_component_ref idref="oc-123"/>
      </symbol>
      <symbol id="sm-7a9">
         <name>Interrupt_initVectorTable</name>
         <value>0xbc8a</value>
         <object_component_ref idref="oc-123"/>
      </symbol>
      <symbol id="sm-7ea">
         <name>SCI_readCharArray</name>
         <value>0xb2f5</value>
         <object_component_ref idref="oc-eb"/>
      </symbol>
      <symbol id="sm-7eb">
         <name>SCI_getInterruptStatus</name>
         <value>0xb39c</value>
         <object_component_ref idref="oc-eb"/>
      </symbol>
      <symbol id="sm-7ec">
         <name>SCI_clearInterruptStatus</name>
         <value>0xb3df</value>
         <object_component_ref idref="oc-eb"/>
      </symbol>
      <symbol id="sm-7ed">
         <name>SCI_writeCharArray</name>
         <value>0xb2c0</value>
         <object_component_ref idref="oc-eb"/>
      </symbol>
      <symbol id="sm-7ee">
         <name>SCI_disableInterrupt</name>
         <value>0xb361</value>
         <object_component_ref idref="oc-eb"/>
      </symbol>
      <symbol id="sm-7ef">
         <name>SCI_setConfig</name>
         <value>0xb29c</value>
         <object_component_ref idref="oc-eb"/>
      </symbol>
      <symbol id="sm-7f0">
         <name>SCI_enableInterrupt</name>
         <value>0xb326</value>
         <object_component_ref idref="oc-eb"/>
      </symbol>
      <symbol id="sm-7f1">
         <name>SCI_setBaud</name>
         <value>0xb41a</value>
         <object_component_ref idref="oc-eb"/>
      </symbol>
      <symbol id="sm-7f2">
         <name>SCI_setWakeFlag</name>
         <value>0xb445</value>
         <object_component_ref idref="oc-eb"/>
      </symbol>
      <symbol id="sm-852">
         <name>SysCtl_isPLLValid</name>
         <value>0xa816</value>
         <object_component_ref idref="oc-217"/>
      </symbol>
      <symbol id="sm-853">
         <name>SysCtl_delay</name>
         <value>0xd0d6</value>
         <object_component_ref idref="oc-111"/>
      </symbol>
      <symbol id="sm-854">
         <name>SysCtl_selectXTALSingleEnded</name>
         <value>0xa755</value>
         <object_component_ref idref="oc-217"/>
      </symbol>
      <symbol id="sm-855">
         <name>SysCtl_getDeviceParametric</name>
         <value>0xa7bb</value>
         <object_component_ref idref="oc-217"/>
      </symbol>
      <symbol id="sm-856">
         <name>SysCtl_selectXTAL</name>
         <value>0xa731</value>
         <object_component_ref idref="oc-217"/>
      </symbol>
      <symbol id="sm-857">
         <name>SysCtl_selectOscSource</name>
         <value>0xa76f</value>
         <object_component_ref idref="oc-217"/>
      </symbol>
      <symbol id="sm-858">
         <name>SysCtl_getLowSpeedClock</name>
         <value>0xa7a1</value>
         <object_component_ref idref="oc-217"/>
      </symbol>
      <symbol id="sm-859">
         <name>SysCtl_setClock</name>
         <value>0xa677</value>
         <object_component_ref idref="oc-217"/>
      </symbol>
      <symbol id="sm-85a">
         <name>SysCtl_getClock</name>
         <value>0xa619</value>
         <object_component_ref idref="oc-217"/>
      </symbol>
      <symbol id="sm-870">
         <name>__TI_decompress_lzss</name>
         <value>0xc6ee</value>
         <object_component_ref idref="oc-91"/>
      </symbol>
      <symbol id="sm-87d">
         <name>__TI_decompress_none</name>
         <value>0xc80e</value>
         <object_component_ref idref="oc-97"/>
      </symbol>
      <symbol id="sm-88a">
         <name>__TI_zero_init</name>
         <value>0xc825</value>
         <object_component_ref idref="oc-c5"/>
      </symbol>
      <symbol id="sm-89e">
         <name>__c28xabi_divd</name>
         <value>0xc558</value>
         <object_component_ref idref="oc-2b2"/>
      </symbol>
      <symbol id="sm-8a9">
         <name>__c28xabi_dtoul</name>
         <value>0xc78d</value>
         <object_component_ref idref="oc-2bc"/>
      </symbol>
      <symbol id="sm-8b1">
         <name>__c28xabi_modu</name>
         <value>0xc7f5</value>
         <object_component_ref idref="oc-f1"/>
      </symbol>
      <symbol id="sm-8b2">
         <name>__c28xabi_divu</name>
         <value>0xc7f0</value>
         <object_component_ref idref="oc-f1"/>
      </symbol>
      <symbol id="sm-8ba">
         <name>__c28xabi_subd</name>
         <value>0xc7d6</value>
         <object_component_ref idref="oc-2b7"/>
      </symbol>
      <symbol id="sm-8d1">
         <name>__c28xabi_addd</name>
         <value>0xc42a</value>
         <object_component_ref idref="oc-304"/>
      </symbol>
      <symbol id="sm-8de">
         <name>__c28xabi_utod</name>
         <value>0xc7bf</value>
         <object_component_ref idref="oc-2ac"/>
      </symbol>
      <symbol id="sm-8e8">
         <name>_c_int00</name>
         <value>0xc7a8</value>
         <object_component_ref idref="oc-9e"/>
      </symbol>
      <symbol id="sm-8e9">
         <name>__stack</name>
         <value>0x400</value>
         <object_component_ref idref="oc-b4"/>
      </symbol>
      <symbol id="sm-8f8">
         <name>__TI_auto_init_nobinit_nopinit</name>
         <value>0xc71c</value>
         <object_component_ref idref="oc-146"/>
      </symbol>
      <symbol id="sm-907">
         <name>_args_main</name>
         <value>0xc7e4</value>
         <object_component_ref idref="oc-d2"/>
      </symbol>
      <symbol id="sm-914">
         <name>_system_post_cinit</name>
         <value>0xc82d</value>
         <object_component_ref idref="oc-1f1"/>
      </symbol>
      <symbol id="sm-921">
         <name>_system_pre_init</name>
         <value>0xc82b</value>
         <object_component_ref idref="oc-cb"/>
      </symbol>
      <symbol id="sm-938">
         <name>C$$EXIT</name>
         <value>0xc747</value>
         <object_component_ref idref="oc-d8"/>
      </symbol>
      <symbol id="sm-939">
         <name>abort</name>
         <value>0xc747</value>
         <object_component_ref idref="oc-d8"/>
      </symbol>
      <symbol id="sm-93a">
         <name>exit</name>
         <value>0xc749</value>
         <object_component_ref idref="oc-d8"/>
      </symbol>
      <symbol id="sm-93b">
         <name>__TI_dtors_ptr</name>
         <value>0xe72c</value>
         <object_component_ref idref="oc-178"/>
      </symbol>
      <symbol id="sm-93c">
         <name>__TI_cleanup_ptr</name>
         <value>0xe72a</value>
         <object_component_ref idref="oc-178"/>
      </symbol>
      <symbol id="sm-93d">
         <name>__TI_enable_exit_profile_output</name>
         <value>0xe728</value>
         <object_component_ref idref="oc-178"/>
      </symbol>
      <symbol id="sm-954">
         <name>_nop</name>
         <value>0xc80d</value>
         <object_component_ref idref="oc-20b"/>
      </symbol>
      <symbol id="sm-955">
         <name>_lock</name>
         <value>0xe6fe</value>
         <object_component_ref idref="oc-17b"/>
      </symbol>
      <symbol id="sm-956">
         <name>_unlock</name>
         <value>0xe732</value>
         <object_component_ref idref="oc-29c"/>
      </symbol>
      <symbol id="sm-957">
         <name>_register_lock</name>
         <value>0xc809</value>
         <object_component_ref idref="oc-20b"/>
      </symbol>
      <symbol id="sm-958">
         <name>_register_unlock</name>
         <value>0xc805</value>
         <object_component_ref idref="oc-20b"/>
      </symbol>
      <symbol id="sm-96a">
         <name>memcpy</name>
         <value>0xc770</value>
         <object_component_ref idref="oc-b7"/>
      </symbol>
      <symbol id="sm-979">
         <name>memset</name>
         <value>0xc81e</value>
         <object_component_ref idref="oc-13d"/>
      </symbol>
      <symbol id="sm-97b">
         <name>__c_args__</name>
         <value>0x0</value>
      </symbol>
   </symbol_table>
   <title>Link successful</title>
</link_info>
