******************************************************************************
             TMS320C2000 Linker PC v22.6.0                     
******************************************************************************
>> Linked Tue Dec 19 14:55:36 2023

OUTPUT FILE NAME:   <powercycling_freertos_core.out>
ENTRY POINT SYMBOL: "_c_int00"  address: 0000c7a8


MEMORY CONFIGURATION

         name            origin    length      used     unused   attr    fill
----------------------  --------  ---------  --------  --------  ----  --------
PAGE 0:
  BEGIN                 00000000   00000002  00000002  00000000  RWIX
  RAMM0                 000000f6   0000030a  000000ba  00000250  RWIX
  RAMLS0                00008000   00006000  000050da  00000f26  RWIX
  RESET                 003fffc0   00000002  00000000  00000002  RWIX

PAGE 1:
  BOOT_RSVD             00000002   000000f1  00000000  000000f1  RWIX
  RAMM1                 00000400   000003f8  00000200  000001f8  RWIX
  ADCARESULT            00000b00   00000018  00000000  00000018  RWIX
  ADCBRESULT            00000b20   00000018  00000000  00000018  RWIX
  ADCCRESULT            00000b40   00000018  00000000  00000018  RWIX
  CPUTIMER0             00000c00   00000008  00000000  00000008  RWIX
  CPUTIMER1             00000c08   00000008  00000000  00000008  RWIX
  CPUTIMER2             00000c10   00000008  00000000  00000008  RWIX
  PIECTRL               00000ce0   0000001a  00000000  0000001a  RWIX
  PIEVECTTABLE          00000d00   00000200  00000000  00000200  RWIX
  DMA                   00001000   00000200  00000000  00000200  RWIX
  CLA1                  00001400   00000080  00000000  00000080  RWIX
  CLB1LOGICCFG          00003000   00000052  00000000  00000052  RWIX
  CLB1LOGICCTRL         00003100   00000040  00000000  00000040  RWIX
  CLB1DATAEXCH          00003200   00000200  00000000  00000200  RWIX
  CLB2LOGICCFG          00003400   00000052  00000000  00000052  RWIX
  CLB2LOGICCTRL         00003500   00000040  00000000  00000040  RWIX
  CLB2DATAEXCH          00003600   00000200  00000000  00000200  RWIX
  CLB3LOGICCFG          00003800   00000052  00000000  00000052  RWIX
  CLB3LOGICCTRL         00003900   00000040  00000000  00000040  RWIX
  CLB3DATAEXCH          00003a00   00000200  00000000  00000200  RWIX
  CLB4LOGICCFG          00003c00   00000052  00000000  00000052  RWIX
  CLB4LOGICCTRL         00003d00   00000040  00000000  00000040  RWIX
  CLB4DATAEXCH          00003e00   00000200  00000000  00000200  RWIX
  EPWM1                 00004000   00000100  00000000  00000100  RWIX
  EPWM2                 00004100   00000100  00000000  00000100  RWIX
  EPWM3                 00004200   00000100  00000000  00000100  RWIX
  EPWM4                 00004300   00000100  00000000  00000100  RWIX
  EPWM5                 00004400   00000100  00000000  00000100  RWIX
  EPWM6                 00004500   00000100  00000000  00000100  RWIX
  EPWM7                 00004600   00000100  00000000  00000100  RWIX
  EPWM8                 00004700   00000100  00000000  00000100  RWIX
  EQEP1                 00005100   00000040  00000000  00000040  RWIX
  EQEP2                 00005140   00000040  00000000  00000040  RWIX
  ECAP1                 00005200   0000001e  00000000  0000001e  RWIX
  ECAP2                 00005240   0000001e  00000000  0000001e  RWIX
  ECAP3                 00005280   0000001e  00000000  0000001e  RWIX
  ECAP4                 000052c0   0000001e  00000000  0000001e  RWIX
  ECAP5                 00005300   0000001e  00000000  0000001e  RWIX
  ECAP6                 00005340   0000001e  00000000  0000001e  RWIX
  HRCAP6                00005360   00000020  00000000  00000020  RWIX
  ECAP7                 00005380   0000001e  00000000  0000001e  RWIX
  HRCAP7                000053a0   00000020  00000000  00000020  RWIX
  PGA1                  00005b00   00000010  00000000  00000010  RWIX
  PGA2                  00005b10   00000010  00000000  00000010  RWIX
  PGA3                  00005b20   00000010  00000000  00000010  RWIX
  PGA4                  00005b30   00000010  00000000  00000010  RWIX
  PGA5                  00005b40   00000010  00000000  00000010  RWIX
  PGA6                  00005b50   00000010  00000000  00000010  RWIX
  PGA7                  00005b60   00000010  00000000  00000010  RWIX
  DACA                  00005c00   00000008  00000000  00000008  RWIX
  DACB                  00005c10   00000008  00000000  00000008  RWIX
  CMPSS1                00005c80   00000020  00000000  00000020  RWIX
  CMPSS2                00005ca0   00000020  00000000  00000020  RWIX
  CMPSS3                00005cc0   00000020  00000000  00000020  RWIX
  CMPSS4                00005ce0   00000020  00000000  00000020  RWIX
  CMPSS5                00005d00   00000020  00000000  00000020  RWIX
  CMPSS6                00005d20   00000020  00000000  00000020  RWIX
  CMPSS7                00005d40   00000020  00000000  00000020  RWIX
  SDFM1                 00005e00   00000070  00000000  00000070  RWIX
  SPIA                  00006100   00000010  00000000  00000010  RWIX
  SPIB                  00006110   00000010  00000000  00000010  RWIX
  CLAPROMCRC0           000061c0   00000020  00000000  00000020  RWIX
  PMBUSA                00006400   00000020  00000000  00000020  RWIX
  FSITXA                00006600   00000050  00000000  00000050  RWIX
  FSIRXA                00006680   00000050  00000000  00000050  RWIX
  LINA                  00006a00   000000ec  00000000  000000ec  RWIX
  WD                    00007000   0000002c  00000000  0000002c  RWIX
  NMIINTRUPT            00007060   00000008  00000000  00000008  RWIX
  XINT                  00007070   0000000c  00000000  0000000c  RWIX
  SCIA                  00007200   00000010  00000000  00000010  RWIX
  SCIB                  00007210   00000010  00000000  00000010  RWIX
  I2CA                  00007300   00000022  00000000  00000022  RWIX
  ADCA                  00007400   00000080  00000000  00000080  RWIX
  ADCB                  00007480   00000080  00000000  00000080  RWIX
  ADCC                  00007500   00000080  00000000  00000080  RWIX
  INPUTXBAR             00007900   00000020  00000000  00000020  RWIX
  XBAR                  00007920   00000020  00000000  00000020  RWIX
  SYNCSOC               00007940   00000006  00000000  00000006  RWIX
  DMACLASRCSEL          00007980   0000001a  00000000  0000001a  RWIX
  EPWMXBAR              00007a00   00000040  00000000  00000040  RWIX
  CLBXBAR               00007a40   00000040  00000000  00000040  RWIX
  OUTPUTXBAR            00007a80   00000040  00000000  00000040  RWIX
  GPIOCTRL              00007c00   00000200  00000000  00000200  RWIX
  GPIODATA              00007f00   00000040  00000000  00000040  RWIX
  RAMGS0                0000e000   00002000  00000b67  00001499  RWIX
  RAMGS1                00010000   00003ff8  0000090c  000036ec  RWIX
  CANA                  00048000   00000200  00000000  00000200  RWIX
  CANB                  0004a000   00000200  00000000  00000200  RWIX
  DEVCFG                0005d000   00000180  00000000  00000180  RWIX
  CLKCFG                0005d200   00000036  00000000  00000036  RWIX
  CPUSYS                0005d300   00000082  00000000  00000082  RWIX
  SYSPERIPHAC           0005d500   00000200  00000000  00000200  RWIX
  ANALOGSUBSYS          0005d700   00000090  00000000  00000090  RWIX
  DCC0                  0005e700   0000002c  00000000  0000002c  RWIX
  ERADGLOBAL            0005e800   00000014  00000000  00000014  RWIX
  ERADHWBP1             0005e900   00000008  00000000  00000008  RWIX
  ERADHWBP2             0005e908   00000008  00000000  00000008  RWIX
  ERADHWBP3             0005e910   00000008  00000000  00000008  RWIX
  ERADHWBP4             0005e918   00000008  00000000  00000008  RWIX
  ERADHWBP5             0005e920   00000008  00000000  00000008  RWIX
  ERADHWBP6             0005e928   00000008  00000000  00000008  RWIX
  ERADHWBP7             0005e930   00000008  00000000  00000008  RWIX
  ERADHWBP8             0005e938   00000008  00000000  00000008  RWIX
  ERADCOUNTER1          0005e980   00000010  00000000  00000010  RWIX
  ERADCOUNTER2          0005e990   00000010  00000000  00000010  RWIX
  ERADCOUNTER3          0005e9a0   00000010  00000000  00000010  RWIX
  ERADCOUNTER4          0005e9b0   00000010  00000000  00000010  RWIX
  DCSMBANK0Z1           0005f000   00000024  00000000  00000024  RWIX
  DCSMBANK0Z2           0005f040   00000024  00000000  00000024  RWIX
  DCSMCOMMON            0005f070   00000010  00000000  00000010  RWIX
  DCSMBANK1Z1           0005f100   00000024  00000000  00000024  RWIX
  DCSMBANK1Z2           0005f140   00000024  00000000  00000024  RWIX
  MEMCFG                0005f400   00000080  00000000  00000080  RWIX
  ACCESSPROTECTION      0005f4c0   00000040  00000000  00000040  RWIX
  MEMORYERROR           0005f500   00000040  00000000  00000040  RWIX
  FLASH0CTRL            0005f800   00000182  00000000  00000182  RWIX
  FLASH0ECC             0005fb00   00000028  00000000  00000028  RWIX


SECTION ALLOCATION MAP

 output                                  attributes/
section   page    origin      length       input sections
--------  ----  ----------  ----------   ----------------
codestart 
*          0    00000000    00000002     
                  00000000    00000002     f28004x_codestartbranch.obj (codestart)

.switch    0    000000f6    00000072     
                  000000f6    00000046     sci_fifo.obj (.switch:daly_chose)
                  0000013c    0000002c     sci_fifo.obj (.switch:log_chose)

.cinit     0    00000168    00000048     
                  00000168    0000001b     (.cinit..data.load) [load image, compression = lzss]
                  00000183    00000006     (.cinit..logport.load) [load image, compression = lzss]
                  00000189    00000001     --HOLE-- [fill = 0]
                  0000018a    00000006     (__TI_handler_table)
                  00000190    00000004     (.cinit..bss.load) [load image, compression = zero_init]
                  00000194    00000004     (.cinit..freertosHeap.load) [load image, compression = zero_init]
                  00000198    00000004     (.cinit..freertosStaticStack.load) [load image, compression = zero_init]
                  0000019c    00000014     (__TI_cinit_table)

.text      0    00008000    0000482e     
                  00008000    00000fa0     tasks.obj (.text)
                  00008fa0    00000e70     board.obj (.text)
                  00009e10    000006f4     queue.obj (.text)
                  0000a504    000003cf     sysctl.obj (.text)
                  0000a8d3    0000035a     dcc.obj (.text)
                  0000ac2d    0000034d     iic_mlx906.obj (.text)
                  0000af7a    000002b3     sci_fifo.obj (.text)
                  0000b22d    00000221     sci.obj (.text)
                  0000b44e    000001eb     gpio.obj (.text)
                  0000b639    000001df     device.obj (.text)
                  0000b818    000001dd     main.obj (.text)
                  0000b9f5    000001b3     sci_cmd.obj (.text)
                  0000bba8    00000185     interrupt.obj (.text)
                  0000bd2d    00000181     heap_4.obj (.text)
                  0000beae    00000178     iic_fifo.obj (.text)
                  0000c026    00000159     port.obj (.text)
                  0000c17f    00000130     adc.obj (.text)
                  0000c2af    000000d6     i2c.obj (.text)
                  0000c385    000000a5     sys.obj (.text)
                  0000c42a    0000009c     rts2800_fpu32_eabi.lib : fd_add28.asm.obj (.text)
                  0000c4c6    00000092     list.obj (.text)
                  0000c558    0000008b     rts2800_fpu32_eabi.lib : fd_div28.asm.obj (.text)
                  0000c5e3    00000088     c2000_freertos.obj (.text)
                  0000c66b    00000083     portasm.obj (.text)
                  0000c6ee    0000002e     rts2800_fpu32_eabi.lib : copy_decompress_lzss.c.obj (.text:decompress:lzss)
                  0000c71c    0000002b                            : autoinit.c.obj (.text:__TI_auto_init_nobinit_nopinit)
                  0000c747    00000029                            : exit.c.obj (.text)
                  0000c770    0000001d                            : memcpy.c.obj (.text)
                  0000c78d    0000001b                            : fd_toul28.asm.obj (.text)
                  0000c7a8    00000017                            : boot28.asm.obj (.text)
                  0000c7bf    00000017                            : u_tofd28.asm.obj (.text)
                  0000c7d6    0000000e                            : fd_sub28.asm.obj (.text)
                  0000c7e4    0000000c                            : args_main.c.obj (.text)
                  0000c7f0    0000000b                            : u_div28.asm.obj (.text)
                  0000c7fb    0000000a     cputimer.obj (.text)
                  0000c805    00000009     rts2800_fpu32_eabi.lib : _lock.c.obj (.text)
                  0000c80e    00000008                            : copy_decompress_none.c.obj (.text:decompress:none)
                  0000c816    00000008     f28004x_codestartbranch.obj (.text)
                  0000c81e    00000007     rts2800_fpu32_eabi.lib : memset.c.obj (.text)
                  0000c825    00000006                            : copy_zero_init.c.obj (.text:decompress:ZI)
                  0000c82b    00000002                            : pre_init.c.obj (.text)
                  0000c82d    00000001                            : startup.c.obj (.text)

.reset     0    003fffc0    00000000     DSECT

.stack     1    00000400    00000200     UNINITIALIZED
                  00000400    00000200     --HOLE--

.data      1    0000e5c0    00000178     UNINITIALIZED
                  0000e5c0    00000100     sci_fifo.obj (.data)
                  0000e6c0    00000020     iic_fifo.obj (.data:I2C_slave_fifo)
                  0000e6e0    0000001e     main.obj (.data)
                  0000e6fe    00000002     rts2800_fpu32_eabi.lib : _lock.c.obj (.data:_lock)
                  0000e700    00000012     tasks.obj (.data)
                  0000e712    0000000c     heap_4.obj (.data)
                  0000e71e    0000000a     c2000_freertos.obj (.data)
                  0000e728    00000006     rts2800_fpu32_eabi.lib : exit.c.obj (.data)
                  0000e72e    00000004     port.obj (.data)
                  0000e732    00000002     rts2800_fpu32_eabi.lib : _lock.c.obj (.data:_unlock)
                  0000e734    00000002     main.obj (.data:iic_send_data)
                  0000e736    00000001     iic_fifo.obj (.data)
                  0000e737    00000001     iic_mlx906.obj (.data)

.freertosHeap 
*          1    0000e788    00000400     UNINITIALIZED
                  0000e788    00000400     c2000_freertos.obj (.freertosHeap)

.bss       1    0000e000    000002a0     UNINITIALIZED
                  0000e000    00000172     c2000_freertos.obj (.bss)
                  0000e172    000000a0     tasks.obj (.bss:pxReadyTasksLists)
                  0000e212    00000028     queue.obj (.bss:xQueueRegistry)
                  0000e23a    00000004     heap_4.obj (.bss)
                  0000e23e    00000002     iic_fifo.obj (.bss)
                  0000e240    00000036     tasks.obj (.bss)
                  0000e276    00000002     main.obj (.bss)
                  0000e278    00000008     --HOLE--
                  0000e280    00000020     sci_fifo.obj (.bss)

.init_array 
*          0    000000f6    00000000     UNINITIALIZED

.const     1    0000e738    0000004f     
                  0000e738    0000002b     c2000_freertos.obj (.const:.string)
                  0000e763    00000001     tasks.obj (.const)
                  0000e764    00000012     sci_fifo.obj (.const)
                  0000e776    0000000c     sys.obj (.const)
                  0000e782    00000005     tasks.obj (.const:.string)

PieVectTableFile 
*          0    00000d00    00000000     DSECT

EmuKeyVar 
*          0    00000d00    00000000     DSECT

EmuBModeVar 
*          0    00000d00    00000000     DSECT

EmuBootPinsVar 
*          0    00000d00    00000000     DSECT

FlashCallbackVar 
*          0    00000d00    00000000     DSECT

FlashScalingVar 
*          0    00000d00    00000000     DSECT

.TI.ramfunc 
*          0    0000c82e    000008ac     
                  0000c82e    0000066a     sci_fifo.obj (.TI.ramfunc)
                  0000ce98    000001cf     main.obj (.TI.ramfunc:retain)
                  0000d067    0000006f     iic_mlx906.obj (.TI.ramfunc)
                  0000d0d6    00000004     sysctl.obj (.TI.ramfunc)

.freertosStaticStack 
*          1    0000e2a0    00000300     UNINITIALIZED
                  0000e2a0    00000300     c2000_freertos.obj (.freertosStaticStack)

.logport   1    00010000    0000090c     UNINITIALIZED
                  00010000    0000090c     sci_fifo.obj (.logport)

MODULE SUMMARY

       Module                        code    ro data   rw data
       ------                        ----    -------   -------
    .\
       tasks.obj                     4000    6         232    
       queue.obj                     1780    0         40     
       heap_4.obj                    385     0         16     
       port.obj                      345     0         4      
       list.obj                      146     0         0      
       portasm.obj                   131     0         0      
    +--+-----------------------------+-------+---------+---------+
       Total:                        6787    6         292    
                                                              
    .\APP\src\
       sci_fifo.obj                  2333    132       2604   
       main.obj                      940     0         34     
       iic_mlx906.obj                956     0         1      
       sci_cmd.obj                   435     0         0      
       iic_fifo.obj                  376     0         35     
       sys.obj                       165     12        0      
    +--+-----------------------------+-------+---------+---------+
       Total:                        5205    144       2674   
                                                              
    .\device\
       device.obj                    479     0         0      
       f28004x_codestartbranch.obj   10      0         0      
    +--+-----------------------------+-------+---------+---------+
       Total:                        489     0         0      
                                                              
    .\driverlib\
       sysctl.obj                    979     0         0      
       dcc.obj                       858     0         0      
       sci.obj                       545     0         0      
       gpio.obj                      491     0         0      
       interrupt.obj                 389     0         0      
       adc.obj                       304     0         0      
       i2c.obj                       214     0         0      
       cputimer.obj                  10      0         0      
    +--+-----------------------------+-------+---------+---------+
       Total:                        3790    0         0      
                                                              
    .\syscfg\
       board.obj                     3696    0         0      
       c2000_freertos.obj            136     43        2172   
    +--+-----------------------------+-------+---------+---------+
       Total:                        3832    43        2172   
                                                              
    C:/ti/ccs1220/ccs/tools/compiler/ti-cgt-c2000_22.6.0.LTS/lib/rts2800_fpu32_eabi.lib
       fd_add28.asm.obj              156     0         0      
       fd_div28.asm.obj              139     0         0      
       exit.c.obj                    41      0         6      
       copy_decompress_lzss.c.obj    46      0         0      
       autoinit.c.obj                43      0         0      
       memcpy.c.obj                  29      0         0      
       fd_toul28.asm.obj             27      0         0      
       boot28.asm.obj                23      0         0      
       u_tofd28.asm.obj              23      0         0      
       fd_sub28.asm.obj              14      0         0      
       _lock.c.obj                   9       0         4      
       args_main.c.obj               12      0         0      
       u_div28.asm.obj               11      0         0      
       copy_decompress_none.c.obj    8       0         0      
       memset.c.obj                  7       0         0      
       copy_zero_init.c.obj          6       0         0      
       pre_init.c.obj                2       0         0      
       startup.c.obj                 1       0         0      
    +--+-----------------------------+-------+---------+---------+
       Total:                        597     0         10     
                                                              
       Stack:                        0       0         512    
       Linker Generated:             0       71        0      
    +--+-----------------------------+-------+---------+---------+
       Grand Total:                  20700   264       5660   


LINKER GENERATED COPY TABLES

__TI_cinit_table @ 0000019c records: 5, size/record: 4, table size: 20
	.data: load addr=00000168, load size=0000001b bytes, run addr=0000e5c0, run size=00000178 bytes, compression=lzss
	.logport: load addr=00000183, load size=00000006 bytes, run addr=00010000, run size=0000090c bytes, compression=lzss
	.bss: load addr=00000190, load size=00000004 bytes, run addr=0000e000, run size=000002a0 bytes, compression=zero_init
	.freertosHeap: load addr=00000194, load size=00000004 bytes, run addr=0000e788, run size=00000400 bytes, compression=zero_init
	.freertosStaticStack: load addr=00000198, load size=00000004 bytes, run addr=0000e2a0, run size=00000300 bytes, compression=zero_init


LINKER GENERATED HANDLER TABLE

__TI_handler_table @ 0000018a records: 3, size/record: 2, table size: 6
	index: 0, handler: __TI_zero_init
	index: 1, handler: __TI_decompress_lzss
	index: 2, handler: __TI_decompress_none


GLOBAL DATA SYMBOLS: SORTED BY DATA PAGE

address     data page           name
--------    ----------------    ----
00000400      10 (00000400)     __stack

0000e000     380 (0000e000)     mySemaphore0Buffer

0000e040     381 (0000e040)     idleTaskTCBBuffer

0000e080     382 (0000e080)     dalypackTCBBuffer

0000e0c0     383 (0000e0c0)     sendchargeTCBBuffer

0000e100     384 (0000e100)     recivecmdTCBBuffer

0000e140     385 (0000e140)     iicscanaskTCBBuffer

0000e212     388 (0000e200)     xQueueRegistry
0000e23e     388 (0000e200)     I2C_slave_map

0000e276     389 (0000e240)     recive_word
0000e277     389 (0000e240)     rxHigherPriorityTaskWoken

0000e280     38a (0000e280)     logchose
0000e282     38a (0000e280)     dalychose
0000e2a0     38a (0000e280)     dalypackStackBuffer

0000e320     38c (0000e300)     sendchargeStackBuffer

0000e3a0     38e (0000e380)     recivecmdStackBuffer

0000e420     390 (0000e400)     iicscanaskStackBuffer

0000e4a0     392 (0000e480)     idleTaskStack

0000e5c0     397 (0000e5c0)     delaylog
0000e5c1     397 (0000e5c0)     data_lock
0000e5c2     397 (0000e5c0)     dalydata_lock
0000e5c3     397 (0000e5c0)     logdata_lock
0000e5c4     397 (0000e5c0)     tempdata_lock
0000e5c5     397 (0000e5c0)     task_lock
0000e5c6     397 (0000e5c0)     lock_trig
0000e5c7     397 (0000e5c0)     lock_daly_cache
0000e5c8     397 (0000e5c0)     lock_daly_task
0000e5ca     397 (0000e5c0)     daly_moniter
0000e5cc     397 (0000e5c0)     daly_map
0000e5cf     397 (0000e5c0)     temp_map
0000e5d2     397 (0000e5c0)     RxPacketCtrl
0000e5d8     397 (0000e5c0)     log_map
0000e5e0     397 (0000e5c0)     delaytemp
0000e5e8     397 (0000e5c0)     delaydaly

0000e600     398 (0000e600)     range

0000e640     399 (0000e640)     RxPacketBuffer

0000e6c0     39b (0000e6c0)     I2C_slave_fifo
0000e6e0     39b (0000e6c0)     driver_status
0000e6e1     39b (0000e6c0)     pwm_status
0000e6e2     39b (0000e6c0)     message_effect_status
0000e6e3     39b (0000e6c0)     cpu_tim1
0000e6e4     39b (0000e6c0)     cpu_tim1_100ms
0000e6e5     39b (0000e6c0)     cpu_tim1_s
0000e6e6     39b (0000e6c0)     machine_status
0000e6e7     39b (0000e6c0)     iic_command
0000e6e8     39b (0000e6c0)     command_trigger
0000e6e9     39b (0000e6c0)     ask_status
0000e6ec     39b (0000e6c0)     cmp1a
0000e6ee     39b (0000e6c0)     eph2
0000e6f0     39b (0000e6c0)     cmp2a
0000e6f2     39b (0000e6c0)     cmp_1
0000e6f4     39b (0000e6c0)     cmp_2
0000e6f6     39b (0000e6c0)     cmp_b_hr
0000e6f8     39b (0000e6c0)     tbprd
0000e6fa     39b (0000e6c0)     phs
0000e6fc     39b (0000e6c0)     phs_hr
0000e6fe     39b (0000e6c0)     _lock

0000e708     39c (0000e700)     pxCurrentTCB
0000e71e     39c (0000e700)     dalypackHandle
0000e720     39c (0000e700)     sendchargeHandle
0000e722     39c (0000e700)     recivecmdHandle
0000e724     39c (0000e700)     iicscanaskHandle
0000e726     39c (0000e700)     mySemaphore0Handle
0000e728     39c (0000e700)     __TI_enable_exit_profile_output
0000e72a     39c (0000e700)     __TI_cleanup_ptr
0000e72c     39c (0000e700)     __TI_dtors_ptr
0000e72e     39c (0000e700)     bYield
0000e72f     39c (0000e700)     bPreemptive
0000e730     39c (0000e700)     ulCriticalNesting
0000e732     39c (0000e700)     _unlock
0000e734     39c (0000e700)     iic_send_data
0000e736     39c (0000e700)     waite_time
0000e737     39c (0000e700)     mlx906_waite_time

0000e763     39d (0000e740)     uxTopUsedPriority

0000e788     39e (0000e780)     ucHeap

00010000     400 (00010000)     temp_buf
00010010     400 (00010000)     daly_buf

00010330     40c (00010300)     log_buf


GLOBAL SYMBOLS: SORTED ALPHABETICALLY BY Name 

page  address   name                               
----  -------   ----                               
0     00009682  ADC_init                           
0     0000c1c2  ADC_setINLTrim                     
0     0000c208  ADC_setOffsetTrim                  
0     0000c255  ADC_setOffsetTrimAll               
0     0000c27d  ADC_setPPBTripLimits               
0     0000c17f  ADC_setVREF                        
0     0000985d  ASYSCTL_init                       
0     00009598  Board_init                         
0     0000c747  C$$EXIT                            
0     00009866  CPUTIMER_init                      
0     0000c7fb  CPUTimer_setEmulationMode          
0     0000bb11  Cmp2Set                            
0     0000ba50  CmpSet                             
0     0000bab4  CmpandPhsSet                       
0     0000ab71  DCC_continuousMonitor              
0     0000a9d4  DCC_getRevisionNumber              
0     0000aabd  DCC_measureClockFrequency          
0     0000a9e8  DCC_verifyClockFrequency           
0     00009bfd  DRV_init                           
0     0000c3e9  Delay_ms                           
0     0000c3bb  Delay_us                           
0     0000b6ee  Device_enableAllPeripherals        
0     0000b6c1  Device_init                        
0     0000b7ce  Device_initGPIO                    
0     0000b7de  Device_verifyXTAL                  
0     0000988d  EPWM_init                          
0     0000c65e  FreeRTOS_init                      
0     0000b482  GPIO_getDirectionMode              
0     0000b50b  GPIO_getPadConfig                  
0     0000b56b  GPIO_getQualificationMode          
0     00009b98  GPIO_init                          
0     0000b5da  GPIO_setAnalogMode                 
0     0000b5ae  GPIO_setControllerCore             
0     0000b45b  GPIO_setDirectionMode              
0     0000b498  GPIO_setInterruptPin               
0     0000b4c3  GPIO_setPadConfig                  
0     0000b602  GPIO_setPinConfig                  
0     0000b53f  GPIO_setQualificationMode          
0     0000b58c  GPIO_setQualificationPeriod        
0     0000bb54  GateDriverDisable                  
0     0000bb3d  GateDriverEnable                   
0     0000bf24  I2CBusScan                         
0     0000c357  I2C_clearInterruptStatus           
0     0000c36f  I2C_configureModuleFrequency       
0     0000c31c  I2C_disableInterrupt               
0     0000c2fa  I2C_enableInterrupt                
0     0000c33f  I2C_getInterruptStatus             
0     00009d29  I2C_init                           
0     0000c2af  I2C_initController                 
1     0000e6c0  I2C_slave_fifo                     
1     0000e23e  I2C_slave_map                      
0     00009d69  INPUTXBAR_init                     
0     00009d71  INTERRUPT_init                     
0     0000ceca  INT_myADCA_1_ISR                   
0     0000cffe  INT_myCPUTIMER0_ISR                
0     0000ce98  INT_myEPWM3_ISR                    
0     0000cf5f  INT_mySCI0_RX_ISR                  
0     0000cfc6  INT_mySCI0_TX_ISR                  
0     0000afc4  Init_bigLogbuf                     
0     0000afe1  Init_dalybuf                       
0     0000bf1a  Init_iic_slave                     
0     0000b015  Init_tempbuf                       
0     0000b01b  Initrangtaske                      
0     0000bcdf  Interrupt_disable                  
0     0000bca8  Interrupt_enable                   
0     0000bc4d  Interrupt_initModule               
0     0000bc8a  Interrupt_initVectorTable          
0     00009bd0  LED_GREEN_init                     
0     00009bb7  LED_RED_init                       
0     00009cde  MUX_A_IDC_init                     
0     00009c61  MUX_A_init                         
0     00009cf7  MUX_B_IDC_init                     
0     00009c7a  MUX_B_init                         
0     00009c93  MUX_C_init                         
0     00009cac  MUX_INH_1_init                     
0     00009cc5  MUX_INH_2_init                     
0     00009d10  MUX_INH_IDC_init                   
0     0000acb5  Mlx906_Init_toSmbus                
0     0000d067  Mlx906_PEC_Calculation             
0     0000acce  Mlx906_Temp_read                   
0     0000ad18  Mlx906_command_read                
0     0000ae2a  Mlx906_command_write               
0     0000af15  Mlx906_iic_eraser_eeroom           
0     0000aed7  Mlx906_iic_write_command           
0     0000af21  Mlx906_iic_write_eeroom            
0     0000af3b  Mlx906_iic_write_eeroom_check      
0     0000baa5  PhsSet                             
0     000095b1  PinMux_init                        
0     0000bb2f  PwmDisable                         
0     0000bb20  PwmEnable                          
0     00009c2f  RLY1_init                          
0     00009c48  RLY2_init                          
1     0000e640  RxPacketBuffer                     
1     0000e5d2  RxPacketCtrl                       
0     0000b3df  SCI_clearInterruptStatus           
0     0000b361  SCI_disableInterrupt               
0     0000b326  SCI_enableInterrupt                
0     0000b39c  SCI_getInterruptStatus             
0     00009dae  SCI_init                           
0     0000b2f5  SCI_readCharArray                  
0     0000b41a  SCI_setBaud                        
0     0000b29c  SCI_setConfig                      
0     0000b445  SCI_setWakeFlag                    
0     0000b2c0  SCI_writeCharArray                 
0     00009df2  SYNC_init                          
0     0000c82e  SciRxPacketReset                   
0     0000d0d6  SysCtl_delay                       
0     0000a619  SysCtl_getClock                    
0     0000a7bb  SysCtl_getDeviceParametric         
0     0000a7a1  SysCtl_getLowSpeedClock            
0     0000a816  SysCtl_isPLLValid                  
0     0000a76f  SysCtl_selectOscSource             
0     0000a731  SysCtl_selectXTAL                  
0     0000a755  SysCtl_selectXTALSingleEnded       
0     0000a677  SysCtl_setClock                    
0     00009c16  TIME_WATCH_init                    
0     0000bb67  Trigger                            
0     00009be4  VR_RLY_init                        
0     0000019c  __TI_CINIT_Base                    
0     000001b0  __TI_CINIT_Limit                   
0     000001b0  __TI_CINIT_Warm                    
0     0000018a  __TI_Handler_Table_Base            
0     00000190  __TI_Handler_Table_Limit           
1     00000600  __TI_STACK_END                     
abs   00000200  __TI_STACK_SIZE                    
0     0000c71c  __TI_auto_init_nobinit_nopinit     
1     0000e72a  __TI_cleanup_ptr                   
0     0000c6ee  __TI_decompress_lzss               
0     0000c80e  __TI_decompress_none               
1     0000e72c  __TI_dtors_ptr                     
1     0000e728  __TI_enable_exit_profile_output    
abs   ffffffff  __TI_pprof_out_hndl                
abs   ffffffff  __TI_prof_data_size                
abs   ffffffff  __TI_prof_data_start               
0     0000c825  __TI_zero_init                     
0     0000c42a  __c28xabi_addd                     
0     0000c558  __c28xabi_divd                     
0     0000c7f0  __c28xabi_divu                     
0     0000c78d  __c28xabi_dtoul                    
0     0000c7f5  __c28xabi_modu                     
0     0000c7d6  __c28xabi_subd                     
0     0000c7bf  __c28xabi_utod                     
n/a   UNDEFED   __c_args__                         
0     0000b811  __error__                          
1     00000400  __stack                            
0     0000c7e4  _args_main                         
0     0000c7a8  _c_int00                           
1     0000e6fe  _lock                              
0     0000c80d  _nop                               
0     0000c809  _register_lock                     
0     0000c805  _register_unlock                   
0     0000c82d  _system_post_cinit                 
0     0000c82b  _system_pre_init                   
1     0000e732  _unlock                            
0     0000c747  abort                              
0     0000c91b  adddalynumber                      
0     0000c8ed  addlognumber                       
0     0000c977  addtaske                           
0     0000c941  addtempnumber                      
1     0000e6e9  ask_status                         
1     0000e72f  bPreemptive                        
1     0000e72e  bYield                             
0     0000bff7  checkBusStatus                     
0     0000ca36  checksumCalc                       
1     0000e6ec  cmp1a                              
1     0000e6f0  cmp2a                              
1     0000e6f2  cmp_1                              
1     0000e6f4  cmp_2                              
1     0000e6f6  cmp_b_hr                           
0     00000000  code_start                         
1     0000e6e8  command_trigger                    
0     0000c3f7  configCPUTimer                     
1     0000e6e3  cpu_tim1                           
1     0000e6e4  cpu_tim1_100ms                     
1     0000e6e5  cpu_tim1_s                         
1     00010010  daly_buf                           
0     0000b021  daly_chose                         
0     0000cd12  daly_data_pack                     
1     0000e5cc  daly_map                           
1     0000e5ca  daly_moniter                       
0     0000b93a  daly_pack                          
0     0000bb7e  dalychannel_chose                  
0     0000bb93  dalychannelfloat_chose             
1     0000e282  dalychose                          
1     0000e5c2  dalydata_lock                      
1     0000e71e  dalypackHandle                     
1     0000e2a0  dalypackStackBuffer                
1     0000e080  dalypackTCBBuffer                  
0     0000c5e3  dalypack_init                      
1     0000e5c1  data_lock                          
1     0000e5e8  delaydaly                          
1     0000e5c0  delaylog                           
1     0000e5e0  delaytemp                          
1     0000e6e0  driver_status                      
0     000081fa  eTaskGetState                      
1     0000e6ee  eph2                               
0     0000cba2  executaske                         
0     0000c749  exit                               
0     0000c66b  getSTF                             
1     0000e4a0  idleTaskStack                      
1     0000e040  idleTaskTCBBuffer                  
1     0000e6e7  iic_command                        
0     0000b975  iic_scan_ask                       
1     0000e734  iic_send_data                      
1     0000e724  iicscanaskHandle                   
1     0000e420  iicscanaskStackBuffer              
1     0000e140  iicscanaskTCBBuffer                
0     0000c628  iicscanask_init                    
1     0000e5c7  lock_daly_cache                    
1     0000e5c8  lock_daly_task                     
1     0000e5c6  lock_trig                          
1     00010330  log_buf                            
0     0000cd9c  log_chose                          
1     0000e5d8  log_map                            
0     0000bb6c  logchannel_chose                   
1     0000e280  logchose                           
1     0000e5c3  logdata_lock                       
1     0000e6e6  machine_status                     
0     0000b90b  main                               
0     0000c770  memcpy                             
0     0000c81e  memset                             
1     0000e6e2  message_effect_status              
1     0000e737  mlx906_waite_time                  
0     00009689  myADCA_init                        
0     000097c7  myADCB_init                        
0     00009731  myADCC_init                        
0     00009869  myCPUTIMER0_init                   
0     00009d2c  myI2C0_init                        
0     00009d6c  myINPUTXBARINPUT1_init             
0     00009db1  mySCI0_init                        
1     0000e000  mySemaphore0Buffer                 
1     0000e726  mySemaphore0Handle                 
0     0000c63e  mySemaphore0_init                  
0     0000a4bc  pcQueueGetName                     
0     000085c7  pcTaskGetName                      
1     0000e6fa  phs                                
1     0000e6fc  phs_hr                             
0     0000c66f  portRESTORE_FIRST_CONTEXT          
0     0000c67a  portTICK_ISR                       
0     0000bd2d  pvPortMalloc                       
0     00008bce  pvTaskIncrementMutexHeldCount      
1     0000e6e1  pwm_status                         
1     0000e708  pxCurrentTCB                       
0     0000c07b  pxPortInitialiseStack              
1     0000e600  range                              
0     0000b955  recive_cmd                         
1     0000e276  recive_word                        
1     0000e722  recivecmdHandle                    
1     0000e3a0  recivecmdStackBuffer               
1     0000e100  recivecmdTCBBuffer                 
0     0000c611  recivecmd_init                     
0     0000c87e  rxCmdList                          
0     0000c833  rxDecodeWord                       
1     0000e277  rxHigherPriorityTaskWoken          
0     0000b94d  send_charge                        
1     0000e720  sendchargeHandle                   
1     0000e320  sendchargeStackBuffer              
1     0000e0c0  sendchargeTCBBuffer                
0     0000c5fa  sendcharge_init                    
0     0000ca64  sendmessage                        
0     0000ca48  sendu16                            
1     0000e5c5  task_lock                          
1     0000e6f8  tbprd                              
1     00010000  temp_buf                           
1     0000e5cf  temp_map                           
1     0000e5c4  tempdata_lock                      
0     0000cc4c  trigger_data_pack                  
1     0000e788  ucHeap                             
1     0000e730  ulCriticalNesting                  
0     00008bd8  ulTaskGenericNotifyTake            
0     00008f22  ulTaskGenericNotifyValueClear      
0     0000c534  uxListRemove                       
0     0000a30f  uxQueueMessagesWaiting             
0     0000a332  uxQueueMessagesWaitingFromISR      
0     0000a31d  uxQueueSpacesAvailable             
0     000085c3  uxTaskGetNumberOfTasks             
0     0000824f  uxTaskPriorityGet                  
0     00008264  uxTaskPriorityGetFromISR           
0     00008bb9  uxTaskResetEventItemValue          
1     0000e763  uxTopUsedPriority                  
0     0000c64d  vApplicationGetIdleTaskMemory      
0     0000c4c6  vListInitialise                    
0     0000c4de  vListInitialiseItem                
0     0000c502  vListInsert                        
0     0000c4e7  vListInsertEnd                     
0     0000c12f  vPortEndScheduler                  
0     0000c13e  vPortEnterCritical                 
0     0000c146  vPortExitCritical                  
0     0000bdb3  vPortFree                          
0     0000be65  vPortGetHeapStats                  
0     0000bde8  vPortInitialiseBlocks              
0     0000c150  vPortSetupTimerInterrupt           
0     0000a480  vQueueAddToRegistry                
0     0000a33d  vQueueDelete                       
0     0000a4de  vQueueUnregisterQueue              
0     000081e1  vTaskDelay                         
0     0000815f  vTaskDelete                        
0     000084cb  vTaskEndScheduler                  
0     00008e4b  vTaskGenericNotifyGiveFromISR      
0     0000891d  vTaskInternalSetTimeOutState       
0     0000896b  vTaskMissedYield                   
0     0000877e  vTaskPlaceOnEventList              
0     0000878e  vTaskPlaceOnUnorderedEventList     
0     00008b25  vTaskPriorityDisinheritAfterTimeout
0     00008276  vTaskPrioritySet                   
0     0000887c  vTaskRemoveFromUnorderedEventList  
0     000083c0  vTaskResume                        
0     0000890c  vTaskSetTimeOutState               
0     00008491  vTaskStartScheduler                
0     00008331  vTaskSuspend                       
0     000084d3  vTaskSuspendAll                    
0     00008746  vTaskSwitchContext                 
1     0000e736  waite_time                         
0     0000bde0  xPortGetFreeHeapSize               
0     0000bde4  xPortGetMinimumEverFreeHeapSize    
0     0000c130  xPortStartScheduler                
0     00009f8e  xQueueCreateCountingSemaphore      
0     00009f71  xQueueCreateCountingSemaphoreStatic
0     00009f19  xQueueCreateMutex                  
0     00009f29  xQueueCreateMutexStatic            
0     00009eb1  xQueueGenericCreate                
0     00009e8c  xQueueGenericCreateStatic          
0     00009e10  xQueueGenericReset                 
0     00009fa6  xQueueGenericSend                  
0     0000a044  xQueueGenericSendFromISR           
0     0000a08d  xQueueGiveFromISR                  
0     00009f3c  xQueueGiveMutexRecursive           
0     0000a442  xQueueIsQueueEmptyFromISR          
0     0000a46a  xQueueIsQueueFullFromISR           
0     0000a21e  xQueuePeek                         
0     0000a2f5  xQueuePeekFromISR                  
0     0000a0d0  xQueueReceive                      
0     0000a2b4  xQueueReceiveFromISR               
1     0000e212  xQueueRegistry                     
0     0000a167  xQueueSemaphoreTake                
0     00009f57  xQueueTakeMutexRecursive           
0     000085e2  xTaskAbortDelay                    
0     000085d6  xTaskCatchUpTicks                  
0     0000892a  xTaskCheckForTimeOut               
0     0000802e  xTaskCreate                        
0     00008000  xTaskCreateStatic                  
0     000081a8  xTaskDelayUntil                    
0     00008c89  xTaskGenericNotify                 
0     00008d5a  xTaskGenericNotifyFromISR          
0     00008efe  xTaskGenericNotifyStateClear       
0     00008c28  xTaskGenericNotifyWait             
0     000089f9  xTaskGetCurrentTaskHandle          
0     00008a01  xTaskGetSchedulerState             
0     000085af  xTaskGetTickCount                  
0     000085bb  xTaskGetTickCountFromISR           
0     00008656  xTaskIncrementTick                 
0     00008ab2  xTaskPriorityDisinherit            
0     00008a12  xTaskPriorityInherit               
0     000087bd  xTaskRemoveFromEventList           
0     000084d7  xTaskResumeAll                     
0     00008429  xTaskResumeFromISR                 


GLOBAL SYMBOLS: SORTED BY Symbol Address 

page  address   name                               
----  -------   ----                               
0     00000000  code_start                         
0     0000018a  __TI_Handler_Table_Base            
0     00000190  __TI_Handler_Table_Limit           
0     0000019c  __TI_CINIT_Base                    
0     000001b0  __TI_CINIT_Limit                   
0     000001b0  __TI_CINIT_Warm                    
0     00008000  xTaskCreateStatic                  
0     0000802e  xTaskCreate                        
0     0000815f  vTaskDelete                        
0     000081a8  xTaskDelayUntil                    
0     000081e1  vTaskDelay                         
0     000081fa  eTaskGetState                      
0     0000824f  uxTaskPriorityGet                  
0     00008264  uxTaskPriorityGetFromISR           
0     00008276  vTaskPrioritySet                   
0     00008331  vTaskSuspend                       
0     000083c0  vTaskResume                        
0     00008429  xTaskResumeFromISR                 
0     00008491  vTaskStartScheduler                
0     000084cb  vTaskEndScheduler                  
0     000084d3  vTaskSuspendAll                    
0     000084d7  xTaskResumeAll                     
0     000085af  xTaskGetTickCount                  
0     000085bb  xTaskGetTickCountFromISR           
0     000085c3  uxTaskGetNumberOfTasks             
0     000085c7  pcTaskGetName                      
0     000085d6  xTaskCatchUpTicks                  
0     000085e2  xTaskAbortDelay                    
0     00008656  xTaskIncrementTick                 
0     00008746  vTaskSwitchContext                 
0     0000877e  vTaskPlaceOnEventList              
0     0000878e  vTaskPlaceOnUnorderedEventList     
0     000087bd  xTaskRemoveFromEventList           
0     0000887c  vTaskRemoveFromUnorderedEventList  
0     0000890c  vTaskSetTimeOutState               
0     0000891d  vTaskInternalSetTimeOutState       
0     0000892a  xTaskCheckForTimeOut               
0     0000896b  vTaskMissedYield                   
0     000089f9  xTaskGetCurrentTaskHandle          
0     00008a01  xTaskGetSchedulerState             
0     00008a12  xTaskPriorityInherit               
0     00008ab2  xTaskPriorityDisinherit            
0     00008b25  vTaskPriorityDisinheritAfterTimeout
0     00008bb9  uxTaskResetEventItemValue          
0     00008bce  pvTaskIncrementMutexHeldCount      
0     00008bd8  ulTaskGenericNotifyTake            
0     00008c28  xTaskGenericNotifyWait             
0     00008c89  xTaskGenericNotify                 
0     00008d5a  xTaskGenericNotifyFromISR          
0     00008e4b  vTaskGenericNotifyGiveFromISR      
0     00008efe  xTaskGenericNotifyStateClear       
0     00008f22  ulTaskGenericNotifyValueClear      
0     00009598  Board_init                         
0     000095b1  PinMux_init                        
0     00009682  ADC_init                           
0     00009689  myADCA_init                        
0     00009731  myADCC_init                        
0     000097c7  myADCB_init                        
0     0000985d  ASYSCTL_init                       
0     00009866  CPUTIMER_init                      
0     00009869  myCPUTIMER0_init                   
0     0000988d  EPWM_init                          
0     00009b98  GPIO_init                          
0     00009bb7  LED_RED_init                       
0     00009bd0  LED_GREEN_init                     
0     00009be4  VR_RLY_init                        
0     00009bfd  DRV_init                           
0     00009c16  TIME_WATCH_init                    
0     00009c2f  RLY1_init                          
0     00009c48  RLY2_init                          
0     00009c61  MUX_A_init                         
0     00009c7a  MUX_B_init                         
0     00009c93  MUX_C_init                         
0     00009cac  MUX_INH_1_init                     
0     00009cc5  MUX_INH_2_init                     
0     00009cde  MUX_A_IDC_init                     
0     00009cf7  MUX_B_IDC_init                     
0     00009d10  MUX_INH_IDC_init                   
0     00009d29  I2C_init                           
0     00009d2c  myI2C0_init                        
0     00009d69  INPUTXBAR_init                     
0     00009d6c  myINPUTXBARINPUT1_init             
0     00009d71  INTERRUPT_init                     
0     00009dae  SCI_init                           
0     00009db1  mySCI0_init                        
0     00009df2  SYNC_init                          
0     00009e10  xQueueGenericReset                 
0     00009e8c  xQueueGenericCreateStatic          
0     00009eb1  xQueueGenericCreate                
0     00009f19  xQueueCreateMutex                  
0     00009f29  xQueueCreateMutexStatic            
0     00009f3c  xQueueGiveMutexRecursive           
0     00009f57  xQueueTakeMutexRecursive           
0     00009f71  xQueueCreateCountingSemaphoreStatic
0     00009f8e  xQueueCreateCountingSemaphore      
0     00009fa6  xQueueGenericSend                  
0     0000a044  xQueueGenericSendFromISR           
0     0000a08d  xQueueGiveFromISR                  
0     0000a0d0  xQueueReceive                      
0     0000a167  xQueueSemaphoreTake                
0     0000a21e  xQueuePeek                         
0     0000a2b4  xQueueReceiveFromISR               
0     0000a2f5  xQueuePeekFromISR                  
0     0000a30f  uxQueueMessagesWaiting             
0     0000a31d  uxQueueSpacesAvailable             
0     0000a332  uxQueueMessagesWaitingFromISR      
0     0000a33d  vQueueDelete                       
0     0000a442  xQueueIsQueueEmptyFromISR          
0     0000a46a  xQueueIsQueueFullFromISR           
0     0000a480  vQueueAddToRegistry                
0     0000a4bc  pcQueueGetName                     
0     0000a4de  vQueueUnregisterQueue              
0     0000a619  SysCtl_getClock                    
0     0000a677  SysCtl_setClock                    
0     0000a731  SysCtl_selectXTAL                  
0     0000a755  SysCtl_selectXTALSingleEnded       
0     0000a76f  SysCtl_selectOscSource             
0     0000a7a1  SysCtl_getLowSpeedClock            
0     0000a7bb  SysCtl_getDeviceParametric         
0     0000a816  SysCtl_isPLLValid                  
0     0000a9d4  DCC_getRevisionNumber              
0     0000a9e8  DCC_verifyClockFrequency           
0     0000aabd  DCC_measureClockFrequency          
0     0000ab71  DCC_continuousMonitor              
0     0000acb5  Mlx906_Init_toSmbus                
0     0000acce  Mlx906_Temp_read                   
0     0000ad18  Mlx906_command_read                
0     0000ae2a  Mlx906_command_write               
0     0000aed7  Mlx906_iic_write_command           
0     0000af15  Mlx906_iic_eraser_eeroom           
0     0000af21  Mlx906_iic_write_eeroom            
0     0000af3b  Mlx906_iic_write_eeroom_check      
0     0000afc4  Init_bigLogbuf                     
0     0000afe1  Init_dalybuf                       
0     0000b015  Init_tempbuf                       
0     0000b01b  Initrangtaske                      
0     0000b021  daly_chose                         
0     0000b29c  SCI_setConfig                      
0     0000b2c0  SCI_writeCharArray                 
0     0000b2f5  SCI_readCharArray                  
0     0000b326  SCI_enableInterrupt                
0     0000b361  SCI_disableInterrupt               
0     0000b39c  SCI_getInterruptStatus             
0     0000b3df  SCI_clearInterruptStatus           
0     0000b41a  SCI_setBaud                        
0     0000b445  SCI_setWakeFlag                    
0     0000b45b  GPIO_setDirectionMode              
0     0000b482  GPIO_getDirectionMode              
0     0000b498  GPIO_setInterruptPin               
0     0000b4c3  GPIO_setPadConfig                  
0     0000b50b  GPIO_getPadConfig                  
0     0000b53f  GPIO_setQualificationMode          
0     0000b56b  GPIO_getQualificationMode          
0     0000b58c  GPIO_setQualificationPeriod        
0     0000b5ae  GPIO_setControllerCore             
0     0000b5da  GPIO_setAnalogMode                 
0     0000b602  GPIO_setPinConfig                  
0     0000b6c1  Device_init                        
0     0000b6ee  Device_enableAllPeripherals        
0     0000b7ce  Device_initGPIO                    
0     0000b7de  Device_verifyXTAL                  
0     0000b811  __error__                          
0     0000b90b  main                               
0     0000b93a  daly_pack                          
0     0000b94d  send_charge                        
0     0000b955  recive_cmd                         
0     0000b975  iic_scan_ask                       
0     0000ba50  CmpSet                             
0     0000baa5  PhsSet                             
0     0000bab4  CmpandPhsSet                       
0     0000bb11  Cmp2Set                            
0     0000bb20  PwmEnable                          
0     0000bb2f  PwmDisable                         
0     0000bb3d  GateDriverEnable                   
0     0000bb54  GateDriverDisable                  
0     0000bb67  Trigger                            
0     0000bb6c  logchannel_chose                   
0     0000bb7e  dalychannel_chose                  
0     0000bb93  dalychannelfloat_chose             
0     0000bc4d  Interrupt_initModule               
0     0000bc8a  Interrupt_initVectorTable          
0     0000bca8  Interrupt_enable                   
0     0000bcdf  Interrupt_disable                  
0     0000bd2d  pvPortMalloc                       
0     0000bdb3  vPortFree                          
0     0000bde0  xPortGetFreeHeapSize               
0     0000bde4  xPortGetMinimumEverFreeHeapSize    
0     0000bde8  vPortInitialiseBlocks              
0     0000be65  vPortGetHeapStats                  
0     0000bf1a  Init_iic_slave                     
0     0000bf24  I2CBusScan                         
0     0000bff7  checkBusStatus                     
0     0000c07b  pxPortInitialiseStack              
0     0000c12f  vPortEndScheduler                  
0     0000c130  xPortStartScheduler                
0     0000c13e  vPortEnterCritical                 
0     0000c146  vPortExitCritical                  
0     0000c150  vPortSetupTimerInterrupt           
0     0000c17f  ADC_setVREF                        
0     0000c1c2  ADC_setINLTrim                     
0     0000c208  ADC_setOffsetTrim                  
0     0000c255  ADC_setOffsetTrimAll               
0     0000c27d  ADC_setPPBTripLimits               
0     0000c2af  I2C_initController                 
0     0000c2fa  I2C_enableInterrupt                
0     0000c31c  I2C_disableInterrupt               
0     0000c33f  I2C_getInterruptStatus             
0     0000c357  I2C_clearInterruptStatus           
0     0000c36f  I2C_configureModuleFrequency       
0     0000c3bb  Delay_us                           
0     0000c3e9  Delay_ms                           
0     0000c3f7  configCPUTimer                     
0     0000c42a  __c28xabi_addd                     
0     0000c4c6  vListInitialise                    
0     0000c4de  vListInitialiseItem                
0     0000c4e7  vListInsertEnd                     
0     0000c502  vListInsert                        
0     0000c534  uxListRemove                       
0     0000c558  __c28xabi_divd                     
0     0000c5e3  dalypack_init                      
0     0000c5fa  sendcharge_init                    
0     0000c611  recivecmd_init                     
0     0000c628  iicscanask_init                    
0     0000c63e  mySemaphore0_init                  
0     0000c64d  vApplicationGetIdleTaskMemory      
0     0000c65e  FreeRTOS_init                      
0     0000c66b  getSTF                             
0     0000c66f  portRESTORE_FIRST_CONTEXT          
0     0000c67a  portTICK_ISR                       
0     0000c6ee  __TI_decompress_lzss               
0     0000c71c  __TI_auto_init_nobinit_nopinit     
0     0000c747  C$$EXIT                            
0     0000c747  abort                              
0     0000c749  exit                               
0     0000c770  memcpy                             
0     0000c78d  __c28xabi_dtoul                    
0     0000c7a8  _c_int00                           
0     0000c7bf  __c28xabi_utod                     
0     0000c7d6  __c28xabi_subd                     
0     0000c7e4  _args_main                         
0     0000c7f0  __c28xabi_divu                     
0     0000c7f5  __c28xabi_modu                     
0     0000c7fb  CPUTimer_setEmulationMode          
0     0000c805  _register_unlock                   
0     0000c809  _register_lock                     
0     0000c80d  _nop                               
0     0000c80e  __TI_decompress_none               
0     0000c81e  memset                             
0     0000c825  __TI_zero_init                     
0     0000c82b  _system_pre_init                   
0     0000c82d  _system_post_cinit                 
0     0000c82e  SciRxPacketReset                   
0     0000c833  rxDecodeWord                       
0     0000c87e  rxCmdList                          
0     0000c8ed  addlognumber                       
0     0000c91b  adddalynumber                      
0     0000c941  addtempnumber                      
0     0000c977  addtaske                           
0     0000ca36  checksumCalc                       
0     0000ca48  sendu16                            
0     0000ca64  sendmessage                        
0     0000cba2  executaske                         
0     0000cc4c  trigger_data_pack                  
0     0000cd12  daly_data_pack                     
0     0000cd9c  log_chose                          
0     0000ce98  INT_myEPWM3_ISR                    
0     0000ceca  INT_myADCA_1_ISR                   
0     0000cf5f  INT_mySCI0_RX_ISR                  
0     0000cfc6  INT_mySCI0_TX_ISR                  
0     0000cffe  INT_myCPUTIMER0_ISR                
0     0000d067  Mlx906_PEC_Calculation             
0     0000d0d6  SysCtl_delay                       
1     00000400  __stack                            
1     00000600  __TI_STACK_END                     
1     0000e000  mySemaphore0Buffer                 
1     0000e040  idleTaskTCBBuffer                  
1     0000e080  dalypackTCBBuffer                  
1     0000e0c0  sendchargeTCBBuffer                
1     0000e100  recivecmdTCBBuffer                 
1     0000e140  iicscanaskTCBBuffer                
1     0000e212  xQueueRegistry                     
1     0000e23e  I2C_slave_map                      
1     0000e276  recive_word                        
1     0000e277  rxHigherPriorityTaskWoken          
1     0000e280  logchose                           
1     0000e282  dalychose                          
1     0000e2a0  dalypackStackBuffer                
1     0000e320  sendchargeStackBuffer              
1     0000e3a0  recivecmdStackBuffer               
1     0000e420  iicscanaskStackBuffer              
1     0000e4a0  idleTaskStack                      
1     0000e5c0  delaylog                           
1     0000e5c1  data_lock                          
1     0000e5c2  dalydata_lock                      
1     0000e5c3  logdata_lock                       
1     0000e5c4  tempdata_lock                      
1     0000e5c5  task_lock                          
1     0000e5c6  lock_trig                          
1     0000e5c7  lock_daly_cache                    
1     0000e5c8  lock_daly_task                     
1     0000e5ca  daly_moniter                       
1     0000e5cc  daly_map                           
1     0000e5cf  temp_map                           
1     0000e5d2  RxPacketCtrl                       
1     0000e5d8  log_map                            
1     0000e5e0  delaytemp                          
1     0000e5e8  delaydaly                          
1     0000e600  range                              
1     0000e640  RxPacketBuffer                     
1     0000e6c0  I2C_slave_fifo                     
1     0000e6e0  driver_status                      
1     0000e6e1  pwm_status                         
1     0000e6e2  message_effect_status              
1     0000e6e3  cpu_tim1                           
1     0000e6e4  cpu_tim1_100ms                     
1     0000e6e5  cpu_tim1_s                         
1     0000e6e6  machine_status                     
1     0000e6e7  iic_command                        
1     0000e6e8  command_trigger                    
1     0000e6e9  ask_status                         
1     0000e6ec  cmp1a                              
1     0000e6ee  eph2                               
1     0000e6f0  cmp2a                              
1     0000e6f2  cmp_1                              
1     0000e6f4  cmp_2                              
1     0000e6f6  cmp_b_hr                           
1     0000e6f8  tbprd                              
1     0000e6fa  phs                                
1     0000e6fc  phs_hr                             
1     0000e6fe  _lock                              
1     0000e708  pxCurrentTCB                       
1     0000e71e  dalypackHandle                     
1     0000e720  sendchargeHandle                   
1     0000e722  recivecmdHandle                    
1     0000e724  iicscanaskHandle                   
1     0000e726  mySemaphore0Handle                 
1     0000e728  __TI_enable_exit_profile_output    
1     0000e72a  __TI_cleanup_ptr                   
1     0000e72c  __TI_dtors_ptr                     
1     0000e72e  bYield                             
1     0000e72f  bPreemptive                        
1     0000e730  ulCriticalNesting                  
1     0000e732  _unlock                            
1     0000e734  iic_send_data                      
1     0000e736  waite_time                         
1     0000e737  mlx906_waite_time                  
1     0000e763  uxTopUsedPriority                  
1     0000e788  ucHeap                             
1     00010000  temp_buf                           
1     00010010  daly_buf                           
1     00010330  log_buf                            
abs   00000200  __TI_STACK_SIZE                    
abs   ffffffff  __TI_pprof_out_hndl                
abs   ffffffff  __TI_prof_data_size                
abs   ffffffff  __TI_prof_data_start               
n/a   UNDEFED   __c_args__                         

[356 symbols]
