******************************************************************************
             TMS320C2000 Linker PC v22.6.0                     
******************************************************************************
>> Linked Thu Apr  6 17:05:20 2023

OUTPUT FILE NAME:   <testday_3.out>
ENTRY POINT SYMBOL: "_c_int00"  address: 0000a472


MEMORY CONFIGURATION

         name            origin    length      used     unused   attr    fill
----------------------  --------  ---------  --------  --------  ----  --------
PAGE 0:
  BEGIN                 00000000   00000002  00000002  00000000  RWIX
  RAMM0                 000000f6   0000030a  00000308  00000002  RWIX
  RAMLS0                00008000   00002000  00001fff  00000001  RWIX
  RAMLS1                0000a000   00003800  00000773  0000308d  RWIX
  RESET                 003fffc0   00000002  00000000  00000002  RWIX

PAGE 1:
  BOOT_RSVD             00000002   000000f1  00000000  000000f1  RWIX
  RAMM1                 00000400   000003f8  00000300  000000f8  RWIX
  ADCARESULT            00000b00   00000018  00000000  00000018  RWIX
  ADCBRESULT            00000b20   00000018  00000000  00000018  RWIX
  ADCCRESULT            00000b40   00000018  00000000  00000018  RWIX
  CPUTIMER0             00000c00   00000008  00000000  00000008  RWIX
  CPUTIMER1             00000c08   00000008  00000000  00000008  RWIX
  CPUTIMER2             00000c10   00000008  00000000  00000008  RWIX
  PIECTRL               00000ce0   0000001a  00000000  0000001a  RWIX
  PIEVECTTABLE          00000d00   00000200  00000000  00000200  RWIX
  DMA                   00001000   00000200  00000000  00000200  RWIX
  CLA1                  00001400   00000080  00000000  00000080  RWIX
  CLB1LOGICCFG          00003000   00000052  00000000  00000052  RWIX
  CLB1LOGICCTRL         00003100   00000040  00000000  00000040  RWIX
  CLB1DATAEXCH          00003200   00000200  00000000  00000200  RWIX
  CLB2LOGICCFG          00003400   00000052  00000000  00000052  RWIX
  CLB2LOGICCTRL         00003500   00000040  00000000  00000040  RWIX
  CLB2DATAEXCH          00003600   00000200  00000000  00000200  RWIX
  CLB3LOGICCFG          00003800   00000052  00000000  00000052  RWIX
  CLB3LOGICCTRL         00003900   00000040  00000000  00000040  RWIX
  CLB3DATAEXCH          00003a00   00000200  00000000  00000200  RWIX
  CLB4LOGICCFG          00003c00   00000052  00000000  00000052  RWIX
  CLB4LOGICCTRL         00003d00   00000040  00000000  00000040  RWIX
  CLB4DATAEXCH          00003e00   00000200  00000000  00000200  RWIX
  EPWM1                 00004000   00000100  00000000  00000100  RWIX
  EPWM2                 00004100   00000100  00000000  00000100  RWIX
  EPWM3                 00004200   00000100  00000000  00000100  RWIX
  EPWM4                 00004300   00000100  00000000  00000100  RWIX
  EPWM5                 00004400   00000100  00000000  00000100  RWIX
  EPWM6                 00004500   00000100  00000000  00000100  RWIX
  EPWM7                 00004600   00000100  00000000  00000100  RWIX
  EPWM8                 00004700   00000100  00000000  00000100  RWIX
  EQEP1                 00005100   00000040  00000000  00000040  RWIX
  EQEP2                 00005140   00000040  00000000  00000040  RWIX
  ECAP1                 00005200   0000001e  00000000  0000001e  RWIX
  ECAP2                 00005240   0000001e  00000000  0000001e  RWIX
  ECAP3                 00005280   0000001e  00000000  0000001e  RWIX
  ECAP4                 000052c0   0000001e  00000000  0000001e  RWIX
  ECAP5                 00005300   0000001e  00000000  0000001e  RWIX
  ECAP6                 00005340   0000001e  00000000  0000001e  RWIX
  HRCAP6                00005360   00000020  00000000  00000020  RWIX
  ECAP7                 00005380   0000001e  00000000  0000001e  RWIX
  HRCAP7                000053a0   00000020  00000000  00000020  RWIX
  PGA1                  00005b00   00000010  00000000  00000010  RWIX
  PGA2                  00005b10   00000010  00000000  00000010  RWIX
  PGA3                  00005b20   00000010  00000000  00000010  RWIX
  PGA4                  00005b30   00000010  00000000  00000010  RWIX
  PGA5                  00005b40   00000010  00000000  00000010  RWIX
  PGA6                  00005b50   00000010  00000000  00000010  RWIX
  PGA7                  00005b60   00000010  00000000  00000010  RWIX
  DACA                  00005c00   00000008  00000000  00000008  RWIX
  DACB                  00005c10   00000008  00000000  00000008  RWIX
  CMPSS1                00005c80   00000020  00000000  00000020  RWIX
  CMPSS2                00005ca0   00000020  00000000  00000020  RWIX
  CMPSS3                00005cc0   00000020  00000000  00000020  RWIX
  CMPSS4                00005ce0   00000020  00000000  00000020  RWIX
  CMPSS5                00005d00   00000020  00000000  00000020  RWIX
  CMPSS6                00005d20   00000020  00000000  00000020  RWIX
  CMPSS7                00005d40   00000020  00000000  00000020  RWIX
  SDFM1                 00005e00   00000070  00000000  00000070  RWIX
  SPIA                  00006100   00000010  00000000  00000010  RWIX
  SPIB                  00006110   00000010  00000000  00000010  RWIX
  CLAPROMCRC0           000061c0   00000020  00000000  00000020  RWIX
  PMBUSA                00006400   00000020  00000000  00000020  RWIX
  FSITXA                00006600   00000050  00000000  00000050  RWIX
  FSIRXA                00006680   00000050  00000000  00000050  RWIX
  LINA                  00006a00   000000ec  00000000  000000ec  RWIX
  WD                    00007000   0000002c  00000000  0000002c  RWIX
  NMIINTRUPT            00007060   00000008  00000000  00000008  RWIX
  XINT                  00007070   0000000c  00000000  0000000c  RWIX
  SCIA                  00007200   00000010  00000000  00000010  RWIX
  SCIB                  00007210   00000010  00000000  00000010  RWIX
  I2CA                  00007300   00000022  00000000  00000022  RWIX
  ADCA                  00007400   00000080  00000000  00000080  RWIX
  ADCB                  00007480   00000080  00000000  00000080  RWIX
  ADCC                  00007500   00000080  00000000  00000080  RWIX
  INPUTXBAR             00007900   00000020  00000000  00000020  RWIX
  XBAR                  00007920   00000020  00000000  00000020  RWIX
  SYNCSOC               00007940   00000006  00000000  00000006  RWIX
  DMACLASRCSEL          00007980   0000001a  00000000  0000001a  RWIX
  EPWMXBAR              00007a00   00000040  00000000  00000040  RWIX
  CLBXBAR               00007a40   00000040  00000000  00000040  RWIX
  OUTPUTXBAR            00007a80   00000040  00000000  00000040  RWIX
  GPIOCTRL              00007c00   00000200  00000000  00000200  RWIX
  GPIODATA              00007f00   00000040  00000000  00000040  RWIX
  RAMGS0                0000d800   00003800  000014cc  00002334  RWIX
  RAMGS1                00011000   00001800  00000000  00001800  RWIX
  RAMGS2                00012800   00000800  00000000  00000800  RWIX
  RAMGS3                00013000   00000ff8  00000000  00000ff8  RWIX
  CANA                  00048000   00000200  00000000  00000200  RWIX
  CANB                  0004a000   00000200  00000000  00000200  RWIX
  DEVCFG                0005d000   00000180  00000000  00000180  RWIX
  CLKCFG                0005d200   00000036  00000000  00000036  RWIX
  CPUSYS                0005d300   00000082  00000000  00000082  RWIX
  SYSPERIPHAC           0005d500   00000200  00000000  00000200  RWIX
  ANALOGSUBSYS          0005d700   00000090  00000000  00000090  RWIX
  DCC0                  0005e700   0000002c  00000000  0000002c  RWIX
  ERADGLOBAL            0005e800   00000014  00000000  00000014  RWIX
  ERADHWBP1             0005e900   00000008  00000000  00000008  RWIX
  ERADHWBP2             0005e908   00000008  00000000  00000008  RWIX
  ERADHWBP3             0005e910   00000008  00000000  00000008  RWIX
  ERADHWBP4             0005e918   00000008  00000000  00000008  RWIX
  ERADHWBP5             0005e920   00000008  00000000  00000008  RWIX
  ERADHWBP6             0005e928   00000008  00000000  00000008  RWIX
  ERADHWBP7             0005e930   00000008  00000000  00000008  RWIX
  ERADHWBP8             0005e938   00000008  00000000  00000008  RWIX
  ERADCOUNTER1          0005e980   00000010  00000000  00000010  RWIX
  ERADCOUNTER2          0005e990   00000010  00000000  00000010  RWIX
  ERADCOUNTER3          0005e9a0   00000010  00000000  00000010  RWIX
  ERADCOUNTER4          0005e9b0   00000010  00000000  00000010  RWIX
  DCSMBANK0Z1           0005f000   00000024  00000000  00000024  RWIX
  DCSMBANK0Z2           0005f040   00000024  00000000  00000024  RWIX
  DCSMCOMMON            0005f070   00000010  00000000  00000010  RWIX
  DCSMBANK1Z1           0005f100   00000024  00000000  00000024  RWIX
  DCSMBANK1Z2           0005f140   00000024  00000000  00000024  RWIX
  MEMCFG                0005f400   00000080  00000000  00000080  RWIX
  ACCESSPROTECTION      0005f4c0   00000040  00000000  00000040  RWIX
  MEMORYERROR           0005f500   00000040  00000000  00000040  RWIX
  FLASH0CTRL            0005f800   00000182  00000000  00000182  RWIX
  FLASH0ECC             0005fb00   00000028  00000000  00000028  RWIX


SECTION ALLOCATION MAP

 output                                  attributes/
section   page    origin      length       input sections
--------  ----  ----------  ----------   ----------------
codestart 
*          0    00000000    00000002     
                  00000000    00000002     f28004x_codestartbranch.obj (codestart)

.TI.ramfunc 
*          0    0000a4cf    0000026c     
                  0000a4cf    00000159     main.obj (.TI.ramfunc:retain)
                  0000a628    0000010f     SCI_Transmission.obj (.TI.ramfunc)
                  0000a737    00000004     sysctl.obj (.TI.ramfunc)

.cinit     0    0000a73c    00000038     
                  0000a73c    0000000c     (.cinit..data.load) [load image, compression = lzss]
                  0000a748    00000006     (__TI_handler_table)
                  0000a74e    00000004     (.cinit..bss.load) [load image, compression = zero_init]
                  0000a752    00000004     (.cinit..fifotxtext.load) [load image, compression = zero_init]
                  0000a756    00000004     (.cinit..freertosHeap.load) [load image, compression = zero_init]
                  0000a75a    00000004     (.cinit..freertosStaticStack.load) [load image, compression = zero_init]
                  0000a75e    00000002     --HOLE-- [fill = 0]
                  0000a760    00000014     (__TI_cinit_table)

.reset     0    003fffc0    00000000     DSECT

.stack     1    00000400    00000200     UNINITIALIZED
                  00000400    00000200     --HOLE--

.bss       1    0000d800    000002f0     UNINITIALIZED
                  0000d800    00000100     SCI_Transmission.obj (.bss:rx_fifo_memory)
                  0000d900    000000c0     SCI_Transmission.obj (.bss)
                  0000d9c0    000000a0     tasks.obj (.bss:pxReadyTasksLists)
                  0000da60    00000004     heap_4.obj (.bss)
                  0000da64    0000001c     --HOLE--
                  0000da80    00000036     tasks.obj (.bss)
                  0000dab6    0000000a     --HOLE--
                  0000dac0    00000030     c2000_freertos.obj (.bss)

.freertosHeap 
*          1    0000e8cc    00000400     UNINITIALIZED
                  0000e8cc    00000400     c2000_freertos.obj (.freertosHeap)

.init_array 
*          0    000000f6    00000000     UNINITIALIZED

.const     1    0000daf0    000001e8     
                  0000daf0    00000006     SCI_Transmission.obj (.const:.string)
                  0000daf6    00000005     tasks.obj (.const:.string)
                  0000dafb    00000001     tasks.obj (.const)
                  0000dafc    00000004     --HOLE-- [fill = 0]
                  0000db00    000001c0     f28004x_pievect.obj (.const)
                  0000dcc0    00000018     c2000_freertos.obj (.const:.string)

.data      1    0000dcd8    0000003c     UNINITIALIZED
                  0000dcd8    00000012     tasks.obj (.data)
                  0000dcea    0000000c     heap_4.obj (.data)
                  0000dcf6    0000000a     main.obj (.data)
                  0000dd00    00000006     c2000_freertos.obj (.data)
                  0000dd06    00000006     rts2800_fpu32_eabi.lib : exit.c.obj (.data)
                  0000dd0c    00000004     port.obj (.data)
                  0000dd10    00000002     rts2800_fpu32_eabi.lib : _lock.c.obj (.data:_lock)
                  0000dd12    00000002                            : _lock.c.obj (.data:_unlock)

PieVectTableFile 
*          0    00000d00    00000000     DSECT

EmuKeyVar 
*          0    00000d00    00000000     DSECT

EmuBModeVar 
*          0    00000d00    00000000     DSECT

EmuBootPinsVar 
*          0    00000d00    00000000     DSECT

FlashCallbackVar 
*          0    00000d00    00000000     DSECT

FlashScalingVar 
*          0    00000d00    00000000     DSECT

b0_dcsm_otp_z1_linkpointer 
*          0    00000000    00000000     

b0_dcsm_otp_z1_gpreg 
*          0    00000000    00000000     

b0_dcsm_otp_z1_pswdlock 
*          0    00000000    00000000     

b0_dcsm_otp_z1_crclock 
*          0    00000000    00000000     

b0_dcsm_otp_z1_bootctrl 
*          0    00000000    00000000     

b0_dcsm_zsel_z1 
*          0    00000000    00000000     

b1_dcsm_otp_z1_linkpointer 
*          0    00000000    00000000     

b1_dcsm_zsel_z1 
*          0    00000000    00000000     

b0_dcsm_otp_z2_linkpointer 
*          0    00000000    00000000     

b0_dcsm_otp_z2_gpreg 
*          0    00000000    00000000     

b0_dcsm_otp_z2_pswdlock 
*          0    00000000    00000000     

b0_dcsm_otp_z2_crclock 
*          0    00000000    00000000     

b0_dcsm_otp_z2_bootctrl 
*          0    00000000    00000000     

b0_dcsm_zsel_z2 
*          0    00000000    00000000     

b1_dcsm_otp_z2_linkpointer 
*          0    00000000    00000000     

b1_dcsm_zsel_z2 
*          0    00000000    00000000     

.text.1    0    000000f6    00000308     
                  000000f6    000002bb     sysctl.obj (.text)
                  000003b1    0000004a     list.obj (.text)
                  000003fb    00000002     rts2800_fpu32_eabi.lib : pre_init.c.obj (.text)
                  000003fd    00000001                            : startup.c.obj (.text)

.text.2    0    00008000    00001fff     
                  00008000    00000b64     tasks.obj (.text)
                  00008b64    000004b3     f28004x_defaultisr.obj (.text:retain)
                  00009017    00000472     board.obj (.text)
                  00009489    00000270     dcc.obj (.text)
                  000096f9    00000268     epwm.obj (.text)
                  00009961    000001ac     device.obj (.text)
                  00009b0d    00000195     gpio.obj (.text)
                  00009ca2    00000157     interrupt.obj (.text)
                  00009df9    00000136     heap_4.obj (.text)
                  00009f2f    00000083     portasm.obj (.text)
                  00009fb2    00000044     c2000_freertos.obj (.text)
                  00009ff6    00000009     rts2800_fpu32_eabi.lib : _lock.c.obj (.text)

.text.3    0    0000a000    000004cf     
                  0000a000    0000010d     sci.obj (.text)
                  0000a10d    000000fc     port.obj (.text)
                  0000a209    000000fb     adc.obj (.text)
                  0000a304    00000066     main.obj (.text)
                  0000a36a    00000050     SCI_Transmission.obj (.text)
                  0000a3ba    0000002e     rts2800_fpu32_eabi.lib : copy_decompress_lzss.c.obj (.text:decompress:lzss)
                  0000a3e8    0000002b                            : autoinit.c.obj (.text:__TI_auto_init_nobinit_nopinit)
                  0000a413    00000029                            : exit.c.obj (.text)
                  0000a43c    0000001d                            : memcpy.c.obj (.text)
                  0000a459    00000019                            : prolog28.asm.obj (.text)
                  0000a472    00000017                            : boot28.asm.obj (.text)
                  0000a489    0000000c                            : args_main.c.obj (.text)
                  0000a495    0000000c                            : epilog28.asm.obj (.text)
                  0000a4a1    0000000b                            : u_div28.asm.obj (.text)
                  0000a4ac    00000008                            : copy_decompress_none.c.obj (.text:decompress:none)
                  0000a4b4    00000008     f28004x_codestartbranch.obj (.text)
                  0000a4bc    00000007     rts2800_fpu32_eabi.lib : memset.c.obj (.text)
                  0000a4c3    00000006     cputimer.obj (.text)
                  0000a4c9    00000006     rts2800_fpu32_eabi.lib : copy_zero_init.c.obj (.text:decompress:ZI)

.freertosStaticStack 
*          1    00000600    00000100     UNINITIALIZED
                  00000600    00000100     c2000_freertos.obj (.freertosStaticStack)

.fifotxtext 
*          1    0000dd14    00000bb8     UNINITIALIZED
                  0000dd14    00000bb8     SCI_Transmission.obj (.fifotxtext)

MODULE SUMMARY

       Module                        code    ro data   rw data
       ------                        ----    -------   -------
    .\
       tasks.obj                     2916    6         232    
       heap_4.obj                    310     0         16     
       port.obj                      252     0         4      
       portasm.obj                   131     0         0      
       list.obj                      74      0         0      
    +--+-----------------------------+-------+---------+---------+
       Total:                        3683    6         252    
                                                              
    .\APP\src\
       SCI_Transmission.obj          351     6         3448   
       main.obj                      447     0         10     
    +--+-----------------------------+-------+---------+---------+
       Total:                        798     6         3458   
                                                              
    .\F280049_lib\
       f28004x_defaultisr.obj        1203    0         0      
       f28004x_pievect.obj           0       448       0      
    +--+-----------------------------+-------+---------+---------+
       Total:                        1203    448       0      
                                                              
    .\device\
       device.obj                    428     0         0      
       f28004x_codestartbranch.obj   10      0         0      
    +--+-----------------------------+-------+---------+---------+
       Total:                        438     0         0      
                                                              
    .\driverlib\
       sysctl.obj                    703     0         0      
       dcc.obj                       624     0         0      
       epwm.obj                      616     0         0      
       gpio.obj                      405     0         0      
       interrupt.obj                 343     0         0      
       sci.obj                       269     0         0      
       adc.obj                       251     0         0      
       cputimer.obj                  6       0         0      
    +--+-----------------------------+-------+---------+---------+
       Total:                        3217    0         0      
                                                              
    .\syscfg\
       c2000_freertos.obj            68      24        1334   
       board.obj                     1138    0         0      
    +--+-----------------------------+-------+---------+---------+
       Total:                        1206    24        1334   
                                                              
    C:/ti/ccs1220/ccs/tools/compiler/ti-cgt-c2000_22.6.0.LTS/lib/rts2800_fpu32_eabi.lib
       exit.c.obj                    41      0         6      
       copy_decompress_lzss.c.obj    46      0         0      
       autoinit.c.obj                43      0         0      
       memcpy.c.obj                  29      0         0      
       prolog28.asm.obj              25      0         0      
       boot28.asm.obj                23      0         0      
       _lock.c.obj                   9       0         4      
       args_main.c.obj               12      0         0      
       epilog28.asm.obj              12      0         0      
       u_div28.asm.obj               11      0         0      
       copy_decompress_none.c.obj    8       0         0      
       memset.c.obj                  7       0         0      
       copy_zero_init.c.obj          6       0         0      
       pre_init.c.obj                2       0         0      
       startup.c.obj                 1       0         0      
    +--+-----------------------------+-------+---------+---------+
       Total:                        275     0         10     
                                                              
       Stack:                        0       0         512    
       Linker Generated:             0       54        0      
    +--+-----------------------------+-------+---------+---------+
       Grand Total:                  10820   538       5566   


LINKER GENERATED COPY TABLES

__TI_cinit_table @ 0000a760 records: 5, size/record: 4, table size: 20
	.data: load addr=0000a73c, load size=0000000c bytes, run addr=0000dcd8, run size=0000003c bytes, compression=lzss
	.bss: load addr=0000a74e, load size=00000004 bytes, run addr=0000d800, run size=000002f0 bytes, compression=zero_init
	.fifotxtext: load addr=0000a752, load size=00000004 bytes, run addr=0000dd14, run size=00000bb8 bytes, compression=zero_init
	.freertosHeap: load addr=0000a756, load size=00000004 bytes, run addr=0000e8cc, run size=00000400 bytes, compression=zero_init
	.freertosStaticStack: load addr=0000a75a, load size=00000004 bytes, run addr=00000600, run size=00000100 bytes, compression=zero_init


LINKER GENERATED HANDLER TABLE

__TI_handler_table @ 0000a748 records: 3, size/record: 2, table size: 6
	index: 0, handler: __TI_zero_init
	index: 1, handler: __TI_decompress_lzss
	index: 2, handler: __TI_decompress_none


GLOBAL DATA SYMBOLS: SORTED BY DATA PAGE

address     data page           name
--------    ----------------    ----
00000400      10 (00000400)     __stack

00000600      18 (00000600)     idleTaskStack

0000d800     360 (0000d800)     rx_fifo_memory

0000d900     364 (0000d900)     TxSendCtrl
0000d902     364 (0000d900)     TxFifo
0000d908     364 (0000d900)     RxFifo
0000d90e     364 (0000d900)     RxPacketCtrl

0000d940     365 (0000d940)     RxPacketBuffer

0000dac0     36b (0000dac0)     idleTaskTCBBuffer
0000dafb     36b (0000dac0)     uxTopUsedPriority

0000db00     36c (0000db00)     PieVectTableInit

0000dce0     373 (0000dcc0)     pxCurrentTCB
0000dcf6     373 (0000dcc0)     count
0000dcf7     373 (0000dcc0)     testcount
0000dcf8     373 (0000dcc0)     phase
0000dcf9     373 (0000dcc0)     advalue
0000dcfa     373 (0000dcc0)     read
0000dcfb     373 (0000dcc0)     write
0000dcfc     373 (0000dcc0)     p
0000dcfe     373 (0000dcc0)     t

0000dd00     374 (0000dd00)     comMfHandle
0000dd02     374 (0000dd00)     bigMfHandle
0000dd04     374 (0000dd00)     resultTaskHandle
0000dd06     374 (0000dd00)     __TI_enable_exit_profile_output
0000dd08     374 (0000dd00)     __TI_cleanup_ptr
0000dd0a     374 (0000dd00)     __TI_dtors_ptr
0000dd0c     374 (0000dd00)     bYield
0000dd0d     374 (0000dd00)     bPreemptive
0000dd0e     374 (0000dd00)     ulCriticalNesting
0000dd10     374 (0000dd00)     _lock
0000dd12     374 (0000dd00)     _unlock
0000dd14     374 (0000dd00)     tx_fifo_memory

0000e8cc     3a3 (0000e8c0)     ucHeap


GLOBAL SYMBOLS: SORTED ALPHABETICALLY BY Name 

page  address   name                               
----  -------   ----                               
0     0000900d  ADCA1_ISR                          
0     00009003  ADCA2_ISR                          
0     00008ff9  ADCA3_ISR                          
0     00008fef  ADCA4_ISR                          
0     00008fe5  ADCA_EVT_ISR                       
0     00008fdb  ADCB1_ISR                          
0     00008fd1  ADCB2_ISR                          
0     00008fc7  ADCB3_ISR                          
0     00008fbd  ADCB4_ISR                          
0     00008fb3  ADCB_EVT_ISR                       
0     00008fa9  ADCC1_ISR                          
0     00008f9f  ADCC2_ISR                          
0     00008f95  ADCC3_ISR                          
0     00008f8b  ADCC4_ISR                          
0     00008f81  ADCC_EVT_ISR                       
0     0000909e  ADC_init                           
0     0000a2cf  ADC_setINLTrim                     
0     0000a291  ADC_setOffsetTrim                  
0     0000a209  ADC_setOffsetTrimAll               
0     0000a25d  ADC_setPPBTripLimits               
0     0000a227  ADC_setVREF                        
0     00009463  ASYSCTL_init                       
0     0000a3a9  AllfifoInit                        
0     00009474  Board_init                         
0     0000a413  C$$EXIT                            
0     00008f77  CANA0_ISR                          
0     00008f6d  CANA1_ISR                          
0     00008f63  CANB0_ISR                          
0     00008f59  CANB1_ISR                          
0     00008f4f  CLA1PROMCRC_ISR                    
0     00008f45  CLA1_1_ISR                         
0     00008f3b  CLA1_2_ISR                         
0     00008f31  CLA1_3_ISR                         
0     00008f27  CLA1_4_ISR                         
0     00008f1d  CLA1_5_ISR                         
0     00008f13  CLA1_6_ISR                         
0     00008f09  CLA1_7_ISR                         
0     00008eff  CLA1_8_ISR                         
0     00008ef5  CLA_OVERFLOW_ISR                   
0     00008eeb  CLA_UNDERFLOW_ISR                  
0     00009462  CPUTIMER_init                      
0     0000a4c3  CPUTimer_setEmulationMode          
0     00008ee1  DATALOG_ISR                        
0     00009630  DCC_continuousMonitor              
0     00009623  DCC_getRevisionNumber              
0     00009563  DCC_measureClockFrequency          
0     00009489  DCC_verifyClockFrequency           
0     00008ed7  DMA_CH1_ISR                        
0     00008ecd  DMA_CH2_ISR                        
0     00008ec3  DMA_CH3_ISR                        
0     00008eb9  DMA_CH4_ISR                        
0     00008eaf  DMA_CH5_ISR                        
0     00008ea5  DMA_CH6_ISR                        
0     000099d7  Device_enableAllPeripherals        
0     00009ab7  Device_init                        
0     000099bc  Device_initGPIO                    
0     00009979  Device_verifyXTAL                  
0     00008e9b  ECAP1_ISR                          
0     00008e91  ECAP2_ISR                          
0     00008e87  ECAP3_ISR                          
0     00008e7d  ECAP4_ISR                          
0     00008e73  ECAP5_ISR                          
0     00008e69  ECAP6_2_ISR                        
0     00008e5f  ECAP6_ISR                          
0     00008e55  ECAP7_2_ISR                        
0     00008e4b  ECAP7_ISR                          
0     00008e3e  EMPTY_ISR                          
0     00008e34  EMU_ISR                            
0     00008e2a  EPWM1_ISR                          
0     00008e20  EPWM1_TZ_ISR                       
0     00008e16  EPWM2_ISR                          
0     00008e0c  EPWM2_TZ_ISR                       
0     00008e02  EPWM3_ISR                          
0     00008df8  EPWM3_TZ_ISR                       
0     00008dee  EPWM4_ISR                          
0     00008de4  EPWM4_TZ_ISR                       
0     00008dda  EPWM5_ISR                          
0     00008dd0  EPWM5_TZ_ISR                       
0     00008dc6  EPWM6_ISR                          
0     00008dbc  EPWM6_TZ_ISR                       
0     00008db2  EPWM7_ISR                          
0     00008da8  EPWM7_TZ_ISR                       
0     00008d9e  EPWM8_ISR                          
0     00008d94  EPWM8_TZ_ISR                       
0     00009732  EPWM_configureSignal               
0     00009284  EPWM_init                          
0     000096f9  EPWM_setEmulationMode              
0     00008d8a  EQEP1_ISR                          
0     00008d80  EQEP2_ISR                          
0     00008d76  FLASH_CORRECTABLE_ERROR_ISR        
0     00008d6c  FPU_OVERFLOW_ISR                   
0     00008d62  FPU_UNDERFLOW_ISR                  
0     00008d58  FSIRXA1_ISR                        
0     00008d4e  FSIRXA2_ISR                        
0     00008d44  FSITXA1_ISR                        
0     00008d3a  FSITXA2_ISR                        
0     00009fed  FreeRTOS_init                      
0     00009c91  GPIO_getDirectionMode              
0     00009c63  GPIO_getPadConfig                  
0     00009c4a  GPIO_getQualificationMode          
0     0000924f  GPIO_init                          
0     00009c2a  GPIO_setAnalogMode                 
0     00009c04  GPIO_setControllerCore             
0     00009be5  GPIO_setDirectionMode              
0     00009bc1  GPIO_setInterruptPin               
0     00009b82  GPIO_setPadConfig                  
0     00009b53  GPIO_setPinConfig                  
0     00009b2d  GPIO_setQualificationMode          
0     00009b0d  GPIO_setQualificationPeriod        
0     00008d30  I2CA_FIFO_ISR                      
0     00008d26  I2CA_ISR                           
0     00008d1c  ILLEGAL_ISR                        
0     00009094  INPUTXBAR_init                     
0     00009212  INTERRUPT_init                     
0     0000a5af  INT_TestEPWM3_ISR                  
0     0000a575  INT_myADC0_1_ISR                   
0     0000a507  INT_mySCI0_RX_ISR                  
0     0000a4cf  INT_mySCI0_TX_ISR                  
0     00009da9  Interrupt_disable                  
0     00009d00  Interrupt_enable                   
0     00009cc0  Interrupt_initModule               
0     00009ca4  Interrupt_initVectorTable          
0     00008d12  LINA_0_ISR                         
0     00008d08  LINA_1_ISR                         
0     00008cfe  NMI_ISR                            
0     00008cf4  NOTUSED_ISR                        
0     00008cea  PIE_RESERVED_ISR                   
0     00008ce0  PMBUSA_ISR                         
1     0000db00  PieVectTableInit                   
0     000091ce  PinMux_init                        
0     00008cd6  RAM_ACCESS_VIOLATION_ISR           
0     00008ccc  RAM_CORRECTABLE_ERROR_ISR          
0     00008cc2  RTOS_ISR                           
1     0000d908  RxFifo                             
1     0000d940  RxPacketBuffer                     
1     0000d90e  RxPacketCtrl                       
0     00008cb8  SCIA_RX_ISR                        
0     00008cae  SCIA_TX_ISR                        
0     00008ca4  SCIB_RX_ISR                        
0     00008c9a  SCIB_TX_ISR                        
0     0000a0ef  SCI_clearInterruptStatus           
0     0000a0d5  SCI_disableInterrupt               
0     0000a0bb  SCI_enableInterrupt                
0     0000a09c  SCI_getInterruptStatus             
0     00009017  SCI_init                           
0     0000a07a  SCI_readCharArray                  
0     0000a04a  SCI_setBaud                        
0     0000a027  SCI_setConfig                      
0     0000a023  SCI_setWakeFlag                    
0     0000a000  SCI_writeCharArray                 
0     00008c90  SD1DR1_ISR                         
0     00008c86  SD1DR2_ISR                         
0     00008c7c  SD1DR3_ISR                         
0     00008c72  SD1DR4_ISR                         
0     00008c68  SD1_ISR                            
0     00008c5e  SPIA_RX_ISR                        
0     00008c54  SPIA_TX_ISR                        
0     00008c4a  SPIB_RX_ISR                        
0     00008c40  SPIB_TX_ISR                        
0     00009132  SYNC_init                          
0     00008c36  SYS_PLL_SLIP_ISR                   
0     0000a3a4  SciRxPacketReset                   
0     0000a737  SysCtl_delay                       
0     00000309  SysCtl_getClock                    
0     0000036f  SysCtl_getDeviceParametric         
0     0000035a  SysCtl_getLowSpeedClock            
0     00000186  SysCtl_isPLLValid                  
0     00000159  SysCtl_selectOscSource             
0     00000133  SysCtl_selectXTAL                  
0     00000119  SysCtl_selectXTALSingleEnded       
0     00000250  SysCtl_setClock                    
0     00008c2c  TIMER0_ISR                         
0     00008c22  TIMER1_ISR                         
0     00008c18  TIMER2_ISR                         
1     0000d902  TxFifo                             
1     0000d900  TxSendCtrl                         
0     00008c0e  USER10_ISR                         
0     00008c04  USER11_ISR                         
0     00008bfa  USER12_ISR                         
0     00008bf0  USER1_ISR                          
0     00008be6  USER2_ISR                          
0     00008bdc  USER3_ISR                          
0     00008bd2  USER4_ISR                          
0     00008bc8  USER5_ISR                          
0     00008bbe  USER6_ISR                          
0     00008bb4  USER7_ISR                          
0     00008baa  USER8_ISR                          
0     00008ba0  USER9_ISR                          
0     00008b96  WAKE_ISR                           
0     00008b8c  XINT1_ISR                          
0     00008b82  XINT2_ISR                          
0     00008b78  XINT3_ISR                          
0     00008b6e  XINT4_ISR                          
0     00008b64  XINT5_ISR                          
0     0000a760  __TI_CINIT_Base                    
0     0000a774  __TI_CINIT_Limit                   
0     0000a774  __TI_CINIT_Warm                    
0     0000a748  __TI_Handler_Table_Base            
0     0000a74e  __TI_Handler_Table_Limit           
1     00000600  __TI_STACK_END                     
abs   00000200  __TI_STACK_SIZE                    
0     0000a3e8  __TI_auto_init_nobinit_nopinit     
1     0000dd08  __TI_cleanup_ptr                   
0     0000a3ba  __TI_decompress_lzss               
0     0000a4ac  __TI_decompress_none               
1     0000dd0a  __TI_dtors_ptr                     
1     0000dd06  __TI_enable_exit_profile_output    
abs   ffffffff  __TI_pprof_out_hndl                
abs   ffffffff  __TI_prof_data_size                
abs   ffffffff  __TI_prof_data_start               
0     0000a4c9  __TI_zero_init                     
0     0000a4a1  __c28xabi_divu                     
0     0000a4a6  __c28xabi_modu                     
n/a   UNDEFED   __c_args__                         
0     00009961  __error__                          
1     00000400  __stack                            
0     0000a489  _args_main                         
0     0000a472  _c_int00                           
0     0000a495  _epilog_c28x_1                     
0     0000a499  _epilog_c28x_2                     
1     0000dd10  _lock                              
0     00009ffe  _nop                               
0     0000a459  _prolog_c28x_1                     
0     0000a45d  _prolog_c28x_2                     
0     0000a465  _prolog_c28x_3                     
0     00009ffa  _register_lock                     
0     00009ff6  _register_unlock                   
0     000003fd  _system_post_cinit                 
0     000003fb  _system_pre_init                   
1     0000dd12  _unlock                            
0     0000a413  abort                              
1     0000dcf9  advalue                            
1     0000dd0d  bPreemptive                        
1     0000dd0c  bYield                             
0     0000a35d  bigMf                              
1     0000dd02  bigMfHandle                        
0     00009fdd  bigMf_init                         
0     0000a628  checksumCalc                       
0     00000000  code_start                         
0     0000a351  comMf                              
1     0000dd00  comMfHandle                        
0     00009fcd  comMf_init                         
1     0000dcf6  count                              
0     00008b48  eTaskConfirmSleepModeStatus        
0     0000a415  exit                               
0     0000a39b  fifoInit                           
0     0000a717  fifoRead                           
0     0000a660  fifoReadWord                       
0     0000a6f5  fifoWrite                          
0     0000a6dc  fifoWriteWord                      
0     00009f2f  getSTF                             
1     00000600  idleTaskStack                      
1     0000dac0  idleTaskTCBBuffer                  
0     00009119  led4_init                          
0     00009105  led5_init                          
0     0000a30a  main                               
0     0000a43c  memcpy                             
0     0000a4bc  memset                             
0     0000909e  myADC0_init                        
0     00009094  myINPUTXBARINPUT1_init             
0     00009017  mySCI0_init                        
1     0000dcfc  p                                  
0     00008b40  pcTaskGetName                      
1     0000dcf8  phase                              
0     00009f33  portRESTORE_FIRST_CONTEXT          
0     00009f3e  portTICK_ISR                       
0     00009ebf  pvPortMalloc                       
0     00008aec  pvTaskIncrementMutexHeldCount      
1     0000dce0  pxCurrentTCB                       
0     0000a16c  pxPortInitialiseStack              
1     0000dcfa  read                               
0     0000a304  result                             
1     0000dd04  resultTaskHandle                   
0     00009fbd  resultTask_init                    
0     0000a67c  rxCmdList                          
0     0000a691  rxDecodeWord                       
0     0000a6ca  rxProcessCmd                       
1     0000d800  rx_fifo_memory                     
0     0000a632  sendRtLogSample                    
0     0000a36a  sendlageSample                     
1     0000dcfe  t                                  
1     0000dcf7  testcount                          
1     0000dd14  tx_fifo_memory                     
1     0000e8cc  ucHeap                             
1     0000dd0e  ulCriticalNesting                  
0     00008a9c  ulTaskGenericNotifyTake            
0     00008a77  ulTaskGenericNotifyValueClear      
0     000003e8  uxListRemove                       
0     00008a73  uxTaskGetNumberOfTasks             
0     00008a63  uxTaskPriorityGet                  
0     00008a5b  uxTaskPriorityGetFromISR           
0     00008a49  uxTaskResetEventItemValue          
1     0000dafb  uxTopUsedPriority                  
0     00009fb2  vApplicationGetIdleTaskMemory      
0     000003d9  vListInitialise                    
0     000003d5  vListInitialiseItem                
0     000003bc  vListInsert                        
0     000003b1  vListInsertEnd                     
0     0000a16b  vPortEndScheduler                  
0     0000a163  vPortEnterCritical                 
0     0000a159  vPortExitCritical                  
0     00009e67  vPortFree                          
0     00009e02  vPortGetHeapStats                  
0     00009e01  vPortInitialiseBlocks              
0     0000a10d  vPortSetupTimerInterrupt           
0     00008a35  vTaskDelay                         
0     000089f5  vTaskDelete                        
0     000089d8  vTaskEndScheduler                  
0     00008958  vTaskGenericNotifyGiveFromISR      
0     00008662  vTaskInternalSetTimeOutState       
0     00008953  vTaskMissedYield                   
0     00008944  vTaskPlaceOnEventList              
0     0000891f  vTaskPlaceOnUnorderedEventList     
0     000088c0  vTaskPriorityDisinheritAfterTimeout
0     00008834  vTaskPrioritySet                   
0     000087d6  vTaskRemoveFromUnorderedEventList  
0     00008785  vTaskResume                        
0     00008762  vTaskSetTimeOutState               
0     0000872a  vTaskStartScheduler                
0     00008725  vTaskStepTick                      
0     000086cd  vTaskSuspend                       
0     000084e3  vTaskSuspendAll                    
0     000086a1  vTaskSwitchContext                 
1     0000dcfb  write                              
0     00009dfd  xPortGetFreeHeapSize               
0     00009df9  xPortGetMinimumEverFreeHeapSize    
0     0000a14b  xPortStartScheduler                
0     0000869a  xTaskCatchUpTicks                  
0     0000866b  xTaskCheckForTimeOut               
0     00008627  xTaskCreate                        
0     000085fe  xTaskCreateStatic                  
0     000084e7  xTaskDelayUntil                    
0     00008437  xTaskGenericNotify                 
0     0000837e  xTaskGenericNotifyFromISR          
0     0000835d  xTaskGenericNotifyStateClear       
0     000082f7  xTaskGenericNotifyWait             
0     000082a2  xTaskGetCurrentTaskHandle          
0     00008297  xTaskGetTickCount                  
0     00008293  xTaskGetTickCountFromISR           
0     00008012  xTaskIncrementTick                 
0     00008245  xTaskPriorityDisinherit            
0     000081d5  xTaskPriorityInherit               
0     00008153  xTaskRemoveFromEventList           
0     000080bd  xTaskResumeAll                     


GLOBAL SYMBOLS: SORTED BY Symbol Address 

page  address   name                               
----  -------   ----                               
0     00000000  code_start                         
0     00000119  SysCtl_selectXTALSingleEnded       
0     00000133  SysCtl_selectXTAL                  
0     00000159  SysCtl_selectOscSource             
0     00000186  SysCtl_isPLLValid                  
0     00000250  SysCtl_setClock                    
0     00000309  SysCtl_getClock                    
0     0000035a  SysCtl_getLowSpeedClock            
0     0000036f  SysCtl_getDeviceParametric         
0     000003b1  vListInsertEnd                     
0     000003bc  vListInsert                        
0     000003d5  vListInitialiseItem                
0     000003d9  vListInitialise                    
0     000003e8  uxListRemove                       
0     000003fb  _system_pre_init                   
0     000003fd  _system_post_cinit                 
0     00008012  xTaskIncrementTick                 
0     000080bd  xTaskResumeAll                     
0     00008153  xTaskRemoveFromEventList           
0     000081d5  xTaskPriorityInherit               
0     00008245  xTaskPriorityDisinherit            
0     00008293  xTaskGetTickCountFromISR           
0     00008297  xTaskGetTickCount                  
0     000082a2  xTaskGetCurrentTaskHandle          
0     000082f7  xTaskGenericNotifyWait             
0     0000835d  xTaskGenericNotifyStateClear       
0     0000837e  xTaskGenericNotifyFromISR          
0     00008437  xTaskGenericNotify                 
0     000084e3  vTaskSuspendAll                    
0     000084e7  xTaskDelayUntil                    
0     000085fe  xTaskCreateStatic                  
0     00008627  xTaskCreate                        
0     00008662  vTaskInternalSetTimeOutState       
0     0000866b  xTaskCheckForTimeOut               
0     0000869a  xTaskCatchUpTicks                  
0     000086a1  vTaskSwitchContext                 
0     000086cd  vTaskSuspend                       
0     00008725  vTaskStepTick                      
0     0000872a  vTaskStartScheduler                
0     00008762  vTaskSetTimeOutState               
0     00008785  vTaskResume                        
0     000087d6  vTaskRemoveFromUnorderedEventList  
0     00008834  vTaskPrioritySet                   
0     000088c0  vTaskPriorityDisinheritAfterTimeout
0     0000891f  vTaskPlaceOnUnorderedEventList     
0     00008944  vTaskPlaceOnEventList              
0     00008953  vTaskMissedYield                   
0     00008958  vTaskGenericNotifyGiveFromISR      
0     000089d8  vTaskEndScheduler                  
0     000089f5  vTaskDelete                        
0     00008a35  vTaskDelay                         
0     00008a49  uxTaskResetEventItemValue          
0     00008a5b  uxTaskPriorityGetFromISR           
0     00008a63  uxTaskPriorityGet                  
0     00008a73  uxTaskGetNumberOfTasks             
0     00008a77  ulTaskGenericNotifyValueClear      
0     00008a9c  ulTaskGenericNotifyTake            
0     00008aec  pvTaskIncrementMutexHeldCount      
0     00008b40  pcTaskGetName                      
0     00008b48  eTaskConfirmSleepModeStatus        
0     00008b64  XINT5_ISR                          
0     00008b6e  XINT4_ISR                          
0     00008b78  XINT3_ISR                          
0     00008b82  XINT2_ISR                          
0     00008b8c  XINT1_ISR                          
0     00008b96  WAKE_ISR                           
0     00008ba0  USER9_ISR                          
0     00008baa  USER8_ISR                          
0     00008bb4  USER7_ISR                          
0     00008bbe  USER6_ISR                          
0     00008bc8  USER5_ISR                          
0     00008bd2  USER4_ISR                          
0     00008bdc  USER3_ISR                          
0     00008be6  USER2_ISR                          
0     00008bf0  USER1_ISR                          
0     00008bfa  USER12_ISR                         
0     00008c04  USER11_ISR                         
0     00008c0e  USER10_ISR                         
0     00008c18  TIMER2_ISR                         
0     00008c22  TIMER1_ISR                         
0     00008c2c  TIMER0_ISR                         
0     00008c36  SYS_PLL_SLIP_ISR                   
0     00008c40  SPIB_TX_ISR                        
0     00008c4a  SPIB_RX_ISR                        
0     00008c54  SPIA_TX_ISR                        
0     00008c5e  SPIA_RX_ISR                        
0     00008c68  SD1_ISR                            
0     00008c72  SD1DR4_ISR                         
0     00008c7c  SD1DR3_ISR                         
0     00008c86  SD1DR2_ISR                         
0     00008c90  SD1DR1_ISR                         
0     00008c9a  SCIB_TX_ISR                        
0     00008ca4  SCIB_RX_ISR                        
0     00008cae  SCIA_TX_ISR                        
0     00008cb8  SCIA_RX_ISR                        
0     00008cc2  RTOS_ISR                           
0     00008ccc  RAM_CORRECTABLE_ERROR_ISR          
0     00008cd6  RAM_ACCESS_VIOLATION_ISR           
0     00008ce0  PMBUSA_ISR                         
0     00008cea  PIE_RESERVED_ISR                   
0     00008cf4  NOTUSED_ISR                        
0     00008cfe  NMI_ISR                            
0     00008d08  LINA_1_ISR                         
0     00008d12  LINA_0_ISR                         
0     00008d1c  ILLEGAL_ISR                        
0     00008d26  I2CA_ISR                           
0     00008d30  I2CA_FIFO_ISR                      
0     00008d3a  FSITXA2_ISR                        
0     00008d44  FSITXA1_ISR                        
0     00008d4e  FSIRXA2_ISR                        
0     00008d58  FSIRXA1_ISR                        
0     00008d62  FPU_UNDERFLOW_ISR                  
0     00008d6c  FPU_OVERFLOW_ISR                   
0     00008d76  FLASH_CORRECTABLE_ERROR_ISR        
0     00008d80  EQEP2_ISR                          
0     00008d8a  EQEP1_ISR                          
0     00008d94  EPWM8_TZ_ISR                       
0     00008d9e  EPWM8_ISR                          
0     00008da8  EPWM7_TZ_ISR                       
0     00008db2  EPWM7_ISR                          
0     00008dbc  EPWM6_TZ_ISR                       
0     00008dc6  EPWM6_ISR                          
0     00008dd0  EPWM5_TZ_ISR                       
0     00008dda  EPWM5_ISR                          
0     00008de4  EPWM4_TZ_ISR                       
0     00008dee  EPWM4_ISR                          
0     00008df8  EPWM3_TZ_ISR                       
0     00008e02  EPWM3_ISR                          
0     00008e0c  EPWM2_TZ_ISR                       
0     00008e16  EPWM2_ISR                          
0     00008e20  EPWM1_TZ_ISR                       
0     00008e2a  EPWM1_ISR                          
0     00008e34  EMU_ISR                            
0     00008e3e  EMPTY_ISR                          
0     00008e4b  ECAP7_ISR                          
0     00008e55  ECAP7_2_ISR                        
0     00008e5f  ECAP6_ISR                          
0     00008e69  ECAP6_2_ISR                        
0     00008e73  ECAP5_ISR                          
0     00008e7d  ECAP4_ISR                          
0     00008e87  ECAP3_ISR                          
0     00008e91  ECAP2_ISR                          
0     00008e9b  ECAP1_ISR                          
0     00008ea5  DMA_CH6_ISR                        
0     00008eaf  DMA_CH5_ISR                        
0     00008eb9  DMA_CH4_ISR                        
0     00008ec3  DMA_CH3_ISR                        
0     00008ecd  DMA_CH2_ISR                        
0     00008ed7  DMA_CH1_ISR                        
0     00008ee1  DATALOG_ISR                        
0     00008eeb  CLA_UNDERFLOW_ISR                  
0     00008ef5  CLA_OVERFLOW_ISR                   
0     00008eff  CLA1_8_ISR                         
0     00008f09  CLA1_7_ISR                         
0     00008f13  CLA1_6_ISR                         
0     00008f1d  CLA1_5_ISR                         
0     00008f27  CLA1_4_ISR                         
0     00008f31  CLA1_3_ISR                         
0     00008f3b  CLA1_2_ISR                         
0     00008f45  CLA1_1_ISR                         
0     00008f4f  CLA1PROMCRC_ISR                    
0     00008f59  CANB1_ISR                          
0     00008f63  CANB0_ISR                          
0     00008f6d  CANA1_ISR                          
0     00008f77  CANA0_ISR                          
0     00008f81  ADCC_EVT_ISR                       
0     00008f8b  ADCC4_ISR                          
0     00008f95  ADCC3_ISR                          
0     00008f9f  ADCC2_ISR                          
0     00008fa9  ADCC1_ISR                          
0     00008fb3  ADCB_EVT_ISR                       
0     00008fbd  ADCB4_ISR                          
0     00008fc7  ADCB3_ISR                          
0     00008fd1  ADCB2_ISR                          
0     00008fdb  ADCB1_ISR                          
0     00008fe5  ADCA_EVT_ISR                       
0     00008fef  ADCA4_ISR                          
0     00008ff9  ADCA3_ISR                          
0     00009003  ADCA2_ISR                          
0     0000900d  ADCA1_ISR                          
0     00009017  SCI_init                           
0     00009017  mySCI0_init                        
0     00009094  INPUTXBAR_init                     
0     00009094  myINPUTXBARINPUT1_init             
0     0000909e  ADC_init                           
0     0000909e  myADC0_init                        
0     00009105  led5_init                          
0     00009119  led4_init                          
0     00009132  SYNC_init                          
0     000091ce  PinMux_init                        
0     00009212  INTERRUPT_init                     
0     0000924f  GPIO_init                          
0     00009284  EPWM_init                          
0     00009462  CPUTIMER_init                      
0     00009463  ASYSCTL_init                       
0     00009474  Board_init                         
0     00009489  DCC_verifyClockFrequency           
0     00009563  DCC_measureClockFrequency          
0     00009623  DCC_getRevisionNumber              
0     00009630  DCC_continuousMonitor              
0     000096f9  EPWM_setEmulationMode              
0     00009732  EPWM_configureSignal               
0     00009961  __error__                          
0     00009979  Device_verifyXTAL                  
0     000099bc  Device_initGPIO                    
0     000099d7  Device_enableAllPeripherals        
0     00009ab7  Device_init                        
0     00009b0d  GPIO_setQualificationPeriod        
0     00009b2d  GPIO_setQualificationMode          
0     00009b53  GPIO_setPinConfig                  
0     00009b82  GPIO_setPadConfig                  
0     00009bc1  GPIO_setInterruptPin               
0     00009be5  GPIO_setDirectionMode              
0     00009c04  GPIO_setControllerCore             
0     00009c2a  GPIO_setAnalogMode                 
0     00009c4a  GPIO_getQualificationMode          
0     00009c63  GPIO_getPadConfig                  
0     00009c91  GPIO_getDirectionMode              
0     00009ca4  Interrupt_initVectorTable          
0     00009cc0  Interrupt_initModule               
0     00009d00  Interrupt_enable                   
0     00009da9  Interrupt_disable                  
0     00009df9  xPortGetMinimumEverFreeHeapSize    
0     00009dfd  xPortGetFreeHeapSize               
0     00009e01  vPortInitialiseBlocks              
0     00009e02  vPortGetHeapStats                  
0     00009e67  vPortFree                          
0     00009ebf  pvPortMalloc                       
0     00009f2f  getSTF                             
0     00009f33  portRESTORE_FIRST_CONTEXT          
0     00009f3e  portTICK_ISR                       
0     00009fb2  vApplicationGetIdleTaskMemory      
0     00009fbd  resultTask_init                    
0     00009fcd  comMf_init                         
0     00009fdd  bigMf_init                         
0     00009fed  FreeRTOS_init                      
0     00009ff6  _register_unlock                   
0     00009ffa  _register_lock                     
0     00009ffe  _nop                               
0     0000a000  SCI_writeCharArray                 
0     0000a023  SCI_setWakeFlag                    
0     0000a027  SCI_setConfig                      
0     0000a04a  SCI_setBaud                        
0     0000a07a  SCI_readCharArray                  
0     0000a09c  SCI_getInterruptStatus             
0     0000a0bb  SCI_enableInterrupt                
0     0000a0d5  SCI_disableInterrupt               
0     0000a0ef  SCI_clearInterruptStatus           
0     0000a10d  vPortSetupTimerInterrupt           
0     0000a14b  xPortStartScheduler                
0     0000a159  vPortExitCritical                  
0     0000a163  vPortEnterCritical                 
0     0000a16b  vPortEndScheduler                  
0     0000a16c  pxPortInitialiseStack              
0     0000a209  ADC_setOffsetTrimAll               
0     0000a227  ADC_setVREF                        
0     0000a25d  ADC_setPPBTripLimits               
0     0000a291  ADC_setOffsetTrim                  
0     0000a2cf  ADC_setINLTrim                     
0     0000a304  result                             
0     0000a30a  main                               
0     0000a351  comMf                              
0     0000a35d  bigMf                              
0     0000a36a  sendlageSample                     
0     0000a39b  fifoInit                           
0     0000a3a4  SciRxPacketReset                   
0     0000a3a9  AllfifoInit                        
0     0000a3ba  __TI_decompress_lzss               
0     0000a3e8  __TI_auto_init_nobinit_nopinit     
0     0000a413  C$$EXIT                            
0     0000a413  abort                              
0     0000a415  exit                               
0     0000a43c  memcpy                             
0     0000a459  _prolog_c28x_1                     
0     0000a45d  _prolog_c28x_2                     
0     0000a465  _prolog_c28x_3                     
0     0000a472  _c_int00                           
0     0000a489  _args_main                         
0     0000a495  _epilog_c28x_1                     
0     0000a499  _epilog_c28x_2                     
0     0000a4a1  __c28xabi_divu                     
0     0000a4a6  __c28xabi_modu                     
0     0000a4ac  __TI_decompress_none               
0     0000a4bc  memset                             
0     0000a4c3  CPUTimer_setEmulationMode          
0     0000a4c9  __TI_zero_init                     
0     0000a4cf  INT_mySCI0_TX_ISR                  
0     0000a507  INT_mySCI0_RX_ISR                  
0     0000a575  INT_myADC0_1_ISR                   
0     0000a5af  INT_TestEPWM3_ISR                  
0     0000a628  checksumCalc                       
0     0000a632  sendRtLogSample                    
0     0000a660  fifoReadWord                       
0     0000a67c  rxCmdList                          
0     0000a691  rxDecodeWord                       
0     0000a6ca  rxProcessCmd                       
0     0000a6dc  fifoWriteWord                      
0     0000a6f5  fifoWrite                          
0     0000a717  fifoRead                           
0     0000a737  SysCtl_delay                       
0     0000a748  __TI_Handler_Table_Base            
0     0000a74e  __TI_Handler_Table_Limit           
0     0000a760  __TI_CINIT_Base                    
0     0000a774  __TI_CINIT_Limit                   
0     0000a774  __TI_CINIT_Warm                    
1     00000400  __stack                            
1     00000600  __TI_STACK_END                     
1     00000600  idleTaskStack                      
1     0000d800  rx_fifo_memory                     
1     0000d900  TxSendCtrl                         
1     0000d902  TxFifo                             
1     0000d908  RxFifo                             
1     0000d90e  RxPacketCtrl                       
1     0000d940  RxPacketBuffer                     
1     0000dac0  idleTaskTCBBuffer                  
1     0000dafb  uxTopUsedPriority                  
1     0000db00  PieVectTableInit                   
1     0000dce0  pxCurrentTCB                       
1     0000dcf6  count                              
1     0000dcf7  testcount                          
1     0000dcf8  phase                              
1     0000dcf9  advalue                            
1     0000dcfa  read                               
1     0000dcfb  write                              
1     0000dcfc  p                                  
1     0000dcfe  t                                  
1     0000dd00  comMfHandle                        
1     0000dd02  bigMfHandle                        
1     0000dd04  resultTaskHandle                   
1     0000dd06  __TI_enable_exit_profile_output    
1     0000dd08  __TI_cleanup_ptr                   
1     0000dd0a  __TI_dtors_ptr                     
1     0000dd0c  bYield                             
1     0000dd0d  bPreemptive                        
1     0000dd0e  ulCriticalNesting                  
1     0000dd10  _lock                              
1     0000dd12  _unlock                            
1     0000dd14  tx_fifo_memory                     
1     0000e8cc  ucHeap                             
abs   00000200  __TI_STACK_SIZE                    
abs   ffffffff  __TI_pprof_out_hndl                
abs   ffffffff  __TI_prof_data_size                
abs   ffffffff  __TI_prof_data_start               
n/a   UNDEFED   __c_args__                         

[344 symbols]
