******************************************************************************
             TMS320C2000 Linker PC v22.6.1                     
******************************************************************************
>> Linked Mon Dec  8 09:59:46 2025

OUTPUT FILE NAME:   <bidirectional_selfmode_core.out>
ENTRY POINT SYMBOL: "_c_int00"  address: 0008798e


MEMORY CONFIGURATION

         name            origin    length      used     unused   attr    fill
----------------------  --------  ---------  --------  --------  ----  --------
PAGE 0:
  RAMM0                 000000f6   0000030a  00000000  0000030a  RWIX
  RAMLS0                00008000   00004000  00000aff  00003501  RWIX
  BEGIN                 00080000   00000002  00000002  00000000  RWIX
  FLASH_BANK0_SEC0      00080002   00000ffe  00000000  00000ffe  RWIX
  FLASH_BANK0_SEC1      00081000   00002000  00000b69  00001497  RWIX
  FLASH_BANK0_SEC2      00083000   0000d000  00004ee9  00008117  RWIX
  FLASH_BANK1_SEC0      00090000   00001000  00000000  00001000  RWIX
  FLASH_BANK1_SEC1      00091000   00001000  00000000  00001000  RWIX
  FLASH_BANK1_SEC2      00092000   0000e000  00000000  0000e000  RWIX
  RESET                 003fffc0   00000002  00000000  00000002  RWIX

PAGE 1:
  BOOT_RSVD             00000002   000000f1  00000000  000000f1  RWIX
  RAMM1                 00000400   000003f8  00000200  000001f8  RWIX
  ADCARESULT            00000b00   00000018  00000000  00000018  RWIX
  ADCBRESULT            00000b20   00000018  00000000  00000018  RWIX
  ADCCRESULT            00000b40   00000018  00000000  00000018  RWIX
  CPUTIMER0             00000c00   00000008  00000000  00000008  RWIX
  CPUTIMER1             00000c08   00000008  00000000  00000008  RWIX
  CPUTIMER2             00000c10   00000008  00000000  00000008  RWIX
  PIECTRL               00000ce0   0000001a  00000000  0000001a  RWIX
  PIEVECTTABLE          00000d00   00000200  00000000  00000200  RWIX
  DMA                   00001000   00000200  00000000  00000200  RWIX
  CLA1                  00001400   00000080  00000000  00000080  RWIX
  CLB1LOGICCFG          00003000   00000052  00000000  00000052  RWIX
  CLB1LOGICCTRL         00003100   00000040  00000000  00000040  RWIX
  CLB1DATAEXCH          00003200   00000200  00000000  00000200  RWIX
  CLB2LOGICCFG          00003400   00000052  00000000  00000052  RWIX
  CLB2LOGICCTRL         00003500   00000040  00000000  00000040  RWIX
  CLB2DATAEXCH          00003600   00000200  00000000  00000200  RWIX
  CLB3LOGICCFG          00003800   00000052  00000000  00000052  RWIX
  CLB3LOGICCTRL         00003900   00000040  00000000  00000040  RWIX
  CLB3DATAEXCH          00003a00   00000200  00000000  00000200  RWIX
  CLB4LOGICCFG          00003c00   00000052  00000000  00000052  RWIX
  CLB4LOGICCTRL         00003d00   00000040  00000000  00000040  RWIX
  CLB4DATAEXCH          00003e00   00000200  00000000  00000200  RWIX
  EPWM1                 00004000   00000100  00000000  00000100  RWIX
  EPWM2                 00004100   00000100  00000000  00000100  RWIX
  EPWM3                 00004200   00000100  00000000  00000100  RWIX
  EPWM4                 00004300   00000100  00000000  00000100  RWIX
  EPWM5                 00004400   00000100  00000000  00000100  RWIX
  EPWM6                 00004500   00000100  00000000  00000100  RWIX
  EPWM7                 00004600   00000100  00000000  00000100  RWIX
  EPWM8                 00004700   00000100  00000000  00000100  RWIX
  EQEP1                 00005100   00000040  00000000  00000040  RWIX
  EQEP2                 00005140   00000040  00000000  00000040  RWIX
  ECAP1                 00005200   0000001e  00000000  0000001e  RWIX
  ECAP2                 00005240   0000001e  00000000  0000001e  RWIX
  ECAP3                 00005280   0000001e  00000000  0000001e  RWIX
  ECAP4                 000052c0   0000001e  00000000  0000001e  RWIX
  ECAP5                 00005300   0000001e  00000000  0000001e  RWIX
  ECAP6                 00005340   0000001e  00000000  0000001e  RWIX
  HRCAP6                00005360   00000020  00000000  00000020  RWIX
  ECAP7                 00005380   0000001e  00000000  0000001e  RWIX
  HRCAP7                000053a0   00000020  00000000  00000020  RWIX
  PGA1                  00005b00   00000010  00000000  00000010  RWIX
  PGA2                  00005b10   00000010  00000000  00000010  RWIX
  PGA3                  00005b20   00000010  00000000  00000010  RWIX
  PGA4                  00005b30   00000010  00000000  00000010  RWIX
  PGA5                  00005b40   00000010  00000000  00000010  RWIX
  PGA6                  00005b50   00000010  00000000  00000010  RWIX
  PGA7                  00005b60   00000010  00000000  00000010  RWIX
  DACA                  00005c00   00000008  00000000  00000008  RWIX
  DACB                  00005c10   00000008  00000000  00000008  RWIX
  CMPSS1                00005c80   00000020  00000000  00000020  RWIX
  CMPSS2                00005ca0   00000020  00000000  00000020  RWIX
  CMPSS3                00005cc0   00000020  00000000  00000020  RWIX
  CMPSS4                00005ce0   00000020  00000000  00000020  RWIX
  CMPSS5                00005d00   00000020  00000000  00000020  RWIX
  CMPSS6                00005d20   00000020  00000000  00000020  RWIX
  CMPSS7                00005d40   00000020  00000000  00000020  RWIX
  SDFM1                 00005e00   00000070  00000000  00000070  RWIX
  SPIA                  00006100   00000010  00000000  00000010  RWIX
  SPIB                  00006110   00000010  00000000  00000010  RWIX
  CLAPROMCRC0           000061c0   00000020  00000000  00000020  RWIX
  PMBUSA                00006400   00000020  00000000  00000020  RWIX
  FSITXA                00006600   00000050  00000000  00000050  RWIX
  FSIRXA                00006680   00000050  00000000  00000050  RWIX
  LINA                  00006a00   000000ec  00000000  000000ec  RWIX
  WD                    00007000   0000002c  00000000  0000002c  RWIX
  NMIINTRUPT            00007060   00000008  00000000  00000008  RWIX
  XINT                  00007070   0000000c  00000000  0000000c  RWIX
  SCIA                  00007200   00000010  00000000  00000010  RWIX
  SCIB                  00007210   00000010  00000000  00000010  RWIX
  I2CA                  00007300   00000022  00000000  00000022  RWIX
  ADCA                  00007400   00000080  00000000  00000080  RWIX
  ADCB                  00007480   00000080  00000000  00000080  RWIX
  ADCC                  00007500   00000080  00000000  00000080  RWIX
  INPUTXBAR             00007900   00000020  00000000  00000020  RWIX
  XBAR                  00007920   00000020  00000000  00000020  RWIX
  SYNCSOC               00007940   00000006  00000000  00000006  RWIX
  DMACLASRCSEL          00007980   0000001a  00000000  0000001a  RWIX
  EPWMXBAR              00007a00   00000040  00000000  00000040  RWIX
  CLBXBAR               00007a40   00000040  00000000  00000040  RWIX
  OUTPUTXBAR            00007a80   00000040  00000000  00000040  RWIX
  GPIOCTRL              00007c00   00000200  00000000  00000200  RWIX
  GPIODATA              00007f00   00000040  00000000  00000040  RWIX
  RAMLS5                0000a800   00001400  000004c5  00000f3b  RWIX
  RAMGS0                0000c000   00002000  00001900  00000700  RWIX
  RAMGS1                0000e000   00005ff8  00002164  00003e94  RWIX
  CANA                  00048000   00000200  00000000  00000200  RWIX
  CANB                  0004a000   00000200  00000000  00000200  RWIX
  DEVCFG                0005d000   00000180  00000000  00000180  RWIX
  CLKCFG                0005d200   00000036  00000000  00000036  RWIX
  CPUSYS                0005d300   00000082  00000000  00000082  RWIX
  SYSPERIPHAC           0005d500   00000200  00000000  00000200  RWIX
  ANALOGSUBSYS          0005d700   00000090  00000000  00000090  RWIX
  DCC0                  0005e700   0000002c  00000000  0000002c  RWIX
  ERADGLOBAL            0005e800   00000014  00000000  00000014  RWIX
  ERADHWBP1             0005e900   00000008  00000000  00000008  RWIX
  ERADHWBP2             0005e908   00000008  00000000  00000008  RWIX
  ERADHWBP3             0005e910   00000008  00000000  00000008  RWIX
  ERADHWBP4             0005e918   00000008  00000000  00000008  RWIX
  ERADHWBP5             0005e920   00000008  00000000  00000008  RWIX
  ERADHWBP6             0005e928   00000008  00000000  00000008  RWIX
  ERADHWBP7             0005e930   00000008  00000000  00000008  RWIX
  ERADHWBP8             0005e938   00000008  00000000  00000008  RWIX
  ERADCOUNTER1          0005e980   00000010  00000000  00000010  RWIX
  ERADCOUNTER2          0005e990   00000010  00000000  00000010  RWIX
  ERADCOUNTER3          0005e9a0   00000010  00000000  00000010  RWIX
  ERADCOUNTER4          0005e9b0   00000010  00000000  00000010  RWIX
  DCSMBANK0Z1           0005f000   00000024  00000000  00000024  RWIX
  DCSMBANK0Z2           0005f040   00000024  00000000  00000024  RWIX
  DCSMCOMMON            0005f070   00000010  00000000  00000010  RWIX
  DCSMBANK1Z1           0005f100   00000024  00000000  00000024  RWIX
  DCSMBANK1Z2           0005f140   00000024  00000000  00000024  RWIX
  MEMCFG                0005f400   00000080  00000000  00000080  RWIX
  ACCESSPROTECTION      0005f4c0   00000040  00000000  00000040  RWIX
  MEMORYERROR           0005f500   00000040  00000000  00000040  RWIX
  FLASH0CTRL            0005f800   00000182  00000000  00000182  RWIX
  FLASH0ECC             0005fb00   00000028  00000000  00000028  RWIX


SECTION ALLOCATION MAP

 output                                  attributes/
section   page    origin      length       input sections
--------  ----  ----------  ----------   ----------------
codestart 
*          0    00080000    00000002     
                  00080000    00000002     f28004x_codestartbranch.obj (codestart)

.switch    0    00081b00    0000001a     
                  00081b00    0000001a     sci_cmd.obj (.switch:rxCmdList)

.cinit     0    00081b1c    00000050     
                  00081b1c    00000023     (.cinit..data.load) [load image, compression = lzss]
                  00081b3f    00000006     (.cinit..logport.load) [load image, compression = lzss]
                  00081b45    00000001     --HOLE-- [fill = 0]
                  00081b46    00000006     (__TI_handler_table)
                  00081b4c    00000004     (.cinit..bss.load) [load image, compression = zero_init]
                  00081b50    00000004     (.cinit..freertosHeap.load) [load image, compression = zero_init]
                  00081b54    00000004     (.cinit..freertosStaticStack.load) [load image, compression = zero_init]
                  00081b58    00000014     (__TI_cinit_table)

.reset     0    003fffc0    00000000     DSECT

.stack     1    00000400    00000200     UNINITIALIZED
                  00000400    00000200     --HOLE--

.freertosHeap 
*          1    0000c000    00001000     UNINITIALIZED
                  0000c000    00001000     c2000_freertos.obj (.freertosHeap)

.init_array 
*          0    00081000    00000000     UNINITIALIZED

.bss       1    0000a800    000002e7     UNINITIALIZED
                  0000a800    0000017e     c2000_freertos.obj (.bss)
                  0000a97e    000000a0     tasks.obj (.bss:pxReadyTasksLists)
                  0000aa1e    0000004a     sci_cmd.obj (.bss:val_adder)
                  0000aa68    00000018     sci_fifo.obj (.bss)
                  0000aa80    00000036     tasks.obj (.bss)
                  0000aab6    00000028     queue.obj (.bss:xQueueRegistry)
                  0000aade    00000004     heap_4.obj (.bss)
                  0000aae2    00000004     sci_cmd.obj (.bss:val_adder_chose)
                  0000aae6    00000001     main.obj (.bss)

.data      1    0000ab00    000001de     UNINITIALIZED
                  0000ab00    00000180     sci_fifo.obj (.data)
                  0000ac80    0000001e     bidirectional_test.obj (.data)
                  0000ac9e    00000012     tasks.obj (.data)
                  0000acb0    0000000c     heap_4.obj (.data)
                  0000acbc    00000004     port.obj (.data)
                  0000acc0    0000000a     c2000_freertos.obj (.data)
                  0000acca    0000000a     main.obj (.data)
                  0000acd4    00000006     rts2800_fpu32_eabi.lib : exit.c.obj (.data)
                  0000acda    00000002                            : _lock.c.obj (.data:_lock)
                  0000acdc    00000002                            : _lock.c.obj (.data:_unlock)

.const     0    00087a0c    000004df     
                  00087a0c    00000125     board.obj (.const:.string)
                  00087b31    00000001     tasks.obj (.const)
                  00087b32    000000ad     main.obj (.const:.string)
                  00087bdf    00000001     --HOLE-- [fill = 0]
                  00087be0    00000074     sci_cmd.obj (.const:.string)
                  00087c54    0000004f     device.obj (.const:.string)
                  00087ca3    00000001     --HOLE-- [fill = 0]
                  00087ca4    0000003e     port.obj (.const:.string)
                  00087ce2    0000003e     sys.obj (.const:.string)
                  00087d20    0000003a     bidirectional_test.obj (.const:.string)
                  00087d5a    00000039     sci_fifo.obj (.const:.string)
                  00087d93    00000001     --HOLE-- [fill = 0]
                  00087d94    0000002b     flash.obj (.const:.string)
                  00087dbf    00000001     --HOLE-- [fill = 0]
                  00087dc0    0000002a     sysctl.obj (.const:.string)
                  00087dea    00000028     gpio.obj (.const:.string)
                  00087e12    00000027     dcc.obj (.const:.string)
                  00087e39    00000001     --HOLE-- [fill = 0]
                  00087e3a    00000027     sci.obj (.const:.string)
                  00087e61    00000001     --HOLE-- [fill = 0]
                  00087e62    00000020     c2000_freertos.obj (.const:.string)
                  00087e82    00000019     interrupt.obj (.const:.string)
                  00087e9b    00000001     --HOLE-- [fill = 0]
                  00087e9c    00000018     cputimer.obj (.const:.string)
                  00087eb4    00000013     adc.obj (.const:.string)
                  00087ec7    00000001     --HOLE-- [fill = 0]
                  00087ec8    00000012     sci_fifo.obj (.const)
                  00087eda    0000000c     sys.obj (.const)
                  00087ee6    00000005     tasks.obj (.const:.string)

.TI.ramfunc 
*          0    00081000    00000aff     RUN ADDR = 00008000
                  00081000    00000500     sci_fifo.obj (.TI.ramfunc)
                  00081500    00000273     bidirectional_test.obj (.TI.ramfunc)
                  00081773    0000015a     flash.obj (.TI.ramfunc)
                  000818cd    00000124     main.obj (.TI.ramfunc:retain)
                  000819f1    00000092     main.obj (.TI.ramfunc)
                  00081a83    00000078     sci_cmd.obj (.TI.ramfunc)
                  00081afb    00000004     sysctl.obj (.TI.ramfunc)

PieVectTableFile 
*          0    00000d00    00000000     DSECT

EmuKeyVar 
*          0    00000d00    00000000     DSECT

EmuBModeVar 
*          0    00000d00    00000000     DSECT

EmuBootPinsVar 
*          0    00000d00    00000000     DSECT

FlashCallbackVar 
*          0    00000d00    00000000     DSECT

FlashScalingVar 
*          0    00000d00    00000000     DSECT

.text      0    00083000    00004a0a     
                  00083000    00000fec     board.obj (.text)
                  00083fec    00000fb6     tasks.obj (.text)
                  00084fa2    000006f4     queue.obj (.text)
                  00085696    000004b1     sysctl.obj (.text)
                  00085b47    00000431     dcc.obj (.text)
                  00085f78    0000038a     sci_cmd.obj (.text)
                  00086302    000002e0     sci.obj (.text)
                  000865e2    0000028d     gpio.obj (.text)
                  0008686f    0000020d     device.obj (.text)
                  00086a7c    000001cb     bidirectional_test.obj (.text)
                  00086c47    000001aa     port.obj (.text)
                  00086df1    0000018c     adc.obj (.text)
                  00086f7d    0000018c     interrupt.obj (.text)
                  00087109    00000181     heap_4.obj (.text)
                  0008728a    00000142     main.obj (.text)
                  000873cc    000000e6     sys.obj (.text)
                  000874b2    0000009c     rts2800_fpu32_eabi.lib : fd_add28.asm.obj (.text)
                  0008754e    00000092     list.obj (.text)
                  000875e0    0000008e     sci_fifo.obj (.text)
                  0008766e    0000008b     rts2800_fpu32_eabi.lib : fd_div28.asm.obj (.text)
                  000876f9    00000088                            : fs_div28.asm.obj (.text)
                  00087781    00000084     c2000_freertos.obj (.text)
                  00087805    00000083     portasm.obj (.text)
                  00087888    00000030     rts2800_fpu32_eabi.lib : copy_decompress_lzss.c.obj (.text:decompress:lzss)
                  000878b8    0000002b                            : autoinit.c.obj (.text:__TI_auto_init_nobinit_nopinit)
                  000878e3    0000002a     cputimer.obj (.text)
                  0008790d    00000029     rts2800_fpu32_eabi.lib : exit.c.obj (.text)
                  00087936    00000020     flash.obj (.text)
                  00087956    0000001d     rts2800_fpu32_eabi.lib : memcpy.c.obj (.text)
                  00087973    0000001b                            : fd_toul28.asm.obj (.text)
                  0008798e    00000017                            : boot28.asm.obj (.text)
                  000879a5    00000017                            : u_tofd28.asm.obj (.text)
                  000879bc    0000000e                            : fd_sub28.asm.obj (.text)
                  000879ca    0000000c                            : args_main.c.obj (.text)
                  000879d6    0000000b                            : u_div28.asm.obj (.text)
                  000879e1    00000009                            : _lock.c.obj (.text)
                  000879ea    00000008                            : copy_decompress_none.c.obj (.text:decompress:none)
                  000879f2    00000008     f28004x_codestartbranch.obj (.text)
                  000879fa    00000007     rts2800_fpu32_eabi.lib : memset.c.obj (.text)
                  00087a01    00000006                            : copy_zero_init.c.obj (.text:decompress:ZI)
                  00087a07    00000002                            : pre_init.c.obj (.text)
                  00087a09    00000001                            : startup.c.obj (.text)

.freertosStaticStack 
*          1    0000d000    00000900     UNINITIALIZED
                  0000d000    00000900     c2000_freertos.obj (.freertosStaticStack)

.logport   1    0000e000    00002164     UNINITIALIZED
                  0000e000    00002164     sci_fifo.obj (.logport)

MODULE SUMMARY

       Module                        code    ro data   rw data
       ------                        ----    -------   -------
    .\
       tasks.obj                     4022    6         232    
       queue.obj                     1780    0         40     
       port.obj                      426     62        4      
       heap_4.obj                    385     0         16     
       list.obj                      146     0         0      
       portasm.obj                   131     0         0      
    +--+-----------------------------+-------+---------+---------+
       Total:                        6890    68        292    
                                                              
    .\APP\src\
       sci_fifo.obj                  2702    75        8956   
       bidirectional_test.obj        1713    58        30     
       main.obj                      1198    173       11     
       sci_cmd.obj                   1146    142       78     
       sys.obj                       230     74        0      
    +--+-----------------------------+-------+---------+---------+
       Total:                        6989    522       9075   
                                                              
    .\device\
       device.obj                    525     79        0      
       f28004x_codestartbranch.obj   10      0         0      
    +--+-----------------------------+-------+---------+---------+
       Total:                        535     79        0      
                                                              
    .\driverlib\
       sysctl.obj                    1209    42        0      
       dcc.obj                       1073    39        0      
       sci.obj                       736     39        0      
       flash.obj                     724     43        0      
       gpio.obj                      653     40        0      
       interrupt.obj                 396     25        0      
       adc.obj                       396     19        0      
       cputimer.obj                  42      24        0      
    +--+-----------------------------+-------+---------+---------+
       Total:                        5229    271       0      
                                                              
    .\syscfg\
       c2000_freertos.obj            132     32        6792   
       board.obj                     4076    293       0      
    +--+-----------------------------+-------+---------+---------+
       Total:                        4208    325       6792   
                                                              
    C:\ti\ccs2011\ccs\tools\compiler\ti-cgt-c2000_22.6.1.LTS\lib\rts2800_fpu32_eabi.lib
       fd_add28.asm.obj              156     0         0      
       fd_div28.asm.obj              139     0         0      
       fs_div28.asm.obj              136     0         0      
       copy_decompress_lzss.c.obj    48      0         0      
       exit.c.obj                    41      0         6      
       autoinit.c.obj                43      0         0      
       memcpy.c.obj                  29      0         0      
       fd_toul28.asm.obj             27      0         0      
       boot28.asm.obj                23      0         0      
       u_tofd28.asm.obj              23      0         0      
       fd_sub28.asm.obj              14      0         0      
       _lock.c.obj                   9       0         4      
       args_main.c.obj               12      0         0      
       u_div28.asm.obj               11      0         0      
       copy_decompress_none.c.obj    8       0         0      
       memset.c.obj                  7       0         0      
       copy_zero_init.c.obj          6       0         0      
       pre_init.c.obj                2       0         0      
       startup.c.obj                 1       0         0      
    +--+-----------------------------+-------+---------+---------+
       Total:                        735     0         10     
                                                              
       Stack:                        0       0         512    
       Linker Generated:             0       79        0      
    +--+-----------------------------+-------+---------+---------+
       Grand Total:                  24586   1344      16681  


LINKER GENERATED COPY TABLES

__TI_cinit_table @ 00081b58 records: 5, size/record: 4, table size: 20
	.data: load addr=00081b1c, load size=00000023 bytes, run addr=0000ab00, run size=000001de bytes, compression=lzss
	.logport: load addr=00081b3f, load size=00000006 bytes, run addr=0000e000, run size=00002164 bytes, compression=lzss
	.bss: load addr=00081b4c, load size=00000004 bytes, run addr=0000a800, run size=000002e7 bytes, compression=zero_init
	.freertosHeap: load addr=00081b50, load size=00000004 bytes, run addr=0000c000, run size=00001000 bytes, compression=zero_init
	.freertosStaticStack: load addr=00081b54, load size=00000004 bytes, run addr=0000d000, run size=00000900 bytes, compression=zero_init


LINKER GENERATED HANDLER TABLE

__TI_handler_table @ 00081b46 records: 3, size/record: 2, table size: 6
	index: 0, handler: __TI_zero_init
	index: 1, handler: __TI_decompress_lzss
	index: 2, handler: __TI_decompress_none


GLOBAL DATA SYMBOLS: SORTED BY DATA PAGE

address     data page           name
--------    ----------------    ----
00000400      10 (00000400)     __stack

0000a800     2a0 (0000a800)     mySemaphore0Buffer

0000a840     2a1 (0000a840)     mySemaphore1Buffer

0000a880     2a2 (0000a880)     idleTaskTCBBuffer

0000a8c0     2a3 (0000a8c0)     dalypackTCBBuffer

0000a900     2a4 (0000a900)     sendchargeTCBBuffer

0000a940     2a5 (0000a940)     recivecmdTCBBuffer

0000aa1e     2a8 (0000aa00)     val_adder

0000aa68     2a9 (0000aa40)     logchose
0000aa70     2a9 (0000aa40)     dalychose

0000aab6     2aa (0000aa80)     xQueueRegistry

0000aae2     2ab (0000aac0)     val_adder_chose
0000aae6     2ab (0000aac0)     rxHigherPriorityTaskWoken

0000ab00     2ac (0000ab00)     data_lock
0000ab01     2ac (0000ab00)     temp_need_state
0000ab02     2ac (0000ab00)     dalydata_lock
0000ab03     2ac (0000ab00)     logdata_lock
0000ab04     2ac (0000ab00)     tempdata_lock
0000ab05     2ac (0000ab00)     task_lock
0000ab06     2ac (0000ab00)     lock_trig
0000ab07     2ac (0000ab00)     lock_daly_cache
0000ab08     2ac (0000ab00)     lock_daly_task
0000ab0a     2ac (0000ab00)     daly_moniter
0000ab0c     2ac (0000ab00)     daly_map
0000ab0f     2ac (0000ab00)     temp_map
0000ab12     2ac (0000ab00)     RxPacketCtrl
0000ab19     2ac (0000ab00)     TempRxPacketCtrl
0000ab20     2ac (0000ab00)     log_map
0000ab28     2ac (0000ab00)     delaylog
0000ab30     2ac (0000ab00)     delaydaly

0000ab40     2ad (0000ab40)     TempRxPacketBuffer

0000ab80     2ae (0000ab80)     range

0000ac00     2b0 (0000ac00)     RxPacketBuffer

0000ac80     2b2 (0000ac80)     driver_status
0000ac81     2b2 (0000ac80)     pwm_status
0000ac82     2b2 (0000ac80)     message_effect_status
0000ac83     2b2 (0000ac80)     sys_mode
0000ac84     2b2 (0000ac80)     mode_chose
0000ac85     2b2 (0000ac80)     time_turn
0000ac86     2b2 (0000ac80)     time_control
0000ac87     2b2 (0000ac80)     time_auto
0000ac88     2b2 (0000ac80)     cmp_1
0000ac8a     2b2 (0000ac80)     tbprd
0000ac8c     2b2 (0000ac80)     phs_1
0000ac8e     2b2 (0000ac80)     phs_2
0000ac90     2b2 (0000ac80)     phs_3
0000ac92     2b2 (0000ac80)     phs_4
0000ac94     2b2 (0000ac80)     pwm_deadband
0000ac96     2b2 (0000ac80)     phs2_1
0000ac98     2b2 (0000ac80)     phs2_2
0000ac9a     2b2 (0000ac80)     phi_3
0000ac9c     2b2 (0000ac80)     phi_soft
0000aca6     2b2 (0000ac80)     pxCurrentTCB
0000acbc     2b2 (0000ac80)     bYield
0000acbd     2b2 (0000ac80)     bPreemptive
0000acbe     2b2 (0000ac80)     ulCriticalNesting

0000acc0     2b3 (0000acc0)     dalypackHandle
0000acc2     2b3 (0000acc0)     sendchargeHandle
0000acc4     2b3 (0000acc0)     recivecmdHandle
0000acc6     2b3 (0000acc0)     mySemaphore0Handle
0000acc8     2b3 (0000acc0)     mySemaphore1Handle
0000acca     2b3 (0000acc0)     time_test_cmp1
0000accb     2b3 (0000acc0)     time_test_cmp2
0000accc     2b3 (0000acc0)     time_test_cmp3
0000accd     2b3 (0000acc0)     time_test_db
0000acce     2b3 (0000acc0)     time_test_rest
0000acd2     2b3 (0000acc0)     slave_node_errorFlag
0000acd4     2b3 (0000acc0)     __TI_enable_exit_profile_output
0000acd6     2b3 (0000acc0)     __TI_cleanup_ptr
0000acd8     2b3 (0000acc0)     __TI_dtors_ptr
0000acda     2b3 (0000acc0)     _lock
0000acdc     2b3 (0000acc0)     _unlock

0000c000     300 (0000c000)     ucHeap

0000d000     340 (0000d000)     recivecmdStackBuffer

0000d100     344 (0000d100)     dalypackStackBuffer

0000d300     34c (0000d300)     sendchargeStackBuffer

0000d500     354 (0000d500)     idleTaskStack

0000e000     380 (0000e000)     delaytemp
0000e010     380 (0000e000)     temp_buf
0000e030     380 (0000e000)     daly_buf

0000e224     388 (0000e200)     log_buf

00087b31    21ec (00087b00)     uxTopUsedPriority


GLOBAL SYMBOLS: SORTED ALPHABETICALLY BY Name 

page  address   name                               
----  -------   ----                               
0     000837d3  ADC_init                           
0     00086e54  ADC_setINLTrim                     
0     00086ea3  ADC_setOffsetTrim                  
0     00086ef9  ADC_setOffsetTrimAll               
0     00086f21  ADC_setPPBTripLimits               
0     00086e08  ADC_setVREF                        
0     00083a23  ASYSCTL_init                       
0     00083714  Board_init                         
0     0008790d  C$$EXIT                            
0     00083a29  CPUTIMER_init                      
0     000878fa  CPUTimer_setEmulationMode          
0     000860ed  CmpSet                             
0     0008617f  CmpandPhsSet                       
0     00008500  ControlLoop                        
0     00085ec5  DCC_continuousMonitor              
0     00085d30  DCC_getRevisionNumber              
0     00085e18  DCC_measureClockFrequency          
0     00085d4d  DCC_verifyClockFrequency           
0     00083f3e  DIS_init                           
0     00083ef3  DRV_init                           
0     00087476  Delay_ms                           
0     00087448  Delay_us                           
0     00086952  Device_enableAllPeripherals        
0     000868f0  Device_init                        
0     00086a32  Device_initGPIO                    
0     00086a42  Device_verifyXTAL                  
0     00083a2a  EPWM_init                          
0     00008853  Flash_initModule                   
0     00008897  Flash_powerDown                    
0     000088b2  Flash_wakeFromLPM                  
0     000877f8  FreeRTOS_init                      
0     00086647  GPIO_getDirectionMode              
0     000866ed  GPIO_getPadConfig                  
0     00086762  GPIO_getQualificationMode          
0     00083eb9  GPIO_init                          
0     000867fe  GPIO_setAnalogMode                 
0     000867c7  GPIO_setControllerCore             
0     00086616  GPIO_setDirectionMode              
0     00086667  GPIO_setInterruptPin               
0     0008669b  GPIO_setPadConfig                  
0     00086838  GPIO_setPinConfig                  
0     0008672b  GPIO_setQualificationMode          
0     0008678e  GPIO_setQualificationPeriod        
0     00086148  GateDriverDisable                  
0     0008613c  GateDriverEnable                   
0     00083f57  INTERRUPT_init                     
0     000088cd  INT_myADCA_1_ISR                   
0     0000891a  INT_mySCI0_RX_ISR                  
0     000089b9  INT_mySCI0_TX_ISR                  
0     00086b29  Init_bidirectional                 
0     00087620  Init_bigLogbuf                     
0     0008763e  Init_dalybuf                       
0     00087662  Init_tempbuf                       
0     000860be  Init_val_adder                     
0     00087668  Initrangtaske                      
0     000870bb  Interrupt_disable                  
0     00087084  Interrupt_enable                   
0     00087029  Interrupt_initModule               
0     00087066  Interrupt_initVectorTable          
0     00083edf  LED_GREEN_init                     
0     00083ec6  LED_RED_init                       
0     00086163  Phs2Set                            
0     0008616b  Phs3Set                            
0     00086177  Phs4Set                            
0     00086153  PhsSet                             
0     00083729  PinMux_init                        
0     00086204  PwmDisable                         
0     000861e7  PwmEnable                          
0     00081aff  RamfuncsLoadEnd                    
abs   00000aff  RamfuncsLoadSize                   
0     00081000  RamfuncsLoadStart                  
0     00008aff  RamfuncsRunEnd                     
abs   00000aff  RamfuncsRunSize                    
0     00008000  RamfuncsRunStart                   
0     00086b5a  Reset_SelfOpen                     
1     0000ac00  RxPacketBuffer                     
1     0000ab12  RxPacketCtrl                       
0     00086565  SCI_clearInterruptStatus           
0     000864d2  SCI_disableInterrupt               
0     0008648e  SCI_enableInterrupt                
0     00086517  SCI_getInterruptStatus             
0     00083f88  SCI_init                           
0     00086453  SCI_readCharArray                  
0     000865aa  SCI_setBaud                        
0     000863d4  SCI_setConfig                      
0     000865cf  SCI_setWakeFlag                    
0     00086412  SCI_writeCharArray                 
0     00083fce  SYNC_init                          
0     00008000  SciRxPacketReset                   
0     00086bf8  Self_Negative_HalfCycle            
0     00086ba9  Self_Positive_HalfCycle            
0     000862f2  SetPhi_1                           
0     000862fa  SetPhi_2                           
0     00008afb  SysCtl_delay                       
0     0008586b  SysCtl_getClock                    
0     00085a2f  SysCtl_getDeviceParametric         
0     00085a15  SysCtl_getLowSpeedClock            
0     00085a8a  SysCtl_isPLLValid                  
0     000859cc  SysCtl_selectOscSource             
0     0008598e  SysCtl_selectXTAL                  
0     000859b2  SysCtl_selectXTALSingleEnded       
0     000858c9  SysCtl_setClock                    
0     00083f0c  TIME_WATCH1_init                   
0     00083f25  TIME_WATCH2_init                   
1     0000ab40  TempRxPacketBuffer                 
1     0000ab19  TempRxPacketCtrl                   
0     00008006  TempSciRxPacketReset               
0     0000800b  TemprxDecodeWord                   
0     0008621c  Trigger                            
0     00081b58  __TI_CINIT_Base                    
0     00081b6c  __TI_CINIT_Limit                   
0     00081b6c  __TI_CINIT_Warm                    
0     00081b46  __TI_Handler_Table_Base            
0     00081b4c  __TI_Handler_Table_Limit           
1     00000600  __TI_STACK_END                     
abs   00000200  __TI_STACK_SIZE                    
0     000878b8  __TI_auto_init_nobinit_nopinit     
1     0000acd6  __TI_cleanup_ptr                   
0     00087888  __TI_decompress_lzss               
0     000879ea  __TI_decompress_none               
1     0000acd8  __TI_dtors_ptr                     
1     0000acd4  __TI_enable_exit_profile_output    
abs   ffffffff  __TI_pprof_out_hndl                
abs   ffffffff  __TI_prof_data_size                
abs   ffffffff  __TI_prof_data_start               
0     00087a01  __TI_zero_init                     
0     000874b2  __c28xabi_addd                     
0     0008766e  __c28xabi_divd                     
0     000876f9  __c28xabi_divf                     
0     000879d6  __c28xabi_divu                     
0     00087973  __c28xabi_dtoul                    
0     000879db  __c28xabi_modu                     
0     000879bc  __c28xabi_subd                     
0     000879a5  __c28xabi_utod                     
n/a   UNDEFED   __c_args__                         
0     00086a75  __error__                          
1     00000400  __stack                            
0     000879ca  _args_main                         
0     0008798e  _c_int00                           
1     0000acda  _lock                              
0     000879e9  _nop                               
0     000879e5  _register_lock                     
0     000879e1  _register_unlock                   
0     00087a09  _system_post_cinit                 
0     00087a07  _system_pre_init                   
1     0000acdc  _unlock                            
0     0008790d  abort                              
0     00008117  adddalynumber                      
0     000080b1  addlognumber                       
0     00008173  addtaske                           
0     0000813d  addtempnumber                      
1     0000acbd  bPreemptive                        
1     0000acbc  bYield                             
0     000862c5  change_time_auto                   
0     000862d5  change_time_control                
0     000862b8  change_to_dc                       
0     000862be  change_to_self                     
0     0000823f  checksumCalc                       
1     0000ac88  cmp_1                              
0     00080000  code_start                         
0     00087484  configCPUTimer                     
1     0000e030  daly_buf                           
0     000084ff  daly_chose                         
0     000084ce  daly_data_pack                     
1     0000ab0c  daly_map                           
1     0000ab0a  daly_moniter                       
0     000089f1  daly_pack                          
1     0000aa70  dalychose                          
1     0000ab02  dalydata_lock                      
1     0000acc0  dalypackHandle                     
1     0000d100  dalypackStackBuffer                
1     0000a8c0  dalypackTCBBuffer                  
0     00087781  dalypack_init                      
1     0000ab00  data_lock                          
1     0000ab30  delaydaly                          
1     0000ab28  delaylog                           
1     0000e000  delaytemp                          
1     0000ac80  driver_status                      
0     000841e6  eTaskGetState                      
0     000083d7  executaske                         
0     0008790f  exit                               
0     00087805  getSTF                             
1     0000d500  idleTaskStack                      
1     0000a880  idleTaskTCBBuffer                  
1     0000ab07  lock_daly_cache                    
1     0000ab08  lock_daly_task                     
1     0000ab06  lock_trig                          
1     0000e224  log_buf                            
1     0000ab20  log_map                            
1     0000aa68  logchose                           
1     0000ab03  logdata_lock                       
0     00087397  main                               
0     00087956  memcpy                             
0     000879fa  memset                             
1     0000ac82  message_effect_status              
1     0000ac84  mode_chose                         
0     000837da  myADCA_init                        
0     0008395a  myADCB_init                        
0     000838b1  myADCC_init                        
0     00083f8b  mySCI0_init                        
1     0000a800  mySemaphore0Buffer                 
1     0000acc6  mySemaphore0Handle                 
0     000877c9  mySemaphore0_init                  
1     0000a840  mySemaphore1Buffer                 
1     0000acc8  mySemaphore1Handle                 
0     000877d8  mySemaphore1_init                  
0     0008564e  pcQueueGetName                     
0     000845bb  pcTaskGetName                      
1     0000ac9a  phi_3                              
1     0000ac9c  phi_soft                           
1     0000ac96  phs2_1                             
1     0000ac98  phs2_2                             
1     0000ac8c  phs_1                              
1     0000ac8e  phs_2                              
1     0000ac90  phs_3                              
1     0000ac92  phs_4                              
0     00087809  portRESTORE_FIRST_CONTEXT          
0     00087814  portTICK_ISR                       
0     00087109  pvPortMalloc                       
0     00084bcd  pvTaskIncrementMutexHeldCount      
1     0000ac94  pwm_deadband                       
1     0000ac81  pwm_status                         
1     0000aca6  pxCurrentTCB                       
0     00086cec  pxPortInitialiseStack              
1     0000ab80  range                              
0     00008a63  recive_cmd                         
1     0000acc4  recivecmdHandle                    
1     0000d000  recivecmdStackBuffer               
1     0000a940  recivecmdTCBBuffer                 
0     000877b1  recivecmd_init                     
0     00008a83  rxCmdList                          
0     00008052  rxDecodeWord                       
1     0000aae6  rxHigherPriorityTaskWoken          
0     00008a58  send_charge                        
1     0000acc2  sendchargeHandle                   
1     0000d300  sendchargeStackBuffer              
1     0000a900  sendchargeTCBBuffer                
0     00087799  sendcharge_init                    
0     0000826d  sendmessage                        
0     00008251  sendu16                            
0     00086221  set_dab_deadband                   
0     0008628f  set_sys_mode_0                     
0     000862a3  set_sys_mode_1                     
1     0000acd2  slave_node_errorFlag               
1     0000ac83  sys_mode                           
1     0000ab05  task_lock                          
1     0000ac8a  tbprd                              
1     0000e010  temp_buf                           
1     0000ab0f  temp_map                           
1     0000ab01  temp_need_state                    
1     0000ab04  tempdata_lock                      
1     0000ac87  time_auto                          
1     0000ac86  time_control                       
1     0000acca  time_test_cmp1                     
1     0000accb  time_test_cmp2                     
1     0000accc  time_test_cmp3                     
1     0000accd  time_test_db                       
1     0000acce  time_test_rest                     
1     0000ac85  time_turn                          
0     00008485  trigger_data_pack                  
1     0000c000  ucHeap                             
1     0000acbe  ulCriticalNesting                  
0     00084bd7  ulTaskGenericNotifyTake            
0     00084f24  ulTaskGenericNotifyValueClear      
0     000875bc  uxListRemove                       
0     000854a1  uxQueueMessagesWaiting             
0     000854c4  uxQueueMessagesWaitingFromISR      
0     000854af  uxQueueSpacesAvailable             
0     000845b7  uxTaskGetNumberOfTasks             
0     0008423b  uxTaskPriorityGet                  
0     00084251  uxTaskPriorityGetFromISR           
0     00084bb8  uxTaskResetEventItemValue          
0     00087b31  uxTopUsedPriority                  
0     000877e7  vApplicationGetIdleTaskMemory      
0     0008754e  vListInitialise                    
0     00087566  vListInitialiseItem                
0     0008758a  vListInsert                        
0     0008756f  vListInsertEnd                     
0     00086da0  vPortEndScheduler                  
0     00086daf  vPortEnterCritical                 
0     00086db7  vPortExitCritical                  
0     0008718f  vPortFree                          
0     00087241  vPortGetHeapStats                  
0     000871c4  vPortInitialiseBlocks              
0     00086dc1  vPortSetupTimerInterrupt           
0     00085612  vQueueAddToRegistry                
0     000854cf  vQueueDelete                       
0     00085670  vQueueUnregisterQueue              
0     000841cd  vTaskDelay                         
0     0008414b  vTaskDelete                        
0     000844be  vTaskEndScheduler                  
0     00084e4c  vTaskGenericNotifyGiveFromISR      
0     00084914  vTaskInternalSetTimeOutState       
0     00084961  vTaskMissedYield                   
0     00084774  vTaskPlaceOnEventList              
0     00084784  vTaskPlaceOnUnorderedEventList     
0     00084b21  vTaskPriorityDisinheritAfterTimeout
0     00084263  vTaskPrioritySet                   
0     00084873  vTaskRemoveFromUnorderedEventList  
0     000843b1  vTaskResume                        
0     00084904  vTaskSetTimeOutState               
0     00084484  vTaskStartScheduler                
0     00084322  vTaskSuspend                       
0     000844c6  vTaskSuspendAll                    
0     0008473c  vTaskSwitchContext                 
1     0000aa1e  val_adder                          
1     0000aae2  val_adder_chose                    
0     000871bc  xPortGetFreeHeapSize               
0     000871c0  xPortGetMinimumEverFreeHeapSize    
0     00086da1  xPortStartScheduler                
0     00085120  xQueueCreateCountingSemaphore      
0     00085103  xQueueCreateCountingSemaphoreStatic
0     000850ab  xQueueCreateMutex                  
0     000850bb  xQueueCreateMutexStatic            
0     00085043  xQueueGenericCreate                
0     0008501e  xQueueGenericCreateStatic          
0     00084fa2  xQueueGenericReset                 
0     00085138  xQueueGenericSend                  
0     000851d6  xQueueGenericSendFromISR           
0     0008521f  xQueueGiveFromISR                  
0     000850ce  xQueueGiveMutexRecursive           
0     000855d4  xQueueIsQueueEmptyFromISR          
0     000855fc  xQueueIsQueueFullFromISR           
0     000853b0  xQueuePeek                         
0     00085487  xQueuePeekFromISR                  
0     00085262  xQueueReceive                      
0     00085446  xQueueReceiveFromISR               
1     0000aab6  xQueueRegistry                     
0     000852f9  xQueueSemaphoreTake                
0     000850e9  xQueueTakeMutexRecursive           
0     000845d6  xTaskAbortDelay                    
0     000845ca  xTaskCatchUpTicks                  
0     00084920  xTaskCheckForTimeOut               
0     0008401a  xTaskCreate                        
0     00083fec  xTaskCreateStatic                  
0     00084194  xTaskDelayUntil                    
0     00084c88  xTaskGenericNotify                 
0     00084d5a  xTaskGenericNotifyFromISR          
0     00084f00  xTaskGenericNotifyStateClear       
0     00084c27  xTaskGenericNotifyWait             
0     000849ef  xTaskGetCurrentTaskHandle          
0     000849f7  xTaskGetSchedulerState             
0     000845a3  xTaskGetTickCount                  
0     000845af  xTaskGetTickCountFromISR           
0     0008464b  xTaskIncrementTick                 
0     00084aac  xTaskPriorityDisinherit            
0     00084a08  xTaskPriorityInherit               
0     000847b3  xTaskRemoveFromEventList           
0     000844ca  xTaskResumeAll                     
0     0008441b  xTaskResumeFromISR                 


GLOBAL SYMBOLS: SORTED BY Symbol Address 

page  address   name                               
----  -------   ----                               
0     00008000  RamfuncsRunStart                   
0     00008000  SciRxPacketReset                   
0     00008006  TempSciRxPacketReset               
0     0000800b  TemprxDecodeWord                   
0     00008052  rxDecodeWord                       
0     000080b1  addlognumber                       
0     00008117  adddalynumber                      
0     0000813d  addtempnumber                      
0     00008173  addtaske                           
0     0000823f  checksumCalc                       
0     00008251  sendu16                            
0     0000826d  sendmessage                        
0     000083d7  executaske                         
0     00008485  trigger_data_pack                  
0     000084ce  daly_data_pack                     
0     000084ff  daly_chose                         
0     00008500  ControlLoop                        
0     00008853  Flash_initModule                   
0     00008897  Flash_powerDown                    
0     000088b2  Flash_wakeFromLPM                  
0     000088cd  INT_myADCA_1_ISR                   
0     0000891a  INT_mySCI0_RX_ISR                  
0     000089b9  INT_mySCI0_TX_ISR                  
0     000089f1  daly_pack                          
0     00008a58  send_charge                        
0     00008a63  recive_cmd                         
0     00008a83  rxCmdList                          
0     00008afb  SysCtl_delay                       
0     00008aff  RamfuncsRunEnd                     
0     00080000  code_start                         
0     00081000  RamfuncsLoadStart                  
0     00081aff  RamfuncsLoadEnd                    
0     00081b46  __TI_Handler_Table_Base            
0     00081b4c  __TI_Handler_Table_Limit           
0     00081b58  __TI_CINIT_Base                    
0     00081b6c  __TI_CINIT_Limit                   
0     00081b6c  __TI_CINIT_Warm                    
0     00083714  Board_init                         
0     00083729  PinMux_init                        
0     000837d3  ADC_init                           
0     000837da  myADCA_init                        
0     000838b1  myADCC_init                        
0     0008395a  myADCB_init                        
0     00083a23  ASYSCTL_init                       
0     00083a29  CPUTIMER_init                      
0     00083a2a  EPWM_init                          
0     00083eb9  GPIO_init                          
0     00083ec6  LED_RED_init                       
0     00083edf  LED_GREEN_init                     
0     00083ef3  DRV_init                           
0     00083f0c  TIME_WATCH1_init                   
0     00083f25  TIME_WATCH2_init                   
0     00083f3e  DIS_init                           
0     00083f57  INTERRUPT_init                     
0     00083f88  SCI_init                           
0     00083f8b  mySCI0_init                        
0     00083fce  SYNC_init                          
0     00083fec  xTaskCreateStatic                  
0     0008401a  xTaskCreate                        
0     0008414b  vTaskDelete                        
0     00084194  xTaskDelayUntil                    
0     000841cd  vTaskDelay                         
0     000841e6  eTaskGetState                      
0     0008423b  uxTaskPriorityGet                  
0     00084251  uxTaskPriorityGetFromISR           
0     00084263  vTaskPrioritySet                   
0     00084322  vTaskSuspend                       
0     000843b1  vTaskResume                        
0     0008441b  xTaskResumeFromISR                 
0     00084484  vTaskStartScheduler                
0     000844be  vTaskEndScheduler                  
0     000844c6  vTaskSuspendAll                    
0     000844ca  xTaskResumeAll                     
0     000845a3  xTaskGetTickCount                  
0     000845af  xTaskGetTickCountFromISR           
0     000845b7  uxTaskGetNumberOfTasks             
0     000845bb  pcTaskGetName                      
0     000845ca  xTaskCatchUpTicks                  
0     000845d6  xTaskAbortDelay                    
0     0008464b  xTaskIncrementTick                 
0     0008473c  vTaskSwitchContext                 
0     00084774  vTaskPlaceOnEventList              
0     00084784  vTaskPlaceOnUnorderedEventList     
0     000847b3  xTaskRemoveFromEventList           
0     00084873  vTaskRemoveFromUnorderedEventList  
0     00084904  vTaskSetTimeOutState               
0     00084914  vTaskInternalSetTimeOutState       
0     00084920  xTaskCheckForTimeOut               
0     00084961  vTaskMissedYield                   
0     000849ef  xTaskGetCurrentTaskHandle          
0     000849f7  xTaskGetSchedulerState             
0     00084a08  xTaskPriorityInherit               
0     00084aac  xTaskPriorityDisinherit            
0     00084b21  vTaskPriorityDisinheritAfterTimeout
0     00084bb8  uxTaskResetEventItemValue          
0     00084bcd  pvTaskIncrementMutexHeldCount      
0     00084bd7  ulTaskGenericNotifyTake            
0     00084c27  xTaskGenericNotifyWait             
0     00084c88  xTaskGenericNotify                 
0     00084d5a  xTaskGenericNotifyFromISR          
0     00084e4c  vTaskGenericNotifyGiveFromISR      
0     00084f00  xTaskGenericNotifyStateClear       
0     00084f24  ulTaskGenericNotifyValueClear      
0     00084fa2  xQueueGenericReset                 
0     0008501e  xQueueGenericCreateStatic          
0     00085043  xQueueGenericCreate                
0     000850ab  xQueueCreateMutex                  
0     000850bb  xQueueCreateMutexStatic            
0     000850ce  xQueueGiveMutexRecursive           
0     000850e9  xQueueTakeMutexRecursive           
0     00085103  xQueueCreateCountingSemaphoreStatic
0     00085120  xQueueCreateCountingSemaphore      
0     00085138  xQueueGenericSend                  
0     000851d6  xQueueGenericSendFromISR           
0     0008521f  xQueueGiveFromISR                  
0     00085262  xQueueReceive                      
0     000852f9  xQueueSemaphoreTake                
0     000853b0  xQueuePeek                         
0     00085446  xQueueReceiveFromISR               
0     00085487  xQueuePeekFromISR                  
0     000854a1  uxQueueMessagesWaiting             
0     000854af  uxQueueSpacesAvailable             
0     000854c4  uxQueueMessagesWaitingFromISR      
0     000854cf  vQueueDelete                       
0     000855d4  xQueueIsQueueEmptyFromISR          
0     000855fc  xQueueIsQueueFullFromISR           
0     00085612  vQueueAddToRegistry                
0     0008564e  pcQueueGetName                     
0     00085670  vQueueUnregisterQueue              
0     0008586b  SysCtl_getClock                    
0     000858c9  SysCtl_setClock                    
0     0008598e  SysCtl_selectXTAL                  
0     000859b2  SysCtl_selectXTALSingleEnded       
0     000859cc  SysCtl_selectOscSource             
0     00085a15  SysCtl_getLowSpeedClock            
0     00085a2f  SysCtl_getDeviceParametric         
0     00085a8a  SysCtl_isPLLValid                  
0     00085d30  DCC_getRevisionNumber              
0     00085d4d  DCC_verifyClockFrequency           
0     00085e18  DCC_measureClockFrequency          
0     00085ec5  DCC_continuousMonitor              
0     000860be  Init_val_adder                     
0     000860ed  CmpSet                             
0     0008613c  GateDriverEnable                   
0     00086148  GateDriverDisable                  
0     00086153  PhsSet                             
0     00086163  Phs2Set                            
0     0008616b  Phs3Set                            
0     00086177  Phs4Set                            
0     0008617f  CmpandPhsSet                       
0     000861e7  PwmEnable                          
0     00086204  PwmDisable                         
0     0008621c  Trigger                            
0     00086221  set_dab_deadband                   
0     0008628f  set_sys_mode_0                     
0     000862a3  set_sys_mode_1                     
0     000862b8  change_to_dc                       
0     000862be  change_to_self                     
0     000862c5  change_time_auto                   
0     000862d5  change_time_control                
0     000862f2  SetPhi_1                           
0     000862fa  SetPhi_2                           
0     000863d4  SCI_setConfig                      
0     00086412  SCI_writeCharArray                 
0     00086453  SCI_readCharArray                  
0     0008648e  SCI_enableInterrupt                
0     000864d2  SCI_disableInterrupt               
0     00086517  SCI_getInterruptStatus             
0     00086565  SCI_clearInterruptStatus           
0     000865aa  SCI_setBaud                        
0     000865cf  SCI_setWakeFlag                    
0     00086616  GPIO_setDirectionMode              
0     00086647  GPIO_getDirectionMode              
0     00086667  GPIO_setInterruptPin               
0     0008669b  GPIO_setPadConfig                  
0     000866ed  GPIO_getPadConfig                  
0     0008672b  GPIO_setQualificationMode          
0     00086762  GPIO_getQualificationMode          
0     0008678e  GPIO_setQualificationPeriod        
0     000867c7  GPIO_setControllerCore             
0     000867fe  GPIO_setAnalogMode                 
0     00086838  GPIO_setPinConfig                  
0     000868f0  Device_init                        
0     00086952  Device_enableAllPeripherals        
0     00086a32  Device_initGPIO                    
0     00086a42  Device_verifyXTAL                  
0     00086a75  __error__                          
0     00086b29  Init_bidirectional                 
0     00086b5a  Reset_SelfOpen                     
0     00086ba9  Self_Positive_HalfCycle            
0     00086bf8  Self_Negative_HalfCycle            
0     00086cec  pxPortInitialiseStack              
0     00086da0  vPortEndScheduler                  
0     00086da1  xPortStartScheduler                
0     00086daf  vPortEnterCritical                 
0     00086db7  vPortExitCritical                  
0     00086dc1  vPortSetupTimerInterrupt           
0     00086e08  ADC_setVREF                        
0     00086e54  ADC_setINLTrim                     
0     00086ea3  ADC_setOffsetTrim                  
0     00086ef9  ADC_setOffsetTrimAll               
0     00086f21  ADC_setPPBTripLimits               
0     00087029  Interrupt_initModule               
0     00087066  Interrupt_initVectorTable          
0     00087084  Interrupt_enable                   
0     000870bb  Interrupt_disable                  
0     00087109  pvPortMalloc                       
0     0008718f  vPortFree                          
0     000871bc  xPortGetFreeHeapSize               
0     000871c0  xPortGetMinimumEverFreeHeapSize    
0     000871c4  vPortInitialiseBlocks              
0     00087241  vPortGetHeapStats                  
0     00087397  main                               
0     00087448  Delay_us                           
0     00087476  Delay_ms                           
0     00087484  configCPUTimer                     
0     000874b2  __c28xabi_addd                     
0     0008754e  vListInitialise                    
0     00087566  vListInitialiseItem                
0     0008756f  vListInsertEnd                     
0     0008758a  vListInsert                        
0     000875bc  uxListRemove                       
0     00087620  Init_bigLogbuf                     
0     0008763e  Init_dalybuf                       
0     00087662  Init_tempbuf                       
0     00087668  Initrangtaske                      
0     0008766e  __c28xabi_divd                     
0     000876f9  __c28xabi_divf                     
0     00087781  dalypack_init                      
0     00087799  sendcharge_init                    
0     000877b1  recivecmd_init                     
0     000877c9  mySemaphore0_init                  
0     000877d8  mySemaphore1_init                  
0     000877e7  vApplicationGetIdleTaskMemory      
0     000877f8  FreeRTOS_init                      
0     00087805  getSTF                             
0     00087809  portRESTORE_FIRST_CONTEXT          
0     00087814  portTICK_ISR                       
0     00087888  __TI_decompress_lzss               
0     000878b8  __TI_auto_init_nobinit_nopinit     
0     000878fa  CPUTimer_setEmulationMode          
0     0008790d  C$$EXIT                            
0     0008790d  abort                              
0     0008790f  exit                               
0     00087956  memcpy                             
0     00087973  __c28xabi_dtoul                    
0     0008798e  _c_int00                           
0     000879a5  __c28xabi_utod                     
0     000879bc  __c28xabi_subd                     
0     000879ca  _args_main                         
0     000879d6  __c28xabi_divu                     
0     000879db  __c28xabi_modu                     
0     000879e1  _register_unlock                   
0     000879e5  _register_lock                     
0     000879e9  _nop                               
0     000879ea  __TI_decompress_none               
0     000879fa  memset                             
0     00087a01  __TI_zero_init                     
0     00087a07  _system_pre_init                   
0     00087a09  _system_post_cinit                 
0     00087b31  uxTopUsedPriority                  
1     00000400  __stack                            
1     00000600  __TI_STACK_END                     
1     0000a800  mySemaphore0Buffer                 
1     0000a840  mySemaphore1Buffer                 
1     0000a880  idleTaskTCBBuffer                  
1     0000a8c0  dalypackTCBBuffer                  
1     0000a900  sendchargeTCBBuffer                
1     0000a940  recivecmdTCBBuffer                 
1     0000aa1e  val_adder                          
1     0000aa68  logchose                           
1     0000aa70  dalychose                          
1     0000aab6  xQueueRegistry                     
1     0000aae2  val_adder_chose                    
1     0000aae6  rxHigherPriorityTaskWoken          
1     0000ab00  data_lock                          
1     0000ab01  temp_need_state                    
1     0000ab02  dalydata_lock                      
1     0000ab03  logdata_lock                       
1     0000ab04  tempdata_lock                      
1     0000ab05  task_lock                          
1     0000ab06  lock_trig                          
1     0000ab07  lock_daly_cache                    
1     0000ab08  lock_daly_task                     
1     0000ab0a  daly_moniter                       
1     0000ab0c  daly_map                           
1     0000ab0f  temp_map                           
1     0000ab12  RxPacketCtrl                       
1     0000ab19  TempRxPacketCtrl                   
1     0000ab20  log_map                            
1     0000ab28  delaylog                           
1     0000ab30  delaydaly                          
1     0000ab40  TempRxPacketBuffer                 
1     0000ab80  range                              
1     0000ac00  RxPacketBuffer                     
1     0000ac80  driver_status                      
1     0000ac81  pwm_status                         
1     0000ac82  message_effect_status              
1     0000ac83  sys_mode                           
1     0000ac84  mode_chose                         
1     0000ac85  time_turn                          
1     0000ac86  time_control                       
1     0000ac87  time_auto                          
1     0000ac88  cmp_1                              
1     0000ac8a  tbprd                              
1     0000ac8c  phs_1                              
1     0000ac8e  phs_2                              
1     0000ac90  phs_3                              
1     0000ac92  phs_4                              
1     0000ac94  pwm_deadband                       
1     0000ac96  phs2_1                             
1     0000ac98  phs2_2                             
1     0000ac9a  phi_3                              
1     0000ac9c  phi_soft                           
1     0000aca6  pxCurrentTCB                       
1     0000acbc  bYield                             
1     0000acbd  bPreemptive                        
1     0000acbe  ulCriticalNesting                  
1     0000acc0  dalypackHandle                     
1     0000acc2  sendchargeHandle                   
1     0000acc4  recivecmdHandle                    
1     0000acc6  mySemaphore0Handle                 
1     0000acc8  mySemaphore1Handle                 
1     0000acca  time_test_cmp1                     
1     0000accb  time_test_cmp2                     
1     0000accc  time_test_cmp3                     
1     0000accd  time_test_db                       
1     0000acce  time_test_rest                     
1     0000acd2  slave_node_errorFlag               
1     0000acd4  __TI_enable_exit_profile_output    
1     0000acd6  __TI_cleanup_ptr                   
1     0000acd8  __TI_dtors_ptr                     
1     0000acda  _lock                              
1     0000acdc  _unlock                            
1     0000c000  ucHeap                             
1     0000d000  recivecmdStackBuffer               
1     0000d100  dalypackStackBuffer                
1     0000d300  sendchargeStackBuffer              
1     0000d500  idleTaskStack                      
1     0000e000  delaytemp                          
1     0000e010  temp_buf                           
1     0000e030  daly_buf                           
1     0000e224  log_buf                            
abs   00000200  __TI_STACK_SIZE                    
abs   00000aff  RamfuncsLoadSize                   
abs   00000aff  RamfuncsRunSize                    
abs   ffffffff  __TI_pprof_out_hndl                
abs   ffffffff  __TI_prof_data_size                
abs   ffffffff  __TI_prof_data_start               
n/a   UNDEFED   __c_args__                         

[350 symbols]
