<?xml version="1.0" encoding="ISO-8859-1" ?>
<link_info>
   <banner>TMS320C2000 Linker PC v22.6.1.LTS</banner>
   <copyright>Copyright (c) 1996-2018 Texas Instruments Incorporated</copyright>
   <link_time>0x69cb304c</link_time>
   <link_errors>0x0</link_errors>
   <output_file>HTRB_Controlcore_V1.0.out</output_file>
   <entry_point>
      <name>_c_int00</name>
      <address>0x87796</address>
   </entry_point>
   <input_file_list>
      <input_file id="fl-2">
         <path>.\syscfg\</path>
         <kind>object</kind>
         <file>board.obj</file>
         <name>board.obj</name>
      </input_file>
      <input_file id="fl-3">
         <path>.\syscfg\</path>
         <kind>object</kind>
         <file>sw_prioritized_defaultisr.obj</file>
         <name>sw_prioritized_defaultisr.obj</name>
      </input_file>
      <input_file id="fl-4">
         <path>.\syscfg\</path>
         <kind>object</kind>
         <file>c2000ware_libraries.obj</file>
         <name>c2000ware_libraries.obj</name>
      </input_file>
      <input_file id="fl-5">
         <path>.\syscfg\</path>
         <kind>object</kind>
         <file>c2000_freertos.obj</file>
         <name>c2000_freertos.obj</name>
      </input_file>
      <input_file id="fl-6">
         <path>.\</path>
         <kind>object</kind>
         <file>tasks.obj</file>
         <name>tasks.obj</name>
      </input_file>
      <input_file id="fl-7">
         <path>.\</path>
         <kind>object</kind>
         <file>queue.obj</file>
         <name>queue.obj</name>
      </input_file>
      <input_file id="fl-8">
         <path>.\</path>
         <kind>object</kind>
         <file>list.obj</file>
         <name>list.obj</name>
      </input_file>
      <input_file id="fl-9">
         <path>.\</path>
         <kind>object</kind>
         <file>timers.obj</file>
         <name>timers.obj</name>
      </input_file>
      <input_file id="fl-a">
         <path>.\</path>
         <kind>object</kind>
         <file>event_groups.obj</file>
         <name>event_groups.obj</name>
      </input_file>
      <input_file id="fl-b">
         <path>.\</path>
         <kind>object</kind>
         <file>stream_buffer.obj</file>
         <name>stream_buffer.obj</name>
      </input_file>
      <input_file id="fl-c">
         <path>.\</path>
         <kind>object</kind>
         <file>port.obj</file>
         <name>port.obj</name>
      </input_file>
      <input_file id="fl-d">
         <path>.\</path>
         <kind>object</kind>
         <file>portasm.obj</file>
         <name>portasm.obj</name>
      </input_file>
      <input_file id="fl-e">
         <path>.\</path>
         <kind>object</kind>
         <file>heap_4.obj</file>
         <name>heap_4.obj</name>
      </input_file>
      <input_file id="fl-f">
         <path>.\APP\src\</path>
         <kind>object</kind>
         <file>htrb_control.obj</file>
         <name>htrb_control.obj</name>
      </input_file>
      <input_file id="fl-10">
         <path>.\APP\src\</path>
         <kind>object</kind>
         <file>main.obj</file>
         <name>main.obj</name>
      </input_file>
      <input_file id="fl-11">
         <path>.\APP\src\</path>
         <kind>object</kind>
         <file>sci_cmd.obj</file>
         <name>sci_cmd.obj</name>
      </input_file>
      <input_file id="fl-12">
         <path>.\APP\src\</path>
         <kind>object</kind>
         <file>sci_fifo.obj</file>
         <name>sci_fifo.obj</name>
      </input_file>
      <input_file id="fl-13">
         <path>.\APP\src\</path>
         <kind>object</kind>
         <file>sys.obj</file>
         <name>sys.obj</name>
      </input_file>
      <input_file id="fl-14">
         <path>.\device\</path>
         <kind>object</kind>
         <file>device.obj</file>
         <name>device.obj</name>
      </input_file>
      <input_file id="fl-15">
         <path>.\device\</path>
         <kind>object</kind>
         <file>f28004x_codestartbranch.obj</file>
         <name>f28004x_codestartbranch.obj</name>
      </input_file>
      <input_file id="fl-16">
         <path>.\driverlib\</path>
         <kind>object</kind>
         <file>adc.obj</file>
         <name>adc.obj</name>
      </input_file>
      <input_file id="fl-17">
         <path>.\driverlib\</path>
         <kind>object</kind>
         <file>asysctl.obj</file>
         <name>asysctl.obj</name>
      </input_file>
      <input_file id="fl-18">
         <path>.\driverlib\</path>
         <kind>object</kind>
         <file>can.obj</file>
         <name>can.obj</name>
      </input_file>
      <input_file id="fl-19">
         <path>.\driverlib\</path>
         <kind>object</kind>
         <file>cla.obj</file>
         <name>cla.obj</name>
      </input_file>
      <input_file id="fl-1a">
         <path>.\driverlib\</path>
         <kind>object</kind>
         <file>clapromcrc.obj</file>
         <name>clapromcrc.obj</name>
      </input_file>
      <input_file id="fl-1b">
         <path>.\driverlib\</path>
         <kind>object</kind>
         <file>clb.obj</file>
         <name>clb.obj</name>
      </input_file>
      <input_file id="fl-1c">
         <path>.\driverlib\</path>
         <kind>object</kind>
         <file>cmpss.obj</file>
         <name>cmpss.obj</name>
      </input_file>
      <input_file id="fl-1d">
         <path>.\driverlib\</path>
         <kind>object</kind>
         <file>cputimer.obj</file>
         <name>cputimer.obj</name>
      </input_file>
      <input_file id="fl-1e">
         <path>.\driverlib\</path>
         <kind>object</kind>
         <file>dac.obj</file>
         <name>dac.obj</name>
      </input_file>
      <input_file id="fl-1f">
         <path>.\driverlib\</path>
         <kind>object</kind>
         <file>dcc.obj</file>
         <name>dcc.obj</name>
      </input_file>
      <input_file id="fl-20">
         <path>.\driverlib\</path>
         <kind>object</kind>
         <file>dcsm.obj</file>
         <name>dcsm.obj</name>
      </input_file>
      <input_file id="fl-21">
         <path>.\driverlib\</path>
         <kind>object</kind>
         <file>dma.obj</file>
         <name>dma.obj</name>
      </input_file>
      <input_file id="fl-22">
         <path>.\driverlib\</path>
         <kind>object</kind>
         <file>ecap.obj</file>
         <name>ecap.obj</name>
      </input_file>
      <input_file id="fl-23">
         <path>.\driverlib\</path>
         <kind>object</kind>
         <file>epwm.obj</file>
         <name>epwm.obj</name>
      </input_file>
      <input_file id="fl-24">
         <path>.\driverlib\</path>
         <kind>object</kind>
         <file>eqep.obj</file>
         <name>eqep.obj</name>
      </input_file>
      <input_file id="fl-25">
         <path>.\driverlib\</path>
         <kind>object</kind>
         <file>erad.obj</file>
         <name>erad.obj</name>
      </input_file>
      <input_file id="fl-26">
         <path>.\driverlib\</path>
         <kind>object</kind>
         <file>flash.obj</file>
         <name>flash.obj</name>
      </input_file>
      <input_file id="fl-27">
         <path>.\driverlib\</path>
         <kind>object</kind>
         <file>fsi.obj</file>
         <name>fsi.obj</name>
      </input_file>
      <input_file id="fl-28">
         <path>.\driverlib\</path>
         <kind>object</kind>
         <file>gpio.obj</file>
         <name>gpio.obj</name>
      </input_file>
      <input_file id="fl-29">
         <path>.\driverlib\</path>
         <kind>object</kind>
         <file>hrcap.obj</file>
         <name>hrcap.obj</name>
      </input_file>
      <input_file id="fl-2a">
         <path>.\driverlib\</path>
         <kind>object</kind>
         <file>hrpwm.obj</file>
         <name>hrpwm.obj</name>
      </input_file>
      <input_file id="fl-2b">
         <path>.\driverlib\</path>
         <kind>object</kind>
         <file>i2c.obj</file>
         <name>i2c.obj</name>
      </input_file>
      <input_file id="fl-2c">
         <path>.\driverlib\</path>
         <kind>object</kind>
         <file>interrupt.obj</file>
         <name>interrupt.obj</name>
      </input_file>
      <input_file id="fl-2d">
         <path>.\driverlib\</path>
         <kind>object</kind>
         <file>lin.obj</file>
         <name>lin.obj</name>
      </input_file>
      <input_file id="fl-2e">
         <path>.\driverlib\</path>
         <kind>object</kind>
         <file>memcfg.obj</file>
         <name>memcfg.obj</name>
      </input_file>
      <input_file id="fl-2f">
         <path>.\driverlib\</path>
         <kind>object</kind>
         <file>pga.obj</file>
         <name>pga.obj</name>
      </input_file>
      <input_file id="fl-30">
         <path>.\driverlib\</path>
         <kind>object</kind>
         <file>pmbus.obj</file>
         <name>pmbus.obj</name>
      </input_file>
      <input_file id="fl-31">
         <path>.\driverlib\</path>
         <kind>object</kind>
         <file>sci.obj</file>
         <name>sci.obj</name>
      </input_file>
      <input_file id="fl-32">
         <path>.\driverlib\</path>
         <kind>object</kind>
         <file>sdfm.obj</file>
         <name>sdfm.obj</name>
      </input_file>
      <input_file id="fl-33">
         <path>.\driverlib\</path>
         <kind>object</kind>
         <file>spi.obj</file>
         <name>spi.obj</name>
      </input_file>
      <input_file id="fl-34">
         <path>.\driverlib\</path>
         <kind>object</kind>
         <file>sysctl.obj</file>
         <name>sysctl.obj</name>
      </input_file>
      <input_file id="fl-35">
         <path>.\driverlib\</path>
         <kind>object</kind>
         <file>version.obj</file>
         <name>version.obj</name>
      </input_file>
      <input_file id="fl-36">
         <path>.\driverlib\</path>
         <kind>object</kind>
         <file>xbar.obj</file>
         <name>xbar.obj</name>
      </input_file>
      <input_file id="fl-3f">
         <kind>object</kind>
         <file>&lt;internal&gt;</file>
         <name>&lt;internal&gt;</name>
      </input_file>
      <input_file id="fl-51">
         <path>C:\ti\ccs2011\ccs\tools\compiler\ti-cgt-c2000_22.6.1.LTS\lib\</path>
         <kind>archive</kind>
         <file>rts2800_fpu32_eabi.lib</file>
         <name>boot28.asm.obj</name>
      </input_file>
      <input_file id="fl-52">
         <path>C:\ti\ccs2011\ccs\tools\compiler\ti-cgt-c2000_22.6.1.LTS\lib\</path>
         <kind>archive</kind>
         <file>rts2800_fpu32_eabi.lib</file>
         <name>fd_sub28.asm.obj</name>
      </input_file>
      <input_file id="fl-53">
         <path>C:\ti\ccs2011\ccs\tools\compiler\ti-cgt-c2000_22.6.1.LTS\lib\</path>
         <kind>archive</kind>
         <file>rts2800_fpu32_eabi.lib</file>
         <name>fd_toul28.asm.obj</name>
      </input_file>
      <input_file id="fl-54">
         <path>C:\ti\ccs2011\ccs\tools\compiler\ti-cgt-c2000_22.6.1.LTS\lib\</path>
         <kind>archive</kind>
         <file>rts2800_fpu32_eabi.lib</file>
         <name>fs_div28.asm.obj</name>
      </input_file>
      <input_file id="fl-55">
         <path>C:\ti\ccs2011\ccs\tools\compiler\ti-cgt-c2000_22.6.1.LTS\lib\</path>
         <kind>archive</kind>
         <file>rts2800_fpu32_eabi.lib</file>
         <name>ll_cmp28.asm.obj</name>
      </input_file>
      <input_file id="fl-56">
         <path>C:\ti\ccs2011\ccs\tools\compiler\ti-cgt-c2000_22.6.1.LTS\lib\</path>
         <kind>archive</kind>
         <file>rts2800_fpu32_eabi.lib</file>
         <name>u_div28.asm.obj</name>
      </input_file>
      <input_file id="fl-57">
         <path>C:\ti\ccs2011\ccs\tools\compiler\ti-cgt-c2000_22.6.1.LTS\lib\</path>
         <kind>archive</kind>
         <file>rts2800_fpu32_eabi.lib</file>
         <name>u_tofd28.asm.obj</name>
      </input_file>
      <input_file id="fl-58">
         <path>C:\ti\ccs2011\ccs\tools\compiler\ti-cgt-c2000_22.6.1.LTS\lib\</path>
         <kind>archive</kind>
         <file>rts2800_fpu32_eabi.lib</file>
         <name>fd_div28.asm.obj</name>
      </input_file>
      <input_file id="fl-59">
         <path>C:\ti\ccs2011\ccs\tools\compiler\ti-cgt-c2000_22.6.1.LTS\lib\</path>
         <kind>archive</kind>
         <file>rts2800_fpu32_eabi.lib</file>
         <name>memcpy.c.obj</name>
      </input_file>
      <input_file id="fl-5a">
         <path>C:\ti\ccs2011\ccs\tools\compiler\ti-cgt-c2000_22.6.1.LTS\lib\</path>
         <kind>archive</kind>
         <file>rts2800_fpu32_eabi.lib</file>
         <name>pre_init.c.obj</name>
      </input_file>
      <input_file id="fl-5b">
         <path>C:\ti\ccs2011\ccs\tools\compiler\ti-cgt-c2000_22.6.1.LTS\lib\</path>
         <kind>archive</kind>
         <file>rts2800_fpu32_eabi.lib</file>
         <name>autoinit.c.obj</name>
      </input_file>
      <input_file id="fl-5c">
         <path>C:\ti\ccs2011\ccs\tools\compiler\ti-cgt-c2000_22.6.1.LTS\lib\</path>
         <kind>archive</kind>
         <file>rts2800_fpu32_eabi.lib</file>
         <name>copy_zero_init.c.obj</name>
      </input_file>
      <input_file id="fl-5d">
         <path>C:\ti\ccs2011\ccs\tools\compiler\ti-cgt-c2000_22.6.1.LTS\lib\</path>
         <kind>archive</kind>
         <file>rts2800_fpu32_eabi.lib</file>
         <name>copy_decompress_none.c.obj</name>
      </input_file>
      <input_file id="fl-5e">
         <path>C:\ti\ccs2011\ccs\tools\compiler\ti-cgt-c2000_22.6.1.LTS\lib\</path>
         <kind>archive</kind>
         <file>rts2800_fpu32_eabi.lib</file>
         <name>copy_decompress_lzss.c.obj</name>
      </input_file>
      <input_file id="fl-5f">
         <path>C:\ti\ccs2011\ccs\tools\compiler\ti-cgt-c2000_22.6.1.LTS\lib\</path>
         <kind>archive</kind>
         <file>rts2800_fpu32_eabi.lib</file>
         <name>exit.c.obj</name>
      </input_file>
      <input_file id="fl-60">
         <path>C:\ti\ccs2011\ccs\tools\compiler\ti-cgt-c2000_22.6.1.LTS\lib\</path>
         <kind>archive</kind>
         <file>rts2800_fpu32_eabi.lib</file>
         <name>_lock.c.obj</name>
      </input_file>
      <input_file id="fl-61">
         <path>C:\ti\ccs2011\ccs\tools\compiler\ti-cgt-c2000_22.6.1.LTS\lib\</path>
         <kind>archive</kind>
         <file>rts2800_fpu32_eabi.lib</file>
         <name>args_main.c.obj</name>
      </input_file>
      <input_file id="fl-62">
         <path>C:\ti\ccs2011\ccs\tools\compiler\ti-cgt-c2000_22.6.1.LTS\lib\</path>
         <kind>archive</kind>
         <file>rts2800_fpu32_eabi.lib</file>
         <name>memset.c.obj</name>
      </input_file>
      <input_file id="fl-63">
         <path>C:\ti\ccs2011\ccs\tools\compiler\ti-cgt-c2000_22.6.1.LTS\lib\</path>
         <kind>archive</kind>
         <file>rts2800_fpu32_eabi.lib</file>
         <name>fd_add28.asm.obj</name>
      </input_file>
      <input_file id="fl-64">
         <path>C:\ti\ccs2011\ccs\tools\compiler\ti-cgt-c2000_22.6.1.LTS\lib\</path>
         <kind>archive</kind>
         <file>rts2800_fpu32_eabi.lib</file>
         <name>cpy_tbl.c.obj</name>
      </input_file>
      <input_file id="fl-65">
         <path>C:\ti\ccs2011\ccs\tools\compiler\ti-cgt-c2000_22.6.1.LTS\lib\</path>
         <kind>archive</kind>
         <file>rts2800_fpu32_eabi.lib</file>
         <name>startup.c.obj</name>
      </input_file>
   </input_file_list>
   <object_component_list>
      <object_component id="oc-b6">
         <name>codestart</name>
         <load_address>0x80000</load_address>
         <run_address>0x80000</run_address>
         <size>0x2</size>
         <input_file_ref idref="fl-15"/>
      </object_component>
      <object_component id="oc-1e4">
         <name>.text</name>
         <load_address>0x83000</load_address>
         <run_address>0x83000</run_address>
         <size>0xfb6</size>
         <input_file_ref idref="fl-6"/>
      </object_component>
      <object_component id="oc-ab">
         <name>.text</name>
         <load_address>0x83fb6</load_address>
         <run_address>0x83fb6</run_address>
         <size>0xfad</size>
         <input_file_ref idref="fl-2"/>
      </object_component>
      <object_component id="oc-1aa">
         <name>.text</name>
         <load_address>0x84f63</load_address>
         <run_address>0x84f63</run_address>
         <size>0x6f4</size>
         <input_file_ref idref="fl-7"/>
      </object_component>
      <object_component id="oc-1cd">
         <name>.text</name>
         <load_address>0x85657</load_address>
         <run_address>0x85657</run_address>
         <size>0x4b1</size>
         <input_file_ref idref="fl-34"/>
      </object_component>
      <object_component id="oc-1d3">
         <name>.text</name>
         <load_address>0x85b08</load_address>
         <run_address>0x85b08</run_address>
         <size>0x431</size>
         <input_file_ref idref="fl-1f"/>
      </object_component>
      <object_component id="oc-f2">
         <name>.text</name>
         <load_address>0x85f39</load_address>
         <run_address>0x85f39</run_address>
         <size>0x2e0</size>
         <input_file_ref idref="fl-31"/>
      </object_component>
      <object_component id="oc-17e">
         <name>.text</name>
         <load_address>0x86219</load_address>
         <run_address>0x86219</run_address>
         <size>0x2b2</size>
         <input_file_ref idref="fl-11"/>
      </object_component>
      <object_component id="oc-10e">
         <name>.text</name>
         <load_address>0x864cb</load_address>
         <run_address>0x864cb</run_address>
         <size>0x28d</size>
         <input_file_ref idref="fl-28"/>
      </object_component>
      <object_component id="oc-108">
         <name>.text</name>
         <load_address>0x86758</load_address>
         <run_address>0x86758</run_address>
         <size>0x20d</size>
         <input_file_ref idref="fl-14"/>
      </object_component>
      <object_component id="oc-26c">
         <name>.text</name>
         <load_address>0x86965</load_address>
         <run_address>0x86965</run_address>
         <size>0x1aa</size>
         <input_file_ref idref="fl-c"/>
      </object_component>
      <object_component id="oc-114">
         <name>.text</name>
         <load_address>0x86b0f</load_address>
         <run_address>0x86b0f</run_address>
         <size>0x18c</size>
         <input_file_ref idref="fl-16"/>
      </object_component>
      <object_component id="oc-120">
         <name>.text</name>
         <load_address>0x86c9b</load_address>
         <run_address>0x86c9b</run_address>
         <size>0x18c</size>
         <input_file_ref idref="fl-2c"/>
      </object_component>
      <object_component id="oc-278">
         <name>.text</name>
         <load_address>0x86e27</load_address>
         <run_address>0x86e27</run_address>
         <size>0x181</size>
         <input_file_ref idref="fl-e"/>
      </object_component>
      <object_component id="oc-e6">
         <name>.text</name>
         <load_address>0x86fa8</load_address>
         <run_address>0x86fa8</run_address>
         <size>0x142</size>
         <input_file_ref idref="fl-10"/>
      </object_component>
      <object_component id="oc-184">
         <name>.text</name>
         <load_address>0x870ea</load_address>
         <run_address>0x870ea</run_address>
         <size>0xea</size>
         <input_file_ref idref="fl-f"/>
      </object_component>
      <object_component id="oc-18a">
         <name>.text</name>
         <load_address>0x871d4</load_address>
         <run_address>0x871d4</run_address>
         <size>0xe6</size>
         <input_file_ref idref="fl-13"/>
      </object_component>
      <object_component id="oc-2d2">
         <name>.text</name>
         <load_address>0x872ba</load_address>
         <run_address>0x872ba</run_address>
         <size>0x9c</size>
         <input_file_ref idref="fl-63"/>
      </object_component>
      <object_component id="oc-272">
         <name>.text</name>
         <load_address>0x87356</load_address>
         <run_address>0x87356</run_address>
         <size>0x92</size>
         <input_file_ref idref="fl-8"/>
      </object_component>
      <object_component id="oc-1b8">
         <name>.text</name>
         <load_address>0x873e8</load_address>
         <run_address>0x873e8</run_address>
         <size>0x8e</size>
         <input_file_ref idref="fl-12"/>
      </object_component>
      <object_component id="oc-238">
         <name>.text</name>
         <load_address>0x87476</load_address>
         <run_address>0x87476</run_address>
         <size>0x8b</size>
         <input_file_ref idref="fl-58"/>
      </object_component>
      <object_component id="oc-19d">
         <name>.text</name>
         <load_address>0x87501</load_address>
         <run_address>0x87501</run_address>
         <size>0x88</size>
         <input_file_ref idref="fl-54"/>
      </object_component>
      <object_component id="oc-190">
         <name>.text</name>
         <load_address>0x87589</load_address>
         <run_address>0x87589</run_address>
         <size>0x84</size>
         <input_file_ref idref="fl-5"/>
      </object_component>
      <object_component id="oc-11b">
         <name>.text</name>
         <load_address>0x8760d</load_address>
         <run_address>0x8760d</run_address>
         <size>0x83</size>
         <input_file_ref idref="fl-d"/>
      </object_component>
      <object_component id="oc-92">
         <name>.text:decompress:lzss</name>
         <load_address>0x87690</load_address>
         <run_address>0x87690</run_address>
         <size>0x30</size>
         <input_file_ref idref="fl-5e"/>
      </object_component>
      <object_component id="oc-143">
         <name>.text:__TI_auto_init_nobinit_nopinit</name>
         <load_address>0x876c0</load_address>
         <run_address>0x876c0</run_address>
         <size>0x2b</size>
         <input_file_ref idref="fl-5b"/>
      </object_component>
      <object_component id="oc-247">
         <name>.text</name>
         <load_address>0x876eb</load_address>
         <run_address>0x876eb</run_address>
         <size>0x2a</size>
         <input_file_ref idref="fl-1d"/>
      </object_component>
      <object_component id="oc-df">
         <name>.text</name>
         <load_address>0x87715</load_address>
         <run_address>0x87715</run_address>
         <size>0x29</size>
         <input_file_ref idref="fl-5f"/>
      </object_component>
      <object_component id="oc-28f">
         <name>.text</name>
         <load_address>0x8773e</load_address>
         <run_address>0x8773e</run_address>
         <size>0x20</size>
         <input_file_ref idref="fl-26"/>
      </object_component>
      <object_component id="oc-be">
         <name>.text</name>
         <load_address>0x8775e</load_address>
         <run_address>0x8775e</run_address>
         <size>0x1d</size>
         <input_file_ref idref="fl-59"/>
      </object_component>
      <object_component id="oc-242">
         <name>.text</name>
         <load_address>0x8777b</load_address>
         <run_address>0x8777b</run_address>
         <size>0x1b</size>
         <input_file_ref idref="fl-53"/>
      </object_component>
      <object_component id="oc-9f">
         <name>.text</name>
         <load_address>0x87796</load_address>
         <run_address>0x87796</run_address>
         <size>0x17</size>
         <input_file_ref idref="fl-51"/>
      </object_component>
      <object_component id="oc-232">
         <name>.text</name>
         <load_address>0x877ad</load_address>
         <run_address>0x877ad</run_address>
         <size>0x17</size>
         <input_file_ref idref="fl-57"/>
      </object_component>
      <object_component id="oc-23d">
         <name>.text</name>
         <load_address>0x877c4</load_address>
         <run_address>0x877c4</run_address>
         <size>0xe</size>
         <input_file_ref idref="fl-52"/>
      </object_component>
      <object_component id="oc-d9">
         <name>.text</name>
         <load_address>0x877d2</load_address>
         <run_address>0x877d2</run_address>
         <size>0xc</size>
         <input_file_ref idref="fl-61"/>
      </object_component>
      <object_component id="oc-1b3">
         <name>.text</name>
         <load_address>0x877de</load_address>
         <run_address>0x877de</run_address>
         <size>0xb</size>
         <input_file_ref idref="fl-56"/>
      </object_component>
      <object_component id="oc-21a">
         <name>.text</name>
         <load_address>0x877e9</load_address>
         <run_address>0x877e9</run_address>
         <size>0x9</size>
         <input_file_ref idref="fl-60"/>
      </object_component>
      <object_component id="oc-98">
         <name>.text:decompress:none</name>
         <load_address>0x877f2</load_address>
         <run_address>0x877f2</run_address>
         <size>0x8</size>
         <input_file_ref idref="fl-5d"/>
      </object_component>
      <object_component id="oc-12a">
         <name>.text</name>
         <load_address>0x877fa</load_address>
         <run_address>0x877fa</run_address>
         <size>0x8</size>
         <input_file_ref idref="fl-15"/>
      </object_component>
      <object_component id="oc-13a">
         <name>.text</name>
         <load_address>0x87802</load_address>
         <run_address>0x87802</run_address>
         <size>0x7</size>
         <input_file_ref idref="fl-62"/>
      </object_component>
      <object_component id="oc-cc">
         <name>.text:decompress:ZI</name>
         <load_address>0x87809</load_address>
         <run_address>0x87809</run_address>
         <size>0x6</size>
         <input_file_ref idref="fl-5c"/>
      </object_component>
      <object_component id="oc-d2">
         <name>.text</name>
         <load_address>0x8780f</load_address>
         <run_address>0x8780f</run_address>
         <size>0x2</size>
         <input_file_ref idref="fl-5a"/>
      </object_component>
      <object_component id="oc-200">
         <name>.text</name>
         <load_address>0x87811</load_address>
         <run_address>0x87811</run_address>
         <size>0x1</size>
         <input_file_ref idref="fl-65"/>
      </object_component>
      <object_component id="oc-3db">
         <name>.cinit..data.load</name>
         <load_address>0x819a0</load_address>
         <run_address>0x819a0</run_address>
         <size>0x23</size>
      </object_component>
      <object_component id="oc-3e2">
         <name>.cinit..logport.load</name>
         <load_address>0x819c3</load_address>
         <run_address>0x819c3</run_address>
         <size>0x6</size>
      </object_component>
      <object_component id="oc-3d5">
         <name>__TI_handler_table</name>
         <load_address>0x819ca</load_address>
         <run_address>0x819ca</run_address>
         <size>0x6</size>
      </object_component>
      <object_component id="oc-3da">
         <name>.cinit..bss.load</name>
         <load_address>0x819d0</load_address>
         <run_address>0x819d0</run_address>
         <size>0x4</size>
      </object_component>
      <object_component id="oc-3d8">
         <name>.cinit..freertosHeap.load</name>
         <load_address>0x819d4</load_address>
         <run_address>0x819d4</run_address>
         <size>0x4</size>
      </object_component>
      <object_component id="oc-3e0">
         <name>.cinit..freertosStaticStack.load</name>
         <load_address>0x819d8</load_address>
         <run_address>0x819d8</run_address>
         <size>0x4</size>
      </object_component>
      <object_component id="oc-3d6">
         <name>__TI_cinit_table</name>
         <load_address>0x819dc</load_address>
         <run_address>0x819dc</run_address>
         <size>0x14</size>
      </object_component>
      <object_component id="oc-bb">
         <name>.stack</name>
         <uninitialized>true</uninitialized>
         <run_address>0x400</run_address>
         <size>0x0</size>
         <input_file_ref idref="fl-51"/>
      </object_component>
      <object_component id="oc-3dc">
         <name>.stack</name>
         <uninitialized>true</uninitialized>
         <run_address>0x400</run_address>
         <size>0x0</size>
      </object_component>
      <object_component id="oc-24f">
         <name>.freertosStaticStack</name>
         <uninitialized>true</uninitialized>
         <run_address>0xd000</run_address>
         <size>0x900</size>
         <input_file_ref idref="fl-5"/>
      </object_component>
      <object_component id="oc-2f7">
         <name>.freertosHeap</name>
         <uninitialized>true</uninitialized>
         <run_address>0xc000</run_address>
         <size>0x1000</size>
         <input_file_ref idref="fl-5"/>
      </object_component>
      <object_component id="oc-1b0">
         <name>.logport</name>
         <load_address>0xe000</load_address>
         <run_address>0xe000</run_address>
         <size>0x2164</size>
         <input_file_ref idref="fl-12"/>
      </object_component>
      <object_component id="oc-252">
         <name>.bss</name>
         <uninitialized>true</uninitialized>
         <run_address>0xa800</run_address>
         <size>0x17e</size>
         <input_file_ref idref="fl-5"/>
      </object_component>
      <object_component id="oc-2ad">
         <name>.bss</name>
         <uninitialized>true</uninitialized>
         <run_address>0xaa80</run_address>
         <size>0x36</size>
         <input_file_ref idref="fl-6"/>
      </object_component>
      <object_component id="oc-2aa">
         <name>.bss:pxReadyTasksLists</name>
         <uninitialized>true</uninitialized>
         <run_address>0xa97e</run_address>
         <size>0xa0</size>
         <input_file_ref idref="fl-6"/>
      </object_component>
      <object_component id="oc-27e">
         <name>.bss:xQueueRegistry</name>
         <uninitialized>true</uninitialized>
         <run_address>0xaab6</run_address>
         <size>0x28</size>
         <input_file_ref idref="fl-7"/>
      </object_component>
      <object_component id="oc-2f4">
         <name>.bss</name>
         <uninitialized>true</uninitialized>
         <run_address>0xaade</run_address>
         <size>0x4</size>
         <input_file_ref idref="fl-e"/>
      </object_component>
      <object_component id="oc-fe">
         <name>.bss</name>
         <uninitialized>true</uninitialized>
         <run_address>0xaae6</run_address>
         <size>0x1</size>
         <input_file_ref idref="fl-10"/>
      </object_component>
      <object_component id="oc-22a">
         <name>.bss:val_adder_chose</name>
         <uninitialized>true</uninitialized>
         <run_address>0xaae2</run_address>
         <size>0x4</size>
         <input_file_ref idref="fl-11"/>
      </object_component>
      <object_component id="oc-227">
         <name>.bss:val_adder</name>
         <uninitialized>true</uninitialized>
         <run_address>0xaa1e</run_address>
         <size>0x4a</size>
         <input_file_ref idref="fl-11"/>
      </object_component>
      <object_component id="oc-288">
         <name>.bss</name>
         <uninitialized>true</uninitialized>
         <run_address>0xaa68</run_address>
         <size>0x18</size>
         <input_file_ref idref="fl-12"/>
      </object_component>
      <object_component id="oc-1a4">
         <name>.data</name>
         <load_address>0xacc0</load_address>
         <run_address>0xacc0</run_address>
         <size>0xa</size>
         <input_file_ref idref="fl-5"/>
      </object_component>
      <object_component id="oc-1e1">
         <name>.data</name>
         <load_address>0xac9e</load_address>
         <run_address>0xac9e</run_address>
         <size>0x12</size>
         <input_file_ref idref="fl-6"/>
      </object_component>
      <object_component id="oc-1a7">
         <name>.data</name>
         <load_address>0xacbc</load_address>
         <run_address>0xacbc</run_address>
         <size>0x4</size>
         <input_file_ref idref="fl-c"/>
      </object_component>
      <object_component id="oc-2fa">
         <name>.data</name>
         <load_address>0xacb0</load_address>
         <run_address>0xacb0</run_address>
         <size>0xc</size>
         <input_file_ref idref="fl-e"/>
      </object_component>
      <object_component id="oc-197">
         <name>.data</name>
         <load_address>0xac80</load_address>
         <run_address>0xac80</run_address>
         <size>0x1e</size>
         <input_file_ref idref="fl-f"/>
      </object_component>
      <object_component id="oc-101">
         <name>.data</name>
         <load_address>0xacca</load_address>
         <run_address>0xacca</run_address>
         <size>0xa</size>
         <input_file_ref idref="fl-10"/>
      </object_component>
      <object_component id="oc-104">
         <name>.data</name>
         <load_address>0xab00</load_address>
         <run_address>0xab00</run_address>
         <size>0x180</size>
         <input_file_ref idref="fl-12"/>
      </object_component>
      <object_component id="oc-175">
         <name>.data</name>
         <load_address>0xacd4</load_address>
         <run_address>0xacd4</run_address>
         <size>0x6</size>
         <input_file_ref idref="fl-5f"/>
      </object_component>
      <object_component id="oc-178">
         <name>.data:_lock</name>
         <load_address>0xacda</load_address>
         <run_address>0xacda</run_address>
         <size>0x2</size>
         <input_file_ref idref="fl-60"/>
      </object_component>
      <object_component id="oc-2c2">
         <name>.data:_unlock</name>
         <load_address>0xacdc</load_address>
         <run_address>0xacdc</run_address>
         <size>0x2</size>
         <input_file_ref idref="fl-60"/>
      </object_component>
      <object_component id="oc-107">
         <name>.const:.string</name>
         <load_address>0x87814</load_address>
         <run_address>0x87814</run_address>
         <size>0x107</size>
         <input_file_ref idref="fl-2"/>
      </object_component>
      <object_component id="oc-2b1">
         <name>.const</name>
         <load_address>0x8791b</load_address>
         <run_address>0x8791b</run_address>
         <size>0x1</size>
         <input_file_ref idref="fl-6"/>
      </object_component>
      <object_component id="oc-17d">
         <name>.const:.string</name>
         <load_address>0x8791c</load_address>
         <run_address>0x8791c</run_address>
         <size>0x9b</size>
         <input_file_ref idref="fl-10"/>
      </object_component>
      <object_component id="oc-226">
         <name>.const:.string</name>
         <load_address>0x879b8</load_address>
         <run_address>0x879b8</run_address>
         <size>0x68</size>
         <input_file_ref idref="fl-11"/>
      </object_component>
      <object_component id="oc-1c6">
         <name>.const:.string</name>
         <load_address>0x87a20</load_address>
         <run_address>0x87a20</run_address>
         <size>0x49</size>
         <input_file_ref idref="fl-14"/>
      </object_component>
      <object_component id="oc-2f0">
         <name>.const:.string</name>
         <load_address>0x87a6a</load_address>
         <run_address>0x87a6a</run_address>
         <size>0x38</size>
         <input_file_ref idref="fl-c"/>
      </object_component>
      <object_component id="oc-231">
         <name>.const:.string</name>
         <load_address>0x87aa2</load_address>
         <run_address>0x87aa2</run_address>
         <size>0x38</size>
         <input_file_ref idref="fl-13"/>
      </object_component>
      <object_component id="oc-22f">
         <name>.const:.string</name>
         <load_address>0x87ada</load_address>
         <run_address>0x87ada</run_address>
         <size>0x34</size>
         <input_file_ref idref="fl-f"/>
      </object_component>
      <object_component id="oc-286">
         <name>.const:.string</name>
         <load_address>0x87b0e</load_address>
         <run_address>0x87b0e</run_address>
         <size>0x33</size>
         <input_file_ref idref="fl-12"/>
      </object_component>
      <object_component id="oc-295">
         <name>.const:.string</name>
         <load_address>0x87b42</load_address>
         <run_address>0x87b42</run_address>
         <size>0x2b</size>
         <input_file_ref idref="fl-26"/>
      </object_component>
      <object_component id="oc-298">
         <name>.const:.string</name>
         <load_address>0x87b6e</load_address>
         <run_address>0x87b6e</run_address>
         <size>0x2a</size>
         <input_file_ref idref="fl-34"/>
      </object_component>
      <object_component id="oc-1db">
         <name>.const:.string</name>
         <load_address>0x87b98</load_address>
         <run_address>0x87b98</run_address>
         <size>0x28</size>
         <input_file_ref idref="fl-28"/>
      </object_component>
      <object_component id="oc-29b">
         <name>.const:.string</name>
         <load_address>0x87bc0</load_address>
         <run_address>0x87bc0</run_address>
         <size>0x27</size>
         <input_file_ref idref="fl-1f"/>
      </object_component>
      <object_component id="oc-19c">
         <name>.const:.string</name>
         <load_address>0x87be8</load_address>
         <run_address>0x87be8</run_address>
         <size>0x27</size>
         <input_file_ref idref="fl-31"/>
      </object_component>
      <object_component id="oc-25b">
         <name>.const:.string</name>
         <load_address>0x87c10</load_address>
         <run_address>0x87c10</run_address>
         <size>0x20</size>
         <input_file_ref idref="fl-5"/>
      </object_component>
      <object_component id="oc-1eb">
         <name>.const:.string</name>
         <load_address>0x87c30</load_address>
         <run_address>0x87c30</run_address>
         <size>0x19</size>
         <input_file_ref idref="fl-2c"/>
      </object_component>
      <object_component id="oc-2d9">
         <name>.const:.string</name>
         <load_address>0x87c4a</load_address>
         <run_address>0x87c4a</run_address>
         <size>0x18</size>
         <input_file_ref idref="fl-1d"/>
      </object_component>
      <object_component id="oc-1de">
         <name>.const:.string</name>
         <load_address>0x87c62</load_address>
         <run_address>0x87c62</run_address>
         <size>0x13</size>
         <input_file_ref idref="fl-16"/>
      </object_component>
      <object_component id="oc-2b0">
         <name>.const:.string</name>
         <load_address>0x87c76</load_address>
         <run_address>0x87c76</run_address>
         <size>0x5</size>
         <input_file_ref idref="fl-6"/>
      </object_component>
      <object_component id="oc-287">
         <name>.const</name>
         <load_address>0x87c80</load_address>
         <run_address>0x87c80</run_address>
         <size>0x12</size>
         <input_file_ref idref="fl-12"/>
      </object_component>
      <object_component id="oc-237">
         <name>.const</name>
         <load_address>0x87c92</load_address>
         <run_address>0x87c92</run_address>
         <size>0xc</size>
         <input_file_ref idref="fl-13"/>
      </object_component>
      <object_component id="oc-f8">
         <name>.TI.ramfunc</name>
         <load_address>0x81000</load_address>
         <run_address>0x8000</run_address>
         <size>0x500</size>
         <input_file_ref idref="fl-12"/>
      </object_component>
      <object_component id="oc-1c7">
         <name>.TI.ramfunc</name>
         <load_address>0x81500</load_address>
         <run_address>0x8500</run_address>
         <size>0x15a</size>
         <input_file_ref idref="fl-26"/>
      </object_component>
      <object_component id="oc-aa">
         <name>.TI.ramfunc:retain</name>
         <load_address>0x8165a</load_address>
         <run_address>0x865a</run_address>
         <size>0x124</size>
         <input_file_ref idref="fl-10"/>
      </object_component>
      <object_component id="oc-ec">
         <name>.TI.ramfunc</name>
         <load_address>0x8177e</load_address>
         <run_address>0x877e</run_address>
         <size>0x122</size>
         <input_file_ref idref="fl-f"/>
      </object_component>
      <object_component id="oc-255">
         <name>.TI.ramfunc</name>
         <load_address>0x818a0</load_address>
         <run_address>0x88a0</run_address>
         <size>0x92</size>
         <input_file_ref idref="fl-10"/>
      </object_component>
      <object_component id="oc-2e3">
         <name>.TI.ramfunc</name>
         <load_address>0x81932</load_address>
         <run_address>0x8932</run_address>
         <size>0x6a</size>
         <input_file_ref idref="fl-11"/>
      </object_component>
      <object_component id="oc-11a">
         <name>.TI.ramfunc</name>
         <load_address>0x8199c</load_address>
         <run_address>0x899c</run_address>
         <size>0x4</size>
         <input_file_ref idref="fl-34"/>
      </object_component>
      <object_component id="oc-127">
         <name>.debug_types</name>
         <load_address>0x0</load_address>
         <run_address>0x0</run_address>
         <size>0x3102</size>
         <input_file_ref idref="fl-2"/>
      </object_component>
      <object_component id="oc-25d">
         <name>.debug_types</name>
         <load_address>0x3102</load_address>
         <run_address>0x3102</run_address>
         <size>0xdd8</size>
         <input_file_ref idref="fl-5"/>
      </object_component>
      <object_component id="oc-2a9">
         <name>.debug_types</name>
         <load_address>0x3eda</load_address>
         <run_address>0x3eda</run_address>
         <size>0x1029</size>
         <input_file_ref idref="fl-6"/>
      </object_component>
      <object_component id="oc-282">
         <name>.debug_types</name>
         <load_address>0x4f03</load_address>
         <run_address>0x4f03</run_address>
         <size>0x761</size>
         <input_file_ref idref="fl-7"/>
      </object_component>
      <object_component id="oc-2f3">
         <name>.debug_types</name>
         <load_address>0x0</load_address>
         <run_address>0x0</run_address>
         <size>0x0</size>
         <input_file_ref idref="fl-8"/>
      </object_component>
      <object_component id="oc-26b">
         <name>.debug_types</name>
         <load_address>0x5664</load_address>
         <run_address>0x5664</run_address>
         <size>0xef</size>
         <input_file_ref idref="fl-c"/>
      </object_component>
      <object_component id="oc-2fe">
         <name>.debug_types</name>
         <load_address>0x5753</load_address>
         <run_address>0x5753</run_address>
         <size>0x2cb</size>
         <input_file_ref idref="fl-e"/>
      </object_component>
      <object_component id="oc-19b">
         <name>.debug_types</name>
         <load_address>0x5a1e</load_address>
         <run_address>0x5a1e</run_address>
         <size>0xbe</size>
         <input_file_ref idref="fl-f"/>
      </object_component>
      <object_component id="oc-129">
         <name>.debug_types</name>
         <load_address>0x5adc</load_address>
         <run_address>0x5adc</run_address>
         <size>0xbbb</size>
         <input_file_ref idref="fl-10"/>
      </object_component>
      <object_component id="oc-22e">
         <name>.debug_types</name>
         <load_address>0x6697</load_address>
         <run_address>0x6697</run_address>
         <size>0x2e7</size>
         <input_file_ref idref="fl-11"/>
      </object_component>
      <object_component id="oc-1bf">
         <name>.debug_types</name>
         <load_address>0x697e</load_address>
         <run_address>0x697e</run_address>
         <size>0x61f</size>
         <input_file_ref idref="fl-12"/>
      </object_component>
      <object_component id="oc-24e">
         <name>.debug_types</name>
         <load_address>0x0</load_address>
         <run_address>0x0</run_address>
         <size>0x0</size>
         <input_file_ref idref="fl-13"/>
      </object_component>
      <object_component id="oc-1da">
         <name>.debug_types</name>
         <load_address>0x6f9d</load_address>
         <run_address>0x6f9d</run_address>
         <size>0x44a</size>
         <input_file_ref idref="fl-14"/>
      </object_component>
      <object_component id="oc-1e0">
         <name>.debug_types</name>
         <load_address>0x73e7</load_address>
         <run_address>0x73e7</run_address>
         <size>0x151</size>
         <input_file_ref idref="fl-16"/>
      </object_component>
      <object_component id="oc-2db">
         <name>.debug_types</name>
         <load_address>0x0</load_address>
         <run_address>0x0</run_address>
         <size>0x0</size>
         <input_file_ref idref="fl-1d"/>
      </object_component>
      <object_component id="oc-29d">
         <name>.debug_types</name>
         <load_address>0x7538</load_address>
         <run_address>0x7538</run_address>
         <size>0x13d</size>
         <input_file_ref idref="fl-1f"/>
      </object_component>
      <object_component id="oc-297">
         <name>.debug_types</name>
         <load_address>0x7675</load_address>
         <run_address>0x7675</run_address>
         <size>0x1e9</size>
         <input_file_ref idref="fl-26"/>
      </object_component>
      <object_component id="oc-1dd">
         <name>.debug_types</name>
         <load_address>0x785e</load_address>
         <run_address>0x785e</run_address>
         <size>0x24d</size>
         <input_file_ref idref="fl-28"/>
      </object_component>
      <object_component id="oc-1ed">
         <name>.debug_types</name>
         <load_address>0x0</load_address>
         <run_address>0x0</run_address>
         <size>0x0</size>
         <input_file_ref idref="fl-2c"/>
      </object_component>
      <object_component id="oc-1a3">
         <name>.debug_types</name>
         <load_address>0x7aab</load_address>
         <run_address>0x7aab</run_address>
         <size>0x89</size>
         <input_file_ref idref="fl-31"/>
      </object_component>
      <object_component id="oc-29a">
         <name>.debug_types</name>
         <load_address>0x7b34</load_address>
         <run_address>0x7b34</run_address>
         <size>0x132</size>
         <input_file_ref idref="fl-34"/>
      </object_component>
      <object_component id="oc-134">
         <name>.debug_types</name>
         <load_address>0x7c66</load_address>
         <run_address>0x7c66</run_address>
         <size>0x2f</size>
         <input_file_ref idref="fl-59"/>
      </object_component>
      <object_component id="oc-142">
         <name>.debug_types</name>
         <load_address>0x0</load_address>
         <run_address>0x0</run_address>
         <size>0x0</size>
         <input_file_ref idref="fl-5a"/>
      </object_component>
      <object_component id="oc-207">
         <name>.debug_types</name>
         <load_address>0x7c95</load_address>
         <run_address>0x7c95</run_address>
         <size>0x441</size>
         <input_file_ref idref="fl-5b"/>
      </object_component>
      <object_component id="oc-139">
         <name>.debug_types</name>
         <load_address>0x80d6</load_address>
         <run_address>0x80d6</run_address>
         <size>0x194</size>
         <input_file_ref idref="fl-5c"/>
      </object_component>
      <object_component id="oc-c5">
         <name>.debug_types</name>
         <load_address>0x0</load_address>
         <run_address>0x0</run_address>
         <size>0x0</size>
         <input_file_ref idref="fl-5d"/>
      </object_component>
      <object_component id="oc-bd">
         <name>.debug_types</name>
         <load_address>0x826a</load_address>
         <run_address>0x826a</run_address>
         <size>0x191</size>
         <input_file_ref idref="fl-5e"/>
      </object_component>
      <object_component id="oc-17c">
         <name>.debug_types</name>
         <load_address>0x83fb</load_address>
         <run_address>0x83fb</run_address>
         <size>0xbf</size>
         <input_file_ref idref="fl-5f"/>
      </object_component>
      <object_component id="oc-222">
         <name>.debug_types</name>
         <load_address>0x84ba</load_address>
         <run_address>0x84ba</run_address>
         <size>0x2f</size>
         <input_file_ref idref="fl-60"/>
      </object_component>
      <object_component id="oc-174">
         <name>.debug_types</name>
         <load_address>0x84e9</load_address>
         <run_address>0x84e9</run_address>
         <size>0xe1</size>
         <input_file_ref idref="fl-61"/>
      </object_component>
      <object_component id="oc-1fc">
         <name>.debug_types</name>
         <load_address>0x0</load_address>
         <run_address>0x0</run_address>
         <size>0x0</size>
         <input_file_ref idref="fl-62"/>
      </object_component>
      <object_component id="oc-2bc">
         <name>.debug_types</name>
         <load_address>0x0</load_address>
         <run_address>0x0</run_address>
         <size>0x0</size>
         <input_file_ref idref="fl-65"/>
      </object_component>
      <object_component id="oc-ac">
         <name>.debug_info</name>
         <load_address>0x0</load_address>
         <run_address>0x0</run_address>
         <size>0x67df</size>
         <input_file_ref idref="fl-2"/>
      </object_component>
      <object_component id="oc-1a5">
         <name>.debug_info</name>
         <load_address>0x67df</load_address>
         <run_address>0x67df</run_address>
         <size>0x1c5</size>
         <input_file_ref idref="fl-5"/>
      </object_component>
      <object_component id="oc-253">
         <name>.debug_info</name>
         <load_address>0x69a4</load_address>
         <run_address>0x69a4</run_address>
         <size>0x20d</size>
         <input_file_ref idref="fl-5"/>
      </object_component>
      <object_component id="oc-250">
         <name>.debug_info</name>
         <load_address>0x6bb1</load_address>
         <run_address>0x6bb1</run_address>
         <size>0x1a1</size>
         <input_file_ref idref="fl-5"/>
      </object_component>
      <object_component id="oc-2f8">
         <name>.debug_info</name>
         <load_address>0x6d52</load_address>
         <run_address>0x6d52</run_address>
         <size>0xdf</size>
         <input_file_ref idref="fl-5"/>
      </object_component>
      <object_component id="oc-192">
         <name>.debug_info</name>
         <load_address>0x6e31</load_address>
         <run_address>0x6e31</run_address>
         <size>0x4c5</size>
         <input_file_ref idref="fl-5"/>
      </object_component>
      <object_component id="oc-1e2">
         <name>.debug_info</name>
         <load_address>0x72f6</load_address>
         <run_address>0x72f6</run_address>
         <size>0x3a4</size>
         <input_file_ref idref="fl-6"/>
      </object_component>
      <object_component id="oc-2b2">
         <name>.debug_info</name>
         <load_address>0x769a</load_address>
         <run_address>0x769a</run_address>
         <size>0x11e</size>
         <input_file_ref idref="fl-6"/>
      </object_component>
      <object_component id="oc-2ae">
         <name>.debug_info</name>
         <load_address>0x77b8</load_address>
         <run_address>0x77b8</run_address>
         <size>0x288</size>
         <input_file_ref idref="fl-6"/>
      </object_component>
      <object_component id="oc-2ab">
         <name>.debug_info</name>
         <load_address>0x7a40</load_address>
         <run_address>0x7a40</run_address>
         <size>0x11e</size>
         <input_file_ref idref="fl-6"/>
      </object_component>
      <object_component id="oc-1e7">
         <name>.debug_info</name>
         <load_address>0x7b5e</load_address>
         <run_address>0x7b5e</run_address>
         <size>0x478b</size>
         <input_file_ref idref="fl-6"/>
      </object_component>
      <object_component id="oc-27f">
         <name>.debug_info</name>
         <load_address>0xc2e9</load_address>
         <run_address>0xc2e9</run_address>
         <size>0x117</size>
         <input_file_ref idref="fl-7"/>
      </object_component>
      <object_component id="oc-1ab">
         <name>.debug_info</name>
         <load_address>0xc400</load_address>
         <run_address>0xc400</run_address>
         <size>0x3404</size>
         <input_file_ref idref="fl-7"/>
      </object_component>
      <object_component id="oc-273">
         <name>.debug_info</name>
         <load_address>0xf804</load_address>
         <run_address>0xf804</run_address>
         <size>0x4d1</size>
         <input_file_ref idref="fl-8"/>
      </object_component>
      <object_component id="oc-1a8">
         <name>.debug_info</name>
         <load_address>0xfcd5</load_address>
         <run_address>0xfcd5</run_address>
         <size>0x17e</size>
         <input_file_ref idref="fl-c"/>
      </object_component>
      <object_component id="oc-26d">
         <name>.debug_info</name>
         <load_address>0xfe53</load_address>
         <run_address>0xfe53</run_address>
         <size>0xd98</size>
         <input_file_ref idref="fl-c"/>
      </object_component>
      <object_component id="oc-11e">
         <name>.debug_info</name>
         <load_address>0x10beb</load_address>
         <run_address>0x10beb</run_address>
         <size>0x1ad</size>
         <input_file_ref idref="fl-d"/>
      </object_component>
      <object_component id="oc-2fb">
         <name>.debug_info</name>
         <load_address>0x10d98</load_address>
         <run_address>0x10d98</run_address>
         <size>0x26d</size>
         <input_file_ref idref="fl-e"/>
      </object_component>
      <object_component id="oc-2f5">
         <name>.debug_info</name>
         <load_address>0x11005</load_address>
         <run_address>0x11005</run_address>
         <size>0x119</size>
         <input_file_ref idref="fl-e"/>
      </object_component>
      <object_component id="oc-279">
         <name>.debug_info</name>
         <load_address>0x1111e</load_address>
         <run_address>0x1111e</run_address>
         <size>0x8c8</size>
         <input_file_ref idref="fl-e"/>
      </object_component>
      <object_component id="oc-198">
         <name>.debug_info</name>
         <load_address>0x119e6</load_address>
         <run_address>0x119e6</run_address>
         <size>0x37b</size>
         <input_file_ref idref="fl-f"/>
      </object_component>
      <object_component id="oc-185">
         <name>.debug_info</name>
         <load_address>0x11d61</load_address>
         <run_address>0x11d61</run_address>
         <size>0x6b4</size>
         <input_file_ref idref="fl-f"/>
      </object_component>
      <object_component id="oc-ee">
         <name>.debug_info</name>
         <load_address>0x12415</load_address>
         <run_address>0x12415</run_address>
         <size>0x4c3</size>
         <input_file_ref idref="fl-f"/>
      </object_component>
      <object_component id="oc-ff">
         <name>.debug_info</name>
         <load_address>0x128d8</load_address>
         <run_address>0x128d8</run_address>
         <size>0xff</size>
         <input_file_ref idref="fl-10"/>
      </object_component>
      <object_component id="oc-102">
         <name>.debug_info</name>
         <load_address>0x129d7</load_address>
         <run_address>0x129d7</run_address>
         <size>0x1e1</size>
         <input_file_ref idref="fl-10"/>
      </object_component>
      <object_component id="oc-e7">
         <name>.debug_info</name>
         <load_address>0x12bb8</load_address>
         <run_address>0x12bb8</run_address>
         <size>0xc1d</size>
         <input_file_ref idref="fl-10"/>
      </object_component>
      <object_component id="oc-b1">
         <name>.debug_info</name>
         <load_address>0x137d5</load_address>
         <run_address>0x137d5</run_address>
         <size>0x423</size>
         <input_file_ref idref="fl-10"/>
      </object_component>
      <object_component id="oc-256">
         <name>.debug_info</name>
         <load_address>0x13bf8</load_address>
         <run_address>0x13bf8</run_address>
         <size>0x288</size>
         <input_file_ref idref="fl-10"/>
      </object_component>
      <object_component id="oc-22b">
         <name>.debug_info</name>
         <load_address>0x13e80</load_address>
         <run_address>0x13e80</run_address>
         <size>0xee</size>
         <input_file_ref idref="fl-11"/>
      </object_component>
      <object_component id="oc-228">
         <name>.debug_info</name>
         <load_address>0x13f6e</load_address>
         <run_address>0x13f6e</run_address>
         <size>0xe2</size>
         <input_file_ref idref="fl-11"/>
      </object_component>
      <object_component id="oc-180">
         <name>.debug_info</name>
         <load_address>0x14050</load_address>
         <run_address>0x14050</run_address>
         <size>0x1075</size>
         <input_file_ref idref="fl-11"/>
      </object_component>
      <object_component id="oc-2e5">
         <name>.debug_info</name>
         <load_address>0x150c5</load_address>
         <run_address>0x150c5</run_address>
         <size>0x219</size>
         <input_file_ref idref="fl-11"/>
      </object_component>
      <object_component id="oc-105">
         <name>.debug_info</name>
         <load_address>0x152de</load_address>
         <run_address>0x152de</run_address>
         <size>0x411</size>
         <input_file_ref idref="fl-12"/>
      </object_component>
      <object_component id="oc-289">
         <name>.debug_info</name>
         <load_address>0x156ef</load_address>
         <run_address>0x156ef</run_address>
         <size>0x107</size>
         <input_file_ref idref="fl-12"/>
      </object_component>
      <object_component id="oc-1b1">
         <name>.debug_info</name>
         <load_address>0x157f6</load_address>
         <run_address>0x157f6</run_address>
         <size>0x14d</size>
         <input_file_ref idref="fl-12"/>
      </object_component>
      <object_component id="oc-1bc">
         <name>.debug_info</name>
         <load_address>0x15943</load_address>
         <run_address>0x15943</run_address>
         <size>0x4aa</size>
         <input_file_ref idref="fl-12"/>
      </object_component>
      <object_component id="oc-fb">
         <name>.debug_info</name>
         <load_address>0x15ded</load_address>
         <run_address>0x15ded</run_address>
         <size>0xd05</size>
         <input_file_ref idref="fl-12"/>
      </object_component>
      <object_component id="oc-18b">
         <name>.debug_info</name>
         <load_address>0x16af2</load_address>
         <run_address>0x16af2</run_address>
         <size>0x8a0</size>
         <input_file_ref idref="fl-13"/>
      </object_component>
      <object_component id="oc-10c">
         <name>.debug_info</name>
         <load_address>0x17392</load_address>
         <run_address>0x17392</run_address>
         <size>0x117f</size>
         <input_file_ref idref="fl-14"/>
      </object_component>
      <object_component id="oc-b9">
         <name>.debug_info</name>
         <load_address>0x18511</load_address>
         <run_address>0x18511</run_address>
         <size>0x101</size>
         <input_file_ref idref="fl-15"/>
      </object_component>
      <object_component id="oc-12d">
         <name>.debug_info</name>
         <load_address>0x18612</load_address>
         <run_address>0x18612</run_address>
         <size>0x102</size>
         <input_file_ref idref="fl-15"/>
      </object_component>
      <object_component id="oc-115">
         <name>.debug_info</name>
         <load_address>0x18714</load_address>
         <run_address>0x18714</run_address>
         <size>0x649</size>
         <input_file_ref idref="fl-16"/>
      </object_component>
      <object_component id="oc-24b">
         <name>.debug_info</name>
         <load_address>0x18d5d</load_address>
         <run_address>0x18d5d</run_address>
         <size>0x21b</size>
         <input_file_ref idref="fl-1d"/>
      </object_component>
      <object_component id="oc-1d4">
         <name>.debug_info</name>
         <load_address>0x18f78</load_address>
         <run_address>0x18f78</run_address>
         <size>0x18e0</size>
         <input_file_ref idref="fl-1f"/>
      </object_component>
      <object_component id="oc-290">
         <name>.debug_info</name>
         <load_address>0x1a858</load_address>
         <run_address>0x1a858</run_address>
         <size>0x1d6</size>
         <input_file_ref idref="fl-26"/>
      </object_component>
      <object_component id="oc-1c9">
         <name>.debug_info</name>
         <load_address>0x1aa2e</load_address>
         <run_address>0x1aa2e</run_address>
         <size>0xabf</size>
         <input_file_ref idref="fl-26"/>
      </object_component>
      <object_component id="oc-111">
         <name>.debug_info</name>
         <load_address>0x1b4ed</load_address>
         <run_address>0x1b4ed</run_address>
         <size>0xbfe</size>
         <input_file_ref idref="fl-28"/>
      </object_component>
      <object_component id="oc-122">
         <name>.debug_info</name>
         <load_address>0x1c0eb</load_address>
         <run_address>0x1c0eb</run_address>
         <size>0x6cc</size>
         <input_file_ref idref="fl-2c"/>
      </object_component>
      <object_component id="oc-f5">
         <name>.debug_info</name>
         <load_address>0x1c7b7</load_address>
         <run_address>0x1c7b7</run_address>
         <size>0xe34</size>
         <input_file_ref idref="fl-31"/>
      </object_component>
      <object_component id="oc-1d0">
         <name>.debug_info</name>
         <load_address>0x1d5eb</load_address>
         <run_address>0x1d5eb</run_address>
         <size>0x14c6</size>
         <input_file_ref idref="fl-34"/>
      </object_component>
      <object_component id="oc-a1">
         <name>.debug_info</name>
         <load_address>0x1eab1</load_address>
         <run_address>0x1eab1</run_address>
         <size>0x158</size>
         <input_file_ref idref="fl-51"/>
      </object_component>
      <object_component id="oc-240">
         <name>.debug_info</name>
         <load_address>0x1ec09</load_address>
         <run_address>0x1ec09</run_address>
         <size>0x13b</size>
         <input_file_ref idref="fl-52"/>
      </object_component>
      <object_component id="oc-243">
         <name>.debug_info</name>
         <load_address>0x1ed44</load_address>
         <run_address>0x1ed44</run_address>
         <size>0x12a</size>
         <input_file_ref idref="fl-53"/>
      </object_component>
      <object_component id="oc-1a0">
         <name>.debug_info</name>
         <load_address>0x1ee6e</load_address>
         <run_address>0x1ee6e</run_address>
         <size>0x127</size>
         <input_file_ref idref="fl-54"/>
      </object_component>
      <object_component id="oc-1b4">
         <name>.debug_info</name>
         <load_address>0x1ef95</load_address>
         <run_address>0x1ef95</run_address>
         <size>0x163</size>
         <input_file_ref idref="fl-56"/>
      </object_component>
      <object_component id="oc-234">
         <name>.debug_info</name>
         <load_address>0x1f0f8</load_address>
         <run_address>0x1f0f8</run_address>
         <size>0x12b</size>
         <input_file_ref idref="fl-57"/>
      </object_component>
      <object_component id="oc-239">
         <name>.debug_info</name>
         <load_address>0x1f223</load_address>
         <run_address>0x1f223</run_address>
         <size>0x127</size>
         <input_file_ref idref="fl-58"/>
      </object_component>
      <object_component id="oc-c0">
         <name>.debug_info</name>
         <load_address>0x1f34a</load_address>
         <run_address>0x1f34a</run_address>
         <size>0x19b</size>
         <input_file_ref idref="fl-59"/>
      </object_component>
      <object_component id="oc-d5">
         <name>.debug_info</name>
         <load_address>0x1f4e5</load_address>
         <run_address>0x1f4e5</run_address>
         <size>0x14d</size>
         <input_file_ref idref="fl-5a"/>
      </object_component>
      <object_component id="oc-146">
         <name>.debug_info</name>
         <load_address>0x1f632</load_address>
         <run_address>0x1f632</run_address>
         <size>0x1bf</size>
         <input_file_ref idref="fl-5b"/>
      </object_component>
      <object_component id="oc-ce">
         <name>.debug_info</name>
         <load_address>0x1f7f1</load_address>
         <run_address>0x1f7f1</run_address>
         <size>0x19f</size>
         <input_file_ref idref="fl-5c"/>
      </object_component>
      <object_component id="oc-99">
         <name>.debug_info</name>
         <load_address>0x1f990</load_address>
         <run_address>0x1f990</run_address>
         <size>0x1b7</size>
         <input_file_ref idref="fl-5d"/>
      </object_component>
      <object_component id="oc-95">
         <name>.debug_info</name>
         <load_address>0x1fb47</load_address>
         <run_address>0x1fb47</run_address>
         <size>0x219</size>
         <input_file_ref idref="fl-5e"/>
      </object_component>
      <object_component id="oc-176">
         <name>.debug_info</name>
         <load_address>0x1fd60</load_address>
         <run_address>0x1fd60</run_address>
         <size>0x19e</size>
         <input_file_ref idref="fl-5f"/>
      </object_component>
      <object_component id="oc-e3">
         <name>.debug_info</name>
         <load_address>0x1fefe</load_address>
         <run_address>0x1fefe</run_address>
         <size>0x1a9</size>
         <input_file_ref idref="fl-5f"/>
      </object_component>
      <object_component id="oc-179">
         <name>.debug_info</name>
         <load_address>0x200a7</load_address>
         <run_address>0x200a7</run_address>
         <size>0x107</size>
         <input_file_ref idref="fl-60"/>
      </object_component>
      <object_component id="oc-2c3">
         <name>.debug_info</name>
         <load_address>0x201ae</load_address>
         <run_address>0x201ae</run_address>
         <size>0x10b</size>
         <input_file_ref idref="fl-60"/>
      </object_component>
      <object_component id="oc-21e">
         <name>.debug_info</name>
         <load_address>0x202b9</load_address>
         <run_address>0x202b9</run_address>
         <size>0x203</size>
         <input_file_ref idref="fl-60"/>
      </object_component>
      <object_component id="oc-db">
         <name>.debug_info</name>
         <load_address>0x204bc</load_address>
         <run_address>0x204bc</run_address>
         <size>0x15d</size>
         <input_file_ref idref="fl-61"/>
      </object_component>
      <object_component id="oc-13e">
         <name>.debug_info</name>
         <load_address>0x20619</load_address>
         <run_address>0x20619</run_address>
         <size>0x208</size>
         <input_file_ref idref="fl-62"/>
      </object_component>
      <object_component id="oc-2d4">
         <name>.debug_info</name>
         <load_address>0x20821</load_address>
         <run_address>0x20821</run_address>
         <size>0x127</size>
         <input_file_ref idref="fl-63"/>
      </object_component>
      <object_component id="oc-201">
         <name>.debug_info</name>
         <load_address>0x20948</load_address>
         <run_address>0x20948</run_address>
         <size>0x147</size>
         <input_file_ref idref="fl-65"/>
      </object_component>
      <object_component id="oc-3e3">
         <name>.debug_info</name>
         <load_address>0x20a8f</load_address>
         <run_address>0x20a8f</run_address>
         <size>0xa1</size>
      </object_component>
      <object_component id="oc-af">
         <name>.debug_line</name>
         <load_address>0x0</load_address>
         <run_address>0x0</run_address>
         <size>0xc6e</size>
         <input_file_ref idref="fl-2"/>
      </object_component>
      <object_component id="oc-1ef">
         <name>.debug_line</name>
         <load_address>0xc6e</load_address>
         <run_address>0xc6e</run_address>
         <size>0xc6</size>
         <input_file_ref idref="fl-2"/>
      </object_component>
      <object_component id="oc-268">
         <name>.debug_line</name>
         <load_address>0xd34</load_address>
         <run_address>0xd34</run_address>
         <size>0x3c</size>
         <input_file_ref idref="fl-5"/>
      </object_component>
      <object_component id="oc-2e2">
         <name>.debug_line</name>
         <load_address>0xd70</load_address>
         <run_address>0xd70</run_address>
         <size>0x3c</size>
         <input_file_ref idref="fl-5"/>
      </object_component>
      <object_component id="oc-2e0">
         <name>.debug_line</name>
         <load_address>0xdac</load_address>
         <run_address>0xdac</run_address>
         <size>0x3c</size>
         <input_file_ref idref="fl-5"/>
      </object_component>
      <object_component id="oc-32c">
         <name>.debug_line</name>
         <load_address>0xde8</load_address>
         <run_address>0xde8</run_address>
         <size>0x3c</size>
         <input_file_ref idref="fl-5"/>
      </object_component>
      <object_component id="oc-195">
         <name>.debug_line</name>
         <load_address>0xe24</load_address>
         <run_address>0xe24</run_address>
         <size>0xef</size>
         <input_file_ref idref="fl-5"/>
      </object_component>
      <object_component id="oc-2eb">
         <name>.debug_line</name>
         <load_address>0xf13</load_address>
         <run_address>0xf13</run_address>
         <size>0x13a</size>
         <input_file_ref idref="fl-5"/>
      </object_component>
      <object_component id="oc-2a8">
         <name>.debug_line</name>
         <load_address>0x104d</load_address>
         <run_address>0x104d</run_address>
         <size>0x64</size>
         <input_file_ref idref="fl-6"/>
      </object_component>
      <object_component id="oc-318">
         <name>.debug_line</name>
         <load_address>0x10b1</load_address>
         <run_address>0x10b1</run_address>
         <size>0x64</size>
         <input_file_ref idref="fl-6"/>
      </object_component>
      <object_component id="oc-316">
         <name>.debug_line</name>
         <load_address>0x1115</load_address>
         <run_address>0x1115</run_address>
         <size>0x64</size>
         <input_file_ref idref="fl-6"/>
      </object_component>
      <object_component id="oc-314">
         <name>.debug_line</name>
         <load_address>0x1179</load_address>
         <run_address>0x1179</run_address>
         <size>0x64</size>
         <input_file_ref idref="fl-6"/>
      </object_component>
      <object_component id="oc-1e5">
         <name>.debug_line</name>
         <load_address>0x11dd</load_address>
         <run_address>0x11dd</run_address>
         <size>0xcc8</size>
         <input_file_ref idref="fl-6"/>
      </object_component>
      <object_component id="oc-311">
         <name>.debug_line</name>
         <load_address>0x1ea5</load_address>
         <run_address>0x1ea5</run_address>
         <size>0x162</size>
         <input_file_ref idref="fl-6"/>
      </object_component>
      <object_component id="oc-300">
         <name>.debug_line</name>
         <load_address>0x2007</load_address>
         <run_address>0x2007</run_address>
         <size>0x64</size>
         <input_file_ref idref="fl-7"/>
      </object_component>
      <object_component id="oc-1af">
         <name>.debug_line</name>
         <load_address>0x206b</load_address>
         <run_address>0x206b</run_address>
         <size>0x87c</size>
         <input_file_ref idref="fl-7"/>
      </object_component>
      <object_component id="oc-302">
         <name>.debug_line</name>
         <load_address>0x28e7</load_address>
         <run_address>0x28e7</run_address>
         <size>0x1a5</size>
         <input_file_ref idref="fl-7"/>
      </object_component>
      <object_component id="oc-276">
         <name>.debug_line</name>
         <load_address>0x2a8c</load_address>
         <run_address>0x2a8c</run_address>
         <size>0x10c</size>
         <input_file_ref idref="fl-8"/>
      </object_component>
      <object_component id="oc-327">
         <name>.debug_line</name>
         <load_address>0x2b98</load_address>
         <run_address>0x2b98</run_address>
         <size>0x21</size>
         <input_file_ref idref="fl-8"/>
      </object_component>
      <object_component id="oc-26a">
         <name>.debug_line</name>
         <load_address>0x2bb9</load_address>
         <run_address>0x2bb9</run_address>
         <size>0x7b</size>
         <input_file_ref idref="fl-c"/>
      </object_component>
      <object_component id="oc-271">
         <name>.debug_line</name>
         <load_address>0x2c34</load_address>
         <run_address>0x2c34</run_address>
         <size>0x2e5</size>
         <input_file_ref idref="fl-c"/>
      </object_component>
      <object_component id="oc-2ee">
         <name>.debug_line</name>
         <load_address>0x2f19</load_address>
         <run_address>0x2f19</run_address>
         <size>0xf3</size>
         <input_file_ref idref="fl-c"/>
      </object_component>
      <object_component id="oc-11d">
         <name>.debug_line</name>
         <load_address>0x300c</load_address>
         <run_address>0x300c</run_address>
         <size>0xf0</size>
         <input_file_ref idref="fl-d"/>
      </object_component>
      <object_component id="oc-32e">
         <name>.debug_line</name>
         <load_address>0x30fc</load_address>
         <run_address>0x30fc</run_address>
         <size>0x76</size>
         <input_file_ref idref="fl-e"/>
      </object_component>
      <object_component id="oc-32a">
         <name>.debug_line</name>
         <load_address>0x3172</load_address>
         <run_address>0x3172</run_address>
         <size>0x76</size>
         <input_file_ref idref="fl-e"/>
      </object_component>
      <object_component id="oc-27c">
         <name>.debug_line</name>
         <load_address>0x31e8</load_address>
         <run_address>0x31e8</run_address>
         <size>0x200</size>
         <input_file_ref idref="fl-e"/>
      </object_component>
      <object_component id="oc-330">
         <name>.debug_line</name>
         <load_address>0x33e8</load_address>
         <run_address>0x33e8</run_address>
         <size>0x11f</size>
         <input_file_ref idref="fl-e"/>
      </object_component>
      <object_component id="oc-25f">
         <name>.debug_line</name>
         <load_address>0x3507</load_address>
         <run_address>0x3507</run_address>
         <size>0x3e</size>
         <input_file_ref idref="fl-f"/>
      </object_component>
      <object_component id="oc-189">
         <name>.debug_line</name>
         <load_address>0x3545</load_address>
         <run_address>0x3545</run_address>
         <size>0x12a</size>
         <input_file_ref idref="fl-f"/>
      </object_component>
      <object_component id="oc-ed">
         <name>.debug_line</name>
         <load_address>0x366f</load_address>
         <run_address>0x366f</run_address>
         <size>0xb0</size>
         <input_file_ref idref="fl-f"/>
      </object_component>
      <object_component id="oc-261">
         <name>.debug_line</name>
         <load_address>0x371f</load_address>
         <run_address>0x371f</run_address>
         <size>0xe5</size>
         <input_file_ref idref="fl-f"/>
      </object_component>
      <object_component id="oc-1c1">
         <name>.debug_line</name>
         <load_address>0x3804</load_address>
         <run_address>0x3804</run_address>
         <size>0x36</size>
         <input_file_ref idref="fl-10"/>
      </object_component>
      <object_component id="oc-1c3">
         <name>.debug_line</name>
         <load_address>0x383a</load_address>
         <run_address>0x383a</run_address>
         <size>0x36</size>
         <input_file_ref idref="fl-10"/>
      </object_component>
      <object_component id="oc-ea">
         <name>.debug_line</name>
         <load_address>0x3870</load_address>
         <run_address>0x3870</run_address>
         <size>0x2f6</size>
         <input_file_ref idref="fl-10"/>
      </object_component>
      <object_component id="oc-b5">
         <name>.debug_line</name>
         <load_address>0x3b66</load_address>
         <run_address>0x3b66</run_address>
         <size>0xce</size>
         <input_file_ref idref="fl-10"/>
      </object_component>
      <object_component id="oc-259">
         <name>.debug_line</name>
         <load_address>0x3c34</load_address>
         <run_address>0x3c34</run_address>
         <size>0x8f</size>
         <input_file_ref idref="fl-10"/>
      </object_component>
      <object_component id="oc-1f2">
         <name>.debug_line</name>
         <load_address>0x3cc3</load_address>
         <run_address>0x3cc3</run_address>
         <size>0x34c</size>
         <input_file_ref idref="fl-10"/>
      </object_component>
      <object_component id="oc-2cc">
         <name>.debug_line</name>
         <load_address>0x400f</load_address>
         <run_address>0x400f</run_address>
         <size>0x39</size>
         <input_file_ref idref="fl-11"/>
      </object_component>
      <object_component id="oc-2ca">
         <name>.debug_line</name>
         <load_address>0x4048</load_address>
         <run_address>0x4048</run_address>
         <size>0x39</size>
         <input_file_ref idref="fl-11"/>
      </object_component>
      <object_component id="oc-17f">
         <name>.debug_line</name>
         <load_address>0x4081</load_address>
         <run_address>0x4081</run_address>
         <size>0x370</size>
         <input_file_ref idref="fl-11"/>
      </object_component>
      <object_component id="oc-2e7">
         <name>.debug_line</name>
         <load_address>0x43f1</load_address>
         <run_address>0x43f1</run_address>
         <size>0x6f</size>
         <input_file_ref idref="fl-11"/>
      </object_component>
      <object_component id="oc-2ce">
         <name>.debug_line</name>
         <load_address>0x4460</load_address>
         <run_address>0x4460</run_address>
         <size>0x15a</size>
         <input_file_ref idref="fl-11"/>
      </object_component>
      <object_component id="oc-1c5">
         <name>.debug_line</name>
         <load_address>0x45ba</load_address>
         <run_address>0x45ba</run_address>
         <size>0x3a</size>
         <input_file_ref idref="fl-12"/>
      </object_component>
      <object_component id="oc-305">
         <name>.debug_line</name>
         <load_address>0x45f4</load_address>
         <run_address>0x45f4</run_address>
         <size>0x3a</size>
         <input_file_ref idref="fl-12"/>
      </object_component>
      <object_component id="oc-284">
         <name>.debug_line</name>
         <load_address>0x462e</load_address>
         <run_address>0x462e</run_address>
         <size>0x3a</size>
         <input_file_ref idref="fl-12"/>
      </object_component>
      <object_component id="oc-1ba">
         <name>.debug_line</name>
         <load_address>0x4668</load_address>
         <run_address>0x4668</run_address>
         <size>0x13e</size>
         <input_file_ref idref="fl-12"/>
      </object_component>
      <object_component id="oc-fd">
         <name>.debug_line</name>
         <load_address>0x47a6</load_address>
         <run_address>0x47a6</run_address>
         <size>0x452</size>
         <input_file_ref idref="fl-12"/>
      </object_component>
      <object_component id="oc-28d">
         <name>.debug_line</name>
         <load_address>0x4bf8</load_address>
         <run_address>0x4bf8</run_address>
         <size>0x1d0</size>
         <input_file_ref idref="fl-12"/>
      </object_component>
      <object_component id="oc-18f">
         <name>.debug_line</name>
         <load_address>0x4dc8</load_address>
         <run_address>0x4dc8</run_address>
         <size>0x179</size>
         <input_file_ref idref="fl-13"/>
      </object_component>
      <object_component id="oc-2dd">
         <name>.debug_line</name>
         <load_address>0x4f41</load_address>
         <run_address>0x4f41</run_address>
         <size>0xcd</size>
         <input_file_ref idref="fl-13"/>
[...]
         <value>0x813d</value>
         <object_component_ref idref="oc-f8"/>
      </symbol>
      <symbol id="sm-5ca">
         <name>logchose</name>
         <value>0xaa68</value>
         <object_component_ref idref="oc-288"/>
      </symbol>
      <symbol id="sm-5cb">
         <name>lock_daly_cache</name>
         <value>0xab07</value>
         <object_component_ref idref="oc-104"/>
      </symbol>
      <symbol id="sm-5cc">
         <name>lock_daly_task</name>
         <value>0xab08</value>
         <object_component_ref idref="oc-104"/>
      </symbol>
      <symbol id="sm-5cd">
         <name>RxPacketBuffer</name>
         <value>0xac00</value>
         <object_component_ref idref="oc-104"/>
      </symbol>
      <symbol id="sm-5ce">
         <name>delaytemp</name>
         <value>0xe000</value>
         <object_component_ref idref="oc-1b0"/>
      </symbol>
      <symbol id="sm-5cf">
         <name>range</name>
         <value>0xab80</value>
         <object_component_ref idref="oc-104"/>
      </symbol>
      <symbol id="sm-5d0">
         <name>task_lock</name>
         <value>0xab05</value>
         <object_component_ref idref="oc-104"/>
      </symbol>
      <symbol id="sm-5d1">
         <name>sendu16</name>
         <value>0x8251</value>
         <object_component_ref idref="oc-f8"/>
      </symbol>
      <symbol id="sm-5d2">
         <name>tempdata_lock</name>
         <value>0xab04</value>
         <object_component_ref idref="oc-104"/>
      </symbol>
      <symbol id="sm-5d3">
         <name>adddalynumber</name>
         <value>0x8117</value>
         <object_component_ref idref="oc-f8"/>
      </symbol>
      <symbol id="sm-5d4">
         <name>log_map</name>
         <value>0xab20</value>
         <object_component_ref idref="oc-104"/>
      </symbol>
      <symbol id="sm-5d5">
         <name>daly_buf</name>
         <value>0xe030</value>
         <object_component_ref idref="oc-1b0"/>
      </symbol>
      <symbol id="sm-5d6">
         <name>addlognumber</name>
         <value>0x80b1</value>
         <object_component_ref idref="oc-f8"/>
      </symbol>
      <symbol id="sm-5d7">
         <name>TempRxPacketBuffer</name>
         <value>0xab40</value>
         <object_component_ref idref="oc-104"/>
      </symbol>
      <symbol id="sm-5d8">
         <name>SciRxPacketReset</name>
         <value>0x8000</value>
         <object_component_ref idref="oc-f8"/>
      </symbol>
      <symbol id="sm-5d9">
         <name>temp_buf</name>
         <value>0xe010</value>
         <object_component_ref idref="oc-1b0"/>
      </symbol>
      <symbol id="sm-5da">
         <name>logdata_lock</name>
         <value>0xab03</value>
         <object_component_ref idref="oc-104"/>
      </symbol>
      <symbol id="sm-5db">
         <name>TempRxPacketCtrl</name>
         <value>0xab19</value>
         <object_component_ref idref="oc-104"/>
      </symbol>
      <symbol id="sm-5dc">
         <name>dalydata_lock</name>
         <value>0xab02</value>
         <object_component_ref idref="oc-104"/>
      </symbol>
      <symbol id="sm-5dd">
         <name>checksumCalc</name>
         <value>0x823f</value>
         <object_component_ref idref="oc-f8"/>
      </symbol>
      <symbol id="sm-5de">
         <name>lock_trig</name>
         <value>0xab06</value>
         <object_component_ref idref="oc-104"/>
      </symbol>
      <symbol id="sm-5df">
         <name>daly_data_pack</name>
         <value>0x84ce</value>
         <object_component_ref idref="oc-f8"/>
      </symbol>
      <symbol id="sm-5e0">
         <name>dalychose</name>
         <value>0xaa70</value>
         <object_component_ref idref="oc-288"/>
      </symbol>
      <symbol id="sm-5e1">
         <name>delaylog</name>
         <value>0xab28</value>
         <object_component_ref idref="oc-104"/>
      </symbol>
      <symbol id="sm-5e2">
         <name>Init_tempbuf</name>
         <value>0x8746a</value>
         <object_component_ref idref="oc-1b8"/>
      </symbol>
      <symbol id="sm-5e3">
         <name>TemprxDecodeWord</name>
         <value>0x800b</value>
         <object_component_ref idref="oc-f8"/>
      </symbol>
      <symbol id="sm-5e4">
         <name>daly_chose</name>
         <value>0x84ff</value>
         <object_component_ref idref="oc-f8"/>
      </symbol>
      <symbol id="sm-5e5">
         <name>data_lock</name>
         <value>0xab00</value>
         <object_component_ref idref="oc-104"/>
      </symbol>
      <symbol id="sm-5e6">
         <name>temp_need_state</name>
         <value>0xab01</value>
         <object_component_ref idref="oc-104"/>
      </symbol>
      <symbol id="sm-5e7">
         <name>Init_dalybuf</name>
         <value>0x87446</value>
         <object_component_ref idref="oc-1b8"/>
      </symbol>
      <symbol id="sm-5e8">
         <name>Init_bigLogbuf</name>
         <value>0x87428</value>
         <object_component_ref idref="oc-1b8"/>
      </symbol>
      <symbol id="sm-5e9">
         <name>daly_map</name>
         <value>0xab0c</value>
         <object_component_ref idref="oc-104"/>
      </symbol>
      <symbol id="sm-5ea">
         <name>daly_moniter</name>
         <value>0xab0a</value>
         <object_component_ref idref="oc-104"/>
      </symbol>
      <symbol id="sm-5eb">
         <name>RxPacketCtrl</name>
         <value>0xab12</value>
         <object_component_ref idref="oc-104"/>
      </symbol>
      <symbol id="sm-5ec">
         <name>executaske</name>
         <value>0x83d7</value>
         <object_component_ref idref="oc-f8"/>
      </symbol>
      <symbol id="sm-5ed">
         <name>temp_map</name>
         <value>0xab0f</value>
         <object_component_ref idref="oc-104"/>
      </symbol>
      <symbol id="sm-5ee">
         <name>rxDecodeWord</name>
         <value>0x8052</value>
         <object_component_ref idref="oc-f8"/>
      </symbol>
      <symbol id="sm-5ef">
         <name>trigger_data_pack</name>
         <value>0x8485</value>
         <object_component_ref idref="oc-f8"/>
      </symbol>
      <symbol id="sm-611">
         <name>Delay_ms</name>
         <value>0x8727e</value>
         <object_component_ref idref="oc-18a"/>
      </symbol>
      <symbol id="sm-612">
         <name>configCPUTimer</name>
         <value>0x8728c</value>
         <object_component_ref idref="oc-18a"/>
      </symbol>
      <symbol id="sm-613">
         <name>Delay_us</name>
         <value>0x87250</value>
         <object_component_ref idref="oc-18a"/>
      </symbol>
      <symbol id="sm-634">
         <name>Device_enableAllPeripherals</name>
         <value>0x8683b</value>
         <object_component_ref idref="oc-108"/>
      </symbol>
      <symbol id="sm-635">
         <name>Device_verifyXTAL</name>
         <value>0x8692b</value>
         <object_component_ref idref="oc-108"/>
      </symbol>
      <symbol id="sm-636">
         <name>Device_initGPIO</name>
         <value>0x8691b</value>
         <object_component_ref idref="oc-108"/>
      </symbol>
      <symbol id="sm-637">
         <name>Device_init</name>
         <value>0x867d9</value>
         <object_component_ref idref="oc-108"/>
      </symbol>
      <symbol id="sm-638">
         <name>__error__</name>
         <value>0x8695e</value>
         <object_component_ref idref="oc-108"/>
      </symbol>
      <symbol id="sm-647">
         <name>code_start</name>
         <value>0x80000</value>
         <object_component_ref idref="oc-b6"/>
      </symbol>
      <symbol id="sm-67c">
         <name>ADC_setOffsetTrim</name>
         <value>0x86bc1</value>
         <object_component_ref idref="oc-114"/>
      </symbol>
      <symbol id="sm-67d">
         <name>ADC_setOffsetTrimAll</name>
         <value>0x86c17</value>
         <object_component_ref idref="oc-114"/>
      </symbol>
      <symbol id="sm-67e">
         <name>ADC_setVREF</name>
         <value>0x86b26</value>
         <object_component_ref idref="oc-114"/>
      </symbol>
      <symbol id="sm-67f">
         <name>ADC_setINLTrim</name>
         <value>0x86b72</value>
         <object_component_ref idref="oc-114"/>
      </symbol>
      <symbol id="sm-680">
         <name>ADC_setPPBTripLimits</name>
         <value>0x86c3f</value>
         <object_component_ref idref="oc-114"/>
      </symbol>
      <symbol id="sm-699">
         <name>CPUTimer_setEmulationMode</name>
         <value>0x87702</value>
         <object_component_ref idref="oc-247"/>
      </symbol>
      <symbol id="sm-6e9">
         <name>DCC_measureClockFrequency</name>
         <value>0x85dd9</value>
         <object_component_ref idref="oc-1d3"/>
      </symbol>
      <symbol id="sm-6ea">
         <name>DCC_getRevisionNumber</name>
         <value>0x85cf1</value>
         <object_component_ref idref="oc-1d3"/>
      </symbol>
      <symbol id="sm-6eb">
         <name>DCC_verifyClockFrequency</name>
         <value>0x85d0e</value>
         <object_component_ref idref="oc-1d3"/>
      </symbol>
      <symbol id="sm-6ec">
         <name>DCC_continuousMonitor</name>
         <value>0x85e86</value>
         <object_component_ref idref="oc-1d3"/>
      </symbol>
      <symbol id="sm-725">
         <name>Flash_initModule</name>
         <value>0x85e0</value>
         <object_component_ref idref="oc-1c7"/>
      </symbol>
      <symbol id="sm-726">
         <name>Flash_wakeFromLPM</name>
         <value>0x863f</value>
         <object_component_ref idref="oc-1c7"/>
      </symbol>
      <symbol id="sm-727">
         <name>Flash_powerDown</name>
         <value>0x8624</value>
         <object_component_ref idref="oc-1c7"/>
      </symbol>
      <symbol id="sm-763">
         <name>GPIO_setQualificationMode</name>
         <value>0x86614</value>
         <object_component_ref idref="oc-10e"/>
      </symbol>
      <symbol id="sm-764">
         <name>GPIO_getPadConfig</name>
         <value>0x865d6</value>
         <object_component_ref idref="oc-10e"/>
      </symbol>
      <symbol id="sm-765">
         <name>GPIO_setPadConfig</name>
         <value>0x86584</value>
         <object_component_ref idref="oc-10e"/>
      </symbol>
      <symbol id="sm-766">
         <name>GPIO_setInterruptPin</name>
         <value>0x86550</value>
         <object_component_ref idref="oc-10e"/>
      </symbol>
      <symbol id="sm-767">
         <name>GPIO_setAnalogMode</name>
         <value>0x866e7</value>
         <object_component_ref idref="oc-10e"/>
      </symbol>
      <symbol id="sm-768">
         <name>GPIO_setDirectionMode</name>
         <value>0x864ff</value>
         <object_component_ref idref="oc-10e"/>
      </symbol>
      <symbol id="sm-769">
         <name>GPIO_setQualificationPeriod</name>
         <value>0x86677</value>
         <object_component_ref idref="oc-10e"/>
      </symbol>
      <symbol id="sm-76a">
         <name>GPIO_getQualificationMode</name>
         <value>0x8664b</value>
         <object_component_ref idref="oc-10e"/>
      </symbol>
      <symbol id="sm-76b">
         <name>GPIO_setPinConfig</name>
         <value>0x86721</value>
         <object_component_ref idref="oc-10e"/>
      </symbol>
      <symbol id="sm-76c">
         <name>GPIO_getDirectionMode</name>
         <value>0x86530</value>
         <object_component_ref idref="oc-10e"/>
      </symbol>
      <symbol id="sm-76d">
         <name>GPIO_setControllerCore</name>
         <value>0x866b0</value>
         <object_component_ref idref="oc-10e"/>
      </symbol>
      <symbol id="sm-7ac">
         <name>Interrupt_disable</name>
         <value>0x86dd9</value>
         <object_component_ref idref="oc-120"/>
      </symbol>
      <symbol id="sm-7ad">
         <name>Interrupt_initModule</name>
         <value>0x86d47</value>
         <object_component_ref idref="oc-120"/>
      </symbol>
      <symbol id="sm-7ae">
         <name>Interrupt_enable</name>
         <value>0x86da2</value>
         <object_component_ref idref="oc-120"/>
      </symbol>
      <symbol id="sm-7af">
         <name>Interrupt_initVectorTable</name>
         <value>0x86d84</value>
         <object_component_ref idref="oc-120"/>
      </symbol>
      <symbol id="sm-808">
         <name>SCI_readCharArray</name>
         <value>0x8608a</value>
         <object_component_ref idref="oc-f2"/>
      </symbol>
      <symbol id="sm-809">
         <name>SCI_getInterruptStatus</name>
         <value>0x8614e</value>
         <object_component_ref idref="oc-f2"/>
      </symbol>
      <symbol id="sm-80a">
         <name>SCI_clearInterruptStatus</name>
         <value>0x8619c</value>
         <object_component_ref idref="oc-f2"/>
      </symbol>
      <symbol id="sm-80b">
         <name>SCI_writeCharArray</name>
         <value>0x86049</value>
         <object_component_ref idref="oc-f2"/>
      </symbol>
      <symbol id="sm-80c">
         <name>SCI_disableInterrupt</name>
         <value>0x86109</value>
         <object_component_ref idref="oc-f2"/>
      </symbol>
      <symbol id="sm-80d">
         <name>SCI_setConfig</name>
         <value>0x8600b</value>
         <object_component_ref idref="oc-f2"/>
      </symbol>
      <symbol id="sm-80e">
         <name>SCI_enableInterrupt</name>
         <value>0x860c5</value>
         <object_component_ref idref="oc-f2"/>
      </symbol>
      <symbol id="sm-80f">
         <name>SCI_setBaud</name>
         <value>0x861e1</value>
         <object_component_ref idref="oc-f2"/>
      </symbol>
      <symbol id="sm-810">
         <name>SCI_setWakeFlag</name>
         <value>0x86206</value>
         <object_component_ref idref="oc-f2"/>
      </symbol>
      <symbol id="sm-88a">
         <name>SysCtl_isPLLValid</name>
         <value>0x85a4b</value>
         <object_component_ref idref="oc-1cd"/>
      </symbol>
      <symbol id="sm-88b">
         <name>SysCtl_delay</name>
         <value>0x899c</value>
         <object_component_ref idref="oc-11a"/>
      </symbol>
      <symbol id="sm-88c">
         <name>SysCtl_selectXTALSingleEnded</name>
         <value>0x85973</value>
         <object_component_ref idref="oc-1cd"/>
      </symbol>
      <symbol id="sm-88d">
         <name>SysCtl_getDeviceParametric</name>
         <value>0x859f0</value>
         <object_component_ref idref="oc-1cd"/>
      </symbol>
      <symbol id="sm-88e">
         <name>SysCtl_selectXTAL</name>
         <value>0x8594f</value>
         <object_component_ref idref="oc-1cd"/>
      </symbol>
      <symbol id="sm-88f">
         <name>SysCtl_selectOscSource</name>
         <value>0x8598d</value>
         <object_component_ref idref="oc-1cd"/>
      </symbol>
      <symbol id="sm-890">
         <name>SysCtl_getLowSpeedClock</name>
         <value>0x859d6</value>
         <object_component_ref idref="oc-1cd"/>
      </symbol>
      <symbol id="sm-891">
         <name>SysCtl_setClock</name>
         <value>0x8588a</value>
         <object_component_ref idref="oc-1cd"/>
      </symbol>
      <symbol id="sm-892">
         <name>SysCtl_getClock</name>
         <value>0x8582c</value>
         <object_component_ref idref="oc-1cd"/>
      </symbol>
      <symbol id="sm-89e">
         <name>_c_int00</name>
         <value>0x87796</value>
         <object_component_ref idref="oc-9f"/>
      </symbol>
      <symbol id="sm-89f">
         <name>__stack</name>
         <value>0x400</value>
         <object_component_ref idref="oc-bb"/>
      </symbol>
      <symbol id="sm-8a7">
         <name>__c28xabi_subd</name>
         <value>0x877c4</value>
         <object_component_ref idref="oc-23d"/>
      </symbol>
      <symbol id="sm-8b2">
         <name>__c28xabi_dtoul</name>
         <value>0x8777b</value>
         <object_component_ref idref="oc-242"/>
      </symbol>
      <symbol id="sm-8bf">
         <name>__c28xabi_divf</name>
         <value>0x87501</value>
         <object_component_ref idref="oc-19d"/>
      </symbol>
      <symbol id="sm-8c8">
         <name>__c28xabi_modu</name>
         <value>0x877e3</value>
         <object_component_ref idref="oc-1b3"/>
      </symbol>
      <symbol id="sm-8c9">
         <name>__c28xabi_divu</name>
         <value>0x877de</value>
         <object_component_ref idref="oc-1b3"/>
      </symbol>
      <symbol id="sm-8d6">
         <name>__c28xabi_utod</name>
         <value>0x877ad</value>
         <object_component_ref idref="oc-232"/>
      </symbol>
      <symbol id="sm-8e9">
         <name>__c28xabi_divd</name>
         <value>0x87476</value>
         <object_component_ref idref="oc-238"/>
      </symbol>
      <symbol id="sm-8fb">
         <name>memcpy</name>
         <value>0x8775e</value>
         <object_component_ref idref="oc-be"/>
      </symbol>
      <symbol id="sm-908">
         <name>_system_pre_init</name>
         <value>0x8780f</value>
         <object_component_ref idref="oc-d2"/>
      </symbol>
      <symbol id="sm-917">
         <name>__TI_auto_init_nobinit_nopinit</name>
         <value>0x876c0</value>
         <object_component_ref idref="oc-143"/>
      </symbol>
      <symbol id="sm-924">
         <name>__TI_zero_init</name>
         <value>0x87809</value>
         <object_component_ref idref="oc-cc"/>
      </symbol>
      <symbol id="sm-931">
         <name>__TI_decompress_none</name>
         <value>0x877f2</value>
         <object_component_ref idref="oc-98"/>
      </symbol>
      <symbol id="sm-945">
         <name>__TI_decompress_lzss</name>
         <value>0x87690</value>
         <object_component_ref idref="oc-92"/>
      </symbol>
      <symbol id="sm-95b">
         <name>C$$EXIT</name>
         <value>0x87715</value>
         <object_component_ref idref="oc-df"/>
      </symbol>
      <symbol id="sm-95c">
         <name>abort</name>
         <value>0x87715</value>
         <object_component_ref idref="oc-df"/>
      </symbol>
      <symbol id="sm-95d">
         <name>exit</name>
         <value>0x87717</value>
         <object_component_ref idref="oc-df"/>
      </symbol>
      <symbol id="sm-95e">
         <name>__TI_dtors_ptr</name>
         <value>0xacd8</value>
         <object_component_ref idref="oc-175"/>
      </symbol>
      <symbol id="sm-95f">
         <name>__TI_cleanup_ptr</name>
         <value>0xacd6</value>
         <object_component_ref idref="oc-175"/>
      </symbol>
      <symbol id="sm-960">
         <name>__TI_enable_exit_profile_output</name>
         <value>0xacd4</value>
         <object_component_ref idref="oc-175"/>
      </symbol>
      <symbol id="sm-977">
         <name>_nop</name>
         <value>0x877f1</value>
         <object_component_ref idref="oc-21a"/>
      </symbol>
      <symbol id="sm-978">
         <name>_lock</name>
         <value>0xacda</value>
         <object_component_ref idref="oc-178"/>
      </symbol>
      <symbol id="sm-979">
         <name>_unlock</name>
         <value>0xacdc</value>
         <object_component_ref idref="oc-2c2"/>
      </symbol>
      <symbol id="sm-97a">
         <name>_register_lock</name>
         <value>0x877ed</value>
         <object_component_ref idref="oc-21a"/>
      </symbol>
      <symbol id="sm-97b">
         <name>_register_unlock</name>
         <value>0x877e9</value>
         <object_component_ref idref="oc-21a"/>
      </symbol>
      <symbol id="sm-98a">
         <name>_args_main</name>
         <value>0x877d2</value>
         <object_component_ref idref="oc-d9"/>
      </symbol>
      <symbol id="sm-999">
         <name>memset</name>
         <value>0x87802</value>
         <object_component_ref idref="oc-13a"/>
      </symbol>
      <symbol id="sm-9b0">
         <name>__c28xabi_addd</name>
         <value>0x872ba</value>
         <object_component_ref idref="oc-2d2"/>
      </symbol>
      <symbol id="sm-9be">
         <name>_system_post_cinit</name>
         <value>0x87811</value>
         <object_component_ref idref="oc-200"/>
      </symbol>
      <symbol id="sm-9c0">
         <name>__c_args__</name>
         <value>0x0</value>
      </symbol>
   </symbol_table>
   <title>Link successful</title>
</link_info>
