******************************************************************************
             TMS320C2000 Linker PC v22.6.0                     
******************************************************************************
>> Linked Thu Jun 20 11:06:00 2024

OUTPUT FILE NAME:   <powercycling_freertos_new.out>
ENTRY POINT SYMBOL: "_c_int00"  address: 00087963


MEMORY CONFIGURATION

         name            origin    length      used     unused   attr    fill
----------------------  --------  ---------  --------  --------  ----  --------
PAGE 0:
  RAMM0                 000000f6   0000030a  00000000  0000030a  RWIX
  RAMLS0                00008000   00004000  00001272  00002d8e  RWIX
  BEGIN                 00080000   00000002  00000002  00000000  RWIX
  FLASH_BANK0_SEC0      00080002   00000ffe  00000000  00000ffe  RWIX
  FLASH_BANK0_SEC1      00081000   00002000  00001312  00000cee  RWIX
  FLASH_BANK0_SEC2      00083000   0000d000  00004fe3  0000801d  RWIX
  FLASH_BANK1_SEC0      00090000   00001000  00000000  00001000  RWIX
  FLASH_BANK1_SEC1      00091000   00001000  00000000  00001000  RWIX
  FLASH_BANK1_SEC2      00092000   0000e000  00000000  0000e000  RWIX
  RESET                 003fffc0   00000002  00000000  00000002  RWIX

PAGE 1:
  BOOT_RSVD             00000002   000000f1  00000000  000000f1  RWIX
  RAMM1                 00000400   000003f8  00000200  000001f8  RWIX
  ADCARESULT            00000b00   00000018  00000000  00000018  RWIX
  ADCBRESULT            00000b20   00000018  00000000  00000018  RWIX
  ADCCRESULT            00000b40   00000018  00000000  00000018  RWIX
  CPUTIMER0             00000c00   00000008  00000000  00000008  RWIX
  CPUTIMER1             00000c08   00000008  00000000  00000008  RWIX
  CPUTIMER2             00000c10   00000008  00000000  00000008  RWIX
  PIECTRL               00000ce0   0000001a  00000000  0000001a  RWIX
  PIEVECTTABLE          00000d00   00000200  00000000  00000200  RWIX
  DMA                   00001000   00000200  00000000  00000200  RWIX
  CLA1                  00001400   00000080  00000000  00000080  RWIX
  CLB1LOGICCFG          00003000   00000052  00000000  00000052  RWIX
  CLB1LOGICCTRL         00003100   00000040  00000000  00000040  RWIX
  CLB1DATAEXCH          00003200   00000200  00000000  00000200  RWIX
  CLB2LOGICCFG          00003400   00000052  00000000  00000052  RWIX
  CLB2LOGICCTRL         00003500   00000040  00000000  00000040  RWIX
  CLB2DATAEXCH          00003600   00000200  00000000  00000200  RWIX
  CLB3LOGICCFG          00003800   00000052  00000000  00000052  RWIX
  CLB3LOGICCTRL         00003900   00000040  00000000  00000040  RWIX
  CLB3DATAEXCH          00003a00   00000200  00000000  00000200  RWIX
  CLB4LOGICCFG          00003c00   00000052  00000000  00000052  RWIX
  CLB4LOGICCTRL         00003d00   00000040  00000000  00000040  RWIX
  CLB4DATAEXCH          00003e00   00000200  00000000  00000200  RWIX
  EPWM1                 00004000   00000100  00000000  00000100  RWIX
  EPWM2                 00004100   00000100  00000000  00000100  RWIX
  EPWM3                 00004200   00000100  00000000  00000100  RWIX
  EPWM4                 00004300   00000100  00000000  00000100  RWIX
  EPWM5                 00004400   00000100  00000000  00000100  RWIX
  EPWM6                 00004500   00000100  00000000  00000100  RWIX
  EPWM7                 00004600   00000100  00000000  00000100  RWIX
  EPWM8                 00004700   00000100  00000000  00000100  RWIX
  EQEP1                 00005100   00000040  00000000  00000040  RWIX
  EQEP2                 00005140   00000040  00000000  00000040  RWIX
  ECAP1                 00005200   0000001e  00000000  0000001e  RWIX
  ECAP2                 00005240   0000001e  00000000  0000001e  RWIX
  ECAP3                 00005280   0000001e  00000000  0000001e  RWIX
  ECAP4                 000052c0   0000001e  00000000  0000001e  RWIX
  ECAP5                 00005300   0000001e  00000000  0000001e  RWIX
  ECAP6                 00005340   0000001e  00000000  0000001e  RWIX
  HRCAP6                00005360   00000020  00000000  00000020  RWIX
  ECAP7                 00005380   0000001e  00000000  0000001e  RWIX
  HRCAP7                000053a0   00000020  00000000  00000020  RWIX
  PGA1                  00005b00   00000010  00000000  00000010  RWIX
  PGA2                  00005b10   00000010  00000000  00000010  RWIX
  PGA3                  00005b20   00000010  00000000  00000010  RWIX
  PGA4                  00005b30   00000010  00000000  00000010  RWIX
  PGA5                  00005b40   00000010  00000000  00000010  RWIX
  PGA6                  00005b50   00000010  00000000  00000010  RWIX
  PGA7                  00005b60   00000010  00000000  00000010  RWIX
  DACA                  00005c00   00000008  00000000  00000008  RWIX
  DACB                  00005c10   00000008  00000000  00000008  RWIX
  CMPSS1                00005c80   00000020  00000000  00000020  RWIX
  CMPSS2                00005ca0   00000020  00000000  00000020  RWIX
  CMPSS3                00005cc0   00000020  00000000  00000020  RWIX
  CMPSS4                00005ce0   00000020  00000000  00000020  RWIX
  CMPSS5                00005d00   00000020  00000000  00000020  RWIX
  CMPSS6                00005d20   00000020  00000000  00000020  RWIX
  CMPSS7                00005d40   00000020  00000000  00000020  RWIX
  SDFM1                 00005e00   00000070  00000000  00000070  RWIX
  SPIA                  00006100   00000010  00000000  00000010  RWIX
  SPIB                  00006110   00000010  00000000  00000010  RWIX
  CLAPROMCRC0           000061c0   00000020  00000000  00000020  RWIX
  PMBUSA                00006400   00000020  00000000  00000020  RWIX
  FSITXA                00006600   00000050  00000000  00000050  RWIX
  FSIRXA                00006680   00000050  00000000  00000050  RWIX
  LINA                  00006a00   000000ec  00000000  000000ec  RWIX
  WD                    00007000   0000002c  00000000  0000002c  RWIX
  NMIINTRUPT            00007060   00000008  00000000  00000008  RWIX
  XINT                  00007070   0000000c  00000000  0000000c  RWIX
  SCIA                  00007200   00000010  00000000  00000010  RWIX
  SCIB                  00007210   00000010  00000000  00000010  RWIX
  I2CA                  00007300   00000022  00000000  00000022  RWIX
  ADCA                  00007400   00000080  00000000  00000080  RWIX
  ADCB                  00007480   00000080  00000000  00000080  RWIX
  ADCC                  00007500   00000080  00000000  00000080  RWIX
  INPUTXBAR             00007900   00000020  00000000  00000020  RWIX
  XBAR                  00007920   00000020  00000000  00000020  RWIX
  SYNCSOC               00007940   00000006  00000000  00000006  RWIX
  DMACLASRCSEL          00007980   0000001a  00000000  0000001a  RWIX
  EPWMXBAR              00007a00   00000040  00000000  00000040  RWIX
  CLBXBAR               00007a40   00000040  00000000  00000040  RWIX
  OUTPUTXBAR            00007a80   00000040  00000000  00000040  RWIX
  GPIOCTRL              00007c00   00000200  00000000  00000200  RWIX
  GPIODATA              00007f00   00000040  00000000  00000040  RWIX
  RAMLS5                0000a800   00001400  000005ae  00000e52  RWIX
  RAMGS0                0000c000   00002000  00001a00  00000600  RWIX
  RAMGS1                0000e000   00005ff8  000022f4  00003d04  RWIX
  CANA                  00048000   00000200  00000000  00000200  RWIX
  CANB                  0004a000   00000200  00000000  00000200  RWIX
  DEVCFG                0005d000   00000180  00000000  00000180  RWIX
  CLKCFG                0005d200   00000036  00000000  00000036  RWIX
  CPUSYS                0005d300   00000082  00000000  00000082  RWIX
  SYSPERIPHAC           0005d500   00000200  00000000  00000200  RWIX
  ANALOGSUBSYS          0005d700   00000090  00000000  00000090  RWIX
  DCC0                  0005e700   0000002c  00000000  0000002c  RWIX
  ERADGLOBAL            0005e800   00000014  00000000  00000014  RWIX
  ERADHWBP1             0005e900   00000008  00000000  00000008  RWIX
  ERADHWBP2             0005e908   00000008  00000000  00000008  RWIX
  ERADHWBP3             0005e910   00000008  00000000  00000008  RWIX
  ERADHWBP4             0005e918   00000008  00000000  00000008  RWIX
  ERADHWBP5             0005e920   00000008  00000000  00000008  RWIX
  ERADHWBP6             0005e928   00000008  00000000  00000008  RWIX
  ERADHWBP7             0005e930   00000008  00000000  00000008  RWIX
  ERADHWBP8             0005e938   00000008  00000000  00000008  RWIX
  ERADCOUNTER1          0005e980   00000010  00000000  00000010  RWIX
  ERADCOUNTER2          0005e990   00000010  00000000  00000010  RWIX
  ERADCOUNTER3          0005e9a0   00000010  00000000  00000010  RWIX
  ERADCOUNTER4          0005e9b0   00000010  00000000  00000010  RWIX
  DCSMBANK0Z1           0005f000   00000024  00000000  00000024  RWIX
  DCSMBANK0Z2           0005f040   00000024  00000000  00000024  RWIX
  DCSMCOMMON            0005f070   00000010  00000000  00000010  RWIX
  DCSMBANK1Z1           0005f100   00000024  00000000  00000024  RWIX
  DCSMBANK1Z2           0005f140   00000024  00000000  00000024  RWIX
  MEMCFG                0005f400   00000080  00000000  00000080  RWIX
  ACCESSPROTECTION      0005f4c0   00000040  00000000  00000040  RWIX
  MEMORYERROR           0005f500   00000040  00000000  00000040  RWIX
  FLASH0CTRL            0005f800   00000182  00000000  00000182  RWIX
  FLASH0ECC             0005fb00   00000028  00000000  00000028  RWIX


SECTION ALLOCATION MAP

 output                                  attributes/
section   page    origin      length       input sections
--------  ----  ----------  ----------   ----------------
codestart 
*          0    00080000    00000002     
                  00080000    00000002     f28004x_codestartbranch.obj (codestart)

.switch    0    00082274    0000001c     
                  00082274    0000001c     sci_cmd.obj (.switch:rxCmdList)

.cinit     0    00082290    00000084     
                  00082290    00000055     (.cinit..data.load) [load image, compression = lzss]
                  000822e5    00000006     (.cinit..logport.load) [load image, compression = lzss]
                  000822eb    00000001     --HOLE-- [fill = 0]
                  000822ec    00000006     (__TI_handler_table)
                  000822f2    00000004     (.cinit..bss.load) [load image, compression = zero_init]
                  000822f6    00000004     (.cinit..freertosHeap.load) [load image, compression = zero_init]
                  000822fa    00000004     (.cinit..freertosStaticStack.load) [load image, compression = zero_init]
                  000822fe    00000002     --HOLE-- [fill = 0]
                  00082300    00000014     (__TI_cinit_table)

.reset     0    003fffc0    00000000     DSECT

.stack     1    00000400    00000200     UNINITIALIZED
                  00000400    00000200     --HOLE--

.freertosHeap 
*          1    0000c000    00001000     UNINITIALIZED
                  0000c000    00001000     c2000_freertos.obj (.freertosHeap)

.init_array 
*          0    00081000    00000000     UNINITIALIZED

.bss       1    0000a800    00000364     UNINITIALIZED
                  0000a800    000001b2     c2000_freertos.obj (.bss)
                  0000a9b2    000000a0     tasks.obj (.bss:pxReadyTasksLists)
                  0000aa52    0000004a     sci_cmd.obj (.bss:val_adder)
                  0000aa9c    00000024     powercycling_control_loop.obj (.bss)
                  0000aac0    00000036     tasks.obj (.bss)
                  0000aaf6    00000028     queue.obj (.bss:xQueueRegistry)
                  0000ab1e    00000004     heap_4.obj (.bss)
                  0000ab22    00000004     sci_cmd.obj (.bss:val_adder_chose)
                  0000ab26    00000001     main.obj (.bss)
                  0000ab27    00000019     --HOLE--
                  0000ab40    00000024     sci_fifo.obj (.bss)

.data      1    0000ab80    0000024a     UNINITIALIZED
                  0000ab80    00000180     sci_fifo.obj (.data)
                  0000ad00    0000008c     powercycling_control_loop.obj (.data)
                  0000ad8c    00000012     tasks.obj (.data)
                  0000ad9e    0000000c     c2000_freertos.obj (.data)
                  0000adaa    0000000c     heap_4.obj (.data)
                  0000adb6    00000006     rts2800_fpu32_eabi.lib : exit.c.obj (.data)
                  0000adbc    00000004     port.obj (.data)
                  0000adc0    00000005     main.obj (.data)
                  0000adc5    00000001     --HOLE--
                  0000adc6    00000002     rts2800_fpu32_eabi.lib : _lock.c.obj (.data:_lock)
                  0000adc8    00000002                            : _lock.c.obj (.data:_unlock)

.const     0    000879bc    00000629     
                  000879bc    000001a9     board.obj (.const:.string)
                  00087b65    00000001     tasks.obj (.const)
                  00087b66    000000d3     powercycling_control_loop.obj (.const:.string)
                  00087c39    00000001     --HOLE-- [fill = 0]
                  00087c3a    000000d1     main.obj (.const:.string)
                  00087d0b    00000001     --HOLE-- [fill = 0]
                  00087d0c    0000008c     sci_cmd.obj (.const:.string)
                  00087d98    0000005b     device.obj (.const:.string)
                  00087df3    00000001     --HOLE-- [fill = 0]
                  00087df4    0000004a     port.obj (.const:.string)
                  00087e3e    00000045     sci_fifo.obj (.const:.string)
                  00087e83    00000001     --HOLE-- [fill = 0]
                  00087e84    0000002d     c2000_freertos.obj (.const:.string)
                  00087eb1    00000001     --HOLE-- [fill = 0]
                  00087eb2    0000002b     flash.obj (.const:.string)
                  00087edd    00000001     --HOLE-- [fill = 0]
                  00087ede    0000002a     sysctl.obj (.const:.string)
                  00087f08    00000028     gpio.obj (.const:.string)
                  00087f30    00000027     dcc.obj (.const:.string)
                  00087f57    00000001     --HOLE-- [fill = 0]
                  00087f58    00000027     sci.obj (.const:.string)
                  00087f7f    00000001     --HOLE-- [fill = 0]
                  00087f80    0000001a     sci_fifo.obj (.const)
                  00087f9a    00000019     interrupt.obj (.const:.string)
                  00087fb3    00000001     --HOLE-- [fill = 0]
                  00087fb4    00000018     cputimer.obj (.const:.string)
                  00087fcc    00000013     adc.obj (.const:.string)
                  00087fdf    00000001     --HOLE-- [fill = 0]
                  00087fe0    00000005     tasks.obj (.const:.string)

.TI.ramfunc 
*          0    00081000    00001272     RUN ADDR = 00008000
                  00081000    000005f1     sci_fifo.obj (.TI.ramfunc)
                  000815f1    0000057d     powercycling_control_loop.obj (.TI.ramfunc)
                  00081b6e    000001c9     main.obj (.TI.ramfunc)
                  00081d37    000001c2     main.obj (.TI.ramfunc:retain)
                  00081ef9    00000180     sci_cmd.obj (.TI.ramfunc)
                  00082079    0000015a     flash.obj (.TI.ramfunc)
                  000821d3    00000067     sogi_control.obj (.TI.ramfunc)
                  0008223a    00000034     pid_control.obj (.TI.ramfunc)
                  0008226e    00000004     sysctl.obj (.TI.ramfunc)

PieVectTableFile 
*          0    00000d00    00000000     DSECT

EmuKeyVar 
*          0    00000d00    00000000     DSECT

EmuBModeVar 
*          0    00000d00    00000000     DSECT

EmuBootPinsVar 
*          0    00000d00    00000000     DSECT

FlashCallbackVar 
*          0    00000d00    00000000     DSECT

FlashScalingVar 
*          0    00000d00    00000000     DSECT

.text      0    00083000    000049ba     
                  00083000    00000fb6     tasks.obj (.text)
                  00083fb6    00000eea     board.obj (.text)
                  00084ea0    000006f4     queue.obj (.text)
                  00085594    00000692     sci_cmd.obj (.text)
                  00085c26    000004b1     sysctl.obj (.text)
                  000860d7    00000431     dcc.obj (.text)
                  00086508    000002e0     sci.obj (.text)
                  000867e8    0000028d     gpio.obj (.text)
                  00086a75    0000020d     device.obj (.text)
                  00086c82    000001aa     port.obj (.text)
                  00086e2c    0000018c     adc.obj (.text)
                  00086fb8    0000018c     interrupt.obj (.text)
                  00087144    00000181     heap_4.obj (.text)
                  000872c5    00000171     powercycling_control_loop.obj (.text)
                  00087436    0000013a     main.obj (.text)
                  00087570    000000a1     sci_fifo.obj (.text)
                  00087611    0000009e     c2000_freertos.obj (.text)
                  000876af    00000092     list.obj (.text)
                  00087741    00000088     rts2800_fpu32_eabi.lib : fs_div28.asm.obj (.text)
                  000877c9    00000083     portasm.obj (.text)
                  0008784c    0000002e     rts2800_fpu32_eabi.lib : copy_decompress_lzss.c.obj (.text:decompress:lzss)
                  0008787a    0000002e     pid_control.obj (.text)
                  000878a8    0000002b     rts2800_fpu32_eabi.lib : autoinit.c.obj (.text:__TI_auto_init_nobinit_nopinit)
                  000878d3    0000002a     cputimer.obj (.text)
                  000878fd    00000029     rts2800_fpu32_eabi.lib : exit.c.obj (.text)
                  00087926    00000020     flash.obj (.text)
                  00087946    0000001d     rts2800_fpu32_eabi.lib : memcpy.c.obj (.text)
                  00087963    00000017                            : boot28.asm.obj (.text)
                  0008797a    0000000c                            : args_main.c.obj (.text)
                  00087986    0000000b                            : u_div28.asm.obj (.text)
                  00087991    00000009                            : _lock.c.obj (.text)
                  0008799a    00000008                            : copy_decompress_none.c.obj (.text:decompress:none)
                  000879a2    00000008     f28004x_codestartbranch.obj (.text)
                  000879aa    00000007     rts2800_fpu32_eabi.lib : memset.c.obj (.text)
                  000879b1    00000006                            : copy_zero_init.c.obj (.text:decompress:ZI)
                  000879b7    00000002                            : pre_init.c.obj (.text)
                  000879b9    00000001                            : startup.c.obj (.text)

.freertosStaticStack 
*          1    0000d000    00000a00     UNINITIALIZED
                  0000d000    00000a00     c2000_freertos.obj (.freertosStaticStack)

.logport   1    0000e000    000022f4     UNINITIALIZED
                  0000e000    000022f4     sci_fifo.obj (.logport)

MODULE SUMMARY

       Module                          code    ro data   rw data
       ------                          ----    -------   -------
    .\
       tasks.obj                       4022    6         232    
       queue.obj                       1780    0         40     
       port.obj                        426     74        4      
       heap_4.obj                      385     0         16     
       list.obj                        146     0         0      
       portasm.obj                     131     0         0      
    +--+-------------------------------+-------+---------+---------+
       Total:                          6890    80        292    
                                                                
    .\APP\src\
       sci_fifo.obj                    3203    95        9368   
       powercycling_control_loop.obj   3179    211       176    
       sci_cmd.obj                     2450    168       78     
       main.obj                        2128    209       6      
       sogi_control.obj                206     0         0      
       pid_control.obj                 150     0         0      
    +--+-------------------------------+-------+---------+---------+
       Total:                          11316   683       9628   
                                                                
    .\device\
       device.obj                      525     91        0      
       f28004x_codestartbranch.obj     10      0         0      
    +--+-------------------------------+-------+---------+---------+
       Total:                          535     91        0      
                                                                
    .\driverlib\
       sysctl.obj                      1209    42        0      
       dcc.obj                         1073    39        0      
       sci.obj                         736     39        0      
       flash.obj                       724     43        0      
       gpio.obj                        653     40        0      
       interrupt.obj                   396     25        0      
       adc.obj                         396     19        0      
       cputimer.obj                    42      24        0      
    +--+-------------------------------+-------+---------+---------+
       Total:                          5229    271       0      
                                                                
    .\syscfg\
       c2000_freertos.obj              158     45        7102   
       board.obj                       3818    425       0      
    +--+-------------------------------+-------+---------+---------+
       Total:                          3976    470       7102   
                                                                
    C:\ti\ccs1220\ccs\tools\compiler\ti-cgt-c2000_22.6.0.LTS\lib\rts2800_fpu32_eabi.lib
       fs_div28.asm.obj                136     0         0      
       exit.c.obj                      41      0         6      
       copy_decompress_lzss.c.obj      46      0         0      
       autoinit.c.obj                  43      0         0      
       memcpy.c.obj                    29      0         0      
       boot28.asm.obj                  23      0         0      
       _lock.c.obj                     9       0         4      
       args_main.c.obj                 12      0         0      
       u_div28.asm.obj                 11      0         0      
       copy_decompress_none.c.obj      8       0         0      
       memset.c.obj                    7       0         0      
       copy_zero_init.c.obj            6       0         0      
       pre_init.c.obj                  2       0         0      
       startup.c.obj                   1       0         0      
    +--+-------------------------------+-------+---------+---------+
       Total:                          374     0         10     
                                                                
       Stack:                          0       0         512    
       Linker Generated:               0       129       0      
    +--+-------------------------------+-------+---------+---------+
       Grand Total:                    28320   1724      17544  


LINKER GENERATED COPY TABLES

__TI_cinit_table @ 00082300 records: 5, size/record: 4, table size: 20
	.data: load addr=00082290, load size=00000055 bytes, run addr=0000ab80, run size=0000024a bytes, compression=lzss
	.logport: load addr=000822e5, load size=00000006 bytes, run addr=0000e000, run size=000022f4 bytes, compression=lzss
	.bss: load addr=000822f2, load size=00000004 bytes, run addr=0000a800, run size=00000364 bytes, compression=zero_init
	.freertosHeap: load addr=000822f6, load size=00000004 bytes, run addr=0000c000, run size=00001000 bytes, compression=zero_init
	.freertosStaticStack: load addr=000822fa, load size=00000004 bytes, run addr=0000d000, run size=00000a00 bytes, compression=zero_init


LINKER GENERATED HANDLER TABLE

__TI_handler_table @ 000822ec records: 3, size/record: 2, table size: 6
	index: 0, handler: __TI_zero_init
	index: 1, handler: __TI_decompress_lzss
	index: 2, handler: __TI_decompress_none


GLOBAL DATA SYMBOLS: SORTED BY DATA PAGE

address     data page           name
--------    ----------------    ----
00000400      10 (00000400)     __stack

0000a800     2a0 (0000a800)     mySemaphore0Buffer

0000a840     2a1 (0000a840)     mySemaphore1Buffer

0000a880     2a2 (0000a880)     idleTaskTCBBuffer

0000a8c0     2a3 (0000a8c0)     dalypackTCBBuffer

0000a900     2a4 (0000a900)     sendchargeTCBBuffer

0000a940     2a5 (0000a940)     recivecmdTCBBuffer

0000a980     2a6 (0000a980)     doublepulse1TCBBuffer

0000aa52     2a9 (0000aa40)     val_adder

0000aa9c     2aa (0000aa80)     ac_i_erro
0000aa9e     2aa (0000aa80)     cmp_d1
0000aaa0     2aa (0000aa80)     cmp_d2
0000aaa2     2aa (0000aa80)     theta_del
0000aaa4     2aa (0000aa80)     I_Sense_R1
0000aaa6     2aa (0000aa80)     I_Sense_R2
0000aaa8     2aa (0000aa80)     I_Sense_loss
0000aaaa     2aa (0000aa80)     I_Sense_total
0000aaac     2aa (0000aa80)     I_Sense_H1
0000aaae     2aa (0000aa80)     I_Sense_H2
0000aab0     2aa (0000aa80)     VDC
0000aab2     2aa (0000aa80)     VCap
0000aab4     2aa (0000aa80)     I_DRV_ToTal
0000aab6     2aa (0000aa80)     I_DRV_1
0000aab8     2aa (0000aa80)     I_DRV_2
0000aaba     2aa (0000aa80)     I_DRV_3
0000aabc     2aa (0000aa80)     I_DRV_4
0000aabe     2aa (0000aa80)     Vref_IV5

0000aaf6     2ab (0000aac0)     xQueueRegistry

0000ab22     2ac (0000ab00)     val_adder_chose
0000ab26     2ac (0000ab00)     rxHigherPriorityTaskWoken

0000ab40     2ad (0000ab40)     logchose
0000ab48     2ad (0000ab40)     dalychose

0000ab80     2ae (0000ab80)     data_lock
0000ab81     2ae (0000ab80)     temp_need_state
0000ab82     2ae (0000ab80)     dalydata_lock
0000ab83     2ae (0000ab80)     logdata_lock
0000ab84     2ae (0000ab80)     tempdata_lock
0000ab85     2ae (0000ab80)     task_lock
0000ab86     2ae (0000ab80)     lock_trig
0000ab87     2ae (0000ab80)     lock_daly_cache
0000ab88     2ae (0000ab80)     lock_daly_task
0000ab8a     2ae (0000ab80)     daly_moniter
0000ab8c     2ae (0000ab80)     daly_map
0000ab8f     2ae (0000ab80)     temp_map
0000ab92     2ae (0000ab80)     RxPacketCtrl
0000ab98     2ae (0000ab80)     TempRxPacketCtrl
0000ab9e     2ae (0000ab80)     log_map
0000aba6     2ae (0000ab80)     delaylog
0000abae     2ae (0000ab80)     delaydaly

0000abc0     2af (0000abc0)     TempRxPacketBuffer

0000ac00     2b0 (0000ac00)     range

0000ac80     2b2 (0000ac80)     RxPacketBuffer

0000ad00     2b4 (0000ad00)     is_open
0000ad01     2b4 (0000ad00)     mode_chose
0000ad02     2b4 (0000ad00)     i_choise
0000ad03     2b4 (0000ad00)     control_flag
0000ad04     2b4 (0000ad00)     control_auto
0000ad05     2b4 (0000ad00)     control_max
0000ad06     2b4 (0000ad00)     control_turn
0000ad07     2b4 (0000ad00)     control_send_val
0000ad08     2b4 (0000ad00)     over_flag
0000ad09     2b4 (0000ad00)     double_pulse_state
0000ad0a     2b4 (0000ad00)     double_pulse_select
0000ad0b     2b4 (0000ad00)     driver_status
0000ad0c     2b4 (0000ad00)     pwm_status
0000ad0d     2b4 (0000ad00)     message_effect_status
0000ad0e     2b4 (0000ad00)     machine_status
0000ad0f     2b4 (0000ad00)     iic_recive_time
0000ad10     2b4 (0000ad00)     Kp_pid
0000ad12     2b4 (0000ad00)     Ki_pid
0000ad14     2b4 (0000ad00)     Kp_pr
0000ad16     2b4 (0000ad00)     Ki_pr
0000ad18     2b4 (0000ad00)     Ki_pr_h3
0000ad1a     2b4 (0000ad00)     Ki_pr_h5
0000ad1c     2b4 (0000ad00)     I_ref
0000ad1e     2b4 (0000ad00)     AC_I_ref
0000ad20     2b4 (0000ad00)     CONTROL_TS
0000ad22     2b4 (0000ad00)     cmp_1
0000ad24     2b4 (0000ad00)     cmp_2
0000ad26     2b4 (0000ad00)     cmp_b_hr
0000ad28     2b4 (0000ad00)     tbprd
0000ad2a     2b4 (0000ad00)     phs
0000ad2c     2b4 (0000ad00)     phs_hr
0000ad2e     2b4 (0000ad00)     pwm_deadband
0000ad30     2b4 (0000ad00)     pi_cmp2_out
0000ad32     2b4 (0000ad00)     theta
0000ad34     2b4 (0000ad00)     ac_freq
0000ad36     2b4 (0000ad00)     ac_mag
0000ad38     2b4 (0000ad00)     ac_delt
0000ad3a     2b4 (0000ad00)     ac_dict
0000ad3c     2b4 (0000ad00)     a_i_r1
0000ad3e     2b4 (0000ad00)     b_i_r1

0000ad40     2b5 (0000ad40)     a_i_r2
0000ad42     2b5 (0000ad40)     b_i_r2
0000ad44     2b5 (0000ad40)     a_i_h1
0000ad46     2b5 (0000ad40)     b_i_h1
0000ad48     2b5 (0000ad40)     a_i_h2
0000ad4a     2b5 (0000ad40)     b_i_h2
0000ad4c     2b5 (0000ad40)     a_vcap
0000ad4e     2b5 (0000ad40)     b_vcap
0000ad50     2b5 (0000ad40)     a_vdc
0000ad52     2b5 (0000ad40)     b_vdc
0000ad54     2b5 (0000ad40)     a_i_loss
0000ad56     2b5 (0000ad40)     b_i_loss
0000ad58     2b5 (0000ad40)     a_i_total
0000ad5a     2b5 (0000ad40)     b_i_total
0000ad5c     2b5 (0000ad40)     i_pi
0000ad66     2b5 (0000ad40)     i_sogi
0000ad72     2b5 (0000ad40)     i_sogi_h3

0000ad80     2b6 (0000ad80)     i_sogi_h5
0000ad94     2b6 (0000ad80)     pxCurrentTCB
0000ad9e     2b6 (0000ad80)     dalypackHandle
0000ada0     2b6 (0000ad80)     sendchargeHandle
0000ada2     2b6 (0000ad80)     recivecmdHandle
0000ada4     2b6 (0000ad80)     doublepulse1Handle
0000ada6     2b6 (0000ad80)     mySemaphore0Handle
0000ada8     2b6 (0000ad80)     mySemaphore1Handle
0000adb6     2b6 (0000ad80)     __TI_enable_exit_profile_output
0000adb8     2b6 (0000ad80)     __TI_cleanup_ptr
0000adba     2b6 (0000ad80)     __TI_dtors_ptr
0000adbc     2b6 (0000ad80)     bYield
0000adbd     2b6 (0000ad80)     bPreemptive
0000adbe     2b6 (0000ad80)     ulCriticalNesting

0000adc0     2b7 (0000adc0)     time_test_cmp1
0000adc1     2b7 (0000adc0)     time_test_cmp2
0000adc2     2b7 (0000adc0)     time_test_cmp3
0000adc3     2b7 (0000adc0)     time_test_db
0000adc4     2b7 (0000adc0)     time_test_rest
0000adc6     2b7 (0000adc0)     _lock
0000adc8     2b7 (0000adc0)     _unlock

0000c000     300 (0000c000)     ucHeap

0000d000     340 (0000d000)     recivecmdStackBuffer

0000d100     344 (0000d100)     doublepulse1StackBuffer

0000d200     348 (0000d200)     dalypackStackBuffer

0000d400     350 (0000d400)     sendchargeStackBuffer

0000d600     358 (0000d600)     idleTaskStack

0000e000     380 (0000e000)     delaytemp
0000e010     380 (0000e000)     temp_buf
0000e030     380 (0000e000)     daly_buf

0000e3b4     38e (0000e380)     log_buf

00087b65    21ed (00087b40)     uxTopUsedPriority


GLOBAL SYMBOLS: SORTED ALPHABETICALLY BY Name 

page  address   name                               
----  -------   ----                               
1     0000ad1e  AC_I_ref                           
0     0008484f  ADC_init                           
0     00086e8f  ADC_setINLTrim                     
0     00086ede  ADC_setOffsetTrim                  
0     00086f34  ADC_setOffsetTrimAll               
0     00086f5c  ADC_setPPBTripLimits               
0     00086e43  ADC_setVREF                        
0     00084a99  ASYSCTL_init                       
0     000847a8  Board_init                         
0     000878fd  C$$EXIT                            
1     0000ad20  CONTROL_TS                         
0     00084a9f  CPUTIMER_init                      
0     000878ea  CPUTimer_setEmulationMode          
0     000858b8  Cmp2Set                            
0     00085771  CmpSet                             
0     00085817  CmpandPhsSet                       
0     00008671  ControlLoop                        
0     000088d8  ControlLoopAcClose                 
0     00008993  ControlLoopAcOpen                  
0     00008802  ControlLoopDcClose                 
0     00008860  ControlLoopDcOpen                  
0     00086455  DCC_continuousMonitor              
0     000862c0  DCC_getRevisionNumber              
0     000863a8  DCC_measureClockFrequency          
0     000862dd  DCC_verifyClockFrequency           
0     00084d31  DRV_init                           
0     00086b58  Device_enableAllPeripherals        
0     00086af6  Device_init                        
0     00086c38  Device_initGPIO                    
0     00086c48  Device_verifyXTAL                  
0     00084d7c  EPWM_A_init                        
0     00084d95  EPWM_B_init                        
0     00084aa0  EPWM_init                          
0     00009159  Flash_initModule                   
0     0000919d  Flash_powerDown                    
0     000091b8  Flash_wakeFromLPM                  
0     000876a0  FreeRTOS_init                      
0     0008684d  GPIO_getDirectionMode              
0     000868f3  GPIO_getPadConfig                  
0     00086968  GPIO_getQualificationMode          
0     00084cf5  GPIO_init                          
0     00086a04  GPIO_setAnalogMode                 
0     000869cd  GPIO_setControllerCore             
0     0008681c  GPIO_setDirectionMode              
0     0008686d  GPIO_setInterruptPin               
0     000868a1  GPIO_setPadConfig                  
0     00086a3e  GPIO_setPinConfig                  
0     00086931  GPIO_setQualificationMode          
0     00086994  GPIO_setQualificationPeriod        
0     000858f0  GateDriverDisable                  
0     000858e4  GateDriverEnable                   
0     00084dae  INTERRUPT_init                     
0     00008d37  INT_myADCA_1_ISR                   
0     00008d8e  INT_mySCI0_RX_ISR                  
0     00008e89  INT_mySCI0_TX_ISR                  
0     00008e0c  INT_mySCI1_RX_ISR                  
0     00008ec1  INT_mySCI1_TX_ISR                  
1     0000aab6  I_DRV_1                            
1     0000aab8  I_DRV_2                            
1     0000aaba  I_DRV_3                            
1     0000aabc  I_DRV_4                            
1     0000aab4  I_DRV_ToTal                        
1     0000aaac  I_Sense_H1                         
1     0000aaae  I_Sense_H2                         
1     0000aaa4  I_Sense_R1                         
1     0000aaa6  I_Sense_R2                         
1     0000aaa8  I_Sense_loss                       
1     0000aaaa  I_Sense_total                      
1     0000ad1c  I_ref                              
0     000875c3  Init_bigLogbuf                     
0     000875e1  Init_dalybuf                       
0     000873b2  Init_powercycling                  
0     00087605  Init_tempbuf                       
0     000856c5  Init_val_adder                     
0     0008760b  Initrangtaske                      
0     000870f6  Interrupt_disable                  
0     000870bf  Interrupt_enable                   
0     00087064  Interrupt_initModule               
0     000870a1  Interrupt_initVectorTable          
1     0000ad12  Ki_pid                             
1     0000ad16  Ki_pr                              
1     0000ad18  Ki_pr_h3                           
1     0000ad1a  Ki_pr_h5                           
1     0000ad10  Kp_pid                             
1     0000ad14  Kp_pr                              
0     00084d1d  LED_GREEN_init                     
0     00084d04  LED_RED_init                       
0     000857e3  PhsSet                             
0     000847bd  PinMux_init                        
0     000087cd  Protection_process                 
0     000858d6  PwmDisable                         
0     000858c7  PwmEnable                          
0     00082272  RamfuncsLoadEnd                    
abs   00001272  RamfuncsLoadSize                   
0     00081000  RamfuncsLoadStart                  
0     00009272  RamfuncsRunEnd                     
abs   00001272  RamfuncsRunSize                    
0     00008000  RamfuncsRunStart                   
1     0000ac80  RxPacketBuffer                     
1     0000ab92  RxPacketCtrl                       
0     0008676b  SCI_clearInterruptStatus           
0     000866d8  SCI_disableInterrupt               
0     00086694  SCI_enableInterrupt                
0     0008671d  SCI_getInterruptStatus             
0     00084df7  SCI_init                           
0     00086659  SCI_readCharArray                  
0     000867b0  SCI_setBaud                        
0     000865da  SCI_setConfig                      
0     000867d5  SCI_setWakeFlag                    
0     00086618  SCI_writeCharArray                 
0     00084e82  SYNC_init                          
0     00008000  SciRxPacketReset                   
0     0000926e  SysCtl_delay                       
0     00085dfb  SysCtl_getClock                    
0     00085fbf  SysCtl_getDeviceParametric         
0     00085fa5  SysCtl_getLowSpeedClock            
0     0008601a  SysCtl_isPLLValid                  
0     00085f5c  SysCtl_selectOscSource             
0     00085f1e  SysCtl_selectXTAL                  
0     00085f42  SysCtl_selectXTALSingleEnded       
0     00085e59  SysCtl_setClock                    
0     00084d4a  TIME_WATCH1_init                   
0     00084d63  TIME_WATCH2_init                   
1     0000abc0  TempRxPacketBuffer                 
1     0000ab98  TempRxPacketCtrl                   
0     00008005  TempSciRxPacketReset               
0     0000800a  TemprxDecodeWord                   
0     000858fb  Trigger                            
0     0000868d  UpdateAdValue                      
0     000089e4  UpdateControlLoop                  
1     0000aab2  VCap                               
1     0000aab0  VDC                                
1     0000aabe  Vref_IV5                           
0     00082300  __TI_CINIT_Base                    
0     00082314  __TI_CINIT_Limit                   
0     00082314  __TI_CINIT_Warm                    
0     000822ec  __TI_Handler_Table_Base            
0     000822f2  __TI_Handler_Table_Limit           
1     00000600  __TI_STACK_END                     
abs   00000200  __TI_STACK_SIZE                    
0     000878a8  __TI_auto_init_nobinit_nopinit     
1     0000adb8  __TI_cleanup_ptr                   
0     0008784c  __TI_decompress_lzss               
0     0008799a  __TI_decompress_none               
1     0000adba  __TI_dtors_ptr                     
1     0000adb6  __TI_enable_exit_profile_output    
abs   ffffffff  __TI_pprof_out_hndl                
abs   ffffffff  __TI_prof_data_size                
abs   ffffffff  __TI_prof_data_start               
0     000879b1  __TI_zero_init                     
0     00087741  __c28xabi_divf                     
0     00087986  __c28xabi_divu                     
0     0008798b  __c28xabi_modu                     
n/a   UNDEFED   __c_args__                         
0     00086c7b  __error__                          
1     00000400  __stack                            
0     0008797a  _args_main                         
0     00087963  _c_int00                           
1     0000adc6  _lock                              
0     00087999  _nop                               
0     00087995  _register_lock                     
0     00087991  _register_unlock                   
0     000879b9  _system_post_cinit                 
0     000879b7  _system_pre_init                   
1     0000adc8  _unlock                            
1     0000ad44  a_i_h1                             
1     0000ad48  a_i_h2                             
1     0000ad54  a_i_loss                           
1     0000ad3c  a_i_r1                             
1     0000ad40  a_i_r2                             
1     0000ad58  a_i_total                          
1     0000ad4c  a_vcap                             
1     0000ad50  a_vdc                              
0     000878fd  abort                              
1     0000ad38  ac_delt                            
1     0000ad3a  ac_dict                            
1     0000ad34  ac_freq                            
1     0000aa9c  ac_i_erro                          
1     0000ad36  ac_mag                             
0     00008129  adddalynumber                      
0     000080c3  addlognumber                       
0     00008185  addtaske                           
0     0000814f  addtempnumber                      
1     0000adbd  bPreemptive                        
1     0000adbc  bYield                             
1     0000ad46  b_i_h1                             
1     0000ad4a  b_i_h2                             
1     0000ad56  b_i_loss                           
1     0000ad3e  b_i_r1                             
1     0000ad42  b_i_r2                             
1     0000ad5a  b_i_total                          
1     0000ad4e  b_vcap                             
1     0000ad52  b_vdc                              
0     00008611  change_ad_i_h1                     
0     00008621  change_ad_i_h2                     
0     00008651  change_ad_i_loss                   
0     000085f1  change_ad_i_r1                     
0     00008601  change_ad_i_r2                     
0     00008661  change_ad_i_total                  
0     00008641  change_ad_vcap                     
0     00008631  change_ad_vdc                      
0     0008592c  change_channel_new                 
0     000873cd  change_control_ts                  
0     00085a5f  change_i_choise                    
0     000859d1  change_i_h1_ab                     
0     000859dd  change_i_h2_ab                     
0     00085a01  change_i_loss_ab                   
0     000859b9  change_i_r1_ab                     
0     000859c5  change_i_r2_ab                     
0     00085a0d  change_i_total_ab                  
0     000859aa  change_is_open_close               
0     000859b2  change_is_open_open                
0     00085ab2  change_to_ac                       
0     00085aa1  change_to_dc                       
0     00085b2a  change_to_double_pulse             
0     000859f5  change_vcap_ab                     
0     000859e9  change_vdc_ab                      
0     00008251  checksumCalc                       
0     00085a6b  clear_product_flag                 
0     00085a8c  close_auto_test_control            
1     0000ad22  cmp_1                              
1     0000ad24  cmp_2                              
1     0000ad26  cmp_b_hr                           
1     0000aa9e  cmp_d1                             
1     0000aaa0  cmp_d2                             
0     00080000  code_start                         
1     0000ad04  control_auto                       
0     000859a6  control_auto_end                   
0     0008599f  control_auto_start                 
1     0000ad03  control_flag                       
1     0000ad05  control_max                        
1     0000ad07  control_send_val                   
1     0000ad06  control_turn                       
1     0000e030  daly_buf                           
0     00008511  daly_chose                         
0     000084e0  daly_data_pack                     
1     0000ab8c  daly_map                           
1     0000ab8a  daly_moniter                       
0     00008b6e  daly_pack                          
0     00085900  dalychannel_chose                  
0     00085916  dalychannelfloat_chose             
1     0000ab48  dalychose                          
1     0000ab82  dalydata_lock                      
1     0000ad9e  dalypackHandle                     
1     0000d200  dalypackStackBuffer                
1     0000a8c0  dalypackTCBBuffer                  
0     00087611  dalypack_init                      
1     0000ab80  data_lock                          
1     0000abae  delaydaly                          
1     0000aba6  delaylog                           
1     0000e000  delaytemp                          
1     0000ad0a  double_pulse_select                
1     0000ad09  double_pulse_state                 
0     00008c08  double_pulse_test_1                
1     0000ada4  doublepulse1Handle                 
1     0000d100  doublepulse1StackBuffer            
1     0000a980  doublepulse1TCBBuffer              
0     00087659  doublepulse1_init                  
1     0000ad0b  driver_status                      
0     000831fa  eTaskGetState                      
0     000083e9  executaske                         
0     000878ff  exit                               
0     000877c9  getSTF                             
1     0000ad02  i_choise                           
1     0000ad5c  i_pi                               
1     0000ad66  i_sogi                             
1     0000ad72  i_sogi_h3                          
1     0000ad80  i_sogi_h5                          
1     0000d600  idleTaskStack                      
1     0000a880  idleTaskTCBBuffer                  
1     0000ad0f  iic_recive_time                    
1     0000ad00  is_open                            
1     0000ab87  lock_daly_cache                    
1     0000ab88  lock_daly_task                     
1     0000ab86  lock_trig                          
1     0000e3b4  log_buf                            
1     0000ab9e  log_map                            
1     0000ab40  logchose                           
1     0000ab83  logdata_lock                       
1     0000ad0e  machine_status                     
0     00087552  main                               
0     00087946  memcpy                             
0     000879aa  memset                             
1     0000ad0d  message_effect_status              
1     0000ad01  mode_chose                         
0     00084856  myADCA_init                        
0     000849d2  myADCB_init                        
0     0008492b  myADCC_init                        
0     00084dfc  mySCI0_init                        
0     00084e3f  mySCI1_init                        
1     0000a800  mySemaphore0Buffer                 
1     0000ada6  mySemaphore0Handle                 
0     00087671  mySemaphore0_init                  
1     0000a840  mySemaphore1Buffer                 
1     0000ada8  mySemaphore1Handle                 
0     00087680  mySemaphore1_init                  
0     00085a6f  open_auto_test_control             
1     0000ad08  over_flag                          
0     0008554c  pcQueueGetName                     
0     000835cf  pcTaskGetName                      
1     0000ad2a  phs                                
1     0000ad2c  phs_hr                             
1     0000ad30  pi_cmp2_out                        
0     0008789b  pid_change_kp_ki                   
0     0000923a  pid_control                        
0     0008787a  pid_init                           
0     00087893  pid_set_inte                       
0     000877cd  portRESTORE_FIRST_CONTEXT          
0     000877d8  portTICK_ISR                       
0     00087144  pvPortMalloc                       
0     00083be1  pvTaskIncrementMutexHeldCount      
1     0000ad2e  pwm_deadband                       
1     0000ad0c  pwm_status                         
1     0000ad94  pxCurrentTCB                       
0     00086d27  pxPortInitialiseStack              
1     0000ac00  range                              
0     00008be8  recive_cmd                         
1     0000ada2  recivecmdHandle                    
1     0000d000  recivecmdStackBuffer               
1     0000a940  recivecmdTCBBuffer                 
0     00087641  recivecmd_init                     
0     000873c1  reset_all_statue                   
0     00087400  reset_control_inte                 
0     00008ef9  rxCmdList                          
0     0000806c  rxDecodeWord                       
1     0000ab26  rxHigherPriorityTaskWoken          
0     00008bdd  send_charge                        
1     0000ada0  sendchargeHandle                   
1     0000d400  sendchargeStackBuffer              
1     0000a900  sendchargeTCBBuffer                
0     00087629  sendcharge_init                    
0     0000827f  sendmessage                        
0     00008263  sendu16                            
0     00085ae8  set_ac_freq                        
0     00085ad8  set_ac_mag_delt_dict_control       
0     00085af0  set_deadband                       
0     00085a31  set_i_ref                          
0     00085a99  set_i_ref_no_trigger               
0     00085a19  set_kpki_control                   
0     00085ac4  set_prkpki_control                 
0     00085950  set_trriger_control                
0     000091eb  sogi_control                       
0     000091d3  sogi_reset                         
0     00085b36  start_double_pulse_test_1          
0     00085b72  start_double_pulse_test_2          
0     00085bae  start_double_pulse_test_3          
0     00085bea  start_double_pulse_test_4          
1     0000ab85  task_lock                          
1     0000ad28  tbprd                              
1     0000e010  temp_buf                           
1     0000ab8f  temp_map                           
1     0000ab81  temp_need_state                    
1     0000ab84  tempdata_lock                      
1     0000ad32  theta                              
1     0000aaa2  theta_del                          
1     0000adc0  time_test_cmp1                     
1     0000adc1  time_test_cmp2                     
1     0000adc2  time_test_cmp3                     
1     0000adc3  time_test_db                       
1     0000adc4  time_test_rest                     
0     00008497  trigger_data_pack                  
1     0000c000  ucHeap                             
1     0000adbe  ulCriticalNesting                  
0     00083beb  ulTaskGenericNotifyTake            
0     00083f38  ulTaskGenericNotifyValueClear      
0     00008a98  updateAllcmp                       
0     00008a39  updateCmp2                         
0     0008771d  uxListRemove                       
0     0008539f  uxQueueMessagesWaiting             
0     000853c2  uxQueueMessagesWaitingFromISR      
0     000853ad  uxQueueSpacesAvailable             
0     000835cb  uxTaskGetNumberOfTasks             
0     0008324f  uxTaskPriorityGet                  
0     00083265  uxTaskPriorityGetFromISR           
0     00083bcc  uxTaskResetEventItemValue          
0     00087b65  uxTopUsedPriority                  
0     0008768f  vApplicationGetIdleTaskMemory      
0     000876af  vListInitialise                    
0     000876c7  vListInitialiseItem                
0     000876eb  vListInsert                        
0     000876d0  vListInsertEnd                     
0     00086ddb  vPortEndScheduler                  
0     00086dea  vPortEnterCritical                 
0     00086df2  vPortExitCritical                  
0     000871ca  vPortFree                          
0     0008727c  vPortGetHeapStats                  
0     000871ff  vPortInitialiseBlocks              
0     00086dfc  vPortSetupTimerInterrupt           
0     00085510  vQueueAddToRegistry                
0     000853cd  vQueueDelete                       
0     0008556e  vQueueUnregisterQueue              
0     000831e1  vTaskDelay                         
0     0008315f  vTaskDelete                        
0     000834d2  vTaskEndScheduler                  
0     00083e60  vTaskGenericNotifyGiveFromISR      
0     00083928  vTaskInternalSetTimeOutState       
0     00083975  vTaskMissedYield                   
0     00083788  vTaskPlaceOnEventList              
0     00083798  vTaskPlaceOnUnorderedEventList     
0     00083b35  vTaskPriorityDisinheritAfterTimeout
0     00083277  vTaskPrioritySet                   
0     00083887  vTaskRemoveFromUnorderedEventList  
0     000833c5  vTaskResume                        
0     00083918  vTaskSetTimeOutState               
0     00083498  vTaskStartScheduler                
0     00083336  vTaskSuspend                       
0     000834da  vTaskSuspendAll                    
0     00083750  vTaskSwitchContext                 
1     0000aa52  val_adder                          
1     0000ab22  val_adder_chose                    
0     000871f7  xPortGetFreeHeapSize               
0     000871fb  xPortGetMinimumEverFreeHeapSize    
0     00086ddc  xPortStartScheduler                
0     0008501e  xQueueCreateCountingSemaphore      
0     00085001  xQueueCreateCountingSemaphoreStatic
0     00084fa9  xQueueCreateMutex                  
0     00084fb9  xQueueCreateMutexStatic            
0     00084f41  xQueueGenericCreate                
0     00084f1c  xQueueGenericCreateStatic          
0     00084ea0  xQueueGenericReset                 
0     00085036  xQueueGenericSend                  
0     000850d4  xQueueGenericSendFromISR           
0     0008511d  xQueueGiveFromISR                  
0     00084fcc  xQueueGiveMutexRecursive           
0     000854d2  xQueueIsQueueEmptyFromISR          
0     000854fa  xQueueIsQueueFullFromISR           
0     000852ae  xQueuePeek                         
0     00085385  xQueuePeekFromISR                  
0     00085160  xQueueReceive                      
0     00085344  xQueueReceiveFromISR               
1     0000aaf6  xQueueRegistry                     
0     000851f7  xQueueSemaphoreTake                
0     00084fe7  xQueueTakeMutexRecursive           
0     000835ea  xTaskAbortDelay                    
0     000835de  xTaskCatchUpTicks                  
0     00083934  xTaskCheckForTimeOut               
0     0008302e  xTaskCreate                        
0     00083000  xTaskCreateStatic                  
0     000831a8  xTaskDelayUntil                    
0     00083c9c  xTaskGenericNotify                 
0     00083d6e  xTaskGenericNotifyFromISR          
0     00083f14  xTaskGenericNotifyStateClear       
0     00083c3b  xTaskGenericNotifyWait             
0     00083a03  xTaskGetCurrentTaskHandle          
0     00083a0b  xTaskGetSchedulerState             
0     000835b7  xTaskGetTickCount                  
0     000835c3  xTaskGetTickCountFromISR           
0     0008365f  xTaskIncrementTick                 
0     00083ac0  xTaskPriorityDisinherit            
0     00083a1c  xTaskPriorityInherit               
0     000837c7  xTaskRemoveFromEventList           
0     000834de  xTaskResumeAll                     
0     0008342f  xTaskResumeFromISR                 


GLOBAL SYMBOLS: SORTED BY Symbol Address 

page  address   name                               
----  -------   ----                               
0     00008000  RamfuncsRunStart                   
0     00008000  SciRxPacketReset                   
0     00008005  TempSciRxPacketReset               
0     0000800a  TemprxDecodeWord                   
0     0000806c  rxDecodeWord                       
0     000080c3  addlognumber                       
0     00008129  adddalynumber                      
0     0000814f  addtempnumber                      
0     00008185  addtaske                           
0     00008251  checksumCalc                       
0     00008263  sendu16                            
0     0000827f  sendmessage                        
0     000083e9  executaske                         
0     00008497  trigger_data_pack                  
0     000084e0  daly_data_pack                     
0     00008511  daly_chose                         
0     000085f1  change_ad_i_r1                     
0     00008601  change_ad_i_r2                     
0     00008611  change_ad_i_h1                     
0     00008621  change_ad_i_h2                     
0     00008631  change_ad_vdc                      
0     00008641  change_ad_vcap                     
0     00008651  change_ad_i_loss                   
0     00008661  change_ad_i_total                  
0     00008671  ControlLoop                        
0     0000868d  UpdateAdValue                      
0     000087cd  Protection_process                 
0     00008802  ControlLoopDcClose                 
0     00008860  ControlLoopDcOpen                  
0     000088d8  ControlLoopAcClose                 
0     00008993  ControlLoopAcOpen                  
0     000089e4  UpdateControlLoop                  
0     00008a39  updateCmp2                         
0     00008a98  updateAllcmp                       
0     00008b6e  daly_pack                          
0     00008bdd  send_charge                        
0     00008be8  recive_cmd                         
0     00008c08  double_pulse_test_1                
0     00008d37  INT_myADCA_1_ISR                   
0     00008d8e  INT_mySCI0_RX_ISR                  
0     00008e0c  INT_mySCI1_RX_ISR                  
0     00008e89  INT_mySCI0_TX_ISR                  
0     00008ec1  INT_mySCI1_TX_ISR                  
0     00008ef9  rxCmdList                          
0     00009159  Flash_initModule                   
0     0000919d  Flash_powerDown                    
0     000091b8  Flash_wakeFromLPM                  
0     000091d3  sogi_reset                         
0     000091eb  sogi_control                       
0     0000923a  pid_control                        
0     0000926e  SysCtl_delay                       
0     00009272  RamfuncsRunEnd                     
0     00080000  code_start                         
0     00081000  RamfuncsLoadStart                  
0     00082272  RamfuncsLoadEnd                    
0     000822ec  __TI_Handler_Table_Base            
0     000822f2  __TI_Handler_Table_Limit           
0     00082300  __TI_CINIT_Base                    
0     00082314  __TI_CINIT_Limit                   
0     00082314  __TI_CINIT_Warm                    
0     00083000  xTaskCreateStatic                  
0     0008302e  xTaskCreate                        
0     0008315f  vTaskDelete                        
0     000831a8  xTaskDelayUntil                    
0     000831e1  vTaskDelay                         
0     000831fa  eTaskGetState                      
0     0008324f  uxTaskPriorityGet                  
0     00083265  uxTaskPriorityGetFromISR           
0     00083277  vTaskPrioritySet                   
0     00083336  vTaskSuspend                       
0     000833c5  vTaskResume                        
0     0008342f  xTaskResumeFromISR                 
0     00083498  vTaskStartScheduler                
0     000834d2  vTaskEndScheduler                  
0     000834da  vTaskSuspendAll                    
0     000834de  xTaskResumeAll                     
0     000835b7  xTaskGetTickCount                  
0     000835c3  xTaskGetTickCountFromISR           
0     000835cb  uxTaskGetNumberOfTasks             
0     000835cf  pcTaskGetName                      
0     000835de  xTaskCatchUpTicks                  
0     000835ea  xTaskAbortDelay                    
0     0008365f  xTaskIncrementTick                 
0     00083750  vTaskSwitchContext                 
0     00083788  vTaskPlaceOnEventList              
0     00083798  vTaskPlaceOnUnorderedEventList     
0     000837c7  xTaskRemoveFromEventList           
0     00083887  vTaskRemoveFromUnorderedEventList  
0     00083918  vTaskSetTimeOutState               
0     00083928  vTaskInternalSetTimeOutState       
0     00083934  xTaskCheckForTimeOut               
0     00083975  vTaskMissedYield                   
0     00083a03  xTaskGetCurrentTaskHandle          
0     00083a0b  xTaskGetSchedulerState             
0     00083a1c  xTaskPriorityInherit               
0     00083ac0  xTaskPriorityDisinherit            
0     00083b35  vTaskPriorityDisinheritAfterTimeout
0     00083bcc  uxTaskResetEventItemValue          
0     00083be1  pvTaskIncrementMutexHeldCount      
0     00083beb  ulTaskGenericNotifyTake            
0     00083c3b  xTaskGenericNotifyWait             
0     00083c9c  xTaskGenericNotify                 
0     00083d6e  xTaskGenericNotifyFromISR          
0     00083e60  vTaskGenericNotifyGiveFromISR      
0     00083f14  xTaskGenericNotifyStateClear       
0     00083f38  ulTaskGenericNotifyValueClear      
0     000847a8  Board_init                         
0     000847bd  PinMux_init                        
0     0008484f  ADC_init                           
0     00084856  myADCA_init                        
0     0008492b  myADCC_init                        
0     000849d2  myADCB_init                        
0     00084a99  ASYSCTL_init                       
0     00084a9f  CPUTIMER_init                      
0     00084aa0  EPWM_init                          
0     00084cf5  GPIO_init                          
0     00084d04  LED_RED_init                       
0     00084d1d  LED_GREEN_init                     
0     00084d31  DRV_init                           
0     00084d4a  TIME_WATCH1_init                   
0     00084d63  TIME_WATCH2_init                   
0     00084d7c  EPWM_A_init                        
0     00084d95  EPWM_B_init                        
0     00084dae  INTERRUPT_init                     
0     00084df7  SCI_init                           
0     00084dfc  mySCI0_init                        
0     00084e3f  mySCI1_init                        
0     00084e82  SYNC_init                          
0     00084ea0  xQueueGenericReset                 
0     00084f1c  xQueueGenericCreateStatic          
0     00084f41  xQueueGenericCreate                
0     00084fa9  xQueueCreateMutex                  
0     00084fb9  xQueueCreateMutexStatic            
0     00084fcc  xQueueGiveMutexRecursive           
0     00084fe7  xQueueTakeMutexRecursive           
0     00085001  xQueueCreateCountingSemaphoreStatic
0     0008501e  xQueueCreateCountingSemaphore      
0     00085036  xQueueGenericSend                  
0     000850d4  xQueueGenericSendFromISR           
0     0008511d  xQueueGiveFromISR                  
0     00085160  xQueueReceive                      
0     000851f7  xQueueSemaphoreTake                
0     000852ae  xQueuePeek                         
0     00085344  xQueueReceiveFromISR               
0     00085385  xQueuePeekFromISR                  
0     0008539f  uxQueueMessagesWaiting             
0     000853ad  uxQueueSpacesAvailable             
0     000853c2  uxQueueMessagesWaitingFromISR      
0     000853cd  vQueueDelete                       
0     000854d2  xQueueIsQueueEmptyFromISR          
0     000854fa  xQueueIsQueueFullFromISR           
0     00085510  vQueueAddToRegistry                
0     0008554c  pcQueueGetName                     
0     0008556e  vQueueUnregisterQueue              
0     000856c5  Init_val_adder                     
0     00085771  CmpSet                             
0     000857e3  PhsSet                             
0     00085817  CmpandPhsSet                       
0     000858b8  Cmp2Set                            
0     000858c7  PwmEnable                          
0     000858d6  PwmDisable                         
0     000858e4  GateDriverEnable                   
0     000858f0  GateDriverDisable                  
0     000858fb  Trigger                            
0     00085900  dalychannel_chose                  
0     00085916  dalychannelfloat_chose             
0     0008592c  change_channel_new                 
0     00085950  set_trriger_control                
0     0008599f  control_auto_start                 
0     000859a6  control_auto_end                   
0     000859aa  change_is_open_close               
0     000859b2  change_is_open_open                
0     000859b9  change_i_r1_ab                     
0     000859c5  change_i_r2_ab                     
0     000859d1  change_i_h1_ab                     
0     000859dd  change_i_h2_ab                     
0     000859e9  change_vdc_ab                      
0     000859f5  change_vcap_ab                     
0     00085a01  change_i_loss_ab                   
0     00085a0d  change_i_total_ab                  
0     00085a19  set_kpki_control                   
0     00085a31  set_i_ref                          
0     00085a5f  change_i_choise                    
0     00085a6b  clear_product_flag                 
0     00085a6f  open_auto_test_control             
0     00085a8c  close_auto_test_control            
0     00085a99  set_i_ref_no_trigger               
0     00085aa1  change_to_dc                       
0     00085ab2  change_to_ac                       
0     00085ac4  set_prkpki_control                 
0     00085ad8  set_ac_mag_delt_dict_control       
0     00085ae8  set_ac_freq                        
0     00085af0  set_deadband                       
0     00085b2a  change_to_double_pulse             
0     00085b36  start_double_pulse_test_1          
0     00085b72  start_double_pulse_test_2          
0     00085bae  start_double_pulse_test_3          
0     00085bea  start_double_pulse_test_4          
0     00085dfb  SysCtl_getClock                    
0     00085e59  SysCtl_setClock                    
0     00085f1e  SysCtl_selectXTAL                  
0     00085f42  SysCtl_selectXTALSingleEnded       
0     00085f5c  SysCtl_selectOscSource             
0     00085fa5  SysCtl_getLowSpeedClock            
0     00085fbf  SysCtl_getDeviceParametric         
0     0008601a  SysCtl_isPLLValid                  
0     000862c0  DCC_getRevisionNumber              
0     000862dd  DCC_verifyClockFrequency           
0     000863a8  DCC_measureClockFrequency          
0     00086455  DCC_continuousMonitor              
0     000865da  SCI_setConfig                      
0     00086618  SCI_writeCharArray                 
0     00086659  SCI_readCharArray                  
0     00086694  SCI_enableInterrupt                
0     000866d8  SCI_disableInterrupt               
0     0008671d  SCI_getInterruptStatus             
0     0008676b  SCI_clearInterruptStatus           
0     000867b0  SCI_setBaud                        
0     000867d5  SCI_setWakeFlag                    
0     0008681c  GPIO_setDirectionMode              
0     0008684d  GPIO_getDirectionMode              
0     0008686d  GPIO_setInterruptPin               
0     000868a1  GPIO_setPadConfig                  
0     000868f3  GPIO_getPadConfig                  
0     00086931  GPIO_setQualificationMode          
0     00086968  GPIO_getQualificationMode          
0     00086994  GPIO_setQualificationPeriod        
0     000869cd  GPIO_setControllerCore             
0     00086a04  GPIO_setAnalogMode                 
0     00086a3e  GPIO_setPinConfig                  
0     00086af6  Device_init                        
0     00086b58  Device_enableAllPeripherals        
0     00086c38  Device_initGPIO                    
0     00086c48  Device_verifyXTAL                  
0     00086c7b  __error__                          
0     00086d27  pxPortInitialiseStack              
0     00086ddb  vPortEndScheduler                  
0     00086ddc  xPortStartScheduler                
0     00086dea  vPortEnterCritical                 
0     00086df2  vPortExitCritical                  
0     00086dfc  vPortSetupTimerInterrupt           
0     00086e43  ADC_setVREF                        
0     00086e8f  ADC_setINLTrim                     
0     00086ede  ADC_setOffsetTrim                  
0     00086f34  ADC_setOffsetTrimAll               
0     00086f5c  ADC_setPPBTripLimits               
0     00087064  Interrupt_initModule               
0     000870a1  Interrupt_initVectorTable          
0     000870bf  Interrupt_enable                   
0     000870f6  Interrupt_disable                  
0     00087144  pvPortMalloc                       
0     000871ca  vPortFree                          
0     000871f7  xPortGetFreeHeapSize               
0     000871fb  xPortGetMinimumEverFreeHeapSize    
0     000871ff  vPortInitialiseBlocks              
0     0008727c  vPortGetHeapStats                  
0     000873b2  Init_powercycling                  
0     000873c1  reset_all_statue                   
0     000873cd  change_control_ts                  
0     00087400  reset_control_inte                 
0     00087552  main                               
0     000875c3  Init_bigLogbuf                     
0     000875e1  Init_dalybuf                       
0     00087605  Init_tempbuf                       
0     0008760b  Initrangtaske                      
0     00087611  dalypack_init                      
0     00087629  sendcharge_init                    
0     00087641  recivecmd_init                     
0     00087659  doublepulse1_init                  
0     00087671  mySemaphore0_init                  
0     00087680  mySemaphore1_init                  
0     0008768f  vApplicationGetIdleTaskMemory      
0     000876a0  FreeRTOS_init                      
0     000876af  vListInitialise                    
0     000876c7  vListInitialiseItem                
0     000876d0  vListInsertEnd                     
0     000876eb  vListInsert                        
0     0008771d  uxListRemove                       
0     00087741  __c28xabi_divf                     
0     000877c9  getSTF                             
0     000877cd  portRESTORE_FIRST_CONTEXT          
0     000877d8  portTICK_ISR                       
0     0008784c  __TI_decompress_lzss               
0     0008787a  pid_init                           
0     00087893  pid_set_inte                       
0     0008789b  pid_change_kp_ki                   
0     000878a8  __TI_auto_init_nobinit_nopinit     
0     000878ea  CPUTimer_setEmulationMode          
0     000878fd  C$$EXIT                            
0     000878fd  abort                              
0     000878ff  exit                               
0     00087946  memcpy                             
0     00087963  _c_int00                           
0     0008797a  _args_main                         
0     00087986  __c28xabi_divu                     
0     0008798b  __c28xabi_modu                     
0     00087991  _register_unlock                   
0     00087995  _register_lock                     
0     00087999  _nop                               
0     0008799a  __TI_decompress_none               
0     000879aa  memset                             
0     000879b1  __TI_zero_init                     
0     000879b7  _system_pre_init                   
0     000879b9  _system_post_cinit                 
0     00087b65  uxTopUsedPriority                  
1     00000400  __stack                            
1     00000600  __TI_STACK_END                     
1     0000a800  mySemaphore0Buffer                 
1     0000a840  mySemaphore1Buffer                 
1     0000a880  idleTaskTCBBuffer                  
1     0000a8c0  dalypackTCBBuffer                  
1     0000a900  sendchargeTCBBuffer                
1     0000a940  recivecmdTCBBuffer                 
1     0000a980  doublepulse1TCBBuffer              
1     0000aa52  val_adder                          
1     0000aa9c  ac_i_erro                          
1     0000aa9e  cmp_d1                             
1     0000aaa0  cmp_d2                             
1     0000aaa2  theta_del                          
1     0000aaa4  I_Sense_R1                         
1     0000aaa6  I_Sense_R2                         
1     0000aaa8  I_Sense_loss                       
1     0000aaaa  I_Sense_total                      
1     0000aaac  I_Sense_H1                         
1     0000aaae  I_Sense_H2                         
1     0000aab0  VDC                                
1     0000aab2  VCap                               
1     0000aab4  I_DRV_ToTal                        
1     0000aab6  I_DRV_1                            
1     0000aab8  I_DRV_2                            
1     0000aaba  I_DRV_3                            
1     0000aabc  I_DRV_4                            
1     0000aabe  Vref_IV5                           
1     0000aaf6  xQueueRegistry                     
1     0000ab22  val_adder_chose                    
1     0000ab26  rxHigherPriorityTaskWoken          
1     0000ab40  logchose                           
1     0000ab48  dalychose                          
1     0000ab80  data_lock                          
1     0000ab81  temp_need_state                    
1     0000ab82  dalydata_lock                      
1     0000ab83  logdata_lock                       
1     0000ab84  tempdata_lock                      
1     0000ab85  task_lock                          
1     0000ab86  lock_trig                          
1     0000ab87  lock_daly_cache                    
1     0000ab88  lock_daly_task                     
1     0000ab8a  daly_moniter                       
1     0000ab8c  daly_map                           
1     0000ab8f  temp_map                           
1     0000ab92  RxPacketCtrl                       
1     0000ab98  TempRxPacketCtrl                   
1     0000ab9e  log_map                            
1     0000aba6  delaylog                           
1     0000abae  delaydaly                          
1     0000abc0  TempRxPacketBuffer                 
1     0000ac00  range                              
1     0000ac80  RxPacketBuffer                     
1     0000ad00  is_open                            
1     0000ad01  mode_chose                         
1     0000ad02  i_choise                           
1     0000ad03  control_flag                       
1     0000ad04  control_auto                       
1     0000ad05  control_max                        
1     0000ad06  control_turn                       
1     0000ad07  control_send_val                   
1     0000ad08  over_flag                          
1     0000ad09  double_pulse_state                 
1     0000ad0a  double_pulse_select                
1     0000ad0b  driver_status                      
1     0000ad0c  pwm_status                         
1     0000ad0d  message_effect_status              
1     0000ad0e  machine_status                     
1     0000ad0f  iic_recive_time                    
1     0000ad10  Kp_pid                             
1     0000ad12  Ki_pid                             
1     0000ad14  Kp_pr                              
1     0000ad16  Ki_pr                              
1     0000ad18  Ki_pr_h3                           
1     0000ad1a  Ki_pr_h5                           
1     0000ad1c  I_ref                              
1     0000ad1e  AC_I_ref                           
1     0000ad20  CONTROL_TS                         
1     0000ad22  cmp_1                              
1     0000ad24  cmp_2                              
1     0000ad26  cmp_b_hr                           
1     0000ad28  tbprd                              
1     0000ad2a  phs                                
1     0000ad2c  phs_hr                             
1     0000ad2e  pwm_deadband                       
1     0000ad30  pi_cmp2_out                        
1     0000ad32  theta                              
1     0000ad34  ac_freq                            
1     0000ad36  ac_mag                             
1     0000ad38  ac_delt                            
1     0000ad3a  ac_dict                            
1     0000ad3c  a_i_r1                             
1     0000ad3e  b_i_r1                             
1     0000ad40  a_i_r2                             
1     0000ad42  b_i_r2                             
1     0000ad44  a_i_h1                             
1     0000ad46  b_i_h1                             
1     0000ad48  a_i_h2                             
1     0000ad4a  b_i_h2                             
1     0000ad4c  a_vcap                             
1     0000ad4e  b_vcap                             
1     0000ad50  a_vdc                              
1     0000ad52  b_vdc                              
1     0000ad54  a_i_loss                           
1     0000ad56  b_i_loss                           
1     0000ad58  a_i_total                          
1     0000ad5a  b_i_total                          
1     0000ad5c  i_pi                               
1     0000ad66  i_sogi                             
1     0000ad72  i_sogi_h3                          
1     0000ad80  i_sogi_h5                          
1     0000ad94  pxCurrentTCB                       
1     0000ad9e  dalypackHandle                     
1     0000ada0  sendchargeHandle                   
1     0000ada2  recivecmdHandle                    
1     0000ada4  doublepulse1Handle                 
1     0000ada6  mySemaphore0Handle                 
1     0000ada8  mySemaphore1Handle                 
1     0000adb6  __TI_enable_exit_profile_output    
1     0000adb8  __TI_cleanup_ptr                   
1     0000adba  __TI_dtors_ptr                     
1     0000adbc  bYield                             
1     0000adbd  bPreemptive                        
1     0000adbe  ulCriticalNesting                  
1     0000adc0  time_test_cmp1                     
1     0000adc1  time_test_cmp2                     
1     0000adc2  time_test_cmp3                     
1     0000adc3  time_test_db                       
1     0000adc4  time_test_rest                     
1     0000adc6  _lock                              
1     0000adc8  _unlock                            
1     0000c000  ucHeap                             
1     0000d000  recivecmdStackBuffer               
1     0000d100  doublepulse1StackBuffer            
1     0000d200  dalypackStackBuffer                
1     0000d400  sendchargeStackBuffer              
1     0000d600  idleTaskStack                      
1     0000e000  delaytemp                          
1     0000e010  temp_buf                           
1     0000e030  daly_buf                           
1     0000e3b4  log_buf                            
abs   00000200  __TI_STACK_SIZE                    
abs   00001272  RamfuncsLoadSize                   
abs   00001272  RamfuncsRunSize                    
abs   ffffffff  __TI_pprof_out_hndl                
abs   ffffffff  __TI_prof_data_size                
abs   ffffffff  __TI_prof_data_start               
n/a   UNDEFED   __c_args__                         

[453 symbols]
