******************************************************************************
             TMS320C2000 Linker PC v22.6.1                     
******************************************************************************
>> Linked Tue Apr  7 16:15:05 2026

OUTPUT FILE NAME:   <TDDB_Controlcore49_V1.0.out>
ENTRY POINT SYMBOL: "_c_int00"  address: 000874d3


MEMORY CONFIGURATION

         name            origin    length      used     unused   attr    fill
----------------------  --------  ---------  --------  --------  ----  --------
PAGE 0:
  RAMM0                 000000f6   0000030a  00000000  0000030a  RWIX
  RAMLS0                00008000   00004000  000008d6  0000372a  RWIX
  BEGIN                 00080000   00000002  00000002  00000000  RWIX
  FLASH_BANK0_SEC0      00080002   00000ffe  00000000  00000ffe  RWIX
  FLASH_BANK0_SEC1      00081000   00002000  00000928  000016d8  RWIX
  FLASH_BANK0_SEC2      00083000   0000d000  00004a4e  000085b2  RWIX
  FLASH_BANK1_SEC0      00090000   00001000  00000000  00001000  RWIX
  FLASH_BANK1_SEC1      00091000   00001000  00000000  00001000  RWIX
  FLASH_BANK1_SEC2      00092000   0000e000  00000000  0000e000  RWIX
  RESET                 003fffc0   00000002  00000000  00000002  RWIX

PAGE 1:
  BOOT_RSVD             00000002   000000f1  00000000  000000f1  RWIX
  RAMM1                 00000400   000003f8  00000200  000001f8  RWIX
  ADCARESULT            00000b00   00000018  00000000  00000018  RWIX
  ADCBRESULT            00000b20   00000018  00000000  00000018  RWIX
  ADCCRESULT            00000b40   00000018  00000000  00000018  RWIX
  CPUTIMER0             00000c00   00000008  00000000  00000008  RWIX
  CPUTIMER1             00000c08   00000008  00000000  00000008  RWIX
  CPUTIMER2             00000c10   00000008  00000000  00000008  RWIX
  PIECTRL               00000ce0   0000001a  00000000  0000001a  RWIX
  PIEVECTTABLE          00000d00   00000200  00000000  00000200  RWIX
  DMA                   00001000   00000200  00000000  00000200  RWIX
  CLA1                  00001400   00000080  00000000  00000080  RWIX
  CLB1LOGICCFG          00003000   00000052  00000000  00000052  RWIX
  CLB1LOGICCTRL         00003100   00000040  00000000  00000040  RWIX
  CLB1DATAEXCH          00003200   00000200  00000000  00000200  RWIX
  CLB2LOGICCFG          00003400   00000052  00000000  00000052  RWIX
  CLB2LOGICCTRL         00003500   00000040  00000000  00000040  RWIX
  CLB2DATAEXCH          00003600   00000200  00000000  00000200  RWIX
  CLB3LOGICCFG          00003800   00000052  00000000  00000052  RWIX
  CLB3LOGICCTRL         00003900   00000040  00000000  00000040  RWIX
  CLB3DATAEXCH          00003a00   00000200  00000000  00000200  RWIX
  CLB4LOGICCFG          00003c00   00000052  00000000  00000052  RWIX
  CLB4LOGICCTRL         00003d00   00000040  00000000  00000040  RWIX
  CLB4DATAEXCH          00003e00   00000200  00000000  00000200  RWIX
  EPWM1                 00004000   00000100  00000000  00000100  RWIX
  EPWM2                 00004100   00000100  00000000  00000100  RWIX
  EPWM3                 00004200   00000100  00000000  00000100  RWIX
  EPWM4                 00004300   00000100  00000000  00000100  RWIX
  EPWM5                 00004400   00000100  00000000  00000100  RWIX
  EPWM6                 00004500   00000100  00000000  00000100  RWIX
  EPWM7                 00004600   00000100  00000000  00000100  RWIX
  EPWM8                 00004700   00000100  00000000  00000100  RWIX
  EQEP1                 00005100   00000040  00000000  00000040  RWIX
  EQEP2                 00005140   00000040  00000000  00000040  RWIX
  ECAP1                 00005200   0000001e  00000000  0000001e  RWIX
  ECAP2                 00005240   0000001e  00000000  0000001e  RWIX
  ECAP3                 00005280   0000001e  00000000  0000001e  RWIX
  ECAP4                 000052c0   0000001e  00000000  0000001e  RWIX
  ECAP5                 00005300   0000001e  00000000  0000001e  RWIX
  ECAP6                 00005340   0000001e  00000000  0000001e  RWIX
  HRCAP6                00005360   00000020  00000000  00000020  RWIX
  ECAP7                 00005380   0000001e  00000000  0000001e  RWIX
  HRCAP7                000053a0   00000020  00000000  00000020  RWIX
  PGA1                  00005b00   00000010  00000000  00000010  RWIX
  PGA2                  00005b10   00000010  00000000  00000010  RWIX
  PGA3                  00005b20   00000010  00000000  00000010  RWIX
  PGA4                  00005b30   00000010  00000000  00000010  RWIX
  PGA5                  00005b40   00000010  00000000  00000010  RWIX
  PGA6                  00005b50   00000010  00000000  00000010  RWIX
  PGA7                  00005b60   00000010  00000000  00000010  RWIX
  DACA                  00005c00   00000008  00000000  00000008  RWIX
  DACB                  00005c10   00000008  00000000  00000008  RWIX
  CMPSS1                00005c80   00000020  00000000  00000020  RWIX
  CMPSS2                00005ca0   00000020  00000000  00000020  RWIX
  CMPSS3                00005cc0   00000020  00000000  00000020  RWIX
  CMPSS4                00005ce0   00000020  00000000  00000020  RWIX
  CMPSS5                00005d00   00000020  00000000  00000020  RWIX
  CMPSS6                00005d20   00000020  00000000  00000020  RWIX
  CMPSS7                00005d40   00000020  00000000  00000020  RWIX
  SDFM1                 00005e00   00000070  00000000  00000070  RWIX
  SPIA                  00006100   00000010  00000000  00000010  RWIX
  SPIB                  00006110   00000010  00000000  00000010  RWIX
  CLAPROMCRC0           000061c0   00000020  00000000  00000020  RWIX
  PMBUSA                00006400   00000020  00000000  00000020  RWIX
  FSITXA                00006600   00000050  00000000  00000050  RWIX
  FSIRXA                00006680   00000050  00000000  00000050  RWIX
  LINA                  00006a00   000000ec  00000000  000000ec  RWIX
  WD                    00007000   0000002c  00000000  0000002c  RWIX
  NMIINTRUPT            00007060   00000008  00000000  00000008  RWIX
  XINT                  00007070   0000000c  00000000  0000000c  RWIX
  SCIA                  00007200   00000010  00000000  00000010  RWIX
  SCIB                  00007210   00000010  00000000  00000010  RWIX
  I2CA                  00007300   00000022  00000000  00000022  RWIX
  ADCA                  00007400   00000080  00000000  00000080  RWIX
  ADCB                  00007480   00000080  00000000  00000080  RWIX
  ADCC                  00007500   00000080  00000000  00000080  RWIX
  INPUTXBAR             00007900   00000020  00000000  00000020  RWIX
  XBAR                  00007920   00000020  00000000  00000020  RWIX
  SYNCSOC               00007940   00000006  00000000  00000006  RWIX
  DMACLASRCSEL          00007980   0000001a  00000000  0000001a  RWIX
  EPWMXBAR              00007a00   00000040  00000000  00000040  RWIX
  CLBXBAR               00007a40   00000040  00000000  00000040  RWIX
  OUTPUTXBAR            00007a80   00000040  00000000  00000040  RWIX
  GPIOCTRL              00007c00   00000200  00000000  00000200  RWIX
  GPIODATA              00007f00   00000040  00000000  00000040  RWIX
  RAMLS5                0000a800   00001400  000004dd  00000f23  RWIX
  RAMGS0                0000c000   00002000  00001900  00000700  RWIX
  RAMGS1                0000e000   00005ff8  00002164  00003e94  RWIX
  CANA                  00048000   00000200  00000000  00000200  RWIX
  CANB                  0004a000   00000200  00000000  00000200  RWIX
  DEVCFG                0005d000   00000180  00000000  00000180  RWIX
  CLKCFG                0005d200   00000036  00000000  00000036  RWIX
  CPUSYS                0005d300   00000082  00000000  00000082  RWIX
  SYSPERIPHAC           0005d500   00000200  00000000  00000200  RWIX
  ANALOGSUBSYS          0005d700   00000090  00000000  00000090  RWIX
  DCC0                  0005e700   0000002c  00000000  0000002c  RWIX
  ERADGLOBAL            0005e800   00000014  00000000  00000014  RWIX
  ERADHWBP1             0005e900   00000008  00000000  00000008  RWIX
  ERADHWBP2             0005e908   00000008  00000000  00000008  RWIX
  ERADHWBP3             0005e910   00000008  00000000  00000008  RWIX
  ERADHWBP4             0005e918   00000008  00000000  00000008  RWIX
  ERADHWBP5             0005e920   00000008  00000000  00000008  RWIX
  ERADHWBP6             0005e928   00000008  00000000  00000008  RWIX
  ERADHWBP7             0005e930   00000008  00000000  00000008  RWIX
  ERADHWBP8             0005e938   00000008  00000000  00000008  RWIX
  ERADCOUNTER1          0005e980   00000010  00000000  00000010  RWIX
  ERADCOUNTER2          0005e990   00000010  00000000  00000010  RWIX
  ERADCOUNTER3          0005e9a0   00000010  00000000  00000010  RWIX
  ERADCOUNTER4          0005e9b0   00000010  00000000  00000010  RWIX
  DCSMBANK0Z1           0005f000   00000024  00000000  00000024  RWIX
  DCSMBANK0Z2           0005f040   00000024  00000000  00000024  RWIX
  DCSMCOMMON            0005f070   00000010  00000000  00000010  RWIX
  DCSMBANK1Z1           0005f100   00000024  00000000  00000024  RWIX
  DCSMBANK1Z2           0005f140   00000024  00000000  00000024  RWIX
  MEMCFG                0005f400   00000080  00000000  00000080  RWIX
  ACCESSPROTECTION      0005f4c0   00000040  00000000  00000040  RWIX
  MEMORYERROR           0005f500   00000040  00000000  00000040  RWIX
  FLASH0CTRL            0005f800   00000182  00000000  00000182  RWIX
  FLASH0ECC             0005fb00   00000028  00000000  00000028  RWIX


SECTION ALLOCATION MAP

 output                                  attributes/
section   page    origin      length       input sections
--------  ----  ----------  ----------   ----------------
codestart 
*          0    00080000    00000002     
                  00080000    00000002     f28004x_codestartbranch.obj (codestart)

.cinit     0    000818d8    00000052     
                  000818d8    00000026     (.cinit..data.load) [load image, compression = lzss]
                  000818fe    00000006     (.cinit..logport.load) [load image, compression = lzss]
                  00081904    00000006     (__TI_handler_table)
                  0008190a    00000004     (.cinit..bss.load) [load image, compression = zero_init]
                  0008190e    00000004     (.cinit..freertosHeap.load) [load image, compression = zero_init]
                  00081912    00000004     (.cinit..freertosStaticStack.load) [load image, compression = zero_init]
                  00081916    00000014     (__TI_cinit_table)

.reset     0    003fffc0    00000000     DSECT

.stack     1    00000400    00000200     UNINITIALIZED
                  00000400    00000200     --HOLE--

.freertosHeap 
*          1    0000c000    00001000     UNINITIALIZED
                  0000c000    00001000     c2000_freertos.obj (.freertosHeap)

.init_array 
*          0    00081000    00000000     UNINITIALIZED

.bss       1    0000a800    000002fd     UNINITIALIZED
                  0000a800    0000017e     c2000_freertos.obj (.bss)
                  0000a97e    000000a0     tasks.obj (.bss:pxReadyTasksLists)
                  0000aa1e    0000004a     sci_cmd.obj (.bss:val_adder)
                  0000aa68    00000018     sci_fifo.obj (.bss)
                  0000aa80    00000036     tasks.obj (.bss)
                  0000aab6    00000028     queue.obj (.bss:xQueueRegistry)
                  0000aade    00000014     tddb_control.obj (.bss:gDev)
                  0000aaf2    00000004     heap_4.obj (.bss)
                  0000aaf6    00000004     sci_cmd.obj (.bss:val_adder_chose)
                  0000aafa    00000002     tddb_control.obj (.bss)
                  0000aafc    00000001     main.obj (.bss)

.data      1    0000ab00    000001e0     UNINITIALIZED
                  0000ab00    00000180     sci_fifo.obj (.data)
                  0000ac80    00000026     tddb_control.obj (.data)
                  0000aca6    00000012     tasks.obj (.data)
                  0000acb8    00000006     rts2800_fpu32_eabi.lib : exit.c.obj (.data)
                  0000acbe    00000002                            : _lock.c.obj (.data:_lock)
                  0000acc0    0000000c     heap_4.obj (.data)
                  0000accc    0000000a     c2000_freertos.obj (.data)
                  0000acd6    00000004     port.obj (.data)
                  0000acda    00000003     main.obj (.data)
                  0000acdd    00000001     iic_pca9554a.obj (.data)
                  0000acde    00000002     rts2800_fpu32_eabi.lib : _lock.c.obj (.data:_unlock)

.const     0    00087550    000004ff     
                  00087550    0000014b     board.obj (.const:.string)
                  0008769b    00000001     tasks.obj (.const)
                  0008769c    0000006c     tddb_control.obj (.const:.string)
                  00087708    0000006b     main.obj (.const:.string)
                  00087773    00000001     --HOLE-- [fill = 0]
                  00087774    0000004b     device.obj (.const:.string)
                  000877bf    00000001     --HOLE-- [fill = 0]
                  000877c0    0000003a     port.obj (.const:.string)
                  000877fa    0000003a     sys.obj (.const:.string)
                  00087834    00000036     sci_cmd.obj (.const:.string)
                  0008786a    00000035     iic_pca9554a.obj (.const:.string)
                  0008789f    00000001     --HOLE-- [fill = 0]
                  000878a0    00000035     sci_fifo.obj (.const:.string)
                  000878d5    00000001     --HOLE-- [fill = 0]
                  000878d6    0000002b     flash.obj (.const:.string)
                  00087901    00000001     --HOLE-- [fill = 0]
                  00087902    0000002a     sysctl.obj (.const:.string)
                  0008792c    00000028     gpio.obj (.const:.string)
                  00087954    00000027     dcc.obj (.const:.string)
                  0008797b    00000001     --HOLE-- [fill = 0]
                  0008797c    00000027     sci.obj (.const:.string)
                  000879a3    00000001     --HOLE-- [fill = 0]
                  000879a4    00000020     c2000_freertos.obj (.const:.string)
                  000879c4    00000019     interrupt.obj (.const:.string)
                  000879dd    00000001     --HOLE-- [fill = 0]
                  000879de    00000018     cputimer.obj (.const:.string)
                  000879f6    00000013     adc.obj (.const:.string)
                  00087a09    00000001     --HOLE-- [fill = 0]
                  00087a0a    00000013     i2c.obj (.const:.string)
                  00087a1d    00000001     --HOLE-- [fill = 0]
                  00087a1e    00000012     sci_fifo.obj (.const)
                  00087a30    0000000c     sys.obj (.const)
                  00087a3c    00000008     tddb_control.obj (.const)
                  00087a44    00000005     tddb_control.obj (.const:$P$T0$1)
                  00087a49    00000001     --HOLE-- [fill = 0]
                  00087a4a    00000005     tasks.obj (.const:.string)

.TI.ramfunc 
*          0    00081000    000008d6     RUN ADDR = 00008000
                  00081000    00000500     sci_fifo.obj (.TI.ramfunc)
                  00081500    0000015a     flash.obj (.TI.ramfunc)
                  0008165a    0000011e     main.obj (.TI.ramfunc:retain)
                  00081778    0000009f     tddb_control.obj (.TI.ramfunc)
                  00081817    00000092     main.obj (.TI.ramfunc)
                  000818a9    00000029     sci_cmd.obj (.TI.ramfunc)
                  000818d2    00000004     sysctl.obj (.TI.ramfunc)

PieVectTableFile 
*          0    00000d00    00000000     DSECT

EmuKeyVar 
*          0    00000d00    00000000     DSECT

EmuBModeVar 
*          0    00000d00    00000000     DSECT

EmuBootPinsVar 
*          0    00000d00    00000000     DSECT

FlashCallbackVar 
*          0    00000d00    00000000     DSECT

FlashScalingVar 
*          0    00000d00    00000000     DSECT

.text      0    00083000    0000454f     
                  00083000    00000fb6     tasks.obj (.text)
                  00083fb6    000007fe     board.obj (.text)
                  000847b4    000006f4     queue.obj (.text)
                  00084ea8    000004b1     sysctl.obj (.text)
                  00085359    00000446     iic_pca9554a.obj (.text)
                  0008579f    00000431     dcc.obj (.text)
                  00085bd0    000002e0     sci.obj (.text)
                  00085eb0    0000028d     gpio.obj (.text)
                  0008613d    0000020d     device.obj (.text)
                  0008634a    000001aa     port.obj (.text)
                  000864f4    00000196     tddb_control.obj (.text)
                  0008668a    0000018c     adc.obj (.text)
                  00086816    0000018c     interrupt.obj (.text)
                  000869a2    00000181     heap_4.obj (.text)
                  00086b23    0000012c     i2c.obj (.text)
                  00086c4f    00000125     main.obj (.text)
                  00086d74    000000e6     sys.obj (.text)
                  00086e5a    000000db     sci_cmd.obj (.text)
                  00086f35    0000009c     rts2800_fpu32_eabi.lib : fd_add28.asm.obj (.text)
                  00086fd1    00000092     list.obj (.text)
                  00087063    0000008e     sci_fifo.obj (.text)
                  000870f1    0000008b     rts2800_fpu32_eabi.lib : fd_div28.asm.obj (.text)
                  0008717c    00000088                            : fs_div28.asm.obj (.text)
                  00087204    00000084     c2000_freertos.obj (.text)
                  00087288    00000083     portasm.obj (.text)
                  0008730b    00000083     rts2800_fpu32_eabi.lib : fd_mpy28.asm.obj (.text)
                  0008738e    00000030                            : copy_decompress_lzss.c.obj (.text:decompress:lzss)
                  000873be    0000002b                            : autoinit.c.obj (.text:__TI_auto_init_nobinit_nopinit)
                  000873e9    0000002a     cputimer.obj (.text)
                  00087413    00000029     rts2800_fpu32_eabi.lib : exit.c.obj (.text)
                  0008743c    00000023                            : fd_tofsfpu32.asm.obj (.text)
                  0008745f    00000020     flash.obj (.text)
                  0008747f    0000001d     rts2800_fpu32_eabi.lib : memcpy.c.obj (.text)
                  0008749c    0000001c                            : fs_tofdfpu32.asm.obj (.text)
                  000874b8    0000001b                            : fd_toul28.asm.obj (.text)
                  000874d3    00000017                            : boot28.asm.obj (.text)
                  000874ea    00000017                            : u_tofd28.asm.obj (.text)
                  00087501    0000000e                            : fd_sub28.asm.obj (.text)
                  0008750f    0000000c                            : args_main.c.obj (.text)
                  0008751b    0000000b                            : u_div28.asm.obj (.text)
                  00087526    00000009                            : _lock.c.obj (.text)
                  0008752f    00000008                            : copy_decompress_none.c.obj (.text:decompress:none)
                  00087537    00000008     f28004x_codestartbranch.obj (.text)
                  0008753f    00000007     rts2800_fpu32_eabi.lib : memset.c.obj (.text)
                  00087546    00000006                            : copy_zero_init.c.obj (.text:decompress:ZI)
                  0008754c    00000002                            : pre_init.c.obj (.text)
                  0008754e    00000001                            : startup.c.obj (.text)

.freertosStaticStack 
*          1    0000d000    00000900     UNINITIALIZED
                  0000d000    00000900     c2000_freertos.obj (.freertosStaticStack)

.logport   1    0000e000    00002164     UNINITIALIZED
                  0000e000    00002164     sci_fifo.obj (.logport)

MODULE SUMMARY

       Module                        code    ro data   rw data
       ------                        ----    -------   -------
    .\
       tasks.obj                     4022    6         232    
       queue.obj                     1780    0         40     
       port.obj                      426     58        4      
       heap_4.obj                    385     0         16     
       list.obj                      146     0         0      
       portasm.obj                   131     0         0      
    +--+-----------------------------+-------+---------+---------+
       Total:                        6890    64        292    
                                                              
    .\APP\src\
       sci_fifo.obj                  2702    71        8956   
       main.obj                      1157    107       4      
       iic_pca9554a.obj              1094    53        1      
       tddb_control.obj              724     121       60     
       sci_cmd.obj                   301     54        78     
       sys.obj                       230     70        0      
    +--+-----------------------------+-------+---------+---------+
       Total:                        6208    476       9099   
                                                              
    .\device\
       device.obj                    525     75        0      
       f28004x_codestartbranch.obj   10      0         0      
    +--+-----------------------------+-------+---------+---------+
       Total:                        535     75        0      
                                                              
    .\driverlib\
       sysctl.obj                    1209    42        0      
       dcc.obj                       1073    39        0      
       sci.obj                       736     39        0      
       flash.obj                     724     43        0      
       gpio.obj                      653     40        0      
       interrupt.obj                 396     25        0      
       adc.obj                       396     19        0      
       i2c.obj                       300     19        0      
       cputimer.obj                  42      24        0      
    +--+-----------------------------+-------+---------+---------+
       Total:                        5529    290       0      
                                                              
    .\syscfg\
       c2000_freertos.obj            132     32        6792   
       board.obj                     2046    331       0      
    +--+-----------------------------+-------+---------+---------+
       Total:                        2178    363       6792   
                                                              
    C:\ti\ccs2011\ccs\tools\compiler\ti-cgt-c2000_22.6.1.LTS\lib\rts2800_fpu32_eabi.lib
       fd_add28.asm.obj              156     0         0      
       fd_div28.asm.obj              139     0         0      
       fs_div28.asm.obj              136     0         0      
       fd_mpy28.asm.obj              131     0         0      
       copy_decompress_lzss.c.obj    48      0         0      
       exit.c.obj                    41      0         6      
       autoinit.c.obj                43      0         0      
       fd_tofsfpu32.asm.obj          35      0         0      
       memcpy.c.obj                  29      0         0      
       fs_tofdfpu32.asm.obj          28      0         0      
       fd_toul28.asm.obj             27      0         0      
       boot28.asm.obj                23      0         0      
       u_tofd28.asm.obj              23      0         0      
       fd_sub28.asm.obj              14      0         0      
       _lock.c.obj                   9       0         4      
       args_main.c.obj               12      0         0      
       u_div28.asm.obj               11      0         0      
       copy_decompress_none.c.obj    8       0         0      
       memset.c.obj                  7       0         0      
       copy_zero_init.c.obj          6       0         0      
       pre_init.c.obj                2       0         0      
       startup.c.obj                 1       0         0      
    +--+-----------------------------+-------+---------+---------+
       Total:                        929     0         10     
                                                              
       Stack:                        0       0         512    
       Linker Generated:             0       82        0      
    +--+-----------------------------+-------+---------+---------+
       Grand Total:                  22269   1350      16705  


LINKER GENERATED COPY TABLES

__TI_cinit_table @ 00081916 records: 5, size/record: 4, table size: 20
	.data: load addr=000818d8, load size=00000026 bytes, run addr=0000ab00, run size=000001e0 bytes, compression=lzss
	.logport: load addr=000818fe, load size=00000006 bytes, run addr=0000e000, run size=00002164 bytes, compression=lzss
	.bss: load addr=0008190a, load size=00000004 bytes, run addr=0000a800, run size=000002fd bytes, compression=zero_init
	.freertosHeap: load addr=0008190e, load size=00000004 bytes, run addr=0000c000, run size=00001000 bytes, compression=zero_init
	.freertosStaticStack: load addr=00081912, load size=00000004 bytes, run addr=0000d000, run size=00000900 bytes, compression=zero_init


LINKER GENERATED HANDLER TABLE

__TI_handler_table @ 00081904 records: 3, size/record: 2, table size: 6
	index: 0, handler: __TI_zero_init
	index: 1, handler: __TI_decompress_lzss
	index: 2, handler: __TI_decompress_none


GLOBAL DATA SYMBOLS: SORTED BY DATA PAGE

address     data page           name
--------    ----------------    ----
00000400      10 (00000400)     __stack

0000a800     2a0 (0000a800)     mySemaphore0Buffer

0000a840     2a1 (0000a840)     mySemaphore1Buffer

0000a880     2a2 (0000a880)     idleTaskTCBBuffer

0000a8c0     2a3 (0000a8c0)     dalypackTCBBuffer

0000a900     2a4 (0000a900)     sendchargeTCBBuffer

0000a940     2a5 (0000a940)     recivecmdTCBBuffer

0000aa1e     2a8 (0000aa00)     val_adder

0000aa68     2a9 (0000aa40)     logchose
0000aa70     2a9 (0000aa40)     dalychose

0000aab6     2aa (0000aa80)     xQueueRegistry

0000aaf6     2ab (0000aac0)     val_adder_chose
0000aafc     2ab (0000aac0)     rxHigherPriorityTaskWoken

0000ab00     2ac (0000ab00)     data_lock
0000ab01     2ac (0000ab00)     temp_need_state
0000ab02     2ac (0000ab00)     dalydata_lock
0000ab03     2ac (0000ab00)     logdata_lock
0000ab04     2ac (0000ab00)     tempdata_lock
0000ab05     2ac (0000ab00)     task_lock
0000ab06     2ac (0000ab00)     lock_trig
0000ab07     2ac (0000ab00)     lock_daly_cache
0000ab08     2ac (0000ab00)     lock_daly_task
0000ab0a     2ac (0000ab00)     daly_moniter
0000ab0c     2ac (0000ab00)     daly_map
0000ab0f     2ac (0000ab00)     temp_map
0000ab12     2ac (0000ab00)     RxPacketCtrl
0000ab19     2ac (0000ab00)     TempRxPacketCtrl
0000ab20     2ac (0000ab00)     log_map
0000ab28     2ac (0000ab00)     delaylog
0000ab30     2ac (0000ab00)     delaydaly

0000ab40     2ad (0000ab40)     TempRxPacketBuffer

0000ab80     2ae (0000ab80)     range

0000ac00     2b0 (0000ac00)     RxPacketBuffer

0000ac80     2b2 (0000ac80)     driver_status
0000ac81     2b2 (0000ac80)     pwm_status
0000ac82     2b2 (0000ac80)     message_effect_status
0000ac83     2b2 (0000ac80)     sys_mode
0000ac84     2b2 (0000ac80)     time_turn
0000ac86     2b2 (0000ac80)     cmp_1
0000ac88     2b2 (0000ac80)     tbprd
0000ac8a     2b2 (0000ac80)     phs_1
0000ac8c     2b2 (0000ac80)     phs_2
0000ac8e     2b2 (0000ac80)     phs_3
0000ac90     2b2 (0000ac80)     phs_4
0000ac92     2b2 (0000ac80)     pwm_deadband
0000ac94     2b2 (0000ac80)     CH0_value_1X
0000ac96     2b2 (0000ac80)     CH0_value_10X
0000ac98     2b2 (0000ac80)     LDO_FB1
0000ac9a     2b2 (0000ac80)     Igss
0000ac9c     2b2 (0000ac80)     a_Igss
0000ac9e     2b2 (0000ac80)     b_Igss
0000aca0     2b2 (0000ac80)     Vgs
0000aca2     2b2 (0000ac80)     a_Vgs
0000aca4     2b2 (0000ac80)     b_Vgs
0000acae     2b2 (0000ac80)     pxCurrentTCB
0000acb8     2b2 (0000ac80)     __TI_enable_exit_profile_output
0000acba     2b2 (0000ac80)     __TI_cleanup_ptr
0000acbc     2b2 (0000ac80)     __TI_dtors_ptr
0000acbe     2b2 (0000ac80)     _lock

0000accc     2b3 (0000acc0)     dalypackHandle
0000acce     2b3 (0000acc0)     sendchargeHandle
0000acd0     2b3 (0000acc0)     recivecmdHandle
0000acd2     2b3 (0000acc0)     mySemaphore0Handle
0000acd4     2b3 (0000acc0)     mySemaphore1Handle
0000acd6     2b3 (0000acc0)     bYield
0000acd7     2b3 (0000acc0)     bPreemptive
0000acd8     2b3 (0000acc0)     ulCriticalNesting
0000acde     2b3 (0000acc0)     _unlock

0000c000     300 (0000c000)     ucHeap

0000d000     340 (0000d000)     recivecmdStackBuffer

0000d100     344 (0000d100)     dalypackStackBuffer

0000d300     34c (0000d300)     sendchargeStackBuffer

0000d500     354 (0000d500)     idleTaskStack

0000e000     380 (0000e000)     delaytemp
0000e010     380 (0000e000)     temp_buf
0000e030     380 (0000e000)     daly_buf

0000e224     388 (0000e200)     log_buf

0008769b    21da (00087680)     uxTopUsedPriority


GLOBAL SYMBOLS: SORTED ALPHABETICALLY BY Name 

page  address   name                               
----  -------   ----                               
0     0008448c  ADC_init                           
0     000866ed  ADC_setINLTrim                     
0     0008673c  ADC_setOffsetTrim                  
0     00086792  ADC_setOffsetTrimAll               
0     000867ba  ADC_setPPBTripLimits               
0     000866a1  ADC_setVREF                        
0     0008462b  ASYSCTL_init                       
0     00084421  Board_init                         
0     00087413  C$$EXIT                            
1     0000ac96  CH0_value_10X                      
1     0000ac94  CH0_value_1X                       
0     00084631  CPUTIMER_init                      
0     00087400  CPUTimer_setEmulationMode          
0     00008778  ControlLoop                        
0     00085b1d  DCC_continuousMonitor              
0     00085988  DCC_getRevisionNumber              
0     00085a70  DCC_measureClockFrequency          
0     000859a5  DCC_verifyClockFrequency           
0     00086e1e  Delay_ms                           
0     00086df0  Delay_us                           
0     00086220  Device_enableAllPeripherals        
0     000861be  Device_init                        
0     00086300  Device_initGPIO                    
0     00086310  Device_verifyXTAL                  
0     000085e0  Flash_initModule                   
0     00008624  Flash_powerDown                    
0     0000863f  Flash_wakeFromLPM                  
0     0008727b  FreeRTOS_init                      
0     00085f15  GPIO_getDirectionMode              
0     00085fbb  GPIO_getPadConfig                  
0     00086030  GPIO_getQualificationMode          
0     00084658  GPIO_init                          
0     000860cc  GPIO_setAnalogMode                 
0     00086095  GPIO_setControllerCore             
0     00085ee4  GPIO_setDirectionMode              
0     00085f35  GPIO_setInterruptPin               
0     00085f69  GPIO_setPadConfig                  
0     00086106  GPIO_setPinConfig                  
0     00085ff9  GPIO_setQualificationMode          
0     0008605c  GPIO_setQualificationPeriod        
0     00086ed0  GateDriverDisable                  
0     00086ec4  GateDriverEnable                   
0     000846ab  I2C_A0_init                        
0     000846c4  I2C_A1_init                        
0     000846dd  I2C_A2_init                        
0     00086c0e  I2C_clearInterruptStatus           
0     00086c2f  I2C_configureModuleFrequency       
0     00086bc1  I2C_disableInterrupt               
0     00086b96  I2C_enableInterrupt                
0     00086bed  I2C_getInterruptStatus             
0     000846f5  I2C_init                           
0     00086b32  I2C_initController                 
0     0008473d  INTERRUPT_init                     
0     0000865a  INT_myCPUTIMER0_ISR                
0     000086a1  INT_mySCI0_RX_ISR                  
0     00008740  INT_mySCI0_TX_ISR                  
1     0000ac9a  Igss                               
0     000865a5  Init_bidirectional                 
0     000870a3  Init_bigLogbuf                     
0     000870c1  Init_dalybuf                       
0     000870e5  Init_tempbuf                       
0     00086e95  Init_val_adder                     
0     000870eb  Initrangtaske                      
0     00086954  Interrupt_disable                  
0     0008691d  Interrupt_enable                   
0     000868c2  Interrupt_initModule               
0     000868ff  Interrupt_initVectorTable          
1     0000ac98  LDO_FB1                            
0     0008467e  LED_GREEN_init                     
0     00084665  LED_RED_init                       
0     00085514  PCA9554A_BusInit                   
0     0008551d  PCA9554A_DeviceInit                
0     0008575b  PCA9554A_GetPinLevel               
0     00085797  PCA9554A_GetPortInput              
0     000856b7  PCA9554A_I2C_IsBusy                
0     0008568a  PCA9554A_I2C_RecoverBus            
0     00085531  PCA9554A_I2C_Write                 
0     000855bc  PCA9554A_I2C_WriteRead             
0     000865ba  PCA9554A_Init                      
0     000856d3  PCA9554A_ReadReg                   
0     000865f7  PCA9554A_SetOutput8Level           
0     00085710  PCA9554A_SetPinAsInput             
0     000856ee  PCA9554A_SetPinAsOutput            
0     00085731  PCA9554A_SetPinOutputLevel         
0     00085785  PCA9554A_SetPortDirection          
0     0008578e  PCA9554A_SetPortOutput             
0     000856bb  PCA9554A_WriteReg                  
0     00084434  PinMux_init                        
0     00086edb  PrdSet                             
0     00086f2c  PwmDisable                         
0     00086f27  PwmEnable                          
0     00084692  RLY_init                           
0     000818d6  RamfuncsLoadEnd                    
abs   000008d6  RamfuncsLoadSize                   
0     00081000  RamfuncsLoadStart                  
0     000088d6  RamfuncsRunEnd                     
abs   000008d6  RamfuncsRunSize                    
0     00008000  RamfuncsRunStart                   
1     0000ac00  RxPacketBuffer                     
1     0000ab12  RxPacketCtrl                       
0     00085e33  SCI_clearInterruptStatus           
0     00085da0  SCI_disableInterrupt               
0     00085d5c  SCI_enableInterrupt                
0     00085de5  SCI_getInterruptStatus             
0     0008476e  SCI_init                           
0     00085d21  SCI_readCharArray                  
0     00085e78  SCI_setBaud                        
0     00085ca2  SCI_setConfig                      
0     00085e9d  SCI_setWakeFlag                    
0     00085ce0  SCI_writeCharArray                 
0     00008000  SciRxPacketReset                   
0     000088d2  SysCtl_delay                       
0     0008507d  SysCtl_getClock                    
0     00085241  SysCtl_getDeviceParametric         
0     00085227  SysCtl_getLowSpeedClock            
0     0008529c  SysCtl_isPLLValid                  
0     000851de  SysCtl_selectOscSource             
0     000851a0  SysCtl_selectXTAL                  
0     000851c4  SysCtl_selectXTALSingleEnded       
0     000850db  SysCtl_setClock                    
0     00086649  TDDB_ChannelSelect_DisableAll      
0     00086658  TDDB_ChannelSelect_Set             
1     0000ab40  TempRxPacketBuffer                 
1     0000ab19  TempRxPacketCtrl                   
0     00008006  TempSciRxPacketReset               
0     0000800b  TemprxDecodeWord                   
0     00086f30  Trigger                            
1     0000aca0  Vgs                                
0     00081916  __TI_CINIT_Base                    
0     0008192a  __TI_CINIT_Limit                   
0     0008192a  __TI_CINIT_Warm                    
0     00081904  __TI_Handler_Table_Base            
0     0008190a  __TI_Handler_Table_Limit           
1     00000600  __TI_STACK_END                     
abs   00000200  __TI_STACK_SIZE                    
0     000873be  __TI_auto_init_nobinit_nopinit     
1     0000acba  __TI_cleanup_ptr                   
0     0008738e  __TI_decompress_lzss               
0     0008752f  __TI_decompress_none               
1     0000acbc  __TI_dtors_ptr                     
1     0000acb8  __TI_enable_exit_profile_output    
abs   ffffffff  __TI_pprof_out_hndl                
abs   ffffffff  __TI_prof_data_size                
abs   ffffffff  __TI_prof_data_start               
0     00087546  __TI_zero_init                     
0     00086f35  __c28xabi_addd                     
0     000870f1  __c28xabi_divd                     
0     0008717c  __c28xabi_divf                     
0     0008751b  __c28xabi_divu                     
0     0008743c  __c28xabi_dtof                     
0     000874b8  __c28xabi_dtoul                    
0     0008749c  __c28xabi_ftod                     
0     00087520  __c28xabi_modu                     
0     0008730b  __c28xabi_mpyd                     
0     00087501  __c28xabi_subd                     
0     000874ea  __c28xabi_utod                     
n/a   UNDEFED   __c_args__                         
0     00086343  __error__                          
1     00000400  __stack                            
0     0008750f  _args_main                         
0     000874d3  _c_int00                           
1     0000acbe  _lock                              
0     0008752e  _nop                               
0     0008752a  _register_lock                     
0     00087526  _register_unlock                   
0     0008754e  _system_post_cinit                 
0     0008754c  _system_pre_init                   
1     0000acde  _unlock                            
1     0000ac9c  a_Igss                             
1     0000aca2  a_Vgs                              
0     00087413  abort                              
0     00008117  adddalynumber                      
0     000080b1  addlognumber                       
0     00008173  addtaske                           
0     0000813d  addtempnumber                      
1     0000acd7  bPreemptive                        
1     0000acd6  bYield                             
1     0000ac9e  b_Igss                             
1     0000aca4  b_Vgs                              
0     0000823f  checksumCalc                       
1     0000ac86  cmp_1                              
0     00080000  code_start                         
0     00086e2c  configCPUTimer                     
1     0000e030  daly_buf                           
0     000084ff  daly_chose                         
0     000084ce  daly_data_pack                     
1     0000ab0c  daly_map                           
1     0000ab0a  daly_moniter                       
0     00008817  daly_pack                          
1     0000aa70  dalychose                          
1     0000ab02  dalydata_lock                      
1     0000accc  dalypackHandle                     
1     0000d100  dalypackStackBuffer                
1     0000a8c0  dalypackTCBBuffer                  
0     00087204  dalypack_init                      
1     0000ab00  data_lock                          
1     0000ab30  delaydaly                          
1     0000ab28  delaylog                           
1     0000e000  delaytemp                          
1     0000ac80  driver_status                      
0     000831fa  eTaskGetState                      
0     000083d7  executaske                         
0     00087415  exit                               
0     00087288  getSTF                             
1     0000d500  idleTaskStack                      
1     0000a880  idleTaskTCBBuffer                  
1     0000ab07  lock_daly_cache                    
1     0000ab08  lock_daly_task                     
1     0000ab06  lock_trig                          
1     0000e224  log_buf                            
1     0000ab20  log_map                            
1     0000aa68  logchose                           
1     0000ab03  logdata_lock                       
0     00086d31  main                               
0     0008747f  memcpy                             
0     0008753f  memset                             
1     0000ac82  message_effect_status              
0     00084493  myADCA_init                        
0     000845a3  myADCB_init                        
0     0008451b  myADCC_init                        
0     00084634  myCPUTIMER0_init                   
0     000846f8  myI2C0_init                        
0     00084771  mySCI0_init                        
1     0000a800  mySemaphore0Buffer                 
1     0000acd2  mySemaphore0Handle                 
0     0008724c  mySemaphore0_init                  
1     0000a840  mySemaphore1Buffer                 
1     0000acd4  mySemaphore1Handle                 
0     0008725b  mySemaphore1_init                  
0     00084e60  pcQueueGetName                     
0     000835cf  pcTaskGetName                      
1     0000ac8a  phs_1                              
1     0000ac8c  phs_2                              
1     0000ac8e  phs_3                              
1     0000ac90  phs_4                              
0     0008728c  portRESTORE_FIRST_CONTEXT          
0     00087297  portTICK_ISR                       
0     000869a2  pvPortMalloc                       
0     00083be1  pvTaskIncrementMutexHeldCount      
1     0000ac92  pwm_deadband                       
1     0000ac81  pwm_status                         
1     0000acae  pxCurrentTCB                       
0     000863ef  pxPortInitialiseStack              
1     0000ab80  range                              
0     00008889  recive_cmd                         
1     0000acd0  recivecmdHandle                    
1     0000d000  recivecmdStackBuffer               
1     0000a940  recivecmdTCBBuffer                 
0     00087234  recivecmd_init                     
0     000088a9  rxCmdList                          
0     00008052  rxDecodeWord                       
1     0000aafc  rxHigherPriorityTaskWoken          
0     0000887e  send_charge                        
1     0000acce  sendchargeHandle                   
1     0000d300  sendchargeStackBuffer              
1     0000a900  sendchargeTCBBuffer                
0     0008721c  sendcharge_init                    
0     0000826d  sendmessage                        
0     00008251  sendu16                            
1     0000ac83  sys_mode                           
1     0000ab05  task_lock                          
1     0000ac88  tbprd                              
1     0000e010  temp_buf                           
1     0000ab0f  temp_map                           
1     0000ab01  temp_need_state                    
1     0000ab04  tempdata_lock                      
1     0000ac84  time_turn                          
0     00008485  trigger_data_pack                  
1     0000c000  ucHeap                             
1     0000acd8  ulCriticalNesting                  
0     00083beb  ulTaskGenericNotifyTake            
0     00083f38  ulTaskGenericNotifyValueClear      
0     0008703f  uxListRemove                       
0     00084cb3  uxQueueMessagesWaiting             
0     00084cd6  uxQueueMessagesWaitingFromISR      
0     00084cc1  uxQueueSpacesAvailable             
0     000835cb  uxTaskGetNumberOfTasks             
0     0008324f  uxTaskPriorityGet                  
0     00083265  uxTaskPriorityGetFromISR           
0     00083bcc  uxTaskResetEventItemValue          
0     0008769b  uxTopUsedPriority                  
0     0008726a  vApplicationGetIdleTaskMemory      
0     00086fd1  vListInitialise                    
0     00086fe9  vListInitialiseItem                
0     0008700d  vListInsert                        
0     00086ff2  vListInsertEnd                     
0     000864a3  vPortEndScheduler                  
0     000864b2  vPortEnterCritical                 
0     000864ba  vPortExitCritical                  
0     00086a28  vPortFree                          
0     00086ada  vPortGetHeapStats                  
0     00086a5d  vPortInitialiseBlocks              
0     000864c4  vPortSetupTimerInterrupt           
0     00084e24  vQueueAddToRegistry                
0     00084ce1  vQueueDelete                       
0     00084e82  vQueueUnregisterQueue              
0     000831e1  vTaskDelay                         
0     0008315f  vTaskDelete                        
0     000834d2  vTaskEndScheduler                  
0     00083e60  vTaskGenericNotifyGiveFromISR      
0     00083928  vTaskInternalSetTimeOutState       
0     00083975  vTaskMissedYield                   
0     00083788  vTaskPlaceOnEventList              
0     00083798  vTaskPlaceOnUnorderedEventList     
0     00083b35  vTaskPriorityDisinheritAfterTimeout
0     00083277  vTaskPrioritySet                   
0     00083887  vTaskRemoveFromUnorderedEventList  
0     000833c5  vTaskResume                        
0     00083918  vTaskSetTimeOutState               
0     00083498  vTaskStartScheduler                
0     00083336  vTaskSuspend                       
0     000834da  vTaskSuspendAll                    
0     00083750  vTaskSwitchContext                 
1     0000aa1e  val_adder                          
1     0000aaf6  val_adder_chose                    
0     00086a55  xPortGetFreeHeapSize               
0     00086a59  xPortGetMinimumEverFreeHeapSize    
0     000864a4  xPortStartScheduler                
0     00084932  xQueueCreateCountingSemaphore      
0     00084915  xQueueCreateCountingSemaphoreStatic
0     000848bd  xQueueCreateMutex                  
0     000848cd  xQueueCreateMutexStatic            
0     00084855  xQueueGenericCreate                
0     00084830  xQueueGenericCreateStatic          
0     000847b4  xQueueGenericReset                 
0     0008494a  xQueueGenericSend                  
0     000849e8  xQueueGenericSendFromISR           
0     00084a31  xQueueGiveFromISR                  
0     000848e0  xQueueGiveMutexRecursive           
0     00084de6  xQueueIsQueueEmptyFromISR          
0     00084e0e  xQueueIsQueueFullFromISR           
0     00084bc2  xQueuePeek                         
0     00084c99  xQueuePeekFromISR                  
0     00084a74  xQueueReceive                      
0     00084c58  xQueueReceiveFromISR               
1     0000aab6  xQueueRegistry                     
0     00084b0b  xQueueSemaphoreTake                
0     000848fb  xQueueTakeMutexRecursive           
0     000835ea  xTaskAbortDelay                    
0     000835de  xTaskCatchUpTicks                  
0     00083934  xTaskCheckForTimeOut               
0     0008302e  xTaskCreate                        
0     00083000  xTaskCreateStatic                  
0     000831a8  xTaskDelayUntil                    
0     00083c9c  xTaskGenericNotify                 
0     00083d6e  xTaskGenericNotifyFromISR          
0     00083f14  xTaskGenericNotifyStateClear       
0     00083c3b  xTaskGenericNotifyWait             
0     00083a03  xTaskGetCurrentTaskHandle          
0     00083a0b  xTaskGetSchedulerState             
0     000835b7  xTaskGetTickCount                  
0     000835c3  xTaskGetTickCountFromISR           
0     0008365f  xTaskIncrementTick                 
0     00083ac0  xTaskPriorityDisinherit            
0     00083a1c  xTaskPriorityInherit               
0     000837c7  xTaskRemoveFromEventList           
0     000834de  xTaskResumeAll                     
0     0008342f  xTaskResumeFromISR                 


GLOBAL SYMBOLS: SORTED BY Symbol Address 

page  address   name                               
----  -------   ----                               
0     00008000  RamfuncsRunStart                   
0     00008000  SciRxPacketReset                   
0     00008006  TempSciRxPacketReset               
0     0000800b  TemprxDecodeWord                   
0     00008052  rxDecodeWord                       
0     000080b1  addlognumber                       
0     00008117  adddalynumber                      
0     0000813d  addtempnumber                      
0     00008173  addtaske                           
0     0000823f  checksumCalc                       
0     00008251  sendu16                            
0     0000826d  sendmessage                        
0     000083d7  executaske                         
0     00008485  trigger_data_pack                  
0     000084ce  daly_data_pack                     
0     000084ff  daly_chose                         
0     000085e0  Flash_initModule                   
0     00008624  Flash_powerDown                    
0     0000863f  Flash_wakeFromLPM                  
0     0000865a  INT_myCPUTIMER0_ISR                
0     000086a1  INT_mySCI0_RX_ISR                  
0     00008740  INT_mySCI0_TX_ISR                  
0     00008778  ControlLoop                        
0     00008817  daly_pack                          
0     0000887e  send_charge                        
0     00008889  recive_cmd                         
0     000088a9  rxCmdList                          
0     000088d2  SysCtl_delay                       
0     000088d6  RamfuncsRunEnd                     
0     00080000  code_start                         
0     00081000  RamfuncsLoadStart                  
0     000818d6  RamfuncsLoadEnd                    
0     00081904  __TI_Handler_Table_Base            
0     0008190a  __TI_Handler_Table_Limit           
0     00081916  __TI_CINIT_Base                    
0     0008192a  __TI_CINIT_Limit                   
0     0008192a  __TI_CINIT_Warm                    
0     00083000  xTaskCreateStatic                  
0     0008302e  xTaskCreate                        
0     0008315f  vTaskDelete                        
0     000831a8  xTaskDelayUntil                    
0     000831e1  vTaskDelay                         
0     000831fa  eTaskGetState                      
0     0008324f  uxTaskPriorityGet                  
0     00083265  uxTaskPriorityGetFromISR           
0     00083277  vTaskPrioritySet                   
0     00083336  vTaskSuspend                       
0     000833c5  vTaskResume                        
0     0008342f  xTaskResumeFromISR                 
0     00083498  vTaskStartScheduler                
0     000834d2  vTaskEndScheduler                  
0     000834da  vTaskSuspendAll                    
0     000834de  xTaskResumeAll                     
0     000835b7  xTaskGetTickCount                  
0     000835c3  xTaskGetTickCountFromISR           
0     000835cb  uxTaskGetNumberOfTasks             
0     000835cf  pcTaskGetName                      
0     000835de  xTaskCatchUpTicks                  
0     000835ea  xTaskAbortDelay                    
0     0008365f  xTaskIncrementTick                 
0     00083750  vTaskSwitchContext                 
0     00083788  vTaskPlaceOnEventList              
0     00083798  vTaskPlaceOnUnorderedEventList     
0     000837c7  xTaskRemoveFromEventList           
0     00083887  vTaskRemoveFromUnorderedEventList  
0     00083918  vTaskSetTimeOutState               
0     00083928  vTaskInternalSetTimeOutState       
0     00083934  xTaskCheckForTimeOut               
0     00083975  vTaskMissedYield                   
0     00083a03  xTaskGetCurrentTaskHandle          
0     00083a0b  xTaskGetSchedulerState             
0     00083a1c  xTaskPriorityInherit               
0     00083ac0  xTaskPriorityDisinherit            
0     00083b35  vTaskPriorityDisinheritAfterTimeout
0     00083bcc  uxTaskResetEventItemValue          
0     00083be1  pvTaskIncrementMutexHeldCount      
0     00083beb  ulTaskGenericNotifyTake            
0     00083c3b  xTaskGenericNotifyWait             
0     00083c9c  xTaskGenericNotify                 
0     00083d6e  xTaskGenericNotifyFromISR          
0     00083e60  vTaskGenericNotifyGiveFromISR      
0     00083f14  xTaskGenericNotifyStateClear       
0     00083f38  ulTaskGenericNotifyValueClear      
0     00084421  Board_init                         
0     00084434  PinMux_init                        
0     0008448c  ADC_init                           
0     00084493  myADCA_init                        
0     0008451b  myADCC_init                        
0     000845a3  myADCB_init                        
0     0008462b  ASYSCTL_init                       
0     00084631  CPUTIMER_init                      
0     00084634  myCPUTIMER0_init                   
0     00084658  GPIO_init                          
0     00084665  LED_RED_init                       
0     0008467e  LED_GREEN_init                     
0     00084692  RLY_init                           
0     000846ab  I2C_A0_init                        
0     000846c4  I2C_A1_init                        
0     000846dd  I2C_A2_init                        
0     000846f5  I2C_init                           
0     000846f8  myI2C0_init                        
0     0008473d  INTERRUPT_init                     
0     0008476e  SCI_init                           
0     00084771  mySCI0_init                        
0     000847b4  xQueueGenericReset                 
0     00084830  xQueueGenericCreateStatic          
0     00084855  xQueueGenericCreate                
0     000848bd  xQueueCreateMutex                  
0     000848cd  xQueueCreateMutexStatic            
0     000848e0  xQueueGiveMutexRecursive           
0     000848fb  xQueueTakeMutexRecursive           
0     00084915  xQueueCreateCountingSemaphoreStatic
0     00084932  xQueueCreateCountingSemaphore      
0     0008494a  xQueueGenericSend                  
0     000849e8  xQueueGenericSendFromISR           
0     00084a31  xQueueGiveFromISR                  
0     00084a74  xQueueReceive                      
0     00084b0b  xQueueSemaphoreTake                
0     00084bc2  xQueuePeek                         
0     00084c58  xQueueReceiveFromISR               
0     00084c99  xQueuePeekFromISR                  
0     00084cb3  uxQueueMessagesWaiting             
0     00084cc1  uxQueueSpacesAvailable             
0     00084cd6  uxQueueMessagesWaitingFromISR      
0     00084ce1  vQueueDelete                       
0     00084de6  xQueueIsQueueEmptyFromISR          
0     00084e0e  xQueueIsQueueFullFromISR           
0     00084e24  vQueueAddToRegistry                
0     00084e60  pcQueueGetName                     
0     00084e82  vQueueUnregisterQueue              
0     0008507d  SysCtl_getClock                    
0     000850db  SysCtl_setClock                    
0     000851a0  SysCtl_selectXTAL                  
0     000851c4  SysCtl_selectXTALSingleEnded       
0     000851de  SysCtl_selectOscSource             
0     00085227  SysCtl_getLowSpeedClock            
0     00085241  SysCtl_getDeviceParametric         
0     0008529c  SysCtl_isPLLValid                  
0     00085514  PCA9554A_BusInit                   
0     0008551d  PCA9554A_DeviceInit                
0     00085531  PCA9554A_I2C_Write                 
0     000855bc  PCA9554A_I2C_WriteRead             
0     0008568a  PCA9554A_I2C_RecoverBus            
0     000856b7  PCA9554A_I2C_IsBusy                
0     000856bb  PCA9554A_WriteReg                  
0     000856d3  PCA9554A_ReadReg                   
0     000856ee  PCA9554A_SetPinAsOutput            
0     00085710  PCA9554A_SetPinAsInput             
0     00085731  PCA9554A_SetPinOutputLevel         
0     0008575b  PCA9554A_GetPinLevel               
0     00085785  PCA9554A_SetPortDirection          
0     0008578e  PCA9554A_SetPortOutput             
0     00085797  PCA9554A_GetPortInput              
0     00085988  DCC_getRevisionNumber              
0     000859a5  DCC_verifyClockFrequency           
0     00085a70  DCC_measureClockFrequency          
0     00085b1d  DCC_continuousMonitor              
0     00085ca2  SCI_setConfig                      
0     00085ce0  SCI_writeCharArray                 
0     00085d21  SCI_readCharArray                  
0     00085d5c  SCI_enableInterrupt                
0     00085da0  SCI_disableInterrupt               
0     00085de5  SCI_getInterruptStatus             
0     00085e33  SCI_clearInterruptStatus           
0     00085e78  SCI_setBaud                        
0     00085e9d  SCI_setWakeFlag                    
0     00085ee4  GPIO_setDirectionMode              
0     00085f15  GPIO_getDirectionMode              
0     00085f35  GPIO_setInterruptPin               
0     00085f69  GPIO_setPadConfig                  
0     00085fbb  GPIO_getPadConfig                  
0     00085ff9  GPIO_setQualificationMode          
0     00086030  GPIO_getQualificationMode          
0     0008605c  GPIO_setQualificationPeriod        
0     00086095  GPIO_setControllerCore             
0     000860cc  GPIO_setAnalogMode                 
0     00086106  GPIO_setPinConfig                  
0     000861be  Device_init                        
0     00086220  Device_enableAllPeripherals        
0     00086300  Device_initGPIO                    
0     00086310  Device_verifyXTAL                  
0     00086343  __error__                          
0     000863ef  pxPortInitialiseStack              
0     000864a3  vPortEndScheduler                  
0     000864a4  xPortStartScheduler                
0     000864b2  vPortEnterCritical                 
0     000864ba  vPortExitCritical                  
0     000864c4  vPortSetupTimerInterrupt           
0     000865a5  Init_bidirectional                 
0     000865ba  PCA9554A_Init                      
0     000865f7  PCA9554A_SetOutput8Level           
0     00086649  TDDB_ChannelSelect_DisableAll      
0     00086658  TDDB_ChannelSelect_Set             
0     000866a1  ADC_setVREF                        
0     000866ed  ADC_setINLTrim                     
0     0008673c  ADC_setOffsetTrim                  
0     00086792  ADC_setOffsetTrimAll               
0     000867ba  ADC_setPPBTripLimits               
0     000868c2  Interrupt_initModule               
0     000868ff  Interrupt_initVectorTable          
0     0008691d  Interrupt_enable                   
0     00086954  Interrupt_disable                  
0     000869a2  pvPortMalloc                       
0     00086a28  vPortFree                          
0     00086a55  xPortGetFreeHeapSize               
0     00086a59  xPortGetMinimumEverFreeHeapSize    
0     00086a5d  vPortInitialiseBlocks              
0     00086ada  vPortGetHeapStats                  
0     00086b32  I2C_initController                 
0     00086b96  I2C_enableInterrupt                
0     00086bc1  I2C_disableInterrupt               
0     00086bed  I2C_getInterruptStatus             
0     00086c0e  I2C_clearInterruptStatus           
0     00086c2f  I2C_configureModuleFrequency       
0     00086d31  main                               
0     00086df0  Delay_us                           
0     00086e1e  Delay_ms                           
0     00086e2c  configCPUTimer                     
0     00086e95  Init_val_adder                     
0     00086ec4  GateDriverEnable                   
0     00086ed0  GateDriverDisable                  
0     00086edb  PrdSet                             
0     00086f27  PwmEnable                          
0     00086f2c  PwmDisable                         
0     00086f30  Trigger                            
0     00086f35  __c28xabi_addd                     
0     00086fd1  vListInitialise                    
0     00086fe9  vListInitialiseItem                
0     00086ff2  vListInsertEnd                     
0     0008700d  vListInsert                        
0     0008703f  uxListRemove                       
0     000870a3  Init_bigLogbuf                     
0     000870c1  Init_dalybuf                       
0     000870e5  Init_tempbuf                       
0     000870eb  Initrangtaske                      
0     000870f1  __c28xabi_divd                     
0     0008717c  __c28xabi_divf                     
0     00087204  dalypack_init                      
0     0008721c  sendcharge_init                    
0     00087234  recivecmd_init                     
0     0008724c  mySemaphore0_init                  
0     0008725b  mySemaphore1_init                  
0     0008726a  vApplicationGetIdleTaskMemory      
0     0008727b  FreeRTOS_init                      
0     00087288  getSTF                             
0     0008728c  portRESTORE_FIRST_CONTEXT          
0     00087297  portTICK_ISR                       
0     0008730b  __c28xabi_mpyd                     
0     0008738e  __TI_decompress_lzss               
0     000873be  __TI_auto_init_nobinit_nopinit     
0     00087400  CPUTimer_setEmulationMode          
0     00087413  C$$EXIT                            
0     00087413  abort                              
0     00087415  exit                               
0     0008743c  __c28xabi_dtof                     
0     0008747f  memcpy                             
0     0008749c  __c28xabi_ftod                     
0     000874b8  __c28xabi_dtoul                    
0     000874d3  _c_int00                           
0     000874ea  __c28xabi_utod                     
0     00087501  __c28xabi_subd                     
0     0008750f  _args_main                         
0     0008751b  __c28xabi_divu                     
0     00087520  __c28xabi_modu                     
0     00087526  _register_unlock                   
0     0008752a  _register_lock                     
0     0008752e  _nop                               
0     0008752f  __TI_decompress_none               
0     0008753f  memset                             
0     00087546  __TI_zero_init                     
0     0008754c  _system_pre_init                   
0     0008754e  _system_post_cinit                 
0     0008769b  uxTopUsedPriority                  
1     00000400  __stack                            
1     00000600  __TI_STACK_END                     
1     0000a800  mySemaphore0Buffer                 
1     0000a840  mySemaphore1Buffer                 
1     0000a880  idleTaskTCBBuffer                  
1     0000a8c0  dalypackTCBBuffer                  
1     0000a900  sendchargeTCBBuffer                
1     0000a940  recivecmdTCBBuffer                 
1     0000aa1e  val_adder                          
1     0000aa68  logchose                           
1     0000aa70  dalychose                          
1     0000aab6  xQueueRegistry                     
1     0000aaf6  val_adder_chose                    
1     0000aafc  rxHigherPriorityTaskWoken          
1     0000ab00  data_lock                          
1     0000ab01  temp_need_state                    
1     0000ab02  dalydata_lock                      
1     0000ab03  logdata_lock                       
1     0000ab04  tempdata_lock                      
1     0000ab05  task_lock                          
1     0000ab06  lock_trig                          
1     0000ab07  lock_daly_cache                    
1     0000ab08  lock_daly_task                     
1     0000ab0a  daly_moniter                       
1     0000ab0c  daly_map                           
1     0000ab0f  temp_map                           
1     0000ab12  RxPacketCtrl                       
1     0000ab19  TempRxPacketCtrl                   
1     0000ab20  log_map                            
1     0000ab28  delaylog                           
1     0000ab30  delaydaly                          
1     0000ab40  TempRxPacketBuffer                 
1     0000ab80  range                              
1     0000ac00  RxPacketBuffer                     
1     0000ac80  driver_status                      
1     0000ac81  pwm_status                         
1     0000ac82  message_effect_status              
1     0000ac83  sys_mode                           
1     0000ac84  time_turn                          
1     0000ac86  cmp_1                              
1     0000ac88  tbprd                              
1     0000ac8a  phs_1                              
1     0000ac8c  phs_2                              
1     0000ac8e  phs_3                              
1     0000ac90  phs_4                              
1     0000ac92  pwm_deadband                       
1     0000ac94  CH0_value_1X                       
1     0000ac96  CH0_value_10X                      
1     0000ac98  LDO_FB1                            
1     0000ac9a  Igss                               
1     0000ac9c  a_Igss                             
1     0000ac9e  b_Igss                             
1     0000aca0  Vgs                                
1     0000aca2  a_Vgs                              
1     0000aca4  b_Vgs                              
1     0000acae  pxCurrentTCB                       
1     0000acb8  __TI_enable_exit_profile_output    
1     0000acba  __TI_cleanup_ptr                   
1     0000acbc  __TI_dtors_ptr                     
1     0000acbe  _lock                              
1     0000accc  dalypackHandle                     
1     0000acce  sendchargeHandle                   
1     0000acd0  recivecmdHandle                    
1     0000acd2  mySemaphore0Handle                 
1     0000acd4  mySemaphore1Handle                 
1     0000acd6  bYield                             
1     0000acd7  bPreemptive                        
1     0000acd8  ulCriticalNesting                  
1     0000acde  _unlock                            
1     0000c000  ucHeap                             
1     0000d000  recivecmdStackBuffer               
1     0000d100  dalypackStackBuffer                
1     0000d300  sendchargeStackBuffer              
1     0000d500  idleTaskStack                      
1     0000e000  delaytemp                          
1     0000e010  temp_buf                           
1     0000e030  daly_buf                           
1     0000e224  log_buf                            
abs   00000200  __TI_STACK_SIZE                    
abs   000008d6  RamfuncsLoadSize                   
abs   000008d6  RamfuncsRunSize                    
abs   ffffffff  __TI_pprof_out_hndl                
abs   ffffffff  __TI_prof_data_size                
abs   ffffffff  __TI_prof_data_start               
n/a   UNDEFED   __c_args__                         

[358 symbols]
