<?xml version="1.0" encoding="ISO-8859-1" ?>
<link_info>
   <banner>TMS320C2000 Linker PC v22.6.0.LTS</banner>
   <copyright>Copyright (c) 1996-2018 Texas Instruments Incorporated</copyright>
   <link_time>0x6478035b</link_time>
   <link_errors>0x0</link_errors>
   <output_file>testfreertos_core4.out</output_file>
   <entry_point>
      <name>_c_int00</name>
      <address>0x8734b</address>
   </entry_point>
   <input_file_list>
      <input_file id="fl-2">
         <path>.\syscfg\</path>
         <kind>object</kind>
         <file>board.obj</file>
         <name>board.obj</name>
      </input_file>
      <input_file id="fl-3">
         <path>.\syscfg\</path>
         <kind>object</kind>
         <file>c2000ware_libraries.obj</file>
         <name>c2000ware_libraries.obj</name>
      </input_file>
      <input_file id="fl-4">
         <path>.\syscfg\</path>
         <kind>object</kind>
         <file>c2000_freertos.obj</file>
         <name>c2000_freertos.obj</name>
      </input_file>
      <input_file id="fl-5">
         <path>.\</path>
         <kind>object</kind>
         <file>tasks.obj</file>
         <name>tasks.obj</name>
      </input_file>
      <input_file id="fl-6">
         <path>.\</path>
         <kind>object</kind>
         <file>queue.obj</file>
         <name>queue.obj</name>
      </input_file>
      <input_file id="fl-7">
         <path>.\</path>
         <kind>object</kind>
         <file>list.obj</file>
         <name>list.obj</name>
      </input_file>
      <input_file id="fl-8">
         <path>.\</path>
         <kind>object</kind>
         <file>timers.obj</file>
         <name>timers.obj</name>
      </input_file>
      <input_file id="fl-9">
         <path>.\</path>
         <kind>object</kind>
         <file>event_groups.obj</file>
         <name>event_groups.obj</name>
      </input_file>
      <input_file id="fl-a">
         <path>.\</path>
         <kind>object</kind>
         <file>stream_buffer.obj</file>
         <name>stream_buffer.obj</name>
      </input_file>
      <input_file id="fl-b">
         <path>.\</path>
         <kind>object</kind>
         <file>port.obj</file>
         <name>port.obj</name>
      </input_file>
      <input_file id="fl-c">
         <path>.\</path>
         <kind>object</kind>
         <file>portasm.obj</file>
         <name>portasm.obj</name>
      </input_file>
      <input_file id="fl-d">
         <path>.\</path>
         <kind>object</kind>
         <file>heap_4.obj</file>
         <name>heap_4.obj</name>
      </input_file>
      <input_file id="fl-e">
         <path>.\APP\src\</path>
         <kind>object</kind>
         <file>contral_loop.obj</file>
         <name>contral_loop.obj</name>
      </input_file>
      <input_file id="fl-f">
         <path>.\APP\src\</path>
         <kind>object</kind>
         <file>main.obj</file>
         <name>main.obj</name>
      </input_file>
      <input_file id="fl-10">
         <path>.\APP\src\</path>
         <kind>object</kind>
         <file>sci_cmd.obj</file>
         <name>sci_cmd.obj</name>
      </input_file>
      <input_file id="fl-11">
         <path>.\APP\src\</path>
         <kind>object</kind>
         <file>sci_fifo.obj</file>
         <name>sci_fifo.obj</name>
      </input_file>
      <input_file id="fl-12">
         <path>.\APP\src\</path>
         <kind>object</kind>
         <file>sys.obj</file>
         <name>sys.obj</name>
      </input_file>
      <input_file id="fl-13">
         <path>.\device\</path>
         <kind>object</kind>
         <file>device.obj</file>
         <name>device.obj</name>
      </input_file>
      <input_file id="fl-14">
         <path>.\device\</path>
         <kind>object</kind>
         <file>f28004x_codestartbranch.obj</file>
         <name>f28004x_codestartbranch.obj</name>
      </input_file>
      <input_file id="fl-15">
         <path>.\driverlib\</path>
         <kind>object</kind>
         <file>adc.obj</file>
         <name>adc.obj</name>
      </input_file>
      <input_file id="fl-16">
         <path>.\driverlib\</path>
         <kind>object</kind>
         <file>asysctl.obj</file>
         <name>asysctl.obj</name>
      </input_file>
      <input_file id="fl-17">
         <path>.\driverlib\</path>
         <kind>object</kind>
         <file>can.obj</file>
         <name>can.obj</name>
      </input_file>
      <input_file id="fl-18">
         <path>.\driverlib\</path>
         <kind>object</kind>
         <file>cla.obj</file>
         <name>cla.obj</name>
      </input_file>
      <input_file id="fl-19">
         <path>.\driverlib\</path>
         <kind>object</kind>
         <file>clapromcrc.obj</file>
         <name>clapromcrc.obj</name>
      </input_file>
      <input_file id="fl-1a">
         <path>.\driverlib\</path>
         <kind>object</kind>
         <file>clb.obj</file>
         <name>clb.obj</name>
      </input_file>
      <input_file id="fl-1b">
         <path>.\driverlib\</path>
         <kind>object</kind>
         <file>cmpss.obj</file>
         <name>cmpss.obj</name>
      </input_file>
      <input_file id="fl-1c">
         <path>.\driverlib\</path>
         <kind>object</kind>
         <file>cputimer.obj</file>
         <name>cputimer.obj</name>
      </input_file>
      <input_file id="fl-1d">
         <path>.\driverlib\</path>
         <kind>object</kind>
         <file>dac.obj</file>
         <name>dac.obj</name>
      </input_file>
      <input_file id="fl-1e">
         <path>.\driverlib\</path>
         <kind>object</kind>
         <file>dcc.obj</file>
         <name>dcc.obj</name>
      </input_file>
      <input_file id="fl-1f">
         <path>.\driverlib\</path>
         <kind>object</kind>
         <file>dcsm.obj</file>
         <name>dcsm.obj</name>
      </input_file>
      <input_file id="fl-20">
         <path>.\driverlib\</path>
         <kind>object</kind>
         <file>dma.obj</file>
         <name>dma.obj</name>
      </input_file>
      <input_file id="fl-21">
         <path>.\driverlib\</path>
         <kind>object</kind>
         <file>ecap.obj</file>
         <name>ecap.obj</name>
      </input_file>
      <input_file id="fl-22">
         <path>.\driverlib\</path>
         <kind>object</kind>
         <file>epwm.obj</file>
         <name>epwm.obj</name>
      </input_file>
      <input_file id="fl-23">
         <path>.\driverlib\</path>
         <kind>object</kind>
         <file>eqep.obj</file>
         <name>eqep.obj</name>
      </input_file>
      <input_file id="fl-24">
         <path>.\driverlib\</path>
         <kind>object</kind>
         <file>erad.obj</file>
         <name>erad.obj</name>
      </input_file>
      <input_file id="fl-25">
         <path>.\driverlib\</path>
         <kind>object</kind>
         <file>flash.obj</file>
         <name>flash.obj</name>
      </input_file>
      <input_file id="fl-26">
         <path>.\driverlib\</path>
         <kind>object</kind>
         <file>fsi.obj</file>
         <name>fsi.obj</name>
      </input_file>
      <input_file id="fl-27">
         <path>.\driverlib\</path>
         <kind>object</kind>
         <file>gpio.obj</file>
         <name>gpio.obj</name>
      </input_file>
      <input_file id="fl-28">
         <path>.\driverlib\</path>
         <kind>object</kind>
         <file>hrcap.obj</file>
         <name>hrcap.obj</name>
      </input_file>
      <input_file id="fl-29">
         <path>.\driverlib\</path>
         <kind>object</kind>
         <file>hrpwm.obj</file>
         <name>hrpwm.obj</name>
      </input_file>
      <input_file id="fl-2a">
         <path>.\driverlib\</path>
         <kind>object</kind>
         <file>i2c.obj</file>
         <name>i2c.obj</name>
      </input_file>
      <input_file id="fl-2b">
         <path>.\driverlib\</path>
         <kind>object</kind>
         <file>interrupt.obj</file>
         <name>interrupt.obj</name>
      </input_file>
      <input_file id="fl-2c">
         <path>.\driverlib\</path>
         <kind>object</kind>
         <file>lin.obj</file>
         <name>lin.obj</name>
      </input_file>
      <input_file id="fl-2d">
         <path>.\driverlib\</path>
         <kind>object</kind>
         <file>memcfg.obj</file>
         <name>memcfg.obj</name>
      </input_file>
      <input_file id="fl-2e">
         <path>.\driverlib\</path>
         <kind>object</kind>
         <file>pga.obj</file>
         <name>pga.obj</name>
      </input_file>
      <input_file id="fl-2f">
         <path>.\driverlib\</path>
         <kind>object</kind>
         <file>pmbus.obj</file>
         <name>pmbus.obj</name>
      </input_file>
      <input_file id="fl-30">
         <path>.\driverlib\</path>
         <kind>object</kind>
         <file>sci.obj</file>
         <name>sci.obj</name>
      </input_file>
      <input_file id="fl-31">
         <path>.\driverlib\</path>
         <kind>object</kind>
         <file>sdfm.obj</file>
         <name>sdfm.obj</name>
      </input_file>
      <input_file id="fl-32">
         <path>.\driverlib\</path>
         <kind>object</kind>
         <file>spi.obj</file>
         <name>spi.obj</name>
      </input_file>
      <input_file id="fl-33">
         <path>.\driverlib\</path>
         <kind>object</kind>
         <file>sysctl.obj</file>
         <name>sysctl.obj</name>
      </input_file>
      <input_file id="fl-34">
         <path>.\driverlib\</path>
         <kind>object</kind>
         <file>version.obj</file>
         <name>version.obj</name>
      </input_file>
      <input_file id="fl-35">
         <path>.\driverlib\</path>
         <kind>object</kind>
         <file>xbar.obj</file>
         <name>xbar.obj</name>
      </input_file>
      <input_file id="fl-3e">
         <kind>object</kind>
         <file>&lt;internal&gt;</file>
         <name>&lt;internal&gt;</name>
      </input_file>
      <input_file id="fl-50">
         <path>C:\ti\ccs1220\ccs\tools\compiler\ti-cgt-c2000_22.6.0.LTS\lib\</path>
         <kind>archive</kind>
         <file>rts2800_fpu32_eabi.lib</file>
         <name>boot28.asm.obj</name>
      </input_file>
      <input_file id="fl-51">
         <path>C:\ti\ccs1220\ccs\tools\compiler\ti-cgt-c2000_22.6.0.LTS\lib\</path>
         <kind>archive</kind>
         <file>rts2800_fpu32_eabi.lib</file>
         <name>fd_add28.asm.obj</name>
      </input_file>
      <input_file id="fl-52">
         <path>C:\ti\ccs1220\ccs\tools\compiler\ti-cgt-c2000_22.6.0.LTS\lib\</path>
         <kind>archive</kind>
         <file>rts2800_fpu32_eabi.lib</file>
         <name>fd_sub28.asm.obj</name>
      </input_file>
      <input_file id="fl-53">
         <path>C:\ti\ccs1220\ccs\tools\compiler\ti-cgt-c2000_22.6.0.LTS\lib\</path>
         <kind>archive</kind>
         <file>rts2800_fpu32_eabi.lib</file>
         <name>fd_toul28.asm.obj</name>
      </input_file>
      <input_file id="fl-54">
         <path>C:\ti\ccs1220\ccs\tools\compiler\ti-cgt-c2000_22.6.0.LTS\lib\</path>
         <kind>archive</kind>
         <file>rts2800_fpu32_eabi.lib</file>
         <name>fs_div28.asm.obj</name>
      </input_file>
      <input_file id="fl-55">
         <path>C:\ti\ccs1220\ccs\tools\compiler\ti-cgt-c2000_22.6.0.LTS\lib\</path>
         <kind>archive</kind>
         <file>rts2800_fpu32_eabi.lib</file>
         <name>ll_cmp28.asm.obj</name>
      </input_file>
      <input_file id="fl-56">
         <path>C:\ti\ccs1220\ccs\tools\compiler\ti-cgt-c2000_22.6.0.LTS\lib\</path>
         <kind>archive</kind>
         <file>rts2800_fpu32_eabi.lib</file>
         <name>u_div28.asm.obj</name>
      </input_file>
      <input_file id="fl-57">
         <path>C:\ti\ccs1220\ccs\tools\compiler\ti-cgt-c2000_22.6.0.LTS\lib\</path>
         <kind>archive</kind>
         <file>rts2800_fpu32_eabi.lib</file>
         <name>u_tofd28.asm.obj</name>
      </input_file>
      <input_file id="fl-58">
         <path>C:\ti\ccs1220\ccs\tools\compiler\ti-cgt-c2000_22.6.0.LTS\lib\</path>
         <kind>archive</kind>
         <file>rts2800_fpu32_eabi.lib</file>
         <name>fs_tofdfpu32.asm.obj</name>
      </input_file>
      <input_file id="fl-59">
         <path>C:\ti\ccs1220\ccs\tools\compiler\ti-cgt-c2000_22.6.0.LTS\lib\</path>
         <kind>archive</kind>
         <file>rts2800_fpu32_eabi.lib</file>
         <name>fd_tofsfpu32.asm.obj</name>
      </input_file>
      <input_file id="fl-5a">
         <path>C:\ti\ccs1220\ccs\tools\compiler\ti-cgt-c2000_22.6.0.LTS\lib\</path>
         <kind>archive</kind>
         <file>rts2800_fpu32_eabi.lib</file>
         <name>fd_div28.asm.obj</name>
      </input_file>
      <input_file id="fl-5b">
         <path>C:\ti\ccs1220\ccs\tools\compiler\ti-cgt-c2000_22.6.0.LTS\lib\</path>
         <kind>archive</kind>
         <file>rts2800_fpu32_eabi.lib</file>
         <name>memcpy.c.obj</name>
      </input_file>
      <input_file id="fl-5c">
         <path>C:\ti\ccs1220\ccs\tools\compiler\ti-cgt-c2000_22.6.0.LTS\lib\</path>
         <kind>archive</kind>
         <file>rts2800_fpu32_eabi.lib</file>
         <name>pre_init.c.obj</name>
      </input_file>
      <input_file id="fl-5d">
         <path>C:\ti\ccs1220\ccs\tools\compiler\ti-cgt-c2000_22.6.0.LTS\lib\</path>
         <kind>archive</kind>
         <file>rts2800_fpu32_eabi.lib</file>
         <name>autoinit.c.obj</name>
      </input_file>
      <input_file id="fl-5e">
         <path>C:\ti\ccs1220\ccs\tools\compiler\ti-cgt-c2000_22.6.0.LTS\lib\</path>
         <kind>archive</kind>
         <file>rts2800_fpu32_eabi.lib</file>
         <name>copy_zero_init.c.obj</name>
      </input_file>
      <input_file id="fl-5f">
         <path>C:\ti\ccs1220\ccs\tools\compiler\ti-cgt-c2000_22.6.0.LTS\lib\</path>
         <kind>archive</kind>
         <file>rts2800_fpu32_eabi.lib</file>
         <name>copy_decompress_none.c.obj</name>
      </input_file>
      <input_file id="fl-60">
         <path>C:\ti\ccs1220\ccs\tools\compiler\ti-cgt-c2000_22.6.0.LTS\lib\</path>
         <kind>archive</kind>
         <file>rts2800_fpu32_eabi.lib</file>
         <name>copy_decompress_lzss.c.obj</name>
      </input_file>
      <input_file id="fl-61">
         <path>C:\ti\ccs1220\ccs\tools\compiler\ti-cgt-c2000_22.6.0.LTS\lib\</path>
         <kind>archive</kind>
         <file>rts2800_fpu32_eabi.lib</file>
         <name>exit.c.obj</name>
      </input_file>
      <input_file id="fl-62">
         <path>C:\ti\ccs1220\ccs\tools\compiler\ti-cgt-c2000_22.6.0.LTS\lib\</path>
         <kind>archive</kind>
         <file>rts2800_fpu32_eabi.lib</file>
         <name>_lock.c.obj</name>
      </input_file>
      <input_file id="fl-63">
         <path>C:\ti\ccs1220\ccs\tools\compiler\ti-cgt-c2000_22.6.0.LTS\lib\</path>
         <kind>archive</kind>
         <file>rts2800_fpu32_eabi.lib</file>
         <name>args_main.c.obj</name>
      </input_file>
      <input_file id="fl-64">
         <path>C:\ti\ccs1220\ccs\tools\compiler\ti-cgt-c2000_22.6.0.LTS\lib\</path>
         <kind>archive</kind>
         <file>rts2800_fpu32_eabi.lib</file>
         <name>memset.c.obj</name>
      </input_file>
      <input_file id="fl-65">
         <path>C:\ti\ccs1220\ccs\tools\compiler\ti-cgt-c2000_22.6.0.LTS\lib\</path>
         <kind>archive</kind>
         <file>rts2800_fpu32_eabi.lib</file>
         <name>cpy_tbl.c.obj</name>
      </input_file>
      <input_file id="fl-66">
         <path>C:\ti\ccs1220\ccs\tools\compiler\ti-cgt-c2000_22.6.0.LTS\lib\</path>
         <kind>archive</kind>
         <file>rts2800_fpu32_eabi.lib</file>
         <name>startup.c.obj</name>
      </input_file>
   </input_file_list>
   <object_component_list>
      <object_component id="oc-b5">
         <name>codestart</name>
         <load_address>0x80000</load_address>
         <run_address>0x80000</run_address>
         <size>0x2</size>
         <input_file_ref idref="fl-14"/>
      </object_component>
      <object_component id="oc-aa">
         <name>.text</name>
         <load_address>0x82000</load_address>
         <run_address>0x82000</run_address>
         <size>0x16dd</size>
         <input_file_ref idref="fl-2"/>
      </object_component>
      <object_component id="oc-1c1">
         <name>.text</name>
         <load_address>0x836dd</load_address>
         <run_address>0x836dd</run_address>
         <size>0xfb6</size>
         <input_file_ref idref="fl-5"/>
      </object_component>
      <object_component id="oc-190">
         <name>.text</name>
         <load_address>0x84693</load_address>
         <run_address>0x84693</run_address>
         <size>0x6f4</size>
         <input_file_ref idref="fl-6"/>
      </object_component>
      <object_component id="oc-19f">
         <name>.text</name>
         <load_address>0x84d87</load_address>
         <run_address>0x84d87</run_address>
         <size>0x4f8</size>
         <input_file_ref idref="fl-11"/>
      </object_component>
      <object_component id="oc-1f8">
         <name>.text</name>
         <load_address>0x8527f</load_address>
         <run_address>0x8527f</run_address>
         <size>0x4b1</size>
         <input_file_ref idref="fl-33"/>
      </object_component>
      <object_component id="oc-1fe">
         <name>.text</name>
         <load_address>0x85730</load_address>
         <run_address>0x85730</run_address>
         <size>0x431</size>
         <input_file_ref idref="fl-1e"/>
      </object_component>
      <object_component id="oc-fa">
         <name>.text</name>
         <load_address>0x85b61</load_address>
         <run_address>0x85b61</run_address>
         <size>0x2e0</size>
         <input_file_ref idref="fl-30"/>
      </object_component>
      <object_component id="oc-119">
         <name>.text</name>
         <load_address>0x85e41</load_address>
         <run_address>0x85e41</run_address>
         <size>0x28d</size>
         <input_file_ref idref="fl-27"/>
      </object_component>
      <object_component id="oc-ee">
         <name>.text</name>
         <load_address>0x860ce</load_address>
         <run_address>0x860ce</run_address>
         <size>0x23a</size>
         <input_file_ref idref="fl-f"/>
      </object_component>
      <object_component id="oc-196">
         <name>.text</name>
         <load_address>0x86308</load_address>
         <run_address>0x86308</run_address>
         <size>0x217</size>
         <input_file_ref idref="fl-10"/>
      </object_component>
      <object_component id="oc-112">
         <name>.text</name>
         <load_address>0x8651f</load_address>
         <run_address>0x8651f</run_address>
         <size>0x20d</size>
         <input_file_ref idref="fl-13"/>
      </object_component>
      <object_component id="oc-251">
         <name>.text</name>
         <load_address>0x8672c</load_address>
         <run_address>0x8672c</run_address>
         <size>0x1aa</size>
         <input_file_ref idref="fl-b"/>
      </object_component>
      <object_component id="oc-11f">
         <name>.text</name>
         <load_address>0x868d6</load_address>
         <run_address>0x868d6</run_address>
         <size>0x18c</size>
         <input_file_ref idref="fl-15"/>
      </object_component>
      <object_component id="oc-130">
         <name>.text</name>
         <load_address>0x86a62</load_address>
         <run_address>0x86a62</run_address>
         <size>0x18b</size>
         <input_file_ref idref="fl-2b"/>
      </object_component>
      <object_component id="oc-25d">
         <name>.text</name>
         <load_address>0x86bed</load_address>
         <run_address>0x86bed</run_address>
         <size>0x181</size>
         <input_file_ref idref="fl-d"/>
      </object_component>
      <object_component id="oc-269">
         <name>.text</name>
         <load_address>0x86d6e</load_address>
         <run_address>0x86d6e</run_address>
         <size>0xe6</size>
         <input_file_ref idref="fl-12"/>
      </object_component>
      <object_component id="oc-1ab">
         <name>.text</name>
         <load_address>0x86e54</load_address>
         <run_address>0x86e54</run_address>
         <size>0x9c</size>
         <input_file_ref idref="fl-51"/>
      </object_component>
      <object_component id="oc-257">
         <name>.text</name>
         <load_address>0x86ef0</load_address>
         <run_address>0x86ef0</run_address>
         <size>0x92</size>
         <input_file_ref idref="fl-7"/>
      </object_component>
      <object_component id="oc-2f5">
         <name>.text</name>
         <load_address>0x86f82</load_address>
         <run_address>0x86f82</run_address>
         <size>0x8b</size>
         <input_file_ref idref="fl-5a"/>
      </object_component>
      <object_component id="oc-1e0">
         <name>.text</name>
         <load_address>0x8700d</load_address>
         <run_address>0x8700d</run_address>
         <size>0x88</size>
         <input_file_ref idref="fl-54"/>
      </object_component>
      <object_component id="oc-12b">
         <name>.text</name>
         <load_address>0x87095</load_address>
         <run_address>0x87095</run_address>
         <size>0x83</size>
         <input_file_ref idref="fl-c"/>
      </object_component>
      <object_component id="oc-1c8">
         <name>.text</name>
         <load_address>0x87118</load_address>
         <run_address>0x87118</run_address>
         <size>0x80</size>
         <input_file_ref idref="fl-e"/>
      </object_component>
      <object_component id="oc-1bb">
         <name>.text</name>
         <load_address>0x87198</load_address>
         <run_address>0x87198</run_address>
         <size>0x70</size>
         <input_file_ref idref="fl-4"/>
      </object_component>
      <object_component id="oc-91">
         <name>.text:decompress:lzss</name>
         <load_address>0x87208</load_address>
         <run_address>0x87208</run_address>
         <size>0x2e</size>
         <input_file_ref idref="fl-60"/>
      </object_component>
      <object_component id="oc-153">
         <name>.text:__TI_auto_init_nobinit_nopinit</name>
         <load_address>0x87236</load_address>
         <run_address>0x87236</run_address>
         <size>0x2b</size>
         <input_file_ref idref="fl-5d"/>
      </object_component>
      <object_component id="oc-125">
         <name>.text</name>
         <load_address>0x87261</load_address>
         <run_address>0x87261</run_address>
         <size>0x2a</size>
         <input_file_ref idref="fl-1c"/>
      </object_component>
      <object_component id="oc-de">
         <name>.text</name>
         <load_address>0x8728b</load_address>
         <run_address>0x8728b</run_address>
         <size>0x29</size>
         <input_file_ref idref="fl-61"/>
      </object_component>
      <object_component id="oc-1b0">
         <name>.text</name>
         <load_address>0x872b4</load_address>
         <run_address>0x872b4</run_address>
         <size>0x23</size>
         <input_file_ref idref="fl-59"/>
      </object_component>
      <object_component id="oc-2a6">
         <name>.text</name>
         <load_address>0x872d7</load_address>
         <run_address>0x872d7</run_address>
         <size>0x20</size>
         <input_file_ref idref="fl-25"/>
      </object_component>
      <object_component id="oc-bd">
         <name>.text</name>
         <load_address>0x872f7</load_address>
         <run_address>0x872f7</run_address>
         <size>0x1d</size>
         <input_file_ref idref="fl-5b"/>
      </object_component>
      <object_component id="oc-1a5">
         <name>.text</name>
         <load_address>0x87314</load_address>
         <run_address>0x87314</run_address>
         <size>0x1c</size>
         <input_file_ref idref="fl-58"/>
      </object_component>
      <object_component id="oc-2ff">
         <name>.text</name>
         <load_address>0x87330</load_address>
         <run_address>0x87330</run_address>
         <size>0x1b</size>
         <input_file_ref idref="fl-53"/>
      </object_component>
      <object_component id="oc-9e">
         <name>.text</name>
         <load_address>0x8734b</load_address>
         <run_address>0x8734b</run_address>
         <size>0x17</size>
         <input_file_ref idref="fl-50"/>
      </object_component>
      <object_component id="oc-2ef">
         <name>.text</name>
         <load_address>0x87362</load_address>
         <run_address>0x87362</run_address>
         <size>0x17</size>
         <input_file_ref idref="fl-57"/>
      </object_component>
      <object_component id="oc-2fa">
         <name>.text</name>
         <load_address>0x87379</load_address>
         <run_address>0x87379</run_address>
         <size>0xe</size>
         <input_file_ref idref="fl-52"/>
      </object_component>
      <object_component id="oc-d8">
         <name>.text</name>
         <load_address>0x87387</load_address>
         <run_address>0x87387</run_address>
         <size>0xc</size>
         <input_file_ref idref="fl-63"/>
      </object_component>
      <object_component id="oc-100">
         <name>.text</name>
         <load_address>0x87393</load_address>
         <run_address>0x87393</run_address>
         <size>0xb</size>
         <input_file_ref idref="fl-56"/>
      </object_component>
      <object_component id="oc-242">
         <name>.text</name>
         <load_address>0x8739e</load_address>
         <run_address>0x8739e</run_address>
         <size>0x9</size>
         <input_file_ref idref="fl-62"/>
      </object_component>
      <object_component id="oc-97">
         <name>.text:decompress:none</name>
         <load_address>0x873a7</load_address>
         <run_address>0x873a7</run_address>
         <size>0x8</size>
         <input_file_ref idref="fl-5f"/>
      </object_component>
      <object_component id="oc-13a">
         <name>.text</name>
         <load_address>0x873af</load_address>
         <run_address>0x873af</run_address>
         <size>0x8</size>
         <input_file_ref idref="fl-14"/>
      </object_component>
      <object_component id="oc-14a">
         <name>.text</name>
         <load_address>0x873b7</load_address>
         <run_address>0x873b7</run_address>
         <size>0x7</size>
         <input_file_ref idref="fl-64"/>
      </object_component>
      <object_component id="oc-cb">
         <name>.text:decompress:ZI</name>
         <load_address>0x873be</load_address>
         <run_address>0x873be</run_address>
         <size>0x6</size>
         <input_file_ref idref="fl-5e"/>
      </object_component>
      <object_component id="oc-d1">
         <name>.text</name>
         <load_address>0x873c4</load_address>
         <run_address>0x873c4</run_address>
         <size>0x2</size>
         <input_file_ref idref="fl-5c"/>
      </object_component>
      <object_component id="oc-228">
         <name>.text</name>
         <load_address>0x873c6</load_address>
         <run_address>0x873c6</run_address>
         <size>0x1</size>
         <input_file_ref idref="fl-66"/>
      </object_component>
      <object_component id="oc-3e3">
         <name>.cinit..data.load</name>
         <load_address>0x81a44</load_address>
         <run_address>0x81a44</run_address>
         <size>0x17</size>
      </object_component>
      <object_component id="oc-3ea">
         <name>.cinit..logport.load</name>
         <load_address>0x81a5b</load_address>
         <run_address>0x81a5b</run_address>
         <size>0x6</size>
      </object_component>
      <object_component id="oc-3dd">
         <name>__TI_handler_table</name>
         <load_address>0x81a62</load_address>
         <run_address>0x81a62</run_address>
         <size>0x6</size>
      </object_component>
      <object_component id="oc-3e2">
         <name>.cinit..bss.load</name>
         <load_address>0x81a68</load_address>
         <run_address>0x81a68</run_address>
         <size>0x4</size>
      </object_component>
      <object_component id="oc-3e0">
         <name>.cinit..freertosHeap.load</name>
         <load_address>0x81a6c</load_address>
         <run_address>0x81a6c</run_address>
         <size>0x4</size>
      </object_component>
      <object_component id="oc-3e8">
         <name>.cinit..freertosStaticStack.load</name>
         <load_address>0x81a70</load_address>
         <run_address>0x81a70</run_address>
         <size>0x4</size>
      </object_component>
      <object_component id="oc-3de">
         <name>__TI_cinit_table</name>
         <load_address>0x81a74</load_address>
         <run_address>0x81a74</run_address>
         <size>0x14</size>
      </object_component>
      <object_component id="oc-274">
         <name>.switch:daly_chose</name>
         <load_address>0x8199c</load_address>
         <run_address>0x8199c</run_address>
         <size>0x7c</size>
         <input_file_ref idref="fl-11"/>
      </object_component>
      <object_component id="oc-1b5">
         <name>.switch:log_chose</name>
         <load_address>0x81a18</load_address>
         <run_address>0x81a18</run_address>
         <size>0x2c</size>
         <input_file_ref idref="fl-11"/>
      </object_component>
      <object_component id="oc-ba">
         <name>.stack</name>
         <uninitialized>true</uninitialized>
         <run_address>0x400</run_address>
         <size>0x0</size>
         <input_file_ref idref="fl-50"/>
      </object_component>
      <object_component id="oc-3e4">
         <name>.stack</name>
         <uninitialized>true</uninitialized>
         <run_address>0x400</run_address>
         <size>0x0</size>
      </object_component>
      <object_component id="oc-27c">
         <name>.freertosStaticStack</name>
         <uninitialized>true</uninitialized>
         <run_address>0xc000</run_address>
         <size>0x280</size>
         <input_file_ref idref="fl-4"/>
      </object_component>
      <object_component id="oc-2e1">
         <name>.freertosHeap</name>
         <uninitialized>true</uninitialized>
         <run_address>0xc280</run_address>
         <size>0x400</size>
         <input_file_ref idref="fl-4"/>
      </object_component>
      <object_component id="oc-19c">
         <name>.logport</name>
         <load_address>0xe000</load_address>
         <run_address>0xe000</run_address>
         <size>0x2058</size>
         <input_file_ref idref="fl-11"/>
      </object_component>
      <object_component id="oc-27f">
         <name>.bss</name>
         <uninitialized>true</uninitialized>
         <run_address>0xa800</run_address>
         <size>0x132</size>
         <input_file_ref idref="fl-4"/>
      </object_component>
      <object_component id="oc-287">
         <name>.bss</name>
         <uninitialized>true</uninitialized>
         <run_address>0xaa40</run_address>
         <size>0x36</size>
         <input_file_ref idref="fl-5"/>
      </object_component>
      <object_component id="oc-284">
         <name>.bss:pxReadyTasksLists</name>
         <uninitialized>true</uninitialized>
         <run_address>0xa932</run_address>
         <size>0xa0</size>
         <input_file_ref idref="fl-5"/>
      </object_component>
      <object_component id="oc-263">
         <name>.bss:xQueueRegistry</name>
         <uninitialized>true</uninitialized>
         <run_address>0xa9d2</run_address>
         <size>0x28</size>
         <input_file_ref idref="fl-6"/>
      </object_component>
      <object_component id="oc-2de">
         <name>.bss</name>
         <uninitialized>true</uninitialized>
         <run_address>0xaa3c</run_address>
         <size>0x4</size>
         <input_file_ref idref="fl-d"/>
      </object_component>
      <object_component id="oc-1d1">
         <name>.bss:GateDriverIdcReading</name>
         <uninitialized>true</uninitialized>
         <run_address>0xa9fa</run_address>
         <size>0x4</size>
         <input_file_ref idref="fl-e"/>
      </object_component>
      <object_component id="oc-1d4">
         <name>.bss:IdcCyclingReading</name>
         <uninitialized>true</uninitialized>
         <run_address>0xaa38</run_address>
         <size>0x4</size>
         <input_file_ref idref="fl-e"/>
      </object_component>
      <object_component id="oc-1ce">
         <name>.bss:NtcReading</name>
         <uninitialized>true</uninitialized>
         <run_address>0xaa86</run_address>
         <size>0x10</size>
         <input_file_ref idref="fl-e"/>
      </object_component>
      <object_component id="oc-1d7">
         <name>.bss:AdcReadings</name>
         <uninitialized>true</uninitialized>
         <run_address>0xaa76</run_address>
         <size>0x10</size>
         <input_file_ref idref="fl-e"/>
      </object_component>
      <object_component id="oc-108">
         <name>.bss</name>
         <uninitialized>true</uninitialized>
         <run_address>0xa9fe</run_address>
         <size>0x2</size>
         <input_file_ref idref="fl-f"/>
      </object_component>
      <object_component id="oc-eb">
         <name>.bss</name>
         <uninitialized>true</uninitialized>
         <run_address>0xaa00</run_address>
         <size>0x38</size>
         <input_file_ref idref="fl-11"/>
      </object_component>
      <object_component id="oc-18d">
         <name>.data</name>
         <load_address>0xabf4</load_address>
         <run_address>0xabf4</run_address>
         <size>0x8</size>
         <input_file_ref idref="fl-4"/>
      </object_component>
      <object_component id="oc-20f">
         <name>.data</name>
         <load_address>0xabd6</load_address>
         <run_address>0xabd6</run_address>
         <size>0x12</size>
         <input_file_ref idref="fl-5"/>
      </object_component>
      <object_component id="oc-10e">
         <name>.data</name>
         <load_address>0xabfc</load_address>
         <run_address>0xabfc</run_address>
         <size>0x4</size>
         <input_file_ref idref="fl-b"/>
      </object_component>
      <object_component id="oc-2e4">
         <name>.data</name>
         <load_address>0xabe8</load_address>
         <run_address>0xabe8</run_address>
         <size>0xc</size>
         <input_file_ref idref="fl-d"/>
      </object_component>
      <object_component id="oc-1da">
         <name>.data</name>
         <load_address>0xac06</load_address>
         <run_address>0xac06</run_address>
         <size>0x3</size>
         <input_file_ref idref="fl-e"/>
      </object_component>
      <object_component id="oc-105">
         <name>.data</name>
         <load_address>0xabc0</load_address>
         <run_address>0xabc0</run_address>
         <size>0x16</size>
         <input_file_ref idref="fl-f"/>
      </object_component>
      <object_component id="oc-10b">
         <name>.data</name>
         <load_address>0xaac0</load_address>
         <run_address>0xaac0</run_address>
         <size>0x100</size>
         <input_file_ref idref="fl-11"/>
      </object_component>
      <object_component id="oc-185">
         <name>.data</name>
         <load_address>0xac00</load_address>
         <run_address>0xac00</run_address>
         <size>0x6</size>
         <input_file_ref idref="fl-61"/>
      </object_component>
      <object_component id="oc-188">
         <name>.data:_lock</name>
         <load_address>0xac0a</load_address>
         <run_address>0xac0a</run_address>
         <size>0x2</size>
         <input_file_ref idref="fl-62"/>
      </object_component>
      <object_component id="oc-2d0">
         <name>.data:_unlock</name>
         <load_address>0xac0c</load_address>
         <run_address>0xac0c</run_address>
         <size>0x2</size>
         <input_file_ref idref="fl-62"/>
      </object_component>
      <object_component id="oc-111">
         <name>.const:.string</name>
         <load_address>0x873c8</load_address>
         <run_address>0x873c8</run_address>
         <size>0x242</size>
         <input_file_ref idref="fl-2"/>
      </object_component>
      <object_component id="oc-1ba">
         <name>.const:.string</name>
         <load_address>0x8760a</load_address>
         <run_address>0x8760a</run_address>
         <size>0x164</size>
         <input_file_ref idref="fl-f"/>
      </object_component>
      <object_component id="oc-273">
         <name>.const:.string</name>
         <load_address>0x8776e</load_address>
         <run_address>0x8776e</run_address>
         <size>0xd4</size>
         <input_file_ref idref="fl-11"/>
      </object_component>
      <object_component id="oc-268">
         <name>.const:.string</name>
         <load_address>0x87842</load_address>
         <run_address>0x87842</run_address>
         <size>0x8f</size>
         <input_file_ref idref="fl-10"/>
      </object_component>
      <object_component id="oc-28b">
         <name>.const</name>
         <load_address>0x878d1</load_address>
         <run_address>0x878d1</run_address>
         <size>0x1</size>
         <input_file_ref idref="fl-5"/>
      </object_component>
      <object_component id="oc-290">
         <name>.const:.string</name>
         <load_address>0x878d2</load_address>
         <run_address>0x878d2</run_address>
         <size>0x8d</size>
         <input_file_ref idref="fl-e"/>
      </object_component>
      <object_component id="oc-1f1">
         <name>.const:.string</name>
         <load_address>0x87960</load_address>
         <run_address>0x87960</run_address>
         <size>0x5d</size>
         <input_file_ref idref="fl-13"/>
      </object_component>
      <object_component id="oc-2da">
         <name>.const:.string</name>
         <load_address>0x879be</load_address>
         <run_address>0x879be</run_address>
         <size>0x4b</size>
         <input_file_ref idref="fl-b"/>
      </object_component>
      <object_component id="oc-2ee">
         <name>.const:.string</name>
         <load_address>0x87a0a</load_address>
         <run_address>0x87a0a</run_address>
         <size>0x4b</size>
         <input_file_ref idref="fl-12"/>
      </object_component>
      <object_component id="oc-2ac">
         <name>.const:.string</name>
         <load_address>0x87a56</load_address>
         <run_address>0x87a56</run_address>
         <size>0x2b</size>
         <input_file_ref idref="fl-25"/>
      </object_component>
      <object_component id="oc-2af">
         <name>.const:.string</name>
         <load_address>0x87a82</load_address>
         <run_address>0x87a82</run_address>
         <size>0x2a</size>
         <input_file_ref idref="fl-33"/>
      </object_component>
      <object_component id="oc-206">
         <name>.const:.string</name>
         <load_address>0x87aac</load_address>
         <run_address>0x87aac</run_address>
         <size>0x28</size>
         <input_file_ref idref="fl-27"/>
      </object_component>
      <object_component id="oc-2b2">
         <name>.const:.string</name>
         <load_address>0x87ad4</load_address>
         <run_address>0x87ad4</run_address>
         <size>0x27</size>
         <input_file_ref idref="fl-1e"/>
      </object_component>
      <object_component id="oc-1df">
         <name>.const:.string</name>
         <load_address>0x87afc</load_address>
         <run_address>0x87afc</run_address>
         <size>0x27</size>
         <input_file_ref idref="fl-30"/>
      </object_component>
      <object_component id="oc-213">
         <name>.const:.string</name>
         <load_address>0x87b24</load_address>
         <run_address>0x87b24</run_address>
         <size>0x19</size>
         <input_file_ref idref="fl-2b"/>
      </object_component>
      <object_component id="oc-1aa">
         <name>.const</name>
         <load_address>0x87b40</load_address>
         <run_address>0x87b40</run_address>
         <size>0x24</size>
         <input_file_ref idref="fl-11"/>
      </object_component>
      <object_component id="oc-282">
         <name>.const:.string</name>
         <load_address>0x87b64</load_address>
         <run_address>0x87b64</run_address>
         <size>0x20</size>
         <input_file_ref idref="fl-4"/>
      </object_component>
      <object_component id="oc-20c">
         <name>.const:.string</name>
         <load_address>0x87b84</load_address>
         <run_address>0x87b84</run_address>
         <size>0x18</size>
         <input_file_ref idref="fl-1c"/>
      </object_component>
      <object_component id="oc-209">
         <name>.const:.string</name>
         <load_address>0x87b9c</load_address>
         <run_address>0x87b9c</run_address>
         <size>0x13</size>
         <input_file_ref idref="fl-15"/>
      </object_component>
      <object_component id="oc-2f4">
         <name>.const</name>
         <load_address>0x87bb0</load_address>
         <run_address>0x87bb0</run_address>
         <size>0xc</size>
         <input_file_ref idref="fl-12"/>
      </object_component>
      <object_component id="oc-28a">
         <name>.const:.string</name>
         <load_address>0x87bbc</load_address>
         <run_address>0x87bbc</run_address>
         <size>0x5</size>
         <input_file_ref idref="fl-5"/>
      </object_component>
      <object_component id="oc-e5">
         <name>.TI.ramfunc</name>
         <load_address>0x81000</load_address>
         <run_address>0x8000</run_address>
         <size>0x5b2</size>
         <input_file_ref idref="fl-11"/>
      </object_component>
      <object_component id="oc-a9">
         <name>.TI.ramfunc:retain</name>
         <load_address>0x815b2</load_address>
         <run_address>0x85b2</run_address>
         <size>0x1a7</size>
         <input_file_ref idref="fl-f"/>
      </object_component>
      <object_component id="oc-1f2">
         <name>.TI.ramfunc</name>
         <load_address>0x81759</load_address>
         <run_address>0x8759</run_address>
         <size>0x15a</size>
         <input_file_ref idref="fl-25"/>
      </object_component>
      <object_component id="oc-f4">
         <name>.TI.ramfunc</name>
         <load_address>0x818b3</load_address>
         <run_address>0x88b3</run_address>
         <size>0xe3</size>
         <input_file_ref idref="fl-e"/>
      </object_component>
      <object_component id="oc-118">
         <name>.TI.ramfunc</name>
         <load_address>0x81996</load_address>
         <run_address>0x8996</run_address>
         <size>0x4</size>
         <input_file_ref idref="fl-33"/>
      </object_component>
      <object_component id="oc-137">
         <name>.debug_types</name>
         <load_address>0x0</load_address>
         <run_address>0x0</run_address>
         <size>0x3712</size>
         <input_file_ref idref="fl-2"/>
      </object_component>
      <object_component id="oc-250">
         <name>.debug_types</name>
         <load_address>0x3712</load_address>
         <run_address>0x3712</run_address>
         <size>0xda2</size>
         <input_file_ref idref="fl-4"/>
      </object_component>
      <object_component id="oc-28f">
         <name>.debug_types</name>
         <load_address>0x44b4</load_address>
         <run_address>0x44b4</run_address>
         <size>0x1029</size>
         <input_file_ref idref="fl-5"/>
      </object_component>
      <object_component id="oc-267">
         <name>.debug_types</name>
         <load_address>0x54dd</load_address>
         <run_address>0x54dd</run_address>
         <size>0x761</size>
         <input_file_ref idref="fl-6"/>
      </object_component>
      <object_component id="oc-2dd">
         <name>.debug_types</name>
         <load_address>0x0</load_address>
         <run_address>0x0</run_address>
         <size>0x0</size>
         <input_file_ref idref="fl-7"/>
      </object_component>
      <object_component id="oc-1f0">
         <name>.debug_types</name>
         <load_address>0x0</load_address>
         <run_address>0x0</run_address>
         <size>0x0</size>
         <input_file_ref idref="fl-b"/>
      </object_component>
      <object_component id="oc-2e8">
         <name>.debug_types</name>
         <load_address>0x5c3e</load_address>
         <run_address>0x5c3e</run_address>
         <size>0x2cb</size>
         <input_file_ref idref="fl-d"/>
      </object_component>
      <object_component id="oc-1de">
         <name>.debug_types</name>
         <load_address>0x5f09</load_address>
         <run_address>0x5f09</run_address>
         <size>0xee</size>
         <input_file_ref idref="fl-e"/>
      </object_component>
      <object_component id="oc-139">
         <name>.debug_types</name>
         <load_address>0x5ff7</load_address>
         <run_address>0x5ff7</run_address>
         <size>0xa8f</size>
         <input_file_ref idref="fl-f"/>
      </object_component>
      <object_component id="oc-270">
         <name>.debug_types</name>
         <load_address>0x6a86</load_address>
         <run_address>0x6a86</run_address>
         <size>0x199</size>
         <input_file_ref idref="fl-10"/>
      </object_component>
      <object_component id="oc-1b7">
         <name>.debug_types</name>
         <load_address>0x6c1f</load_address>
         <run_address>0x6c1f</run_address>
         <size>0x49b</size>
         <input_file_ref idref="fl-11"/>
      </object_component>
      <object_component id="oc-305">
         <name>.debug_types</name>
         <load_address>0x0</load_address>
         <run_address>0x0</run_address>
         <size>0x0</size>
         <input_file_ref idref="fl-12"/>
      </object_component>
      <object_component id="oc-205">
         <name>.debug_types</name>
         <load_address>0x70ba</load_address>
         <run_address>0x70ba</run_address>
         <size>0x3af</size>
         <input_file_ref idref="fl-13"/>
      </object_component>
      <object_component id="oc-20b">
         <name>.debug_types</name>
         <load_address>0x7469</load_address>
         <run_address>0x7469</run_address>
         <size>0x151</size>
         <input_file_ref idref="fl-15"/>
      </object_component>
      <object_component id="oc-20e">
         <name>.debug_types</name>
         <load_address>0x0</load_address>
         <run_address>0x0</run_address>
         <size>0x0</size>
         <input_file_ref idref="fl-1c"/>
      </object_component>
      <object_component id="oc-2b4">
         <name>.debug_types</name>
         <load_address>0x75ba</load_address>
         <run_address>0x75ba</run_address>
         <size>0x13d</size>
         <input_file_ref idref="fl-1e"/>
      </object_component>
      <object_component id="oc-2ae">
         <name>.debug_types</name>
         <load_address>0x76f7</load_address>
         <run_address>0x76f7</run_address>
         <size>0x1e9</size>
         <input_file_ref idref="fl-25"/>
      </object_component>
      <object_component id="oc-208">
         <name>.debug_types</name>
         <load_address>0x78e0</load_address>
         <run_address>0x78e0</run_address>
         <size>0xd0</size>
         <input_file_ref idref="fl-27"/>
      </object_component>
      <object_component id="oc-215">
         <name>.debug_types</name>
         <load_address>0x0</load_address>
         <run_address>0x0</run_address>
         <size>0x0</size>
         <input_file_ref idref="fl-2b"/>
      </object_component>
      <object_component id="oc-1e6">
         <name>.debug_types</name>
         <load_address>0x79b0</load_address>
         <run_address>0x79b0</run_address>
         <size>0x89</size>
         <input_file_ref idref="fl-30"/>
      </object_component>
      <object_component id="oc-2b1">
         <name>.debug_types</name>
         <load_address>0x7a39</load_address>
         <run_address>0x7a39</run_address>
         <size>0x132</size>
         <input_file_ref idref="fl-33"/>
      </object_component>
      <object_component id="oc-144">
         <name>.debug_types</name>
         <load_address>0x7b6b</load_address>
         <run_address>0x7b6b</run_address>
         <size>0x2f</size>
         <input_file_ref idref="fl-5b"/>
      </object_component>
      <object_component id="oc-152">
         <name>.debug_types</name>
         <load_address>0x0</load_address>
         <run_address>0x0</run_address>
         <size>0x0</size>
         <input_file_ref idref="fl-5c"/>
      </object_component>
      <object_component id="oc-22f">
         <name>.debug_types</name>
         <load_address>0x7b9a</load_address>
         <run_address>0x7b9a</run_address>
         <size>0x441</size>
         <input_file_ref idref="fl-5d"/>
      </object_component>
      <object_component id="oc-149">
         <name>.debug_types</name>
         <load_address>0x7fdb</load_address>
         <run_address>0x7fdb</run_address>
         <size>0x194</size>
         <input_file_ref idref="fl-5e"/>
      </object_component>
      <object_component id="oc-c4">
         <name>.debug_types</name>
         <load_address>0x0</load_address>
         <run_address>0x0</run_address>
         <size>0x0</size>
         <input_file_ref idref="fl-5f"/>
      </object_component>
      <object_component id="oc-bc">
         <name>.debug_types</name>
         <load_address>0x816f</load_address>
         <run_address>0x816f</run_address>
         <size>0x191</size>
         <input_file_ref idref="fl-60"/>
      </object_component>
      <object_component id="oc-18c">
         <name>.debug_types</name>
         <load_address>0x8300</load_address>
         <run_address>0x8300</run_address>
         <size>0xbf</size>
         <input_file_ref idref="fl-61"/>
      </object_component>
      <object_component id="oc-24a">
         <name>.debug_types</name>
         <load_address>0x83bf</load_address>
         <run_address>0x83bf</run_address>
         <size>0x2f</size>
         <input_file_ref idref="fl-62"/>
      </object_component>
      <object_component id="oc-184">
         <name>.debug_types</name>
         <load_address>0x83ee</load_address>
         <run_address>0x83ee</run_address>
         <size>0xe1</size>
         <input_file_ref idref="fl-63"/>
      </object_component>
      <object_component id="oc-224">
         <name>.debug_types</name>
         <load_address>0x0</load_address>
         <run_address>0x0</run_address>
         <size>0x0</size>
         <input_file_ref idref="fl-64"/>
      </object_component>
      <object_component id="oc-2ca">
         <name>.debug_types</name>
         <load_address>0x0</load_address>
         <run_address>0x0</run_address>
         <size>0x0</size>
         <input_file_ref idref="fl-66"/>
      </object_component>
      <object_component id="oc-ab">
         <name>.debug_info</name>
         <load_address>0x0</load_address>
         <run_address>0x0</run_address>
         <size>0x9e00</size>
         <input_file_ref idref="fl-2"/>
      </object_component>
      <object_component id="oc-18e">
         <name>.debug_info</name>
         <load_address>0x9e00</load_address>
         <run_address>0x9e00</run_address>
         <size>0x1a0</size>
         <input_file_ref idref="fl-4"/>
      </object_component>
      <object_component id="oc-280">
         <name>.debug_info</name>
         <load_address>0x9fa0</load_address>
         <run_address>0x9fa0</run_address>
         <size>0x1e8</size>
         <input_file_ref idref="fl-4"/>
      </object_component>
      <object_component id="oc-27d">
         <name>.debug_info</name>
         <load_address>0xa188</load_address>
         <run_address>0xa188</run_address>
         <size>0x1b4</size>
         <input_file_ref idref="fl-4"/>
      </object_component>
      <object_component id="oc-2e2">
         <name>.debug_info</name>
         <load_address>0xa33c</load_address>
         <run_address>0xa33c</run_address>
         <size>0xf2</size>
         <input_file_ref idref="fl-4"/>
      </object_component>
      <object_component id="oc-1bd">
         <name>.debug_info</name>
         <load_address>0xa42e</load_address>
         <run_address>0xa42e</run_address>
         <size>0x44d</size>
         <input_file_ref idref="fl-4"/>
      </object_component>
      <object_component id="oc-210">
         <name>.debug_info</name>
         <load_address>0xa87b</load_address>
         <run_address>0xa87b</run_address>
         <size>0x3b7</size>
         <input_file_ref idref="fl-5"/>
      </object_component>
      <object_component id="oc-28c">
         <name>.debug_info</name>
         <load_address>0xac32</load_address>
         <run_address>0xac32</run_address>
         <size>0x131</size>
         <input_file_ref idref="fl-5"/>
      </object_component>
      <object_component id="oc-288">
         <name>.debug_info</name>
         <load_address>0xad63</load_address>
         <run_address>0xad63</run_address>
         <size>0x29b</size>
         <input_file_ref idref="fl-5"/>
      </object_component>
      <object_component id="oc-285">
         <name>.debug_info</name>
         <load_address>0xaffe</load_address>
         <run_address>0xaffe</run_address>
         <size>0x131</size>
         <input_file_ref idref="fl-5"/>
      </object_component>
      <object_component id="oc-1c5">
         <name>.debug_info</name>
         <load_address>0xb12f</load_address>
         <run_address>0xb12f</run_address>
         <size>0x479e</size>
         <input_file_ref idref="fl-5"/>
      </object_component>
      <object_component id="oc-264">
         <name>.debug_info</name>
         <load_address>0xf8cd</load_address>
         <run_address>0xf8cd</run_address>
         <size>0x12a</size>
         <input_file_ref idref="fl-6"/>
      </object_component>
      <object_component id="oc-194">
         <name>.debug_info</name>
         <load_address>0xf9f7</load_address>
         <run_address>0xf9f7</run_address>
         <size>0x3417</size>
         <input_file_ref idref="fl-6"/>
      </object_component>
      <object_component id="oc-258">
         <name>.debug_info</name>
         <load_address>0x12e0e</load_address>
         <run_address>0x12e0e</run_address>
         <size>0x4e4</size>
         <input_file_ref idref="fl-7"/>
      </object_component>
      <object_component id="oc-10f">
         <name>.debug_info</name>
         <load_address>0x132f2</load_address>
         <run_address>0x132f2</run_address>
         <size>0x191</size>
         <input_file_ref idref="fl-b"/>
      </object_component>
      <object_component id="oc-255">
         <name>.debug_info</name>
         <load_address>0x13483</load_address>
         <run_address>0x13483</run_address>
         <size>0xe43</size>
         <input_file_ref idref="fl-b"/>
      </object_component>
      <object_component id="oc-12c">
         <name>.debug_info</name>
         <load_address>0x142c6</load_address>
         <run_address>0x142c6</run_address>
         <size>0x1c0</size>
         <input_file_ref idref="fl-c"/>
      </object_component>
      <object_component id="oc-2e5">
         <name>.debug_info</name>
         <load_address>0x14486</load_address>
         <run_address>0x14486</run_address>
         <size>0x280</size>
         <input_file_ref idref="fl-d"/>
      </object_component>
      <object_component id="oc-2df">
         <name>.debug_info</name>
         <load_address>0x14706</load_address>
         <run_address>0x14706</run_address>
         <size>0x12c</size>
         <input_file_ref idref="fl-d"/>
      </object_component>
      <object_component id="oc-25e">
         <name>.debug_info</name>
         <load_address>0x14832</load_address>
         <run_address>0x14832</run_address>
         <size>0x8db</size>
         <input_file_ref idref="fl-d"/>
      </object_component>
      <object_component id="oc-1db">
         <name>.debug_info</name>
         <load_address>0x1510d</load_address>
         <run_address>0x1510d</run_address>
         <size>0x16e</size>
         <input_file_ref idref="fl-e"/>
      </object_component>
      <object_component id="oc-1d2">
         <name>.debug_info</name>
         <load_address>0x1527b</load_address>
         <run_address>0x1527b</run_address>
         <size>0x110</size>
         <input_file_ref idref="fl-e"/>
      </object_component>
      <object_component id="oc-1d5">
         <name>.debug_info</name>
         <load_address>0x1538b</load_address>
         <run_address>0x1538b</run_address>
         <size>0x10a</size>
         <input_file_ref idref="fl-e"/>
      </object_component>
      <object_component id="oc-1cf">
         <name>.debug_info</name>
         <load_address>0x15495</load_address>
         <run_address>0x15495</run_address>
         <size>0xfc</size>
         <input_file_ref idref="fl-e"/>
      </object_component>
      <object_component id="oc-1d8">
         <name>.debug_info</name>
         <load_address>0x15591</load_address>
         <run_address>0x15591</run_address>
         <size>0xfe</size>
         <input_file_ref idref="fl-e"/>
      </object_component>
      <object_component id="oc-1c9">
         <name>.debug_info</name>
         <load_address>0x1568f</load_address>
         <run_address>0x1568f</run_address>
         <size>0x45e</size>
         <input_file_ref idref="fl-e"/>
      </object_component>
      <object_component id="oc-f5">
         <name>.debug_info</name>
         <load_address>0x15aed</load_address>
         <run_address>0x15aed</run_address>
         <size>0x559</size>
         <input_file_ref idref="fl-e"/>
      </object_component>
      <object_component id="oc-106">
         <name>.debug_info</name>
         <load_address>0x16046</load_address>
         <run_address>0x16046</run_address>
         <size>0x258</size>
         <input_file_ref idref="fl-f"/>
      </object_component>
      <object_component id="oc-109">
         <name>.debug_info</name>
         <load_address>0x1629e</load_address>
         <run_address>0x1629e</run_address>
         <size>0x13c</size>
         <input_file_ref idref="fl-f"/>
      </object_component>
      <object_component id="oc-ef">
         <name>.debug_info</name>
         <load_address>0x163da</load_address>
         <run_address>0x163da</run_address>
         <size>0x1508</size>
         <input_file_ref idref="fl-f"/>
      </object_component>
      <object_component id="oc-b0">
         <name>.debug_info</name>
         <load_address>0x178e2</load_address>
         <run_address>0x178e2</run_address>
         <size>0x4bb</size>
         <input_file_ref idref="fl-f"/>
      </object_component>
      <object_component id="oc-197">
         <name>.debug_info</name>
         <load_address>0x17d9d</load_address>
         <run_address>0x17d9d</run_address>
         <size>0xdda</size>
         <input_file_ref idref="fl-10"/>
      </object_component>
      <object_component id="oc-10c">
         <name>.debug_info</name>
         <load_address>0x18b77</load_address>
         <run_address>0x18b77</run_address>
         <size>0x29e</size>
         <input_file_ref idref="fl-11"/>
      </object_component>
      <object_component id="oc-ec">
         <name>.debug_info</name>
         <load_address>0x18e15</load_address>
         <run_address>0x18e15</run_address>
         <size>0x11a</size>
         <input_file_ref idref="fl-11"/>
      </object_component>
      <object_component id="oc-19d">
         <name>.debug_info</name>
         <load_address>0x18f2f</load_address>
         <run_address>0x18f2f</run_address>
         <size>0x116</size>
         <input_file_ref idref="fl-11"/>
      </object_component>
      <object_component id="oc-1a0">
         <name>.debug_info</name>
         <load_address>0x19045</load_address>
         <run_address>0x19045</run_address>
         <size>0xe88</size>
         <input_file_ref idref="fl-11"/>
      </object_component>
      <object_component id="oc-e6">
         <name>.debug_info</name>
         <load_address>0x19ecd</load_address>
         <run_address>0x19ecd</run_address>
         <size>0xde8</size>
         <input_file_ref idref="fl-11"/>
      </object_component>
      <object_component id="oc-26a">
         <name>.debug_info</name>
         <load_address>0x1acb5</load_address>
         <run_address>0x1acb5</run_address>
         <size>0x925</size>
         <input_file_ref idref="fl-12"/>
      </object_component>
      <object_component id="oc-116">
         <name>.debug_info</name>
         <load_address>0x1b5da</load_address>
         <run_address>0x1b5da</run_address>
         <size>0x122a</size>
         <input_file_ref idref="fl-13"/>
      </object_component>
      <object_component id="oc-b6">
         <name>.debug_info</name>
         <load_address>0x1c804</load_address>
         <run_address>0x1c804</run_address>
         <size>0x114</size>
         <input_file_ref idref="fl-14"/>
      </object_component>
      <object_component id="oc-13b">
         <name>.debug_info</name>
         <load_address>0x1c918</load_address>
         <run_address>0x1c918</run_address>
         <size>0x115</size>
         <input_file_ref idref="fl-14"/>
      </object_component>
      <object_component id="oc-120">
         <name>.debug_info</name>
         <load_address>0x1ca2d</load_address>
         <run_address>0x1ca2d</run_address>
         <size>0x65c</size>
         <input_file_ref idref="fl-15"/>
      </object_component>
      <object_component id="oc-127">
         <name>.debug_info</name>
         <load_address>0x1d089</load_address>
         <run_address>0x1d089</run_address>
         <size>0x22e</size>
         <input_file_ref idref="fl-1c"/>
      </object_component>
      <object_component id="oc-201">
         <name>.debug_info</name>
         <load_address>0x1d2b7</load_address>
         <run_address>0x1d2b7</run_address>
         <size>0x18f3</size>
         <input_file_ref idref="fl-1e"/>
      </object_component>
      <object_component id="oc-2aa">
         <name>.debug_info</name>
         <load_address>0x1ebaa</load_address>
         <run_address>0x1ebaa</run_address>
         <size>0x1e9</size>
         <input_file_ref idref="fl-25"/>
      </object_component>
      <object_component id="oc-1f3">
         <name>.debug_info</name>
         <load_address>0x1ed93</load_address>
         <run_address>0x1ed93</run_address>
         <size>0xad2</size>
         <input_file_ref idref="fl-25"/>
      </object_component>
      <object_component id="oc-11a">
         <name>.debug_info</name>
         <load_address>0x1f865</load_address>
         <run_address>0x1f865</run_address>
         <size>0xc11</size>
         <input_file_ref idref="fl-27"/>
      </object_component>
      <object_component id="oc-132">
         <name>.debug_info</name>
         <load_address>0x20476</load_address>
         <run_address>0x20476</run_address>
         <size>0x6d5</size>
         <input_file_ref idref="fl-2b"/>
      </object_component>
      <object_component id="oc-fd">
         <name>.debug_info</name>
         <load_address>0x20b4b</load_address>
         <run_address>0x20b4b</run_address>
         <size>0xe47</size>
         <input_file_ref idref="fl-30"/>
      </object_component>
      <object_component id="oc-1fc">
         <name>.debug_info</name>
         <load_address>0x21992</load_address>
         <run_address>0x21992</run_address>
         <size>0x14d9</size>
         <input_file_ref idref="fl-33"/>
      </object_component>
      <object_component id="oc-a0">
         <name>.debug_info</name>
         <load_address>0x22e6b</load_address>
         <run_address>0x22e6b</run_address>
         <size>0x158</size>
         <input_file_ref idref="fl-50"/>
      </object_component>
      <object_component id="oc-1ae">
         <name>.debug_info</name>
         <load_address>0x22fc3</load_address>
         <run_address>0x22fc3</run_address>
         <size>0x127</size>
         <input_file_ref idref="fl-51"/>
      </object_component>
      <object_component id="oc-2fb">
         <name>.debug_info</name>
         <load_address>0x230ea</load_address>
         <run_address>0x230ea</run_address>
         <size>0x13b</size>
         <input_file_ref idref="fl-52"/>
      </object_component>
      <object_component id="oc-300">
         <name>.debug_info</name>
         <load_address>0x23225</load_address>
         <run_address>0x23225</run_address>
         <size>0x12a</size>
         <input_file_ref idref="fl-53"/>
      </object_component>
      <object_component id="oc-1e3">
         <name>.debug_info</name>
         <load_address>0x2334f</load_address>
         <run_address>0x2334f</run_address>
         <size>0x127</size>
         <input_file_ref idref="fl-54"/>
      </object_component>
      <object_component id="oc-101">
         <name>.debug_info</name>
         <load_address>0x23476</load_address>
         <run_address>0x23476</run_address>
         <size>0x163</size>
         <input_file_ref idref="fl-56"/>
      </object_component>
      <object_component id="oc-2f0">
         <name>.debug_info</name>
         <load_address>0x235d9</load_address>
         <run_address>0x235d9</run_address>
         <size>0x12b</size>
         <input_file_ref idref="fl-57"/>
      </object_component>
      <object_component id="oc-1a6">
         <name>.debug_info</name>
         <load_address>0x23704</load_address>
         <run_address>0x23704</run_address>
         <size>0x12b</size>
         <input_file_ref idref="fl-58"/>
      </object_component>
      <object_component id="oc-1b3">
         <name>.debug_info</name>
         <load_address>0x2382f</load_address>
         <run_address>0x2382f</run_address>
         <size>0x12b</size>
         <input_file_ref idref="fl-59"/>
      </object_component>
      <object_component id="oc-2f6">
         <name>.debug_info</name>
         <load_address>0x2395a</load_address>
         <run_address>0x2395a</run_address>
         <size>0x127</size>
         <input_file_ref idref="fl-5a"/>
      </object_component>
      <object_component id="oc-be">
         <name>.debug_info</name>
         <load_address>0x23a81</load_address>
         <run_address>0x23a81</run_address>
         <size>0x19b</size>
         <input_file_ref idref="fl-5b"/>
      </object_component>
      <object_component id="oc-d3">
         <name>.debug_info</name>
         <load_address>0x23c1c</load_address>
         <run_address>0x23c1c</run_address>
         <size>0x14d</size>
         <input_file_ref idref="fl-5c"/>
      </object_component>
      <object_component id="oc-157">
         <name>.debug_info</name>
         <load_address>0x23d69</load_address>
         <run_address>0x23d69</run_address>
         <size>0x1bf</size>
         <input_file_ref idref="fl-5d"/>
      </object_component>
      <object_component id="oc-cf">
         <name>.debug_info</name>
         <load_address>0x23f28</load_address>
         <run_address>0x23f28</run_address>
         <size>0x19f</size>
         <input_file_ref idref="fl-5e"/>
      </object_component>
      <object_component id="oc-98">
         <name>.debug_info</name>
         <load_address>0x240c7</load_address>
         <run_address>0x240c7</run_address>
         <size>0x1b7</size>
         <input_file_ref idref="fl-5f"/>
      </object_component>
      <object_component id="oc-93">
         <name>.debug_info</name>
         <load_address>0x2427e</load_address>
         <run_address>0x2427e</run_address>
         <size>0x20c</size>
         <input_file_ref idref="fl-60"/>
      </object_component>
      <object_component id="oc-186">
         <name>.debug_info</name>
         <load_address>0x2448a</load_address>
         <run_address>0x2448a</run_address>
         <size>0x19e</size>
         <input_file_ref idref="fl-61"/>
      </object_component>
      <object_component id="oc-e2">
         <name>.debug_info</name>
         <load_address>0x24628</load_address>
         <run_address>0x24628</run_address>
         <size>0x1a9</size>
         <input_file_ref idref="fl-61"/>
      </object_component>
      <object_component id="oc-189">
         <name>.debug_info</name>
         <load_address>0x247d1</load_address>
         <run_address>0x247d1</run_address>
         <size>0x107</size>
         <input_file_ref idref="fl-62"/>
      </object_component>
      <object_component id="oc-2d1">
         <name>.debug_info</name>
         <load_address>0x248d8</load_address>
         <run_address>0x248d8</run_address>
         <size>0x10b</size>
         <input_file_ref idref="fl-62"/>
      </object_component>
      <object_component id="oc-243">
         <name>.debug_info</name>
         <load_address>0x249e3</load_address>
         <run_address>0x249e3</run_address>
         <size>0x203</size>
         <input_file_ref idref="fl-62"/>
      </object_component>
      <object_component id="oc-dc">
         <name>.debug_info</name>
         <load_address>0x24be6</load_address>
         <run_address>0x24be6</run_address>
         <size>0x15d</size>
         <input_file_ref idref="fl-63"/>
      </object_component>
      <object_component id="oc-14c">
         <name>.debug_info</name>
         <load_address>0x24d43</load_address>
         <run_address>0x24d43</run_address>
         <size>0x208</size>
         <input_file_ref idref="fl-64"/>
      </object_component>
      <object_component id="oc-229">
         <name>.debug_info</name>
         <load_address>0x24f4b</load_address>
         <run_address>0x24f4b</run_address>
         <size>0x147</size>
         <input_file_ref idref="fl-66"/>
      </object_component>
      <object_component id="oc-3eb">
         <name>.debug_info</name>
         <load_address>0x25092</load_address>
         <run_address>0x25092</run_address>
         <size>0xb4</size>
      </object_component>
      <object_component id="oc-ae">
         <name>.debug_line</name>
         <load_address>0x0</load_address>
         <run_address>0x0</run_address>
         <size>0x1272</size>
         <input_file_ref idref="fl-2"/>
      </object_component>
      <object_component id="oc-217">
         <name>.debug_line</name>
         <load_address>0x1272</load_address>
         <run_address>0x1272</run_address>
         <size>0x14b</size>
         <input_file_ref idref="fl-2"/>
      </object_component>
      <object_component id="oc-24f">
         <name>.debug_line</name>
         <load_address>0x13bd</load_address>
         <run_address>0x13bd</run_address>
         <size>0x3c</size>
         <input_file_ref idref="fl-4"/>
      </object_component>
      <object_component id="oc-30c">
         <name>.debug_line</name>
         <load_address>0x13f9</load_address>
         <run_address>0x13f9</run_address>
         <size>0x3c</size>
         <input_file_ref idref="fl-4"/>
      </object_component>
      <object_component id="oc-30a">
         <name>.debug_line</name>
         <load_address>0x1435</load_address>
         <run_address>0x1435</run_address>
         <size>0x3c</size>
         <input_file_ref idref="fl-4"/>
      </object_component>
      <object_component id="oc-32e">
         <name>.debug_line</name>
         <load_address>0x1471</load_address>
         <run_address>0x1471</run_address>
         <size>0x3c</size>
         <input_file_ref idref="fl-4"/>
      </object_component>
      <object_component id="oc-1c0">
         <name>.debug_line</name>
         <load_address>0x14ad</load_address>
         <run_address>0x14ad</run_address>
         <size>0xd5</size>
         <input_file_ref idref="fl-4"/>
      </object_component>
      <object_component id="oc-2d8">
         <name>.debug_line</name>
         <load_address>0x1582</load_address>
         <run_address>0x1582</run_address>
         <size>0x13a</size>
         <input_file_ref idref="fl-4"/>
      </object_component>
      <object_component id="oc-2c2">
         <name>.debug_line</name>
         <load_address>0x16bc</load_address>
         <run_address>0x16bc</run_address>
         <size>0x64</size>
         <input_file_ref idref="fl-5"/>
      </object_component>
      <object_component id="oc-312">
         <name>.debug_line</name>
         <load_address>0x1720</load_address>
         <run_address>0x1720</run_address>
         <size>0x64</size>
         <input_file_ref idref="fl-5"/>
      </object_component>
      <object_component id="oc-310">
         <name>.debug_line</name>
         <load_address>0x1784</load_address>
         <run_address>0x1784</run_address>
         <size>0x64</size>
         <input_file_ref idref="fl-5"/>
      </object_component>
      <object_component id="oc-30e">
         <name>.debug_line</name>
         <load_address>0x17e8</load_address>
         <run_address>0x17e8</run_address>
         <size>0x64</size>
         <input_file_ref idref="fl-5"/>
      </object_component>
      <object_component id="oc-1c4">
         <name>.debug_line</name>
         <load_address>0x184c</load_address>
         <run_address>0x184c</run_address>
         <size>0xcc8</size>
         <input_file_ref idref="fl-5"/>
      </object_component>
      <object_component id="oc-314">
         <name>.debug_line</name>
         <load_address>0x2514</load_address>
         <run_address>0x2514</run_address>
         <size>0x162</size>
         <input_file_ref idref="fl-5"/>
      </object_component>
      <object_component id="oc-2ea">
         <name>.debug_line</name>
         <load_address>0x2676</load_address>
         <run_address>0x2676</run_address>
         <size>0x64</size>
         <input_file_ref idref="fl-6"/>
      </object_component>
      <object_component id="oc-192">
         <name>.debug_line</name>
         <load_address>0x26da</load_address>
         <run_address>0x26da</run_address>
         <size>0x87c</size>
         <input_file_ref idref="fl-6"/>
      </object_component>
      <object_component id="oc-2ec">
         <name>.debug_line</name>
         <load_address>0x2f56</load_address>
         <run_address>0x2f56</run_address>
         <size>0x1a5</size>
         <input_file_ref idref="fl-6"/>
      </object_component>
      <object_component id="oc-25c">
         <name>.debug_line</name>
         <load_address>0x30fb</load_address>
         <run_address>0x30fb</run_address>
         <size>0x10c</size>
         <input_file_ref idref="fl-7"/>
      </object_component>
      <object_component id="oc-329">
         <name>.debug_line</name>
         <load_address>0x3207</load_address>
         <run_address>0x3207</run_address>
         <size>0x21</size>
         <input_file_ref idref="fl-7"/>
      </object_component>
      <object_component id="oc-1ef">
         <name>.debug_line</name>
         <load_address>0x3228</load_address>
         <run_address>0x3228</run_address>
         <size>0x7b</size>
         <input_file_ref idref="fl-b"/>
      </object_component>
      <object_component id="oc-252">
         <name>.debug_line</name>
         <load_address>0x32a3</load_address>
         <run_address>0x32a3</run_address>
         <size>0x30b</size>
         <input_file_ref idref="fl-b"/>
      </object_component>
      <object_component id="oc-2a4">
         <name>.debug_line</name>
         <load_address>0x35ae</load_address>
         <run_address>0x35ae</run_address>
         <size>0x119</size>
         <input_file_ref idref="fl-b"/>
      </object_component>
      <object_component id="oc-12f">
         <name>.debug_line</name>
         <load_address>0x36c7</load_address>
         <run_address>0x36c7</run_address>
         <size>0xf0</size>
         <input_file_ref idref="fl-c"/>
      </object_component>
      <object_component id="oc-330">
         <name>.debug_line</name>
         <load_address>0x37b7</load_address>
         <run_address>0x37b7</run_address>
         <size>0x76</size>
         <input_file_ref idref="fl-d"/>
      </object_component>
      <object_component id="oc-32c">
         <name>.debug_line</name>
         <load_address>0x382d</load_address>
         <run_address>0x382d</run_address>
         <size>0x76</size>
         <input_file_ref idref="fl-d"/>
      </object_component>
      <object_component id="oc-261">
         <name>.debug_line</name>
         <load_address>0x38a3</load_address>
         <run_address>0x38a3</run_address>
         <size>0x200</size>
         <input_file_ref idref="fl-d"/>
      </object_component>
      <object_component id="oc-332">
         <name>.debug_line</name>
         <load_address>0x3aa3</load_address>
         <run_address>0x3aa3</run_address>
         <size>0x11f</size>
         <input_file_ref idref="fl-d"/>
      </object_component>
      <object_component id="oc-29b">
         <name>.debug_line</name>
         <load_address>0x3bc2</load_address>
         <run_address>0x3bc2</run_address>
         <size>0x3e</size>
         <input_file_ref idref="fl-e"/>
      </object_component>
      <object_component id="oc-295">
         <name>.debug_line</name>
         <load_address>0x3c00</load_address>
         <run_address>0x3c00</run_address>
         <size>0x3e</size>
         <input_file_ref idref="fl-e"/>
      </object_component>
      <object_component id="oc-297">
         <name>.debug_line</name>
         <load_address>0x3c3e</load_address>
         <run_address>0x3c3e</run_address>
         <size>0x3e</size>
         <input_file_ref idref="fl-e"/>
      </object_component>
      <object_component id="oc-293">
         <name>.debug_line</name>
         <load_address>0x3c7c</load_address>
         <run_address>0x3c7c</run_address>
         <size>0x3e</size>
         <input_file_ref idref="fl-e"/>
      </object_component>
      <object_component id="oc-299">
         <name>.debug_line</name>
         <load_address>0x3cba</load_address>
         <run_address>0x3cba</run_address>
         <size>0x3e</size>
         <input_file_ref idref="fl-e"/>
      </object_component>
      <object_component id="oc-1cd">
         <name>.debug_line</name>
         <load_address>0x3cf8</load_address>
         <run_address>0x3cf8</run_address>
         <size>0x146</size>
         <input_file_ref idref="fl-e"/>
      </object_component>
      <object_component id="oc-f9">
         <name>.debug_line</name>
         <load_address>0x3e3e</load_address>
         <run_address>0x3e3e</run_address>
         <size>0x111</size>
         <input_file_ref idref="fl-e"/>
      </object_component>
      <object_component id="oc-29d">
         <name>.debug_line</name>
         <load_address>0x3f4f</load_address>
         <run_address>0x3f4f</run_address>
         <size>0xd2</size>
         <input_file_ref idref="fl-e"/>
      </object_component>
      <object_component id="oc-1e9">
         <name>.debug_line</name>
         <load_address>0x4021</load_address>
         <run_address>0x4021</run_address>
         <size>0x36</size>
         <input_file_ref idref="fl-f"/>
      </object_component>
      <object_component id="oc-1eb">
         <name>.debug_line</name>
         <load_address>0x4057</load_address>
         <run_address>0x4057</run_address>
         <size>0x36</size>
         <input_file_ref idref="fl-f"/>
      </object_component>
      <object_component id="oc-f3">
         <name>.debug_line</name>
         <load_address>0x408d</load_address>
         <run_address>0x408d</run_address>
         <size>0x4f5</size>
         <input_file_ref idref="fl-f"/>
      </object_component>
      <object_component id="oc-b3">
         <name>.debug_line</name>
         <load_address>0x4582</load_address>
         <run_address>0x4582</run_address>
         <size>0xca</size>
         <input_file_ref idref="fl-f"/>
      </object_component>
      <object_component id="oc-21a">
         <name>.debug_line</name>
         <load_address>0x464c</load_address>
         <run_address>0x464c</run_address>
         <size>0x3ea</size>
         <input_file_ref idref="fl-f"/>
      </object_component>
      <object_component id="oc-19a">
         <name>.debug_line</name>
         <load_address>0x4a36</load_address>
         <run_address>0x4a36</run_address>
         <size>0x2cf</size>
         <input_file_ref idref="fl-10"/>
      </object_component>
      <object_component id="oc-307">
         <name>.debug_line</name>
         <load_address>0x4d05</load_address>
         <run_address>0x4d05</run_address>
         <size>0x1e0</size>
         <input_file_ref idref="fl-10"/>
      </object_component>
      <object_component id="oc-1ed">
         <name>.debug_line</name>
         <load_address>0x4ee5</load_address>
         <run_address>0x4ee5</run_address>
         <size>0x3a</size>
[...]
         <name>logchannel_chose</name>
         <value>0x864f4</value>
         <object_component_ref idref="oc-196"/>
      </symbol>
      <symbol id="sm-58d">
         <name>GateDriverDisable</name>
         <value>0x864d5</value>
         <object_component_ref idref="oc-196"/>
      </symbol>
      <symbol id="sm-58e">
         <name>PwmEnable</name>
         <value>0x8649f</value>
         <object_component_ref idref="oc-196"/>
      </symbol>
      <symbol id="sm-58f">
         <name>CmpandPhsSet</name>
         <value>0x86446</value>
         <object_component_ref idref="oc-196"/>
      </symbol>
      <symbol id="sm-682">
         <name>addtaske</name>
         <value>0x810f</value>
         <object_component_ref idref="oc-e5"/>
      </symbol>
      <symbol id="sm-683">
         <name>Initrangtaske</name>
         <value>0x84edf</value>
         <object_component_ref idref="oc-19f"/>
      </symbol>
      <symbol id="sm-684">
         <name>sendmessage</name>
         <value>0x81c9</value>
         <object_component_ref idref="oc-e5"/>
      </symbol>
      <symbol id="sm-685">
         <name>delaydaly</name>
         <value>0xaada</value>
         <object_component_ref idref="oc-10b"/>
      </symbol>
      <symbol id="sm-686">
         <name>log_buf</name>
         <value>0xe118</value>
         <object_component_ref idref="oc-19c"/>
      </symbol>
      <symbol id="sm-687">
         <name>logchose</name>
         <value>0xaa00</value>
         <object_component_ref idref="oc-eb"/>
      </symbol>
      <symbol id="sm-688">
         <name>rxCmdList</name>
         <value>0x8050</value>
         <object_component_ref idref="oc-e5"/>
      </symbol>
      <symbol id="sm-689">
         <name>RxPacketBuffer</name>
         <value>0xab40</value>
         <object_component_ref idref="oc-10b"/>
      </symbol>
      <symbol id="sm-68a">
         <name>range</name>
         <value>0xab00</value>
         <object_component_ref idref="oc-10b"/>
      </symbol>
      <symbol id="sm-68b">
         <name>task_lock</name>
         <value>0xaac1</value>
         <object_component_ref idref="oc-10b"/>
      </symbol>
      <symbol id="sm-68c">
         <name>sendu16</name>
         <value>0x81ad</value>
         <object_component_ref idref="oc-e5"/>
      </symbol>
      <symbol id="sm-68d">
         <name>adddalynumber</name>
         <value>0x80e9</value>
         <object_component_ref idref="oc-e5"/>
      </symbol>
      <symbol id="sm-68e">
         <name>lock_daly</name>
         <value>0xaac3</value>
         <object_component_ref idref="oc-10b"/>
      </symbol>
      <symbol id="sm-68f">
         <name>log_map</name>
         <value>0xaad3</value>
         <object_component_ref idref="oc-10b"/>
      </symbol>
      <symbol id="sm-690">
         <name>daly_buf</name>
         <value>0xe000</value>
         <object_component_ref idref="oc-19c"/>
      </symbol>
      <symbol id="sm-691">
         <name>addlognumber</name>
         <value>0x80b1</value>
         <object_component_ref idref="oc-e5"/>
      </symbol>
      <symbol id="sm-692">
         <name>SciRxPacketReset</name>
         <value>0x8000</value>
         <object_component_ref idref="oc-e5"/>
      </symbol>
      <symbol id="sm-693">
         <name>log_chose</name>
         <value>0x84b4</value>
         <object_component_ref idref="oc-e5"/>
      </symbol>
      <symbol id="sm-694">
         <name>checksumCalc</name>
         <value>0x819b</value>
         <object_component_ref idref="oc-e5"/>
      </symbol>
      <symbol id="sm-695">
         <name>lock_trig</name>
         <value>0xaac2</value>
         <object_component_ref idref="oc-10b"/>
      </symbol>
      <symbol id="sm-696">
         <name>daly_data_pack</name>
         <value>0x842c</value>
         <object_component_ref idref="oc-e5"/>
      </symbol>
      <symbol id="sm-697">
         <name>dalychose</name>
         <value>0xaa08</value>
         <object_component_ref idref="oc-eb"/>
      </symbol>
      <symbol id="sm-698">
         <name>delaylog</name>
         <value>0xaac9</value>
         <object_component_ref idref="oc-10b"/>
      </symbol>
      <symbol id="sm-699">
         <name>daly_chose</name>
         <value>0x84ee5</value>
         <object_component_ref idref="oc-19f"/>
      </symbol>
      <symbol id="sm-69a">
         <name>data_lock</name>
         <value>0xaac0</value>
         <object_component_ref idref="oc-10b"/>
      </symbol>
      <symbol id="sm-69b">
         <name>Init_dalybuf</name>
         <value>0x84ea4</value>
         <object_component_ref idref="oc-19f"/>
      </symbol>
      <symbol id="sm-69c">
         <name>Init_bigLogbuf</name>
         <value>0x84e7e</value>
         <object_component_ref idref="oc-19f"/>
      </symbol>
      <symbol id="sm-69d">
         <name>daly_map</name>
         <value>0xaac6</value>
         <object_component_ref idref="oc-10b"/>
      </symbol>
      <symbol id="sm-69e">
         <name>daly_moniter</name>
         <value>0xaac4</value>
         <object_component_ref idref="oc-10b"/>
      </symbol>
      <symbol id="sm-69f">
         <name>RxPacketCtrl</name>
         <value>0xaacd</value>
         <object_component_ref idref="oc-10b"/>
      </symbol>
      <symbol id="sm-6a0">
         <name>executaske</name>
         <value>0x82e1</value>
         <object_component_ref idref="oc-e5"/>
      </symbol>
      <symbol id="sm-6a1">
         <name>rxDecodeWord</name>
         <value>0x8005</value>
         <object_component_ref idref="oc-e5"/>
      </symbol>
      <symbol id="sm-6a2">
         <name>trigger_data_pack</name>
         <value>0x8359</value>
         <object_component_ref idref="oc-e5"/>
      </symbol>
      <symbol id="sm-6c4">
         <name>Delay_ms</name>
         <value>0x86e18</value>
         <object_component_ref idref="oc-269"/>
      </symbol>
      <symbol id="sm-6c5">
         <name>configCPUTimer</name>
         <value>0x86e26</value>
         <object_component_ref idref="oc-269"/>
      </symbol>
      <symbol id="sm-6c6">
         <name>Delay_us</name>
         <value>0x86dea</value>
         <object_component_ref idref="oc-269"/>
      </symbol>
      <symbol id="sm-6e7">
         <name>Device_enableAllPeripherals</name>
         <value>0x86602</value>
         <object_component_ref idref="oc-112"/>
      </symbol>
      <symbol id="sm-6e8">
         <name>Device_verifyXTAL</name>
         <value>0x866f2</value>
         <object_component_ref idref="oc-112"/>
      </symbol>
      <symbol id="sm-6e9">
         <name>Device_initGPIO</name>
         <value>0x866e2</value>
         <object_component_ref idref="oc-112"/>
      </symbol>
      <symbol id="sm-6ea">
         <name>Device_init</name>
         <value>0x865a0</value>
         <object_component_ref idref="oc-112"/>
      </symbol>
      <symbol id="sm-6eb">
         <name>__error__</name>
         <value>0x86725</value>
         <object_component_ref idref="oc-112"/>
      </symbol>
      <symbol id="sm-6fa">
         <name>code_start</name>
         <value>0x80000</value>
         <object_component_ref idref="oc-b5"/>
      </symbol>
      <symbol id="sm-72f">
         <name>ADC_setOffsetTrim</name>
         <value>0x86988</value>
         <object_component_ref idref="oc-11f"/>
      </symbol>
      <symbol id="sm-730">
         <name>ADC_setOffsetTrimAll</name>
         <value>0x869de</value>
         <object_component_ref idref="oc-11f"/>
      </symbol>
      <symbol id="sm-731">
         <name>ADC_setVREF</name>
         <value>0x868ed</value>
         <object_component_ref idref="oc-11f"/>
      </symbol>
      <symbol id="sm-732">
         <name>ADC_setINLTrim</name>
         <value>0x86939</value>
         <object_component_ref idref="oc-11f"/>
      </symbol>
      <symbol id="sm-733">
         <name>ADC_setPPBTripLimits</name>
         <value>0x86a06</value>
         <object_component_ref idref="oc-11f"/>
      </symbol>
      <symbol id="sm-74c">
         <name>CPUTimer_setEmulationMode</name>
         <value>0x87278</value>
         <object_component_ref idref="oc-125"/>
      </symbol>
      <symbol id="sm-79c">
         <name>DCC_measureClockFrequency</name>
         <value>0x85a01</value>
         <object_component_ref idref="oc-1fe"/>
      </symbol>
      <symbol id="sm-79d">
         <name>DCC_getRevisionNumber</name>
         <value>0x85919</value>
         <object_component_ref idref="oc-1fe"/>
      </symbol>
      <symbol id="sm-79e">
         <name>DCC_verifyClockFrequency</name>
         <value>0x85936</value>
         <object_component_ref idref="oc-1fe"/>
      </symbol>
      <symbol id="sm-79f">
         <name>DCC_continuousMonitor</name>
         <value>0x85aae</value>
         <object_component_ref idref="oc-1fe"/>
      </symbol>
      <symbol id="sm-7d8">
         <name>Flash_initModule</name>
         <value>0x8839</value>
         <object_component_ref idref="oc-1f2"/>
      </symbol>
      <symbol id="sm-7d9">
         <name>Flash_wakeFromLPM</name>
         <value>0x8898</value>
         <object_component_ref idref="oc-1f2"/>
      </symbol>
      <symbol id="sm-7da">
         <name>Flash_powerDown</name>
         <value>0x887d</value>
         <object_component_ref idref="oc-1f2"/>
      </symbol>
      <symbol id="sm-816">
         <name>GPIO_setQualificationMode</name>
         <value>0x85f8a</value>
         <object_component_ref idref="oc-119"/>
      </symbol>
      <symbol id="sm-817">
         <name>GPIO_getPadConfig</name>
         <value>0x85f4c</value>
         <object_component_ref idref="oc-119"/>
      </symbol>
      <symbol id="sm-818">
         <name>GPIO_setPadConfig</name>
         <value>0x85efa</value>
         <object_component_ref idref="oc-119"/>
      </symbol>
      <symbol id="sm-819">
         <name>GPIO_setInterruptPin</name>
         <value>0x85ec6</value>
         <object_component_ref idref="oc-119"/>
      </symbol>
      <symbol id="sm-81a">
         <name>GPIO_setAnalogMode</name>
         <value>0x8605d</value>
         <object_component_ref idref="oc-119"/>
      </symbol>
      <symbol id="sm-81b">
         <name>GPIO_setDirectionMode</name>
         <value>0x85e75</value>
         <object_component_ref idref="oc-119"/>
      </symbol>
      <symbol id="sm-81c">
         <name>GPIO_setQualificationPeriod</name>
         <value>0x85fed</value>
         <object_component_ref idref="oc-119"/>
      </symbol>
      <symbol id="sm-81d">
         <name>GPIO_getQualificationMode</name>
         <value>0x85fc1</value>
         <object_component_ref idref="oc-119"/>
      </symbol>
      <symbol id="sm-81e">
         <name>GPIO_setPinConfig</name>
         <value>0x86097</value>
         <object_component_ref idref="oc-119"/>
      </symbol>
      <symbol id="sm-81f">
         <name>GPIO_getDirectionMode</name>
         <value>0x85ea6</value>
         <object_component_ref idref="oc-119"/>
      </symbol>
      <symbol id="sm-820">
         <name>GPIO_setControllerCore</name>
         <value>0x86026</value>
         <object_component_ref idref="oc-119"/>
      </symbol>
      <symbol id="sm-860">
         <name>Interrupt_disable</name>
         <value>0x86b9f</value>
         <object_component_ref idref="oc-130"/>
      </symbol>
      <symbol id="sm-861">
         <name>Interrupt_initModule</name>
         <value>0x86b0d</value>
         <object_component_ref idref="oc-130"/>
      </symbol>
      <symbol id="sm-862">
         <name>Interrupt_enable</name>
         <value>0x86b68</value>
         <object_component_ref idref="oc-130"/>
      </symbol>
      <symbol id="sm-863">
         <name>Interrupt_initVectorTable</name>
         <value>0x86b4a</value>
         <object_component_ref idref="oc-130"/>
      </symbol>
      <symbol id="sm-8bc">
         <name>SCI_readCharArray</name>
         <value>0x85cb2</value>
         <object_component_ref idref="oc-fa"/>
      </symbol>
      <symbol id="sm-8bd">
         <name>SCI_getInterruptStatus</name>
         <value>0x85d76</value>
         <object_component_ref idref="oc-fa"/>
      </symbol>
      <symbol id="sm-8be">
         <name>SCI_clearInterruptStatus</name>
         <value>0x85dc4</value>
         <object_component_ref idref="oc-fa"/>
      </symbol>
      <symbol id="sm-8bf">
         <name>SCI_writeCharArray</name>
         <value>0x85c71</value>
         <object_component_ref idref="oc-fa"/>
      </symbol>
      <symbol id="sm-8c0">
         <name>SCI_disableInterrupt</name>
         <value>0x85d31</value>
         <object_component_ref idref="oc-fa"/>
      </symbol>
      <symbol id="sm-8c1">
         <name>SCI_setConfig</name>
         <value>0x85c33</value>
         <object_component_ref idref="oc-fa"/>
      </symbol>
      <symbol id="sm-8c2">
         <name>SCI_enableInterrupt</name>
         <value>0x85ced</value>
         <object_component_ref idref="oc-fa"/>
      </symbol>
      <symbol id="sm-8c3">
         <name>SCI_setBaud</name>
         <value>0x85e09</value>
         <object_component_ref idref="oc-fa"/>
      </symbol>
      <symbol id="sm-8c4">
         <name>SCI_setWakeFlag</name>
         <value>0x85e2e</value>
         <object_component_ref idref="oc-fa"/>
      </symbol>
      <symbol id="sm-93e">
         <name>SysCtl_isPLLValid</name>
         <value>0x85673</value>
         <object_component_ref idref="oc-1f8"/>
      </symbol>
      <symbol id="sm-93f">
         <name>SysCtl_delay</name>
         <value>0x8996</value>
         <object_component_ref idref="oc-118"/>
      </symbol>
      <symbol id="sm-940">
         <name>SysCtl_selectXTALSingleEnded</name>
         <value>0x8559b</value>
         <object_component_ref idref="oc-1f8"/>
      </symbol>
      <symbol id="sm-941">
         <name>SysCtl_getDeviceParametric</name>
         <value>0x85618</value>
         <object_component_ref idref="oc-1f8"/>
      </symbol>
      <symbol id="sm-942">
         <name>SysCtl_selectXTAL</name>
         <value>0x85577</value>
         <object_component_ref idref="oc-1f8"/>
      </symbol>
      <symbol id="sm-943">
         <name>SysCtl_selectOscSource</name>
         <value>0x855b5</value>
         <object_component_ref idref="oc-1f8"/>
      </symbol>
      <symbol id="sm-944">
         <name>SysCtl_getLowSpeedClock</name>
         <value>0x855fe</value>
         <object_component_ref idref="oc-1f8"/>
      </symbol>
      <symbol id="sm-945">
         <name>SysCtl_setClock</name>
         <value>0x854b2</value>
         <object_component_ref idref="oc-1f8"/>
      </symbol>
      <symbol id="sm-946">
         <name>SysCtl_getClock</name>
         <value>0x85454</value>
         <object_component_ref idref="oc-1f8"/>
      </symbol>
      <symbol id="sm-952">
         <name>_c_int00</name>
         <value>0x8734b</value>
         <object_component_ref idref="oc-9e"/>
      </symbol>
      <symbol id="sm-953">
         <name>__stack</name>
         <value>0x400</value>
         <object_component_ref idref="oc-ba"/>
      </symbol>
      <symbol id="sm-96a">
         <name>__c28xabi_addd</name>
         <value>0x86e54</value>
         <object_component_ref idref="oc-1ab"/>
      </symbol>
      <symbol id="sm-972">
         <name>__c28xabi_subd</name>
         <value>0x87379</value>
         <object_component_ref idref="oc-2fa"/>
      </symbol>
      <symbol id="sm-97d">
         <name>__c28xabi_dtoul</name>
         <value>0x87330</value>
         <object_component_ref idref="oc-2ff"/>
      </symbol>
      <symbol id="sm-98a">
         <name>__c28xabi_divf</name>
         <value>0x8700d</value>
         <object_component_ref idref="oc-1e0"/>
      </symbol>
      <symbol id="sm-993">
         <name>__c28xabi_modu</name>
         <value>0x87398</value>
         <object_component_ref idref="oc-100"/>
      </symbol>
      <symbol id="sm-994">
         <name>__c28xabi_divu</name>
         <value>0x87393</value>
         <object_component_ref idref="oc-100"/>
      </symbol>
      <symbol id="sm-9a1">
         <name>__c28xabi_utod</name>
         <value>0x87362</value>
         <object_component_ref idref="oc-2ef"/>
      </symbol>
      <symbol id="sm-9ad">
         <name>__c28xabi_ftod</name>
         <value>0x87314</value>
         <object_component_ref idref="oc-1a5"/>
      </symbol>
      <symbol id="sm-9b9">
         <name>__c28xabi_dtof</name>
         <value>0x872b4</value>
         <object_component_ref idref="oc-1b0"/>
      </symbol>
      <symbol id="sm-9cc">
         <name>__c28xabi_divd</name>
         <value>0x86f82</value>
         <object_component_ref idref="oc-2f5"/>
      </symbol>
      <symbol id="sm-9de">
         <name>memcpy</name>
         <value>0x872f7</value>
         <object_component_ref idref="oc-bd"/>
      </symbol>
      <symbol id="sm-9eb">
         <name>_system_pre_init</name>
         <value>0x873c4</value>
         <object_component_ref idref="oc-d1"/>
      </symbol>
      <symbol id="sm-9fa">
         <name>__TI_auto_init_nobinit_nopinit</name>
         <value>0x87236</value>
         <object_component_ref idref="oc-153"/>
      </symbol>
      <symbol id="sm-a07">
         <name>__TI_zero_init</name>
         <value>0x873be</value>
         <object_component_ref idref="oc-cb"/>
      </symbol>
      <symbol id="sm-a14">
         <name>__TI_decompress_none</name>
         <value>0x873a7</value>
         <object_component_ref idref="oc-97"/>
      </symbol>
      <symbol id="sm-a28">
         <name>__TI_decompress_lzss</name>
         <value>0x87208</value>
         <object_component_ref idref="oc-91"/>
      </symbol>
      <symbol id="sm-a3e">
         <name>C$$EXIT</name>
         <value>0x8728b</value>
         <object_component_ref idref="oc-de"/>
      </symbol>
      <symbol id="sm-a3f">
         <name>abort</name>
         <value>0x8728b</value>
         <object_component_ref idref="oc-de"/>
      </symbol>
      <symbol id="sm-a40">
         <name>exit</name>
         <value>0x8728d</value>
         <object_component_ref idref="oc-de"/>
      </symbol>
      <symbol id="sm-a41">
         <name>__TI_dtors_ptr</name>
         <value>0xac04</value>
         <object_component_ref idref="oc-185"/>
      </symbol>
      <symbol id="sm-a42">
         <name>__TI_cleanup_ptr</name>
         <value>0xac02</value>
         <object_component_ref idref="oc-185"/>
      </symbol>
      <symbol id="sm-a43">
         <name>__TI_enable_exit_profile_output</name>
         <value>0xac00</value>
         <object_component_ref idref="oc-185"/>
      </symbol>
      <symbol id="sm-a5a">
         <name>_nop</name>
         <value>0x873a6</value>
         <object_component_ref idref="oc-242"/>
      </symbol>
      <symbol id="sm-a5b">
         <name>_lock</name>
         <value>0xac0a</value>
         <object_component_ref idref="oc-188"/>
      </symbol>
      <symbol id="sm-a5c">
         <name>_unlock</name>
         <value>0xac0c</value>
         <object_component_ref idref="oc-2d0"/>
      </symbol>
      <symbol id="sm-a5d">
         <name>_register_lock</name>
         <value>0x873a2</value>
         <object_component_ref idref="oc-242"/>
      </symbol>
      <symbol id="sm-a5e">
         <name>_register_unlock</name>
         <value>0x8739e</value>
         <object_component_ref idref="oc-242"/>
      </symbol>
      <symbol id="sm-a6d">
         <name>_args_main</name>
         <value>0x87387</value>
         <object_component_ref idref="oc-d8"/>
      </symbol>
      <symbol id="sm-a7c">
         <name>memset</name>
         <value>0x873b7</value>
         <object_component_ref idref="oc-14a"/>
      </symbol>
      <symbol id="sm-a8a">
         <name>_system_post_cinit</name>
         <value>0x873c6</value>
         <object_component_ref idref="oc-228"/>
      </symbol>
      <symbol id="sm-a8c">
         <name>__c_args__</name>
         <value>0x0</value>
      </symbol>
   </symbol_table>
   <title>Link successful</title>
</link_info>
