******************************************************************************
             TMS320C2000 Linker PC v22.6.0                     
******************************************************************************
>> Linked Sun Mar 26 17:36:19 2023

OUTPUT FILE NAME:   <testday_3_26.out>
ENTRY POINT SYMBOL: "_c_int00"  address: 00083719


MEMORY CONFIGURATION

         name            origin    length      used     unused   attr    fill
----------------------  --------  ---------  --------  --------  ----  --------
PAGE 0:
  RAMM0                 000000f6   0000030a  00000000  0000030a  RWIX
  RAMLS0                00008000   00000800  0000015e  000006a2  RWIX
  RAMLS1                00008800   00000800  00000000  00000800  RWIX
  RAMLS2                00009000   00000800  00000000  00000800  RWIX
  RAMLS3                00009800   00000800  00000000  00000800  RWIX
  RAMLS4                0000a000   00000800  00000000  00000800  RWIX
  BEGIN                 00080000   00000002  00000002  00000000  RWIX
  FLASH_BANK0_SEC0      00080002   00000ffe  00000000  00000ffe  RWIX
  FLASH_BANK0_SEC1      00081000   00001000  00000186  00000e7a  RWIX
  FLASH_BANK0_SEC2      00082000   00001000  00001000  00000000  RWIX
  FLASH_BANK0_SEC3      00083000   00001000  00000834  000007cc  RWIX
  FLASH_BANK0_SEC4      00084000   00001000  000004ac  00000b54  RWIX
  FLASH_BANK0_SEC5      00085000   00001000  00000000  00001000  RWIX
  FLASH_BANK0_SEC6      00086000   00001000  00000000  00001000  RWIX
  FLASH_BANK0_SEC7      00087000   00001000  00000000  00001000  RWIX
  FLASH_BANK0_SEC8      00088000   00001000  00000000  00001000  RWIX
  FLASH_BANK0_SEC9      00089000   00001000  00000000  00001000  RWIX
  FLASH_BANK0_SEC10     0008a000   00001000  00000000  00001000  RWIX
  FLASH_BANK0_SEC11     0008b000   00001000  00000000  00001000  RWIX
  FLASH_BANK0_SEC12     0008c000   00001000  00000000  00001000  RWIX
  FLASH_BANK0_SEC13     0008d000   00001000  00000000  00001000  RWIX
  FLASH_BANK0_SEC14     0008e000   00001000  00000000  00001000  RWIX
  FLASH_BANK0_SEC15     0008f000   00001000  00000000  00001000  RWIX
  FLASH_BANK1_SEC0      00090000   00001000  00000000  00001000  RWIX
  FLASH_BANK1_SEC1      00091000   00001000  00000000  00001000  RWIX
  FLASH_BANK1_SEC2      00092000   00001000  00000000  00001000  RWIX
  FLASH_BANK1_SEC3      00093000   00001000  00000000  00001000  RWIX
  FLASH_BANK1_SEC4      00094000   00001000  00000000  00001000  RWIX
  FLASH_BANK1_SEC5      00095000   00001000  00000000  00001000  RWIX
  FLASH_BANK1_SEC6      00096000   00001000  00000000  00001000  RWIX
  FLASH_BANK1_SEC7      00097000   00001000  00000000  00001000  RWIX
  FLASH_BANK1_SEC8      00098000   00001000  00000000  00001000  RWIX
  FLASH_BANK1_SEC9      00099000   00001000  00000000  00001000  RWIX
  FLASH_BANK1_SEC10     0009a000   00001000  00000000  00001000  RWIX
  FLASH_BANK1_SEC11     0009b000   00001000  00000000  00001000  RWIX
  FLASH_BANK1_SEC12     0009c000   00001000  00000000  00001000  RWIX
  FLASH_BANK1_SEC13     0009d000   00001000  00000000  00001000  RWIX
  FLASH_BANK1_SEC14     0009e000   00001000  00000000  00001000  RWIX
  FLASH_BANK1_SEC15     0009f000   00000ff0  00000000  00000ff0  RWIX
  RESET                 003fffc0   00000002  00000000  00000002  RWIX

PAGE 1:
  BOOT_RSVD             00000002   000000f1  00000000  000000f1  RWIX
  RAMM1                 00000400   000003f8  00000200  000001f8  RWIX
  ADCARESULT            00000b00   00000018  00000000  00000018  RWIX
  ADCBRESULT            00000b20   00000018  00000000  00000018  RWIX
  ADCCRESULT            00000b40   00000018  00000000  00000018  RWIX
  CPUTIMER0             00000c00   00000008  00000000  00000008  RWIX
  CPUTIMER1             00000c08   00000008  00000000  00000008  RWIX
  CPUTIMER2             00000c10   00000008  00000000  00000008  RWIX
  PIECTRL               00000ce0   0000001a  00000000  0000001a  RWIX
  PIEVECTTABLE          00000d00   00000200  00000000  00000200  RWIX
  DMA                   00001000   00000200  00000000  00000200  RWIX
  CLA1                  00001400   00000080  00000000  00000080  RWIX
  CLB1LOGICCFG          00003000   00000052  00000000  00000052  RWIX
  CLB1LOGICCTRL         00003100   00000040  00000000  00000040  RWIX
  CLB1DATAEXCH          00003200   00000200  00000000  00000200  RWIX
  CLB2LOGICCFG          00003400   00000052  00000000  00000052  RWIX
  CLB2LOGICCTRL         00003500   00000040  00000000  00000040  RWIX
  CLB2DATAEXCH          00003600   00000200  00000000  00000200  RWIX
  CLB3LOGICCFG          00003800   00000052  00000000  00000052  RWIX
  CLB3LOGICCTRL         00003900   00000040  00000000  00000040  RWIX
  CLB3DATAEXCH          00003a00   00000200  00000000  00000200  RWIX
  CLB4LOGICCFG          00003c00   00000052  00000000  00000052  RWIX
  CLB4LOGICCTRL         00003d00   00000040  00000000  00000040  RWIX
  CLB4DATAEXCH          00003e00   00000200  00000000  00000200  RWIX
  EPWM1                 00004000   00000100  00000000  00000100  RWIX
  EPWM2                 00004100   00000100  00000000  00000100  RWIX
  EPWM3                 00004200   00000100  00000000  00000100  RWIX
  EPWM4                 00004300   00000100  00000000  00000100  RWIX
  EPWM5                 00004400   00000100  00000000  00000100  RWIX
  EPWM6                 00004500   00000100  00000000  00000100  RWIX
  EPWM7                 00004600   00000100  00000000  00000100  RWIX
  EPWM8                 00004700   00000100  00000000  00000100  RWIX
  EQEP1                 00005100   00000040  00000000  00000040  RWIX
  EQEP2                 00005140   00000040  00000000  00000040  RWIX
  ECAP1                 00005200   0000001e  00000000  0000001e  RWIX
  ECAP2                 00005240   0000001e  00000000  0000001e  RWIX
  ECAP3                 00005280   0000001e  00000000  0000001e  RWIX
  ECAP4                 000052c0   0000001e  00000000  0000001e  RWIX
  ECAP5                 00005300   0000001e  00000000  0000001e  RWIX
  ECAP6                 00005340   0000001e  00000000  0000001e  RWIX
  HRCAP6                00005360   00000020  00000000  00000020  RWIX
  ECAP7                 00005380   0000001e  00000000  0000001e  RWIX
  HRCAP7                000053a0   00000020  00000000  00000020  RWIX
  PGA1                  00005b00   00000010  00000000  00000010  RWIX
  PGA2                  00005b10   00000010  00000000  00000010  RWIX
  PGA3                  00005b20   00000010  00000000  00000010  RWIX
  PGA4                  00005b30   00000010  00000000  00000010  RWIX
  PGA5                  00005b40   00000010  00000000  00000010  RWIX
  PGA6                  00005b50   00000010  00000000  00000010  RWIX
  PGA7                  00005b60   00000010  00000000  00000010  RWIX
  DACA                  00005c00   00000008  00000000  00000008  RWIX
  DACB                  00005c10   00000008  00000000  00000008  RWIX
  CMPSS1                00005c80   00000020  00000000  00000020  RWIX
  CMPSS2                00005ca0   00000020  00000000  00000020  RWIX
  CMPSS3                00005cc0   00000020  00000000  00000020  RWIX
  CMPSS4                00005ce0   00000020  00000000  00000020  RWIX
  CMPSS5                00005d00   00000020  00000000  00000020  RWIX
  CMPSS6                00005d20   00000020  00000000  00000020  RWIX
  CMPSS7                00005d40   00000020  00000000  00000020  RWIX
  SDFM1                 00005e00   00000070  00000000  00000070  RWIX
  SPIA                  00006100   00000010  00000000  00000010  RWIX
  SPIB                  00006110   00000010  00000000  00000010  RWIX
  CLAPROMCRC0           000061c0   00000020  00000000  00000020  RWIX
  PMBUSA                00006400   00000020  00000000  00000020  RWIX
  FSITXA                00006600   00000050  00000000  00000050  RWIX
  FSIRXA                00006680   00000050  00000000  00000050  RWIX
  LINA                  00006a00   000000ec  00000000  000000ec  RWIX
  WD                    00007000   0000002c  00000000  0000002c  RWIX
  NMIINTRUPT            00007060   00000008  00000000  00000008  RWIX
  XINT                  00007070   0000000c  00000000  0000000c  RWIX
  SCIA                  00007200   00000010  00000000  00000010  RWIX
  SCIB                  00007210   00000010  00000000  00000010  RWIX
  I2CA                  00007300   00000022  00000000  00000022  RWIX
  ADCA                  00007400   00000080  00000000  00000080  RWIX
  ADCB                  00007480   00000080  00000000  00000080  RWIX
  ADCC                  00007500   00000080  00000000  00000080  RWIX
  INPUTXBAR             00007900   00000020  00000000  00000020  RWIX
  XBAR                  00007920   00000020  00000000  00000020  RWIX
  SYNCSOC               00007940   00000006  00000000  00000006  RWIX
  DMACLASRCSEL          00007980   0000001a  00000000  0000001a  RWIX
  EPWMXBAR              00007a00   00000040  00000000  00000040  RWIX
  CLBXBAR               00007a40   00000040  00000000  00000040  RWIX
  OUTPUTXBAR            00007a80   00000040  00000000  00000040  RWIX
  GPIOCTRL              00007c00   00000200  00000000  00000200  RWIX
  GPIODATA              00007f00   00000040  00000000  00000040  RWIX
  RAMLS5                0000a800   00000800  0000000f  000007f1  RWIX
  RAMLS6                0000b000   00000800  00000000  00000800  RWIX
  RAMLS7                0000b800   00000800  00000000  00000800  RWIX
  RAMGS0                0000c000   00002000  00000000  00002000  RWIX
  RAMGS1                0000e000   00002000  00000000  00002000  RWIX
  RAMGS2                00010000   00002000  00000000  00002000  RWIX
  RAMGS3                00012000   00001ff8  00000000  00001ff8  RWIX
  CANA                  00048000   00000200  00000000  00000200  RWIX
  CANB                  0004a000   00000200  00000000  00000200  RWIX
  DEVCFG                0005d000   00000180  00000000  00000180  RWIX
  CLKCFG                0005d200   00000036  00000000  00000036  RWIX
  CPUSYS                0005d300   00000082  00000000  00000082  RWIX
  SYSPERIPHAC           0005d500   00000200  00000000  00000200  RWIX
  ANALOGSUBSYS          0005d700   00000090  00000000  00000090  RWIX
  DCC0                  0005e700   0000002c  00000000  0000002c  RWIX
  ERADGLOBAL            0005e800   00000014  00000000  00000014  RWIX
  ERADHWBP1             0005e900   00000008  00000000  00000008  RWIX
  ERADHWBP2             0005e908   00000008  00000000  00000008  RWIX
  ERADHWBP3             0005e910   00000008  00000000  00000008  RWIX
  ERADHWBP4             0005e918   00000008  00000000  00000008  RWIX
  ERADHWBP5             0005e920   00000008  00000000  00000008  RWIX
  ERADHWBP6             0005e928   00000008  00000000  00000008  RWIX
  ERADHWBP7             0005e930   00000008  00000000  00000008  RWIX
  ERADHWBP8             0005e938   00000008  00000000  00000008  RWIX
  ERADCOUNTER1          0005e980   00000010  00000000  00000010  RWIX
  ERADCOUNTER2          0005e990   00000010  00000000  00000010  RWIX
  ERADCOUNTER3          0005e9a0   00000010  00000000  00000010  RWIX
  ERADCOUNTER4          0005e9b0   00000010  00000000  00000010  RWIX
  DCSMBANK0Z1           0005f000   00000024  00000000  00000024  RWIX
  DCSMBANK0Z2           0005f040   00000024  00000000  00000024  RWIX
  DCSMCOMMON            0005f070   00000010  00000000  00000010  RWIX
  DCSMBANK1Z1           0005f100   00000024  00000000  00000024  RWIX
  DCSMBANK1Z2           0005f140   00000024  00000000  00000024  RWIX
  MEMCFG                0005f400   00000080  00000000  00000080  RWIX
  ACCESSPROTECTION      0005f4c0   00000040  00000000  00000040  RWIX
  MEMORYERROR           0005f500   00000040  00000000  00000040  RWIX
  FLASH0CTRL            0005f800   00000182  00000000  00000182  RWIX
  FLASH0ECC             0005fb00   00000028  00000000  00000028  RWIX


SECTION ALLOCATION MAP

 output                                  attributes/
section   page    origin      length       input sections
--------  ----  ----------  ----------   ----------------
codestart 
*          0    00080000    00000002     
                  00080000    00000002     f28004x_codestartbranch.obj (codestart)

.cinit     0    00081160    00000028     
                  00081160    0000000e     rts2800_fpu32.lib : exit.c.obj (.cinit)
                  0008116e    0000000a     device.obj (.cinit)
                  00081178    00000005     rts2800_fpu32.lib : _lock.c.obj (.cinit:__lock)
                  0008117d    00000005                       : _lock.c.obj (.cinit:__unlock)
                  00081182    00000004     main.obj (.cinit)
                  00081186    00000002     --HOLE-- [fill = 0]

.reset     0    003fffc0    00000002     DSECT
                  003fffc0    00000002     rts2800_fpu32.lib : boot28.asm.obj (.reset)

.stack     1    00000400    00000200     UNINITIALIZED
                  00000400    00000200     --HOLE--

.pinit     0    00081000    00000000     UNINITIALIZED

.ebss      1    0000a800    0000000f     UNINITIALIZED
                  0000a800    00000006     rts2800_fpu32.lib : exit.c.obj (.ebss)
                  0000a806    00000004     device.obj (.ebss)
                  0000a80a    00000002     rts2800_fpu32.lib : _lock.c.obj (.ebss:__lock)
                  0000a80c    00000002                       : _lock.c.obj (.ebss:__unlock)
                  0000a80e    00000001     main.obj (.ebss)

.econst    0    00084000    000004ac     
                  00084000    000000c5     board.obj (.econst:.string)
                  000840c5    00000001     --HOLE-- [fill = 0]
                  000840c6    00000057     device.obj (.econst:.string)
                  0008411d    00000001     --HOLE-- [fill = 0]
                  0008411e    00000045     sys.obj (.econst:.string)
                  00084163    00000001     --HOLE-- [fill = 0]
                  00084164    00000041     main.obj (.econst:.string)
                  000841a5    00000001     --HOLE-- [fill = 0]
                  000841a6    0000002b     flash.obj (.econst:.string)
                  000841d1    00000001     --HOLE-- [fill = 0]
                  000841d2    0000002a     sysctl.obj (.econst:.string)
                  000841fc    00000028     epwm.obj (.econst:.string)
                  00084224    00000028     erad.obj (.econst:.string)
                  0008424c    00000028     gpio.obj (.econst:.string)
                  00084274    00000027     can.obj (.econst:.string)
                  0008429b    00000001     --HOLE-- [fill = 0]
                  0008429c    00000027     clb.obj (.econst:.string)
                  000842c3    00000001     --HOLE-- [fill = 0]
                  000842c4    00000027     dcc.obj (.econst:.string)
                  000842eb    00000001     --HOLE-- [fill = 0]
                  000842ec    00000027     dma.obj (.econst:.string)
                  00084313    00000001     --HOLE-- [fill = 0]
                  00084314    00000027     fsi.obj (.econst:.string)
                  0008433b    00000001     --HOLE-- [fill = 0]
                  0008433c    00000027     lin.obj (.econst:.string)
                  00084363    00000001     --HOLE-- [fill = 0]
                  00084364    00000027     sci.obj (.econst:.string)
                  0008438b    00000001     --HOLE-- [fill = 0]
                  0008438c    00000027     spi.obj (.econst:.string)
                  000843b3    00000001     --HOLE-- [fill = 0]
                  000843b4    00000019     interrupt.obj (.econst:.string)
                  000843cd    00000001     --HOLE-- [fill = 0]
                  000843ce    00000018     cputimer.obj (.econst:.string)
                  000843e6    00000016     memcfg.obj (.econst:.string)
                  000843fc    00000015     cmpss.obj (.econst:.string)
                  00084411    00000001     --HOLE-- [fill = 0]
                  00084412    00000015     pmbus.obj (.econst:.string)
                  00084427    00000001     --HOLE-- [fill = 0]
                  00084428    00000014     ecap.obj (.econst:.string)
                  0008443c    00000014     eqep.obj (.econst:.string)
                  00084450    00000014     sdfm.obj (.econst:.string)
                  00084464    00000013     adc.obj (.econst:.string)
                  00084477    00000001     --HOLE-- [fill = 0]
                  00084478    00000013     dac.obj (.econst:.string)
                  0008448b    00000001     --HOLE-- [fill = 0]
                  0008448c    00000013     i2c.obj (.econst:.string)
                  0008449f    00000001     --HOLE-- [fill = 0]
                  000844a0    0000000c     sys.obj (.econst)

.TI.ramfunc 
*          0    00081000    0000015e     RUN ADDR = 00008000
                  00081000    0000015a     flash.obj (.TI.ramfunc)
                  0008115a    00000004     sysctl.obj (.TI.ramfunc)

.text.1    0    00082000    00001000     
                  00082000    000004bc     board.obj (.text)
                  000824bc    000004b1     sysctl.obj (.text)
                  0008296d    00000431     dcc.obj (.text)
                  00082d9e    0000020d     device.obj (.text)
                  00082fab    0000002a     cputimer.obj (.text)
                  00082fd5    00000029     rts2800_fpu32.lib : exit.c.obj (.text)
                  00082ffe    00000002                       : pre_init.c.obj (.text)

.text.2    0    00083000    00000834     
                  00083000    0000028d     gpio.obj (.text)
                  0008328d    0000018b     interrupt.obj (.text)
                  00083418    000000e6     sys.obj (.text)
                  000834fe    0000009c     rts2800_fpu32.lib : fd_add28.asm.obj (.text)
                  0008359a    0000008b                       : fd_div28.asm.obj (.text)
                  00083625    00000088                       : fs_div28.asm.obj (.text)
                  000836ad    0000006c     main.obj (.text)
                  00083719    00000056     rts2800_fpu32.lib : boot28.asm.obj (.text)
                  0008376f    00000024                       : cpy_tbl.c.obj (.text)
                  00083793    00000020     flash.obj (.text)
                  000837b3    0000001d     rts2800_fpu32.lib : memcpy.c.obj (.text)
                  000837d0    0000001b                       : fd_toul28.asm.obj (.text)
                  000837eb    00000017                       : u_tofd28.asm.obj (.text)
                  00083802    00000012                       : args_main.c.obj (.text)
                  00083814    0000000e                       : fd_sub28.asm.obj (.text)
                  00083822    00000009                       : _lock.c.obj (.text)
                  0008382b    00000008     f28004x_codestartbranch.obj (.text)
                  00083833    00000001     rts2800_fpu32.lib : startup.c.obj (.text)

MODULE SUMMARY

       Module                        code   initialized data   uninitialized data
       ------                        ----   ----------------   ------------------
    .\APP\src\
       sys.obj                       230    81                 0                 
       main.obj                      108    69                 1                 
    +--+-----------------------------+------+------------------+--------------------+
       Total:                        338    150                1                 
                                                                                 
    .\device\
       device.obj                    525    97                 4                 
       f28004x_codestartbranch.obj   10     0                  0                 
    +--+-----------------------------+------+------------------+--------------------+
       Total:                        535    97                 4                 
                                                                                 
    .\driverlib\
       sysctl.obj                    1209   42                 0                 
       dcc.obj                       1073   39                 0                 
       flash.obj                     724    43                 0                 
       gpio.obj                      653    40                 0                 
       interrupt.obj                 395    25                 0                 
       cputimer.obj                  42     24                 0                 
       epwm.obj                      0      40                 0                 
       erad.obj                      0      40                 0                 
       can.obj                       0      39                 0                 
       clb.obj                       0      39                 0                 
       dma.obj                       0      39                 0                 
       fsi.obj                       0      39                 0                 
       lin.obj                       0      39                 0                 
       sci.obj                       0      39                 0                 
       spi.obj                       0      39                 0                 
       memcfg.obj                    0      22                 0                 
       cmpss.obj                     0      21                 0                 
       pmbus.obj                     0      21                 0                 
       ecap.obj                      0      20                 0                 
       eqep.obj                      0      20                 0                 
       sdfm.obj                      0      20                 0                 
       adc.obj                       0      19                 0                 
       dac.obj                       0      19                 0                 
       i2c.obj                       0      19                 0                 
    +--+-----------------------------+------+------------------+--------------------+
       Total:                        4096   747                0                 
                                                                                 
    .\syscfg\
       board.obj                     1212   197                0                 
    +--+-----------------------------+------+------------------+--------------------+
       Total:                        1212   197                0                 
                                                                                 
    C:\ti\ccs1220\ccs\tools\compiler\ti-cgt-c2000_22.6.0.LTS\lib\rts2800_fpu32.lib
       fd_add28.asm.obj              156    0                  0                 
       fd_div28.asm.obj              139    0                  0                 
       fs_div28.asm.obj              136    0                  0                 
       boot28.asm.obj                86     0                  0                 
       exit.c.obj                    41     14                 6                 
       cpy_tbl.c.obj                 36     0                  0                 
       memcpy.c.obj                  29     0                  0                 
       fd_toul28.asm.obj             27     0                  0                 
       _lock.c.obj                   9      10                 4                 
       u_tofd28.asm.obj              23     0                  0                 
       args_main.c.obj               18     0                  0                 
       fd_sub28.asm.obj              14     0                  0                 
       pre_init.c.obj                2      0                  0                 
       startup.c.obj                 1      0                  0                 
    +--+-----------------------------+------+------------------+--------------------+
       Total:                        717    24                 10                
                                                                                 
       Stack:                        0      0                  512               
    +--+-----------------------------+------+------------------+--------------------+
       Grand Total:                  6898   1215               527               


GLOBAL DATA SYMBOLS: SORTED BY DATA PAGE

address     data page           name
--------    ----------------    ----
00000400      10 (00000400)     __stack

0000a800     2a0 (0000a800)     ___TI_enable_exit_profile_output
0000a802     2a0 (0000a800)     ___TI_cleanup_ptr
0000a804     2a0 (0000a800)     ___TI_dtors_ptr
0000a806     2a0 (0000a800)     _Example_PassCount
0000a808     2a0 (0000a800)     _Example_Fail
0000a80a     2a0 (0000a800)     __lock
0000a80c     2a0 (0000a800)     __unlock
0000a80e     2a0 (0000a800)     _test_a


GLOBAL SYMBOLS: SORTED ALPHABETICALLY BY Name 

page  address   name                            
----  -------   ----                            
abs   ffffffff  .text                           
0     00082fd5  C$$EXIT                         
0     000834fe  FD$$ADD                         
0     0008359a  FD$$DIV                         
0     00083814  FD$$SUB                         
0     000837d0  FD$$TOUL                        
0     00083625  FS$$DIV                         
0     000837eb  U$$TOFD                         
0     000822bc  _Board_init                     
0     00082fc2  _CPUTimer_setEmulationMode      
0     00082ceb  _DCC_continuousMonitor          
0     00082b56  _DCC_getRevisionNumber          
0     00082c3e  _DCC_measureClockFrequency      
0     00082b73  _DCC_verifyClockFrequency       
0     000834c2  _Delay_ms                       
0     00083494  _Delay_us                       
0     00082e81  _Device_enableAllPeripherals    
0     00082e1f  _Device_init                    
0     00082f61  _Device_initGPIO                
0     00082f71  _Device_verifyXTAL              
0     000822f2  _EPWM_init                      
1     0000a808  _Example_Fail                   
1     0000a806  _Example_PassCount              
0     000080e0  _Flash_initModule               
0     00008124  _Flash_powerDown                
0     0000813f  _Flash_wakeFromLPM              
0     00083065  _GPIO_getDirectionMode          
0     0008310b  _GPIO_getPadConfig              
0     00083180  _GPIO_getQualificationMode      
0     0008244f  _GPIO_init                      
0     0008321c  _GPIO_setAnalogMode             
0     000831e5  _GPIO_setControllerCore         
0     00083034  _GPIO_setDirectionMode          
0     00083085  _GPIO_setInterruptPin           
0     000830b9  _GPIO_setPadConfig              
0     00083256  _GPIO_setPinConfig              
0     00083149  _GPIO_setQualificationMode      
0     000831ac  _GPIO_setQualificationPeriod    
0     00082486  _INPUTXBAR_init                 
0     000833ca  _Interrupt_disable              
0     00083393  _Interrupt_enable               
0     00083338  _Interrupt_initModule           
0     00083375  _Interrupt_initVectorTable      
0     000822cb  _PinMux_init                    
0     0008115e  _RamfuncsLoadEnd                
abs   0000015e  _RamfuncsLoadSize               
0     00081000  _RamfuncsLoadStart              
0     0000815e  _RamfuncsRunEnd                 
abs   0000015e  _RamfuncsRunSize                
0     00008000  _RamfuncsRunStart               
0     0008248f  _SYNC_init                      
0     0000815a  _SysCtl_delay                   
0     00082691  _SysCtl_getClock                
0     00082855  _SysCtl_getDeviceParametric     
0     0008283b  _SysCtl_getLowSpeedClock        
0     000828b0  _SysCtl_isPLLValid              
0     000827f2  _SysCtl_selectOscSource         
0     000827b4  _SysCtl_selectXTAL              
0     000827d8  _SysCtl_selectXTALSingleEnded   
0     000826ef  _SysCtl_setClock                
0     000824ad  _XINT_init                      
1     00000600  __STACK_END                     
abs   00000200  __STACK_SIZE                    
1     0000a802  ___TI_cleanup_ptr               
1     0000a804  ___TI_dtors_ptr                 
1     0000a800  ___TI_enable_exit_profile_output
abs   ffffffff  ___TI_pprof_out_hndl            
abs   ffffffff  ___TI_prof_data_size            
abs   ffffffff  ___TI_prof_data_start           
abs   ffffffff  ___binit__                      
abs   ffffffff  ___c_args__                     
0     00081160  ___cinit__                      
0     00082fa4  ___error__                      
abs   ffffffff  ___etext__                      
abs   ffffffff  ___pinit__                      
abs   ffffffff  ___text__                       
0     00083802  __args_main                     
1     0000a80a  __lock                          
0     0008382a  __nop                           
0     00083826  __register_lock                 
0     00083822  __register_unlock               
1     00000400  __stack                         
0     00083833  __system_post_cinit             
0     00082ffe  __system_pre_init               
1     0000a80c  __unlock                        
0     00082fd5  _abort                          
0     00083719  _c_int00                        
0     000834d0  _configCPUTimer                 
0     0008376f  _copy_in                        
0     000823af  _ePWMConfigurationTemplate      
0     00082fd7  _exit                           
0     00083703  _main                           
0     000837b3  _memcpy                         
0     00082454  _myGPIO0_init                   
0     000824b0  _myGPIO1_XINT_init              
0     0008246d  _myGPIO1_init                   
0     00082489  _myINPUTXBARINPUT0_init         
1     0000a80e  _test_a                         
abs   ffffffff  binit                           
0     00081160  cinit                           
0     00080000  code_start                      
abs   ffffffff  etext                           
abs   ffffffff  pinit                           


GLOBAL SYMBOLS: SORTED BY Symbol Address 

page  address   name                            
----  -------   ----                            
0     00008000  _RamfuncsRunStart               
0     000080e0  _Flash_initModule               
0     00008124  _Flash_powerDown                
0     0000813f  _Flash_wakeFromLPM              
0     0000815a  _SysCtl_delay                   
0     0000815e  _RamfuncsRunEnd                 
0     00080000  code_start                      
0     00081000  _RamfuncsLoadStart              
0     0008115e  _RamfuncsLoadEnd                
0     00081160  ___cinit__                      
0     00081160  cinit                           
0     000822bc  _Board_init                     
0     000822cb  _PinMux_init                    
0     000822f2  _EPWM_init                      
0     000823af  _ePWMConfigurationTemplate      
0     0008244f  _GPIO_init                      
0     00082454  _myGPIO0_init                   
0     0008246d  _myGPIO1_init                   
0     00082486  _INPUTXBAR_init                 
0     00082489  _myINPUTXBARINPUT0_init         
0     0008248f  _SYNC_init                      
0     000824ad  _XINT_init                      
0     000824b0  _myGPIO1_XINT_init              
0     00082691  _SysCtl_getClock                
0     000826ef  _SysCtl_setClock                
0     000827b4  _SysCtl_selectXTAL              
0     000827d8  _SysCtl_selectXTALSingleEnded   
0     000827f2  _SysCtl_selectOscSource         
0     0008283b  _SysCtl_getLowSpeedClock        
0     00082855  _SysCtl_getDeviceParametric     
0     000828b0  _SysCtl_isPLLValid              
0     00082b56  _DCC_getRevisionNumber          
0     00082b73  _DCC_verifyClockFrequency       
0     00082c3e  _DCC_measureClockFrequency      
0     00082ceb  _DCC_continuousMonitor          
0     00082e1f  _Device_init                    
0     00082e81  _Device_enableAllPeripherals    
0     00082f61  _Device_initGPIO                
0     00082f71  _Device_verifyXTAL              
0     00082fa4  ___error__                      
0     00082fc2  _CPUTimer_setEmulationMode      
0     00082fd5  C$$EXIT                         
0     00082fd5  _abort                          
0     00082fd7  _exit                           
0     00082ffe  __system_pre_init               
0     00083034  _GPIO_setDirectionMode          
0     00083065  _GPIO_getDirectionMode          
0     00083085  _GPIO_setInterruptPin           
0     000830b9  _GPIO_setPadConfig              
0     0008310b  _GPIO_getPadConfig              
0     00083149  _GPIO_setQualificationMode      
0     00083180  _GPIO_getQualificationMode      
0     000831ac  _GPIO_setQualificationPeriod    
0     000831e5  _GPIO_setControllerCore         
0     0008321c  _GPIO_setAnalogMode             
0     00083256  _GPIO_setPinConfig              
0     00083338  _Interrupt_initModule           
0     00083375  _Interrupt_initVectorTable      
0     00083393  _Interrupt_enable               
0     000833ca  _Interrupt_disable              
0     00083494  _Delay_us                       
0     000834c2  _Delay_ms                       
0     000834d0  _configCPUTimer                 
0     000834fe  FD$$ADD                         
0     0008359a  FD$$DIV                         
0     00083625  FS$$DIV                         
0     00083703  _main                           
0     00083719  _c_int00                        
0     0008376f  _copy_in                        
0     000837b3  _memcpy                         
0     000837d0  FD$$TOUL                        
0     000837eb  U$$TOFD                         
0     00083802  __args_main                     
0     00083814  FD$$SUB                         
0     00083822  __register_unlock               
0     00083826  __register_lock                 
0     0008382a  __nop                           
0     00083833  __system_post_cinit             
1     00000400  __stack                         
1     00000600  __STACK_END                     
1     0000a800  ___TI_enable_exit_profile_output
1     0000a802  ___TI_cleanup_ptr               
1     0000a804  ___TI_dtors_ptr                 
1     0000a806  _Example_PassCount              
1     0000a808  _Example_Fail                   
1     0000a80a  __lock                          
1     0000a80c  __unlock                        
1     0000a80e  _test_a                         
abs   0000015e  _RamfuncsLoadSize               
abs   0000015e  _RamfuncsRunSize                
abs   00000200  __STACK_SIZE                    
abs   ffffffff  .text                           
abs   ffffffff  ___TI_pprof_out_hndl            
abs   ffffffff  ___TI_prof_data_size            
abs   ffffffff  ___TI_prof_data_start           
abs   ffffffff  ___binit__                      
abs   ffffffff  ___c_args__                     
abs   ffffffff  ___etext__                      
abs   ffffffff  ___pinit__                      
abs   ffffffff  ___text__                       
abs   ffffffff  binit                           
abs   ffffffff  etext                           
abs   ffffffff  pinit                           

[103 symbols]
